[03:58:44Z] C3-L4-L2 nft night harness (DRY RUN); run dir /home/privyhub/Projects/onn-stream-test/logs/streaming/c3_l4_nft_night_dryrun_20260929_035844Z
[03:58:44Z] sessions ['F1', 'F2', 'F3', 'K']; timings {'baseline_s': 60, 'f1_on_s': 30, 'f1_off_s': 60, 'f2_on_s': 30, 'f2_off_s': 60, 'f3_reach_s': 30, 'f3_drop_s': 15, 'f3_after_s': 60, 'k_first_s': 30, 'k_on_s': 30, 'k_off_s': 60, 'calib_gap_s': 5}
[03:58:44Z] ========================================================================
[03:58:44Z] PREFLIGHT
[03:58:44Z]   TO CLEAR ANY FAULT, paste in the sudo pane:   sudo nft delete table inet privyhub_fault
[03:58:44Z] ========================================================================
[03:58:44Z]   companion MainPID serves 8765; no game; no PRIVYHUB_*; adopted profile at 7000; any_override false; APK f31b1c18...8ae7 (adopted); onn in adb
[03:58:44Z]   pre-registration c3_l4_l2_nft_preregistration.txt sha256 fb5ca63fe559e5b2... (copied into the run dir):
[03:58:44Z]   | C3-L4-L2 -- pre-registration for the user's nft night (C3.L4 under real loss)
[03:58:44Z]   | Written 2026-09-29 by Code, before the night, from the L1 record's proposed rule (section 7) with the
[03:58:44Z]   | blend's expectations. The user may amend this file before starting; tools/c3_l4_nft_night.py prints it
[03:58:44Z]   | at start and records its sha256 in the run directory. Rules are not tightened or loosened after data.
[03:58:44Z]   | 
[03:58:44Z]   | Controller as built for the night: PRIVYHUB_ADAPTIVE_BITRATE_MODE=live (never INJECT); FALLBACK -> 5000,
[03:58:44Z]   | ROUTINE -> 6000, one transition per event; INCREASE one rung when >= 85 of the last 90 reports since the
[03:58:44Z]   | last SSRC change (and its 3-report blackout) are clean (fps >= 57, queue <= 1, gap <= 150); hold-downs
[03:58:44Z]   | FALLBACK 30/60, ROUTINE 60, INCREASE 60/30 reports (after a down / after an up); oscillation guard (third
[03:58:44Z]   | direction change in 10 min -> HOLD for the session); rate limit 4 per 10 min; guards incl. recovery
[03:58:44Z]   | PLAYING and session age >= 60 s. Faults: host output hook, video port 48100 only (F3 adds audio 48101).
[03:58:44Z]   | 
[03:58:44Z]   | Classification: WORKS UNDER LOSS if F1, F2, F3 and K all hold as below; otherwise each row is recorded
[03:58:44Z]   | as met / not met, with the per-report sample rows saying why.
[03:58:44Z]   | 
[03:58:44Z]   | F1 -- capacity cap (CAP = the midpoint of the calibrated 5500 and 6000 wire rates), 12 min on, 5 min off:
[03:58:44Z]   |   F1a exactly one decrease per event, to the mapped target: the first is FALLBACK 7000 -> 5000 (or ROUTINE
[03:58:44Z]   |       7000 -> 6000 followed, if 6000 still fails, by FALLBACK 6000 -> 5000 >= 30 reports later);
[03:58:44Z]   |   F1b the blend's climb under the cap: INCREASE 5000 -> 5500, then INCREASE 5500 -> 6000, each >= 93
[03:58:44Z]   |       reports after the previous SSRC change; 6000 exceeds the cap -> FALLBACK 6000 -> 5000 no sooner
[03:58:44Z]   |       than the 60-report reversal hold-down; then the next increase (the third direction change inside
[03:58:44Z]   |       10 min) becomes HOLD (reason oscillation) and the stream stays at 5000 for the rest of the session.
[03:58:44Z]   |       If the calibrated cap lets 6000 through clean, F1b reads "climbed to <rung> and stayed" and the
[03:58:44Z]   |       HOLD row is NOT APPLICABLE (the cap is recorded; not a failure of the controller);
[03:58:44Z]   |   F1c rate_limited never true; no two transitions closer than the hold-down table; never a ramp (no two
[03:58:44Z]   |       transitions < 93 reports apart in the same direction);
[03:58:44Z]   |   F1d after removal: nothing if HOLD; otherwise one rung per >= 93 reports; BACK resets to 7000.
[03:58:44Z]   | F2 -- 2 % random loss on the video port, 10 min on, 5 min off:
[03:58:44Z]   |   F2a at most one decrease over the 10 minutes, and no ramp; loss alone never a decrease (a decrease, if
[03:58:44Z]   |       any, carries fps/queue/gap evidence in its row).
[03:58:44Z]   | F3 -- the cap until the stream is at 5000, then a 15 s full drop of 48100 and 48101, then removed:
[03:58:44Z]   |   F3a no controller transition while recovery is not PLAYING (refused/guard recovery_playing, or no
[03:58:44Z]   |       report at all);
[03:58:44Z]   |   F3b recovery's restart is at the held level (5000; C3-F1), then resumed; ssrc_change source
[03:58:44Z]   |       recovery_restart; 3-report blackout; no level_sync to 7000.
[03:58:44Z]   | K -- the kill switch during the cap:
[03:58:44Z]   |   Ka disable #1 -> already_disabled false, #2 -> true; status mode shadow, configured_mode live, acts false;
[03:58:44Z]   |   Kb after disabling, no acted transition (would_act rows only) and the stream stays at its level;
[03:58:44Z]   |   Kc after BACK the next session reads mode live again.
[03:58:44Z]   | All sessions: any_override false at PLAYING; decoder report stored; lifecycle clean except F3's intended
[03:58:44Z]   | recovery; at the end no privyhub_fault table, the flag unset and absent from the manager and the environ,
[03:58:44Z]   | stream 7000, no game active.
[03:58:44Z]   No fault table may exist before the night:
[03:58:44Z]   (dry run -- do NOT paste)   sudo nft list tables | tee -a /home/privyhub/Projects/onn-stream-test/logs/streaming/c3_l4_nft_night_dryrun_20260929_035844Z/nft_tables.txt
[03:58:44Z]   [listed the nft tables] -- dry run: auto-advance
[03:58:45Z]   [the pre-registration above is the one for tonight] -- dry run: auto-advance
[03:58:46Z] ========================================================================
[03:58:46Z] SETUP: live mode on, recorders on
[03:58:46Z]   TO CLEAR ANY FAULT, paste in the sudo pane:   sudo nft delete table inet privyhub_fault
[03:58:46Z] ========================================================================
[03:58:49Z]   flag set: ['PRIVYHUB_ADAPTIVE_BITRATE_MODE=live']; MainPID 777110 serves 8765 True; adaptive_bitrate mode live level 7000 transitions 0
[03:58:49Z] recorders: T2 sampler (10 s) pid 777128; status poller (5 s)
[03:59:09Z] ========================================================================
[03:59:09Z] F1 -- capacity cap (the controller's main case)
[03:59:09Z]   TO CLEAR ANY FAULT, paste in the sudo pane:   sudo nft delete table inet privyhub_fault
[03:59:09Z] ========================================================================
[03:59:30Z]   F1: PLAYING (PLAYING); any_override False; adaptive_bitrate live level 7000
[03:59:30Z]   baseline 60 s at 7000 ...
[04:00:00Z]     F1 baseline: 30/60 s -- level 7000 state REFERENCE transitions 0 window 15/13 recovery PLAYING
[04:00:30Z]     F1 baseline: 60/60 s -- level 7000 state REFERENCE transitions 0 window 30/27 recovery PLAYING
[04:00:30Z]   CALIBRATE the cap: a counter-only rule on the video port (no drop).
[04:00:30Z]   paste in order:
[04:00:30Z]   (dry run -- do NOT paste)   sudo nft add table inet privyhub_fault
[04:00:30Z]   (dry run -- do NOT paste)   sudo nft add chain inet privyhub_fault flt '{ type filter hook output priority 0; }'
[04:00:30Z]   (dry run -- do NOT paste)   sudo nft add rule inet privyhub_fault flt udp dport 48100 counter
[04:00:30Z]   [counter table made] -- dry run: auto-advance
[04:00:31Z]   (dry run -- do NOT paste)   sudo nft list table inet privyhub_fault | tee -a /home/privyhub/Projects/onn-stream-test/logs/streaming/c3_l4_nft_night_dryrun_20260929_035844Z/nft_tables.txt
[04:00:31Z]   [counter reading 1 listed] -- dry run: auto-advance
[04:00:32Z]   waiting 5 s between the two readings ...
[04:00:37Z]   (dry run -- do NOT paste)   sudo nft list table inet privyhub_fault | tee -a /home/privyhub/Projects/onn-stream-test/logs/streaming/c3_l4_nft_night_dryrun_20260929_035844Z/nft_tables.txt
[04:00:37Z]   [counter reading 2 listed] -- dry run: auto-advance
[04:00:38Z]   counter rate None B/s not usable -> the L1 estimate 1083000 B/s (dry run)
[04:00:38Z]   7000 wire rate 1083 kB/s (estimate); CAP = 0.822 x that = 869 kbytes/second (nft kbytes = 1024 B)
[04:00:38Z]   (dry run -- do NOT paste)   sudo nft delete table inet privyhub_fault
[04:00:38Z]   EXPECT: within ~10-20 s ONE decrease: FALLBACK 7000->5000 (or ROUTINE 7000->6000, then FALLBACK ->5000 >= 60 s later); ~186 s later INCREASE 5000->5500 (fits the cap); ~186 s later INCREASE 5500->6000 (over the cap); a FALLBACK back to 5000 >= 120 s after that; then, instead of a third direction change inside 10 min, HOLD (oscillation) at 5000. rate_limited never true; never two transitions closer than the hold-downs; no ramp.
[04:00:38Z]   (dry run: the fault 'F1 cap' is replaced by a wait; its lines are shown only)
[04:00:38Z]   (dry run -- do NOT paste)   sudo nft add table inet privyhub_fault
[04:00:38Z]   (dry run -- do NOT paste)   sudo nft add chain inet privyhub_fault flt '{ type filter hook output priority 0; }'
[04:00:38Z]   (dry run -- do NOT paste)   sudo nft add rule inet privyhub_fault flt udp dport 48100 limit rate over 869 kbytes/second burst 64 kbytes counter drop
[04:01:08Z]     F1 cap on: 30/30 s -- level 7000 state REFERENCE transitions 0 window 47/42 recovery PLAYING
[04:01:08Z]   DID (F1 cap on): no transition; rate_limited ever False; now level 7000 state REFERENCE mode live recovery PLAYING
[04:01:08Z]   EXPECT: after the cap is removed: at 5000 for the rest of the session if HOLD was reached; otherwise one rung per ~186 s back towards 7000.
[04:01:08Z]   (dry run -- do NOT paste)   sudo nft delete table inet privyhub_fault
[04:01:38Z]     F1 cap off: 30/60 s -- level 7000 state REFERENCE transitions 0 window 62/54 recovery PLAYING
[04:02:08Z]     F1 cap off: 60/60 s -- level 7000 state REFERENCE transitions 0 window 77/68 recovery PLAYING
[04:02:08Z]   DID (F1 cap off): no transition; rate_limited ever False; now level 7000 state REFERENCE mode live recovery PLAYING
[04:02:08Z]   EXPECT: BACK -> session_ended_reset: the controller back at 7000, transitions 0.
[04:02:12Z]   F1: BACK; decoder report stored; controller after BACK: mode live level 7000 transitions 0
[04:02:33Z] ========================================================================
[04:02:33Z] F2 -- 2 % random loss (the controller must not chase it)
[04:02:33Z]   TO CLEAR ANY FAULT, paste in the sudo pane:   sudo nft delete table inet privyhub_fault
[04:02:33Z] ========================================================================
[04:02:52Z]   F2: PLAYING (PLAYING); any_override False; adaptive_bitrate live level 7000
[04:03:22Z]     F2 baseline: 30/60 s -- level 7000 state REFERENCE transitions 0 window 13/11 recovery PLAYING
[04:03:52Z]     F2 baseline: 60/60 s -- level 7000 state REFERENCE transitions 0 window 28/24 recovery PLAYING
[04:03:52Z]   EXPECT: FEC recovers part of it; loss alone is never evidence. Either no transition, or AT MOST ONE decrease (ROUTINE ->6000 or FALLBACK ->5000) and then only at_or_below_target / at_floor / hold_down refusals. No second decrease, never a ramp.
[04:03:52Z]   (dry run: the fault 'F2 2% loss' is replaced by a wait; its lines are shown only)
[04:03:52Z]   (dry run -- do NOT paste)   sudo nft add table inet privyhub_fault
[04:03:52Z]   (dry run -- do NOT paste)   sudo nft add chain inet privyhub_fault flt '{ type filter hook output priority 0; }'
[04:03:52Z]   (dry run -- do NOT paste)   sudo nft add rule inet privyhub_fault flt udp dport 48100 numgen random mod 1000 < 20 counter drop
[04:04:22Z]     F2 loss on: 30/30 s -- level 7000 state REFERENCE transitions 0 window 43/38 recovery PLAYING
[04:04:22Z]   DID (F2 loss on): no transition; rate_limited ever False; now level 7000 state REFERENCE mode live recovery PLAYING
[04:04:22Z]   EXPECT: after removal: a stream that stepped down climbs one rung per ~186 s; otherwise nothing.
[04:04:22Z]   (dry run -- do NOT paste)   sudo nft delete table inet privyhub_fault
[04:04:52Z]     F2 loss off: 30/60 s -- level 7000 state REFERENCE transitions 0 window 58/52 recovery PLAYING
[04:05:22Z]     F2 loss off: 60/60 s -- level 7000 state REFERENCE transitions 0 window 73/66 recovery PLAYING
[04:05:22Z]   DID (F2 loss off): no transition; rate_limited ever False; now level 7000 state REFERENCE mode live recovery PLAYING
[04:05:26Z]   F2: BACK; decoder report stored; controller after BACK: mode live level 7000 transitions 0
[04:05:47Z] ========================================================================
[04:05:47Z] F3 -- a link drop while off the reference (recovery and the controller)
[04:05:47Z]   TO CLEAR ANY FAULT, paste in the sudo pane:   sudo nft delete table inet privyhub_fault
[04:05:47Z] ========================================================================
[04:06:05Z]   F3: PLAYING (PLAYING); any_override False; adaptive_bitrate live level 7000
[04:06:35Z]     F3 baseline: 30/60 s -- level 7000 state REFERENCE transitions 0 window 14/14 recovery PLAYING
[04:07:05Z]     F3 baseline: 60/60 s -- level 7000 state REFERENCE transitions 0 window 29/29 recovery PLAYING
[04:07:05Z]   EXPECT: the cap brings the stream to 5000 (one decrease).
[04:07:05Z]   (dry run: the fault 'F3 cap' is replaced by a wait; its lines are shown only)
[04:07:05Z]   (dry run -- do NOT paste)   sudo nft add table inet privyhub_fault
[04:07:05Z]   (dry run -- do NOT paste)   sudo nft add chain inet privyhub_fault flt '{ type filter hook output priority 0; }'
[04:07:05Z]   (dry run -- do NOT paste)   sudo nft add rule inet privyhub_fault flt udp dport 48100 limit rate over 869 kbytes/second burst 64 kbytes counter drop
[04:07:35Z]   at 5000: False
[04:07:35Z]   DID (F3 cap): no transition; rate_limited ever False; now level 7000 state REFERENCE mode live recovery PLAYING
[04:07:35Z]   EXPECT: recovery owns the drop: desync_pause, encoder_restart AT 5000 (C3-F1, level-preserving), resumed. The controller does NOTHING while recovery is not PLAYING (a refused/guard recovery_playing row, or no rows because reports stop); then ssrc_change (recovery_restart) and a 3-report blackout; the level still 5000 (no level_sync).
[04:07:35Z]   (dry run: the fault 'F3 full drop' is replaced by a wait; its lines are shown only)
[04:07:35Z]   (dry run -- do NOT paste)   sudo nft flush chain inet privyhub_fault flt
[04:07:35Z]   (dry run -- do NOT paste)   sudo nft add rule inet privyhub_fault flt udp dport { 48100, 48101 } counter drop
[04:07:50Z]   (dry run -- do NOT paste)   sudo nft delete table inet privyhub_fault
[04:07:50Z]   observing 60 s (recovery should resume) ...
[04:08:20Z]     F3 after the drop: 30/60 s -- level 7000 state PRESSURE transitions 0 window 66/61 recovery PLAYING
[04:08:50Z]     F3 after the drop: 60/60 s -- level 7000 state REFERENCE transitions 0 window 81/76 recovery PLAYING
[04:08:50Z]   DID (F3 drop and recovery): no transition; rate_limited ever False; now level 7000 state REFERENCE mode live recovery PLAYING
[04:08:54Z]   F3: BACK; decoder report stored; controller after BACK: mode live level 7000 transitions 0
[04:09:15Z] ========================================================================
[04:09:15Z] K -- the kill switch during a fault
[04:09:15Z]   TO CLEAR ANY FAULT, paste in the sudo pane:   sudo nft delete table inet privyhub_fault
[04:09:15Z] ========================================================================
[04:09:35Z]   K: PLAYING (PLAYING); any_override False; adaptive_bitrate live level 7000
[04:10:05Z]     K baseline: 30/60 s -- level 7000 state REFERENCE transitions 0 window 13/12 recovery PLAYING
[04:10:35Z]     K baseline: 60/60 s -- level 7000 state REFERENCE transitions 0 window 28/27 recovery PLAYING
[04:10:35Z]   (dry run: the fault 'K cap' is replaced by a wait; its lines are shown only)
[04:10:35Z]   (dry run -- do NOT paste)   sudo nft add table inet privyhub_fault
[04:10:35Z]   (dry run -- do NOT paste)   sudo nft add chain inet privyhub_fault flt '{ type filter hook output priority 0; }'
[04:10:35Z]   (dry run -- do NOT paste)   sudo nft add rule inet privyhub_fault flt udp dport 48100 limit rate over 869 kbytes/second burst 64 kbytes counter drop
[04:11:05Z]   EXPECT: disable #1 -> already_disabled false; disable #2 -> already_disabled true; status mode shadow, configured_mode live, acts false; further decisions logged as would_act (acted false); the stream stays where it is.
[04:11:05Z]   disable #1 HTTP 200 already_disabled False; #2 HTTP 200 already_disabled True; status mode shadow configured live acts False level 7000
[04:11:35Z]     K cap on, disabled: 30/30 s -- level 7000 state REFERENCE transitions 0 window 58/55 recovery PLAYING
[04:11:35Z]   DID (K cap, then disabled): no transition; rate_limited ever False; now level 7000 state REFERENCE mode shadow recovery PLAYING
[04:11:35Z]   (dry run -- do NOT paste)   sudo nft delete table inet privyhub_fault
[04:12:05Z]     K cap off: 30/60 s -- level 7000 state REFERENCE transitions 0 window 73/69 recovery PLAYING
[04:12:35Z]     K cap off: 60/60 s -- level 7000 state REFERENCE transitions 0 window 88/84 recovery PLAYING
[04:12:35Z]   EXPECT: BACK -> the next session is live again (the disable is for the session only).
[04:12:39Z]   K: BACK; decoder report stored; controller after BACK: mode live level 7000 transitions 0
[04:13:00Z]   after K: adaptive_bitrate mode live (live expected)
[04:13:00Z] ========================================================================
[04:13:00Z] TEARDOWN
[04:13:00Z]   TO CLEAR ANY FAULT, paste in the sudo pane:   sudo nft delete table inet privyhub_fault
[04:13:00Z] ========================================================================
[04:13:13Z]   flag unset: PRIVYHUB_* manager 0, companion environ 0; MainPID serves 8765 True; adaptive_bitrate mode off; stream 7000; game active False -> CLEAN
[04:13:22Z]   launcher NOW PLAYING banners: 0
[04:13:23Z]   files: 23/23 present
[04:13:23Z]   rows: {'events.jsonl': 43, 'abr_series.jsonl': 169, 't2_samples.jsonl': 86, 'decision_log.jsonl': 397, 'heartbeat.jsonl': 339, 'frames.jsonl': 694, 'recovery_log.jsonl': 8}; sample rows in the decision log 339
[04:13:23Z] RUN DIRECTORY: /home/privyhub/Projects/onn-stream-test/logs/streaming/c3_l4_nft_night_dryrun_20260929_035844Z
