[night 21:27:16Z] flag set in the manager: PRIVYHUB_ADAPTIVE_BITRATE_MODE=shadow
[night 21:27:16Z] sampler started (10 s)
[night 21:27:16Z] last session_ended 2026-09-24T21:23:08.242Z; H1 not before 22:04:08Z
[night 22:04:16Z] H1 begins (1200s)
[H1 22:04:17Z] mode=H hold/timeout=1200s probe_args=none heartbeat_ms=default
[H1 22:04:21Z] companion MainPID 406609 serving 8765; PRIVYHUB_* other than the shadow flag in its environ: 0
[H1 22:04:21Z] adaptive_bitrate.mode: shadow
[H1] before launch: any_override False cap 90000 profile cushion 12 17 profile redundancy 2 4 profile -> ADOPTED
[H1] at PLAYING: any_override False cap 90000 profile cushion 12 17 profile redundancy 2 4 profile -> ADOPTED
[H1 22:05:13Z] PLAYING at 2026-09-24T22:05:13Z; holding 1200s, zero input
[H1 22:25:14Z] adb client processes seen during hold: 38 (# polls 2321)
[H1 22:25:16Z] report: native_decoder_20260924_222515_876.json
[frames] 1201 seconds in the session window
[heartbeat] 598 lines
[H1 22:25:40Z] game active after stop: False
[H1 22:25:40Z] done
[night 22:25:40Z] H1 harness exit 0
[night 22:25:40Z] H2 begins (1200s)
[H2 22:25:40Z] mode=H hold/timeout=1200s probe_args=none heartbeat_ms=default
[H2 22:25:45Z] companion MainPID 419160 serving 8765; PRIVYHUB_* other than the shadow flag in its environ: 0
[H2 22:25:45Z] adaptive_bitrate.mode: shadow
[H2] before launch: any_override False cap 90000 profile cushion 12 17 profile redundancy 2 4 profile -> ADOPTED
[H2] at PLAYING: any_override False cap 90000 profile cushion 12 17 profile redundancy 2 4 profile -> ADOPTED
[H2 22:26:23Z] PLAYING at 2026-09-24T22:26:23Z; holding 1200s, zero input
[H2 22:46:24Z] adb client processes seen during hold: 42 (# polls 2320)
[H2 22:46:26Z] report: native_decoder_20260924_224625_587.json
[frames] 1201 seconds in the session window
[heartbeat] 597 lines
[H2 22:46:48Z] game active after stop: False
[H2 22:46:48Z] done
[night 22:46:48Z] H2 harness exit 0
[night 22:46:48Z] H3 begins (3600s)
[H3 22:46:48Z] mode=H hold/timeout=3600s probe_args=none heartbeat_ms=default
[H3 22:46:53Z] companion MainPID 431350 serving 8765; PRIVYHUB_* other than the shadow flag in its environ: 0
[H3 22:46:53Z] adaptive_bitrate.mode: shadow
[H3] before launch: any_override False cap 90000 profile cushion 12 17 profile redundancy 2 4 profile -> ADOPTED
[H3] at PLAYING: any_override False cap 90000 profile cushion 12 17 profile redundancy 2 4 profile -> ADOPTED
[H3 22:47:31Z] PLAYING at 2026-09-24T22:47:31Z; holding 3600s, zero input
[H3 23:47:32Z] adb client processes seen during hold: 113 (# polls 6962)
[H3 23:47:34Z] report: native_decoder_20260924_234733_439.json
[frames] 3601 seconds in the session window
[heartbeat] 1793 lines
[H3 23:47:56Z] game active after stop: False
[H3 23:47:56Z] done
[night 23:47:56Z] H3 harness exit 0
[night 23:47:56Z] H4 begins (1200s)
[H4 23:47:56Z] mode=H hold/timeout=1200s probe_args=none heartbeat_ms=default
[H4 23:48:00Z] companion MainPID 466802 serving 8765; PRIVYHUB_* other than the shadow flag in its environ: 0
[H4 23:48:00Z] adaptive_bitrate.mode: shadow
[H4] before launch: any_override False cap 90000 profile cushion 12 17 profile redundancy 2 4 profile -> ADOPTED
[H4] at PLAYING: any_override False cap 90000 profile cushion 12 17 profile redundancy 2 4 profile -> ADOPTED
[H4 23:48:39Z] PLAYING at 2026-09-24T23:48:39Z; holding 1200s, zero input
[H4 00:08:39Z] adb client processes seen during hold: 36 (# polls 2321)
[H4 00:08:42Z] report: native_decoder_20260925_000841_466.json
[frames] 1201 seconds in the session window
[heartbeat] 597 lines
[H4 00:09:04Z] game active after stop: False
[H4 00:09:04Z] done
[night 00:09:04Z] H4 harness exit 0
[night 00:09:38Z] flag unset: manager PRIVYHUB_* 0; MainPID 478993; 8765 478993; PRIVYHUB_* in its environ 0
[night] adaptive_bitrate {'schema': 'privyhub_adaptive_bitrate_v1', 'mode': 'off', 'acted': False} | bitrate 7000 cap 90000 profile cushion 12 17 profile redundancy 2 4 profile any_override False active False
[night 00:09:48Z] teardown: game active False; NOW PLAYING on the launcher: 0
[night 00:09:48Z] night done
