[night 18:32:56Z] flags set in the manager: PRIVYHUB_ADAPTIVE_BITRATE_MODE=live 
[night 18:32:56Z] sampler started (10 s)
[night 18:32:56Z] last session_ended 2026-09-29T18:09:16.425Z
[night 18:32:56Z] H begins (1800 s, live, never INJECT)
[H 18:32:56Z] mode=H hold/timeout=1800s probe_args=none heartbeat_ms=default
[H 18:33:01Z] companion MainPID 843552 serving 8765; PRIVYHUB_* other than the allowed flags in its environ: 0; flags: PRIVYHUB_ADAPTIVE_BITRATE_MODE=live 
[H 18:33:01Z] adaptive_bitrate mode/configured/inject_enabled: live live False
[H] before launch: any_override False cap 90000 profile cushion 12 17 profile redundancy 2 4 profile -> ADOPTED
[H] at PLAYING: any_override False cap 90000 profile cushion 12 17 profile redundancy 2 4 profile -> ADOPTED
[H 18:33:41Z] PLAYING at 2026-09-29T18:33:41Z; holding 1800s, zero input
[H 19:03:43Z] adb client processes seen during hold: 53 (# polls 3474)
[H 19:03:46Z] report: native_decoder_20260929_190345_437.json
[frames] 1801 seconds in the session window
[heartbeat] 897 lines
[H 19:04:06Z] decision log lines in the session: 0
[H 19:04:08Z] game active after stop: False
[H 19:04:08Z] done
[night 19:04:08Z] H harness exit 0
[night 19:04:42Z] flags unset: manager PRIVYHUB_* 0; MainPID 864162; 8765 864162; PRIVYHUB_* in its environ 0; ADAPTIVE_BITRATE_* in its environ 0
[night] adaptive_bitrate {'schema': 'privyhub_adaptive_bitrate_v1', 'mode': 'off', 'acted': False} | bitrate 7000 profile native_game_720p60_reference cap 90000 profile cushion 12 17 profile redundancy 2 4 profile any_override False active False
[night 19:04:42Z] inject route after teardown: HTTP 403
[night 19:04:52Z] teardown: game active False; NOW PLAYING on the launcher: 0
[night 19:04:52Z] night done
