[19:06:00Z] C3-L4-L2B/N1 nft night harness (FAST TEST); run dir logs/streaming/c3_l4_n2_tests/N2_full_only_F1
[19:06:00Z] sessions ['F1']; timings {'baseline_s': 60, 'f1_on_s': 60, 'f1_off_s': 60, 'f2_on_s': 60, 'f2_off_s': 60, 'f3_reach_s': 60, 'f3_drop_s': 15, 'f3_after_s': 60, 'k_first_s': 60, 'k_on_s': 60, 'k_off_s': 60, 'calib_gap_s': 10}
[19:06:00Z] ========================================================================
[19:06:00Z] PREFLIGHT
[19:06:00Z]   To stop: press Ctrl-C -- the fault is removed automatically.
[19:06:00Z] ========================================================================
[19:06:00Z]   TEST RUN: sudo is the fake at tools/c3_l4_fake_sudo.py (no real nft is run)
[19:06:00Z]   sudo needs your password (once, at the start) -- type it below.
[19:06:00Z]   sudo -v -> OK
[19:06:00Z]   sudo is cached; a keepalive (`sudo -n -v`) runs every 240 s
[19:06:00Z]   companion MainPID serves 8765; no game; no PRIVYHUB_*; adopted profile at 7000; any_override false; APK f31b1c18...8ae7 (adopted); onn in adb
[19:06:00Z]   pre-registration c3_l4_nft_night3_preregistration.txt sha256 cf0ce814bf686d8f... (copied into the run dir):
[19:06:00Z]   | C3-L4-N2 -- pre-registration for the user's nft night 3 (`--only F1`)
[19:06:00Z]   | Written 2026-09-29 by Code, before the night, from night 2's pre-registration (sha256 3cdcfa2e...) with the
[19:06:00Z]   | rule the user approved on 2026-09-29 ("Go"). The user may amend this file before starting;
[19:06:00Z]   | tools/c3_l4_nft_night.py prints it at start and records its sha256 in the run directory. Rules are not
[19:06:00Z]   | tightened or loosened after data.
[19:06:00Z]   | 
[19:06:00Z]   | Controller as built for the night: PRIVYHUB_ADAPTIVE_BITRATE_MODE=live (never INJECT). FALLBACK -> 5000 on
[19:06:00Z]   | (i) the shadow's fps/queue/gap evidence or (ii) capacity: fps < 50 on all 5 of the last 5 evaluated reports
[19:06:00Z]   | and lost_packets_delta >= 50 on >= 3 of 5; (iii) the recovery-escalation backstop (two recovery encoder
[19:06:00Z]   | restarts at one level within 180 s -> one FALLBACK decision after PLAYING and the blackout). NEW
[19:06:00Z]   | capacity_mild: ROUTINE ONE RUNG DOWN (6000 -> 5500, 5500 -> 5000, 7000 -> 6000; at 5000 at_floor) when fps
[19:06:00Z]   | < 57 on >= 4 of 5 and lost_packets_delta >= 50 on >= 3 of 5; the strict capacity FALLBACK keeps precedence,
[19:06:00Z]   | and while the newest report is under 50 fps a ROUTINE waits up to 4 reports for FALLBACK (L1). The queue
[19:06:00Z]   | ROUTINE (-> 6000) unchanged. INCREASE one rung when >= 85 of the last 90 reports since the last SSRC change
[19:06:00Z]   | (and its 3-report blackout) are clean (fps >= 57, queue <= 1, gap <= 150). Hold-downs in reports after a
[19:06:00Z]   | down / after an up: FALLBACK 30 / 60, ROUTINE 60 / 60, INCREASE 60 / 30. Oscillation guard: the third
[19:06:00Z]   | direction change within 10 min -> HOLD for the session. Rate limit 4 transitions per 10 min. Guards incl.
[19:06:00Z]   | recovery PLAYING and session age >= 60 s. Recovery unchanged (C3-F1, level-preserving). Fault: host output
[19:06:00Z]   | hook, video port 48100, the capacity cap (CAP = the midpoint of the calibrated 5500 and 6000 wire rates),
[19:06:00Z]   | 12 min on, 5 min off. Session: F1 only.
[19:06:00Z]   | 
[19:06:00Z]   | Classification: WORKS UNDER LOSS (F1) if every row below holds; otherwise each row is recorded as met / not
[19:06:00Z]   | met / not applicable, with the per-report sample rows saying why.
[19:06:00Z]   | 
[19:06:00Z]   | F1a the strict capacity FALLBACK 7000 -> 5000 (reason capacity) within 60 s of the cap going in, as ONE
[19:06:00Z]   |     transition (nights 1-2: 13.6-19.7 s; capacity_mild's bar is met ~10 s in but waits for FALLBACK).
[19:06:00Z]   | F1b the climb and the mild step follow the rules, whichever way the cap falls. Expected (night 2's rungs:
[19:06:00Z]   |     5000 and 5500 clean under the cap; 6000 degraded -- fps median 55.8, ~60 lost per report):
[19:06:00Z]   |     INCREASE 5000 -> 5500 >= 93 reports after the capacity FALLBACK's SSRC change; INCREASE 5500 -> 6000
[19:06:00Z]   |     >= 93 reports after that; then capacity_mild 6000 -> 5500 as ONE transition, NO SOONER than the
[19:06:00Z]   |     60-report reversal hold-down after the increase and within 150 s of arriving at 6000 (night 2's
[19:06:00Z]   |     samples replayed: the bar met 46 s in, refused hold_down, acted 119 s in). NOTE: the handoff asked for
[19:06:00Z]   |     "within 90 s of arriving at 6000"; with the ROUTINE reversal hold-down the same handoff requires (60
[19:06:00Z]   |     reports = 120 s) that is not reachable as built, so the bound here is the hold-down's; the user may
[19:06:00Z]   |     amend it. Then the next increase attempt (>= 93 reports after the mild step's SSRC change) is the
[19:06:00Z]   |     third direction change: inside 10 min of the first (the 5000 -> 5500 increase) it becomes HOLD
[19:06:00Z]   |     (reason oscillation) and the stream stays at 5500 for the rest of the session. Predicted from night 2:
[19:06:00Z]   |     the first change at ~+213 s, the mild step at ~+600 s, the next attempt at ~+790 s (after the cap is
[19:06:00Z]   |     removed at +720 s) -> ~577 s after the first change -> HOLD at 5500, with ~23 s to spare. If the third
[19:06:00Z]   |     change falls more than 10 min after the first it is an INCREASE (as built), then one rung per >= 93
[19:06:00Z]   |     reports on the clean link; recorded, not a failure. Or: "climbed to <rung> and stayed" if the
[19:06:00Z]   |     calibrated cap lets that rung through (the cap and the samples recorded; not a failure).
[19:06:00Z]   |     MET if every transition in F1 is one the rules above name, at the spacing they allow.
[19:06:00Z]   | F1c rate_limited never true (the prediction puts 4 transitions inside one 10-min window -- +14, +213, +482,
[19:06:00Z]   |     ~+600 s -- which the limit allows; a 5th inside it would be refused and recorded); no two transitions
[19:06:00Z]   |     closer than the hold-down table; never a ramp (no two transitions < 93 reports apart in the same
[19:06:00Z]   |     direction; the mild step and the capacity FALLBACK are downs 60+ reports apart).
[19:06:00Z]   | F1d after removal: nothing if HOLD; otherwise one rung per >= 93 reports; BACK resets to 7000.
[19:06:00Z]   | F1e the backstop: expected NOT to fire (capacity and capacity_mild act first). Recorded either way.
[19:06:00Z]   | F1f recovery cycles under the cap, reported: expected <= 1 (night 2: 0).
[19:06:00Z]   | F1g reported, not ruled: the time at 6000 under the cap (night 2: 3 min 56 s with nothing firing; expected
[19:06:00Z]   |     ~2 min) and its per-report figures.
[19:06:00Z]   | All sessions: any_override false at PLAYING; decoder report stored; lifecycle clean (session_started /
[19:06:00Z]   | session_ended, plus F1f's reported cycles); at the end no privyhub_fault table, the flag unset and absent
[19:06:00Z]   | from the manager and the environ, stream 7000, no game active.
[19:06:00Z]   No fault table may exist before the night:
[19:06:00Z]     VERIFY (before the night): privyhub_fault absent -> OK
[19:06:00Z]   To stop: press Ctrl-C -- the fault is removed automatically.
[19:06:00Z] ========================================================================
[19:06:00Z] SETUP: live mode on, recorders on
[19:06:00Z]   To stop: press Ctrl-C -- the fault is removed automatically.
[19:06:00Z] ========================================================================
[19:06:03Z]   flag set: ['PRIVYHUB_ADAPTIVE_BITRATE_MODE=live']; MainPID 864343 serves 8765 True; adaptive_bitrate mode live level 7000 transitions 0
[19:06:03Z] recorders: T2 sampler (10 s) pid 864360; status poller (5 s)
[19:06:23Z] ========================================================================
[19:06:23Z] F1 -- capacity cap (the controller's main case)
[19:06:23Z]   To stop: press Ctrl-C -- the fault is removed automatically.
[19:06:23Z] ========================================================================
[19:06:45Z]   F1: PLAYING (PLAYING); any_override False; adaptive_bitrate live level 7000
[19:06:45Z]   baseline 60 s at 7000 ...
[19:07:15Z]     F1 baseline: 30/60 s -- level 7000 state REFERENCE transitions 0 window 14/14 recovery PLAYING
[19:07:45Z]     F1 baseline: 60/60 s -- level 7000 state REFERENCE transitions 0 window 29/27 recovery PLAYING
[19:07:45Z]   CALIBRATE the cap: a counter-only rule on the video port (no drop).
[19:07:45Z]   APPLY (calibration counter):
[19:07:45Z]     sudo -n nft add table inet privyhub_fault   -> rc 0
[19:07:45Z]     sudo -n nft add chain inet privyhub_fault flt { type filter hook output priority 0; }   -> rc 0
[19:07:45Z]     sudo -n nft add rule inet privyhub_fault flt udp dport 48100 counter   -> rc 0
[19:07:45Z]     VERIFY (calibration counter): table inet privyhub_fault present, rules ['udp dport 48100 counter packets 19 bytes 23739'] -> OK
[19:07:45Z]     counter reading 1: 48094 bytes
[19:07:45Z]   waiting 10 s between the two readings ...
[19:07:55Z]     counter reading 2: 10901416 bytes
[19:07:55Z]   7000 wire rate 1083 kB/s (counter); CAP = 0.822 x that = 869 kbytes/second (nft kbytes = 1024 B)
[19:07:55Z]   EXPECT: within ~60 s (nights 1-2: ~14 s) ONE decrease: FALLBACK (capacity) 7000->5000; >= 93 reports later INCREASE 5000->5500 (fits the cap); >= 93 later INCREASE 5500->6000 (over the cap); then capacity_mild 6000->5500 once the 120 s reversal hold-down has passed; then, instead of a third direction change inside 10 min, HOLD (oscillation) at 5500. Or 'climbed to <rung> and stayed'. rate_limited never true; never two transitions closer than the hold-downs; no ramp; at most one recovery cycle under the cap.
[19:07:55Z]   APPLY (F1 cap):
[19:07:55Z]     sudo -n nft flush chain inet privyhub_fault flt   -> rc 0
[19:07:55Z]     sudo -n nft add rule inet privyhub_fault flt udp dport 48100 limit rate over 869 kbytes/second burst 64 kbytes counter drop   -> rc 0
[19:07:55Z]     VERIFY (F1 cap): table inet privyhub_fault present, rules ['udp dport 48100 limit rate over 869 kbytes/second burst 64 kbytes counter packets 0 bytes 428 drop'] -> OK
[19:08:25Z]     F1 cap on: 30/60 s -- level 7000 state PRESSURE transitions 0 window 49/45 recovery PLAYING
[19:08:55Z]     F1 cap on: 60/60 s -- level 7000 state REFERENCE transitions 0 window 64/60 recovery PLAYING
[19:08:55Z]   DID (F1 cap on): no transition; rate_limited ever False; now level 7000 state REFERENCE mode live recovery PLAYING
[19:08:55Z]   EXPECT: after the cap is removed: at 5000 for the rest of the session if HOLD was reached; otherwise one rung per ~186 s back towards 7000.
[19:08:55Z]   REMOVE (F1 cap):
[19:08:55Z]     sudo -n nft delete table inet privyhub_fault   -> rc 0
[19:08:55Z]     VERIFY (F1 cap): privyhub_fault absent -> OK
[19:09:25Z]     F1 cap off: 30/60 s -- level 7000 state REFERENCE transitions 0 window 79/73 recovery PLAYING
[19:09:55Z]     F1 cap off: 60/60 s -- level 7000 state REFERENCE transitions 0 window 90/84 recovery PLAYING
[19:09:55Z]   DID (F1 cap off): no transition; rate_limited ever False; now level 7000 state REFERENCE mode live recovery PLAYING
[19:09:55Z]   EXPECT: BACK -> session_ended_reset: the controller back at 7000, transitions 0.
[19:10:00Z]   F1: BACK; decoder report stored; controller after BACK: mode live level 7000 transitions 0
[19:10:20Z]   CLEAR THE FAULT (normal end): sudo -n nft delete table inet privyhub_fault, then list tables
[19:10:20Z]     delete table -> rc 1 (Error: Could not process rule: No such file or directory)
[19:10:20Z]     VERIFY (at the end): privyhub_fault absent -> OK
[19:10:20Z] ========================================================================
[19:10:20Z] TEARDOWN
[19:10:20Z]   To stop: press Ctrl-C -- the fault is removed automatically.
[19:10:20Z] ========================================================================
[19:10:27Z]   flag unset: PRIVYHUB_* manager 0, companion environ 0; MainPID serves 8765 True; adaptive_bitrate mode off; stream 7000; game active False -> CLEAN
[19:10:36Z]   launcher NOW PLAYING banners: 0
[19:10:36Z]   files: 14/14 present
[19:10:36Z]   rows: {'events.jsonl': 21, 'abr_series.jsonl': 52, 't2_samples.jsonl': 26, 'decision_log.jsonl': 119, 'heartbeat.jsonl': 100, 'frames.jsonl': 204, 'recovery_log.jsonl': 2}; sample rows in the decision log 100
[19:10:36Z] RUN DIRECTORY: logs/streaming/c3_l4_n2_tests/N2_full_only_F1
