[night 17:26:50Z] sampler started (10 s)
[night 17:26:50Z] device APK hash at start: f31b1c180c5d0849230860d2f5b7ab1b4a8637f7be56a7dcf1f71aba77668ae7
[night 17:26:50Z] last session_ended 2026-09-28T17:25:45.126Z; B1 not before 18:06:45Z
[night 18:06:51Z] B1 begins (arm B, 1200 s)
[B1 18:06:51Z] mode=H hold/timeout=1200s probe_args=none heartbeat_ms=default
[B1 18:06:51Z] PROFILE_ARM B; PRIVYHUB_* in the user manager: ''
[B1 18:06:55Z] companion MainPID 639397 serving 8765; PRIVYHUB_* in its environ: ''
[B1] before launch: PROFILE_ARM B profile ('native_game_720p60_reference', 1280, 720, 7000, 90000) bitrate_kbps 7000 selection default None any_override False fec xor8_1 cushion 12 17 profile redundancy 2 4 profile adaptive off -> AS EXPECTED FOR THE ARM
[B1] at PLAYING: PROFILE_ARM B profile ('native_game_720p60_reference', 1280, 720, 7000, 90000) bitrate_kbps 7000 selection default None any_override False fec xor8_1 cushion 12 17 profile redundancy 2 4 profile adaptive off -> AS EXPECTED FOR THE ARM
[B1 18:07:37Z] SurfaceFlinger stream-surface lines: 11
[B1 18:07:37Z] PLAYING at 2026-09-28T18:07:37Z; holding 1200s, zero input
[B1 18:27:42Z] adb client processes seen during hold: 36 (# polls 2320)
[B1 18:27:44Z] report: native_decoder_20260928_182744_551.json
[frames] 1201 seconds in the session window
[heartbeat] 598 lines
[B1 18:28:07Z] game active after stop: False
[B1 18:28:07Z] done
[night 18:28:07Z] B1 harness exit 0
[night 18:28:07Z] A1 begins (arm A, 1200 s)
[A1 18:28:07Z] mode=H hold/timeout=1200s probe_args=none heartbeat_ms=default
[A1 18:28:07Z] PROFILE_ARM A; PRIVYHUB_* in the user manager: 'PRIVYHUB_NATIVE_PROFILE_ID=native_game_1080p60_candidate'
[A1 18:28:12Z] companion MainPID 651654 serving 8765; PRIVYHUB_* in its environ: 'PRIVYHUB_NATIVE_PROFILE_ID=native_game_1080p60_candidate'
[A1] before launch: PROFILE_ARM A profile ('native_game_1080p60_candidate', 1920, 1080, 15750, 200000) bitrate_kbps 15750 selection PRIVYHUB_NATIVE_PROFILE_ID native_game_1080p60_candidate any_override True fec xor8_1 cushion 12 17 profile redundancy 2 4 profile adaptive off -> AS EXPECTED FOR THE ARM
[A1] at PLAYING: PROFILE_ARM A profile ('native_game_1080p60_candidate', 1920, 1080, 15750, 200000) bitrate_kbps 15750 selection PRIVYHUB_NATIVE_PROFILE_ID native_game_1080p60_candidate any_override True fec xor8_1 cushion 12 17 profile redundancy 2 4 profile adaptive off -> AS EXPECTED FOR THE ARM
[A1 18:28:57Z] SurfaceFlinger stream-surface lines: 11
[A1 18:28:57Z] PLAYING at 2026-09-28T18:28:57Z; holding 1200s, zero input
[A1 18:49:02Z] adb client processes seen during hold: 46 (# polls 2318)
[A1 18:49:04Z] report: native_decoder_20260928_184904_236.json
[frames] 1201 seconds in the session window
[heartbeat] 598 lines
[A1 18:49:27Z] game active after stop: False
[A1 18:49:27Z] done
[night 18:49:27Z] A1 harness exit 0
[night 18:49:27Z] B2 begins (arm B, 1200 s)
[B2 18:49:27Z] mode=H hold/timeout=1200s probe_args=none heartbeat_ms=default
[B2 18:49:27Z] PROFILE_ARM B; PRIVYHUB_* in the user manager: ''
[B2 18:49:32Z] companion MainPID 663980 serving 8765; PRIVYHUB_* in its environ: ''
[B2] before launch: PROFILE_ARM B profile ('native_game_720p60_reference', 1280, 720, 7000, 90000) bitrate_kbps 7000 selection default None any_override False fec xor8_1 cushion 12 17 profile redundancy 2 4 profile adaptive off -> AS EXPECTED FOR THE ARM
[B2] at PLAYING: PROFILE_ARM B profile ('native_game_720p60_reference', 1280, 720, 7000, 90000) bitrate_kbps 7000 selection default None any_override False fec xor8_1 cushion 12 17 profile redundancy 2 4 profile adaptive off -> AS EXPECTED FOR THE ARM
[B2 18:50:14Z] SurfaceFlinger stream-surface lines: 11
[B2 18:50:14Z] PLAYING at 2026-09-28T18:50:14Z; holding 1200s, zero input
[B2 19:10:19Z] adb client processes seen during hold: 36 (# polls 2319)
[B2 19:10:22Z] report: native_decoder_20260928_191021_431.json
[frames] 1201 seconds in the session window
[heartbeat] 598 lines
[B2 19:10:44Z] game active after stop: False
[B2 19:10:44Z] done
[night 19:10:44Z] B2 harness exit 0
[night 19:10:44Z] A2 begins (arm A, 1200 s)
[A2 19:10:44Z] mode=H hold/timeout=1200s probe_args=none heartbeat_ms=default
[A2 19:10:44Z] PROFILE_ARM A; PRIVYHUB_* in the user manager: 'PRIVYHUB_NATIVE_PROFILE_ID=native_game_1080p60_candidate'
[A2 19:10:49Z] companion MainPID 676260 serving 8765; PRIVYHUB_* in its environ: 'PRIVYHUB_NATIVE_PROFILE_ID=native_game_1080p60_candidate'
[A2] before launch: PROFILE_ARM A profile ('native_game_1080p60_candidate', 1920, 1080, 15750, 200000) bitrate_kbps 15750 selection PRIVYHUB_NATIVE_PROFILE_ID native_game_1080p60_candidate any_override True fec xor8_1 cushion 12 17 profile redundancy 2 4 profile adaptive off -> AS EXPECTED FOR THE ARM
[A2] at PLAYING: PROFILE_ARM A profile ('native_game_1080p60_candidate', 1920, 1080, 15750, 200000) bitrate_kbps 15750 selection PRIVYHUB_NATIVE_PROFILE_ID native_game_1080p60_candidate any_override True fec xor8_1 cushion 12 17 profile redundancy 2 4 profile adaptive off -> AS EXPECTED FOR THE ARM
[A2 19:11:38Z] SurfaceFlinger stream-surface lines: 11
[A2 19:11:38Z] PLAYING at 2026-09-28T19:11:38Z; holding 1200s, zero input
[A2 19:31:43Z] adb client processes seen during hold: 45 (# polls 2318)
[A2 19:31:45Z] report: native_decoder_20260928_193144_821.json
[frames] 1201 seconds in the session window
[heartbeat] 598 lines
[A2 19:32:08Z] game active after stop: False
[A2 19:32:08Z] done
[night 19:32:08Z] A2 harness exit 0
[night 19:32:08Z] B3 begins (arm B, 1200 s)
[B3 19:32:08Z] mode=H hold/timeout=1200s probe_args=none heartbeat_ms=default
[B3 19:32:08Z] PROFILE_ARM B; PRIVYHUB_* in the user manager: ''
[B3 19:32:12Z] companion MainPID 688568 serving 8765; PRIVYHUB_* in its environ: ''
[B3] before launch: PROFILE_ARM B profile ('native_game_720p60_reference', 1280, 720, 7000, 90000) bitrate_kbps 7000 selection default None any_override False fec xor8_1 cushion 12 17 profile redundancy 2 4 profile adaptive off -> AS EXPECTED FOR THE ARM
[B3] at PLAYING: PROFILE_ARM B profile ('native_game_720p60_reference', 1280, 720, 7000, 90000) bitrate_kbps 7000 selection default None any_override False fec xor8_1 cushion 12 17 profile redundancy 2 4 profile adaptive off -> AS EXPECTED FOR THE ARM
[B3 19:32:52Z] SurfaceFlinger stream-surface lines: 11
[B3 19:32:52Z] PLAYING at 2026-09-28T19:32:52Z; holding 1200s, zero input
[B3 19:52:57Z] adb client processes seen during hold: 45 (# polls 2320)
[B3 19:52:59Z] report: native_decoder_20260928_195258_887.json
[frames] 1201 seconds in the session window
[heartbeat] 598 lines
[B3 19:53:22Z] game active after stop: False
[B3 19:53:22Z] done
[night 19:53:22Z] B3 harness exit 0
[night 19:53:22Z] A3 begins (arm A, 1200 s)
[A3 19:53:22Z] mode=H hold/timeout=1200s probe_args=none heartbeat_ms=default
[A3 19:53:22Z] PROFILE_ARM A; PRIVYHUB_* in the user manager: 'PRIVYHUB_NATIVE_PROFILE_ID=native_game_1080p60_candidate'
[A3 19:53:26Z] companion MainPID 700813 serving 8765; PRIVYHUB_* in its environ: 'PRIVYHUB_NATIVE_PROFILE_ID=native_game_1080p60_candidate'
[A3] before launch: PROFILE_ARM A profile ('native_game_1080p60_candidate', 1920, 1080, 15750, 200000) bitrate_kbps 15750 selection PRIVYHUB_NATIVE_PROFILE_ID native_game_1080p60_candidate any_override True fec xor8_1 cushion 12 17 profile redundancy 2 4 profile adaptive off -> AS EXPECTED FOR THE ARM
[A3] at PLAYING: PROFILE_ARM A profile ('native_game_1080p60_candidate', 1920, 1080, 15750, 200000) bitrate_kbps 15750 selection PRIVYHUB_NATIVE_PROFILE_ID native_game_1080p60_candidate any_override True fec xor8_1 cushion 12 17 profile redundancy 2 4 profile adaptive off -> AS EXPECTED FOR THE ARM
[A3 19:54:10Z] SurfaceFlinger stream-surface lines: 11
[A3 19:54:10Z] PLAYING at 2026-09-28T19:54:10Z; holding 1200s, zero input
[A3 20:14:15Z] adb client processes seen during hold: 45 (# polls 2318)
[A3 20:14:17Z] report: native_decoder_20260928_201416_800.json
[frames] 1201 seconds in the session window
[heartbeat] 598 lines
[A3 20:14:39Z] game active after stop: False
[A3 20:14:39Z] done
[night 20:14:39Z] A3 harness exit 0
[night 20:15:13Z] selector unset: manager PRIVYHUB_* 0; MainPID 713165; 8765 713165; PRIVYHUB_* in its environ 0
[night] profile native_game_720p60_reference 1280 720 default | fec xor8_1 | bitrate 7000 cap 90000 profile cushion 12 17 profile redundancy 2 4 profile any_override False active False adaptive off
[night 20:15:14Z] ADOPTED APK CONFIRMED (device hash f31b1c180c5d0849230860d2f5b7ab1b4a8637f7be56a7dcf1f71aba77668ae7; no arm APK was built)
[night 20:15:23Z] teardown: game active False; NOW PLAYING on the launcher: 1
[night 20:15:23Z] night done
