[15:19:42Z] C3-L4-L2B nft night harness ; run dir /home/privyhub/Projects/onn-stream-test/logs/streaming/c3_l4_nft_night_20260929_151942Z
[15:19:42Z] sessions ['F1', 'F2', 'F3', 'K']; timings {'baseline_s': 120, 'f1_on_s': 720, 'f1_off_s': 300, 'f2_on_s': 600, 'f2_off_s': 300, 'f3_reach_s': 240, 'f3_drop_s': 15, 'f3_after_s': 180, 'k_first_s': 120, 'k_on_s': 120, 'k_off_s': 60, 'calib_gap_s': 60}
[15:19:42Z] ========================================================================
[15:19:42Z] PREFLIGHT
[15:19:42Z]   To stop: press Ctrl-C -- the fault is removed automatically.
[15:19:42Z] ========================================================================
[15:19:42Z]   sudo needs your password (once, at the start) -- type it below.
[15:19:50Z]   sudo -v -> OK
[15:19:50Z]   sudo is cached; a keepalive (`sudo -n -v`) runs every 240 s
[15:19:50Z]   companion MainPID serves 8765; no game; no PRIVYHUB_*; adopted profile at 7000; any_override false; APK f31b1c18...8ae7 (adopted); onn in adb
[15:19:50Z]   pre-registration c3_l4_l2_nft_preregistration.txt sha256 fb5ca63fe559e5b2... (copied into the run dir):
[15:19:50Z]   | C3-L4-L2 -- pre-registration for the user's nft night (C3.L4 under real loss)
[15:19:50Z]   | Written 2026-09-29 by Code, before the night, from the L1 record's proposed rule (section 7) with the
[15:19:50Z]   | blend's expectations. The user may amend this file before starting; tools/c3_l4_nft_night.py prints it
[15:19:50Z]   | at start and records its sha256 in the run directory. Rules are not tightened or loosened after data.
[15:19:50Z]   | 
[15:19:50Z]   | Controller as built for the night: PRIVYHUB_ADAPTIVE_BITRATE_MODE=live (never INJECT); FALLBACK -> 5000,
[15:19:50Z]   | ROUTINE -> 6000, one transition per event; INCREASE one rung when >= 85 of the last 90 reports since the
[15:19:50Z]   | last SSRC change (and its 3-report blackout) are clean (fps >= 57, queue <= 1, gap <= 150); hold-downs
[15:19:50Z]   | FALLBACK 30/60, ROUTINE 60, INCREASE 60/30 reports (after a down / after an up); oscillation guard (third
[15:19:50Z]   | direction change in 10 min -> HOLD for the session); rate limit 4 per 10 min; guards incl. recovery
[15:19:50Z]   | PLAYING and session age >= 60 s. Faults: host output hook, video port 48100 only (F3 adds audio 48101).
[15:19:50Z]   | 
[15:19:50Z]   | Classification: WORKS UNDER LOSS if F1, F2, F3 and K all hold as below; otherwise each row is recorded
[15:19:50Z]   | as met / not met, with the per-report sample rows saying why.
[15:19:50Z]   | 
[15:19:50Z]   | F1 -- capacity cap (CAP = the midpoint of the calibrated 5500 and 6000 wire rates), 12 min on, 5 min off:
[15:19:50Z]   |   F1a exactly one decrease per event, to the mapped target: the first is FALLBACK 7000 -> 5000 (or ROUTINE
[15:19:50Z]   |       7000 -> 6000 followed, if 6000 still fails, by FALLBACK 6000 -> 5000 >= 30 reports later);
[15:19:50Z]   |   F1b the blend's climb under the cap: INCREASE 5000 -> 5500, then INCREASE 5500 -> 6000, each >= 93
[15:19:50Z]   |       reports after the previous SSRC change; 6000 exceeds the cap -> FALLBACK 6000 -> 5000 no sooner
[15:19:50Z]   |       than the 60-report reversal hold-down; then the next increase (the third direction change inside
[15:19:50Z]   |       10 min) becomes HOLD (reason oscillation) and the stream stays at 5000 for the rest of the session.
[15:19:50Z]   |       If the calibrated cap lets 6000 through clean, F1b reads "climbed to <rung> and stayed" and the
[15:19:50Z]   |       HOLD row is NOT APPLICABLE (the cap is recorded; not a failure of the controller);
[15:19:50Z]   |   F1c rate_limited never true; no two transitions closer than the hold-down table; never a ramp (no two
[15:19:50Z]   |       transitions < 93 reports apart in the same direction);
[15:19:50Z]   |   F1d after removal: nothing if HOLD; otherwise one rung per >= 93 reports; BACK resets to 7000.
[15:19:50Z]   | F2 -- 2 % random loss on the video port, 10 min on, 5 min off:
[15:19:50Z]   |   F2a at most one decrease over the 10 minutes, and no ramp; loss alone never a decrease (a decrease, if
[15:19:50Z]   |       any, carries fps/queue/gap evidence in its row).
[15:19:50Z]   | F3 -- the cap until the stream is at 5000, then a 15 s full drop of 48100 and 48101, then removed:
[15:19:50Z]   |   F3a no controller transition while recovery is not PLAYING (refused/guard recovery_playing, or no
[15:19:50Z]   |       report at all);
[15:19:50Z]   |   F3b recovery's restart is at the held level (5000; C3-F1), then resumed; ssrc_change source
[15:19:50Z]   |       recovery_restart; 3-report blackout; no level_sync to 7000.
[15:19:50Z]   | K -- the kill switch during the cap:
[15:19:50Z]   |   Ka disable #1 -> already_disabled false, #2 -> true; status mode shadow, configured_mode live, acts false;
[15:19:50Z]   |   Kb after disabling, no acted transition (would_act rows only) and the stream stays at its level;
[15:19:50Z]   |   Kc after BACK the next session reads mode live again.
[15:19:50Z]   | All sessions: any_override false at PLAYING; decoder report stored; lifecycle clean except F3's intended
[15:19:50Z]   | recovery; at the end no privyhub_fault table, the flag unset and absent from the manager and the environ,
[15:19:50Z]   | stream 7000, no game active.
[15:19:50Z]   No fault table may exist before the night:
[15:19:50Z]     VERIFY (before the night): privyhub_fault absent -> OK
[15:19:50Z]   To stop: press Ctrl-C -- the fault is removed automatically.
[15:19:59Z] ========================================================================
[15:19:59Z] SETUP: live mode on, recorders on
[15:19:59Z]   To stop: press Ctrl-C -- the fault is removed automatically.
[15:19:59Z] ========================================================================
[15:20:02Z]   flag set: ['PRIVYHUB_ADAPTIVE_BITRATE_MODE=live']; MainPID 802152 serves 8765 True; adaptive_bitrate mode live level 7000 transitions 0
[15:20:02Z] recorders: T2 sampler (10 s) pid 802171; status poller (5 s)
[15:20:22Z] ========================================================================
[15:20:22Z] F1 -- capacity cap (the controller's main case)
[15:20:22Z]   To stop: press Ctrl-C -- the fault is removed automatically.
[15:20:22Z] ========================================================================
[15:20:41Z]   F1: PLAYING (PLAYING); any_override False; adaptive_bitrate live level 7000
[15:20:41Z]   baseline 120 s at 7000 ...
[15:21:11Z]     F1 baseline: 30/120 s -- level 7000 state REFERENCE transitions 0 window 13/13 recovery PLAYING
[15:21:41Z]     F1 baseline: 60/120 s -- level 7000 state REFERENCE transitions 0 window 28/27 recovery PLAYING
[15:22:11Z]     F1 baseline: 90/120 s -- level 7000 state REFERENCE transitions 0 window 43/41 recovery PLAYING
[15:22:41Z]     F1 baseline: 120/120 s -- level 7000 state REFERENCE transitions 0 window 58/54 recovery PLAYING
[15:22:41Z]   CALIBRATE the cap: a counter-only rule on the video port (no drop).
[15:22:41Z]   APPLY (calibration counter):
[15:22:41Z]     sudo -n nft add table inet privyhub_fault   -> rc 0
[15:22:41Z]     sudo -n nft add chain inet privyhub_fault flt { type filter hook output priority 0; }   -> rc 0
[15:22:41Z]     sudo -n nft add rule inet privyhub_fault flt udp dport 48100 counter   -> rc 0
[15:22:41Z]     VERIFY (calibration counter): table inet privyhub_fault present, rules ['udp dport 48100 counter packets 2 bytes 933'] -> OK
[15:22:41Z]     counter reading 1: 1182 bytes
[15:22:41Z]   waiting 60 s between the two readings ...
[15:23:41Z]     counter reading 2: 63900121 bytes
[15:23:41Z]   7000 wire rate 1065 kB/s (counter); CAP = 0.822 x that = 854 kbytes/second (nft kbytes = 1024 B)
[15:23:41Z]   EXPECT: within ~10-20 s ONE decrease: FALLBACK 7000->5000 (or ROUTINE 7000->6000, then FALLBACK ->5000 >= 60 s later); ~186 s later INCREASE 5000->5500 (fits the cap); ~186 s later INCREASE 5500->6000 (over the cap); a FALLBACK back to 5000 >= 120 s after that; then, instead of a third direction change inside 10 min, HOLD (oscillation) at 5000. rate_limited never true; never two transitions closer than the hold-downs; no ramp.
[15:23:41Z]   APPLY (F1 cap):
[15:23:41Z]     sudo -n nft flush chain inet privyhub_fault flt   -> rc 0
[15:23:41Z]     sudo -n nft add rule inet privyhub_fault flt udp dport 48100 limit rate over 854 kbytes/second burst 64 kbytes counter drop   -> rc 0
[15:23:41Z]     VERIFY (F1 cap): table inet privyhub_fault present, rules ['udp dport 48100 limit rate over 854 kbytes/second burst 64 kbytes counter packets 0 bytes 0 drop'] -> OK
[15:24:11Z]     F1 cap on: 30/720 s -- level 7000 state PRESSURE transitions 0 window 90/71 recovery PLAYING
[15:24:41Z]     F1 cap on: 60/720 s -- level 7000 state PRESSURE transitions 0 window 90/58 recovery PLAYING
[15:25:11Z]     F1 cap on: 90/720 s -- level 7000 state PRESSURE transitions 0 window 90/45 recovery PLAYING
[15:25:41Z]     F1 cap on: 120/720 s -- level 7000 state PRESSURE transitions 0 window 90/34 recovery PAUSED_RECOVERING
[15:26:11Z]     F1 cap on: 150/720 s -- level 7000 state PRESSURE transitions 0 window 6/0 recovery PLAYING
[15:26:41Z]     F1 cap on: 180/720 s -- level 7000 state PRESSURE transitions 0 window 21/1 recovery PLAYING
[15:27:11Z]     F1 cap on: 210/720 s -- level 7000 state PRESSURE transitions 0 window 36/1 recovery PLAYING
[15:27:41Z]     F1 cap on: 240/720 s -- level 7000 state PRESSURE transitions 0 window 50/3 recovery PAUSED_RECOVERING
[15:28:11Z]     F1 cap on: 270/720 s -- level 7000 state PRESSURE transitions 0 window 8/0 recovery PLAYING
[15:28:41Z]     F1 cap on: 300/720 s -- level 7000 state PRESSURE transitions 0 window 23/0 recovery PLAYING
[15:29:11Z]     F1 cap on: 330/720 s -- level 7000 state PRESSURE transitions 0 window 38/0 recovery PLAYING
[15:29:41Z]     F1 cap on: 360/720 s -- level 7000 state PRESSURE transitions 0 window 53/1 recovery PLAYING
[15:30:11Z]     F1 cap on: 390/720 s -- level 7000 state PRESSURE transitions 0 window 68/1 recovery PLAYING
[15:30:41Z]     F1 cap on: 420/720 s -- level 7000 state PRESSURE transitions 0 window 83/3 recovery PAUSED_RECOVERING
[15:31:11Z]     F1 cap on: 450/720 s -- level 7000 state PRESSURE transitions 0 window 7/0 recovery PLAYING
[15:31:41Z]     F1 cap on: 480/720 s -- level 7000 state PRESSURE transitions 0 window 22/0 recovery PLAYING
[15:32:11Z]     F1 cap on: 510/720 s -- level 7000 state REFERENCE transitions 0 window 37/2 recovery PLAYING
[15:32:41Z]     F1 cap on: 540/720 s -- level 7000 state PRESSURE transitions 0 window 52/3 recovery PAUSED_RECOVERING
[15:33:11Z]     F1 cap on: 570/720 s -- level 7000 state PRESSURE transitions 0 window 5/1 recovery PLAYING
[15:33:41Z]     F1 cap on: 600/720 s -- level 7000 state PRESSURE transitions 0 window 20/1 recovery PLAYING
[15:34:11Z]     F1 cap on: 630/720 s -- level 7000 state PRESSURE transitions 0 window 35/1 recovery PLAYING
[15:34:41Z]     F1 cap on: 660/720 s -- level 7000 state PRESSURE transitions 0 window 50/2 recovery PAUSED_RECOVERING
[15:35:11Z]     F1 cap on: 690/720 s -- level 7000 state PRESSURE transitions 0 window 2/0 recovery PLAYING
[15:35:41Z]     F1 cap on: 720/720 s -- level 7000 state PRESSURE transitions 0 window 17/0 recovery PLAYING
[15:35:41Z]   DID (F1 cap on): no transition; refused {'guard': 3}; rate_limited ever False; now level 7000 state PRESSURE mode live recovery PLAYING; recovery log ['desync_pause', 'encoder_restart', 'resumed', 'desync_pause', 'encoder_restart', 'resumed', 'desync_pause', 'resumed', 'desync_pause', 'encoder_restart', 'resumed', 'desync_pause', 'encoder_restart', 'resumed', 'desync_pause', 'encoder_restart', 'resumed', 'desync_pause', 'encoder_restart', 'resumed', 'desync_pause', 'encoder_restart', 'resumed', 'desync_pause', 'encoder_restart', 'resumed', 'desync_pause', 'encoder_restart', 'resumed']
[15:35:41Z]   EXPECT: after the cap is removed: at 5000 for the rest of the session if HOLD was reached; otherwise one rung per ~186 s back towards 7000.
[15:35:41Z]   REMOVE (F1 cap):
[15:35:41Z]     sudo -n nft delete table inet privyhub_fault   -> rc 0
[15:35:41Z]     VERIFY (F1 cap): privyhub_fault absent -> OK
[15:36:11Z]     F1 cap off: 30/300 s -- level 7000 state REFERENCE transitions 0 window 32/14 recovery PLAYING
[15:36:41Z]     F1 cap off: 60/300 s -- level 7000 state REFERENCE transitions 0 window 47/27 recovery PLAYING
[15:37:11Z]     F1 cap off: 90/300 s -- level 7000 state REFERENCE transitions 0 window 62/42 recovery PLAYING
[15:37:41Z]     F1 cap off: 120/300 s -- level 7000 state REFERENCE transitions 0 window 77/56 recovery PLAYING
[15:38:11Z]     F1 cap off: 150/300 s -- level 7000 state REFERENCE transitions 0 window 90/69 recovery PLAYING
[15:38:41Z]     F1 cap off: 180/300 s -- level 7000 state REFERENCE transitions 0 window 90/83 recovery PLAYING
[15:39:11Z]     F1 cap off: 210/300 s -- level 7000 state REFERENCE transitions 0 window 90/82 recovery PLAYING
[15:39:41Z]     F1 cap off: 240/300 s -- level 7000 state REFERENCE transitions 0 window 90/83 recovery PLAYING
[15:40:11Z]     F1 cap off: 270/300 s -- level 7000 state REFERENCE transitions 0 window 90/83 recovery PLAYING
[15:40:41Z]     F1 cap off: 300/300 s -- level 7000 state REFERENCE transitions 0 window 90/83 recovery PLAYING
[15:40:41Z]   DID (F1 cap off): no transition; rate_limited ever False; now level 7000 state REFERENCE mode live recovery PLAYING
[15:40:41Z]   EXPECT: BACK -> session_ended_reset: the controller back at 7000, transitions 0.
[15:40:46Z]   F1: BACK; decoder report stored; controller after BACK: mode live level 7000 transitions 0
[15:41:06Z] ========================================================================
[15:41:06Z] F2 -- 2 % random loss (the controller must not chase it)
[15:41:06Z]   To stop: press Ctrl-C -- the fault is removed automatically.
[15:41:06Z] ========================================================================
[15:41:25Z]   F2: PLAYING (PLAYING); any_override False; adaptive_bitrate live level 7000
[15:41:55Z]     F2 baseline: 30/120 s -- level 7000 state REFERENCE transitions 0 window 13/10 recovery PLAYING
[15:42:25Z]     F2 baseline: 60/120 s -- level 7000 state REFERENCE transitions 0 window 28/24 recovery PLAYING
[15:42:55Z]     F2 baseline: 90/120 s -- level 7000 state REFERENCE transitions 0 window 43/38 recovery PLAYING
[15:43:25Z]     F2 baseline: 120/120 s -- level 7000 state REFERENCE transitions 0 window 58/51 recovery PLAYING
[15:43:25Z]   EXPECT: FEC recovers part of it; loss alone is never evidence. Either no transition, or AT MOST ONE decrease (ROUTINE ->6000 or FALLBACK ->5000) and then only at_or_below_target / at_floor / hold_down refusals. No second decrease, never a ramp.
[15:43:25Z]   APPLY (F2 2% loss):
[15:43:25Z]     sudo -n nft add table inet privyhub_fault   -> rc 0
[15:43:25Z]     sudo -n nft add chain inet privyhub_fault flt { type filter hook output priority 0; }   -> rc 0
[15:43:25Z]     sudo -n nft add rule inet privyhub_fault flt udp dport 48100 numgen random mod 1000 < 20 counter drop   -> rc 0
[15:43:25Z]     VERIFY (F2 2% loss): table inet privyhub_fault present, rules ['udp dport 48100 numgen random mod 1000 < 20 counter packets 0 bytes 0 drop'] -> OK
[15:43:55Z]     F2 loss on: 30/600 s -- level 7000 state REFERENCE transitions 0 window 73/65 recovery PLAYING
[15:44:25Z]     F2 loss on: 60/600 s -- level 7000 state REFERENCE transitions 0 window 88/78 recovery PLAYING
[15:44:55Z]     F2 loss on: 90/600 s -- level 7000 state REFERENCE transitions 0 window 90/83 recovery PLAYING
[15:45:25Z]     F2 loss on: 120/600 s -- level 7000 state PRESSURE transitions 0 window 90/80 recovery PLAYING
[15:45:55Z]     F2 loss on: 150/600 s -- level 7000 state REFERENCE transitions 0 window 90/79 recovery PLAYING
[15:46:25Z]     F2 loss on: 180/600 s -- level 7000 state REFERENCE transitions 0 window 90/77 recovery PLAYING
[15:46:55Z]     F2 loss on: 210/600 s -- level 7000 state REFERENCE transitions 0 window 90/74 recovery PLAYING
[15:47:25Z]     F2 loss on: 240/600 s -- level 7000 state PRESSURE transitions 0 window 90/72 recovery PLAYING
[15:47:55Z]     F2 loss on: 270/600 s -- level 7000 state PRESSURE transitions 0 window 90/67 recovery PLAYING
[15:48:25Z]     F2 loss on: 300/600 s -- level 7000 state REFERENCE transitions 0 window 90/67 recovery PLAYING
[15:48:55Z]     F2 loss on: 330/600 s -- level 7000 state PRESSURE transitions 0 window 90/65 recovery PLAYING
[15:49:25Z]     F2 loss on: 360/600 s -- level 7000 state REFERENCE transitions 0 window 90/66 recovery PLAYING
[15:49:55Z]     F2 loss on: 390/600 s -- level 7000 state REFERENCE transitions 0 window 90/68 recovery PLAYING
[15:50:25Z]     F2 loss on: 420/600 s -- level 7000 state REFERENCE transitions 0 window 90/68 recovery PLAYING
[15:50:55Z]     F2 loss on: 450/600 s -- level 7000 state REFERENCE transitions 0 window 90/71 recovery PLAYING
[15:51:25Z]     F2 loss on: 480/600 s -- level 7000 state REFERENCE transitions 0 window 90/71 recovery PLAYING
[15:51:55Z]     F2 loss on: 510/600 s -- level 7000 state REFERENCE transitions 0 window 90/74 recovery PLAYING
[15:52:25Z]     F2 loss on: 540/600 s -- level 7000 state REFERENCE transitions 0 window 90/72 recovery PLAYING
[15:52:55Z]     F2 loss on: 570/600 s -- level 7000 state PRESSURE transitions 0 window 90/69 recovery PLAYING
[15:53:25Z]     F2 loss on: 600/600 s -- level 7000 state PRESSURE transitions 0 window 90/69 recovery PLAYING
[15:53:25Z]   DID (F2 loss on): no transition; rate_limited ever False; now level 7000 state PRESSURE mode live recovery PLAYING
[15:53:25Z]   EXPECT: after removal: a stream that stepped down climbs one rung per ~186 s; otherwise nothing.
[15:53:25Z]   REMOVE (F2 2% loss):
[15:53:25Z]     sudo -n nft delete table inet privyhub_fault   -> rc 0
[15:53:25Z]     VERIFY (F2 2% loss): privyhub_fault absent -> OK
[15:53:55Z]     F2 loss off: 30/300 s -- level 7000 state REFERENCE transitions 0 window 90/71 recovery PLAYING
[15:54:25Z]     F2 loss off: 60/300 s -- level 7000 state REFERENCE transitions 0 window 90/75 recovery PLAYING
[15:54:55Z]     F2 loss off: 90/300 s -- level 7000 state REFERENCE transitions 0 window 90/76 recovery PLAYING
[15:55:25Z]     F2 loss off: 120/300 s -- level 7000 state REFERENCE transitions 0 window 90/79 recovery PLAYING
[15:55:55Z]     F2 loss off: 150/300 s -- level 7000 state REFERENCE transitions 0 window 90/84 recovery PLAYING
[15:56:25Z]     F2 loss off: 180/300 s -- level 7000 state REFERENCE transitions 0 window 90/86 recovery PLAYING
[15:56:55Z]     F2 loss off: 210/300 s -- level 7000 state REFERENCE transitions 0 window 90/86 recovery PLAYING
[15:57:25Z]     F2 loss off: 240/300 s -- level 7000 state REFERENCE transitions 0 window 90/85 recovery PLAYING
[15:57:55Z]     F2 loss off: 270/300 s -- level 7000 state REFERENCE transitions 0 window 90/85 recovery PLAYING
[15:58:25Z]     F2 loss off: 300/300 s -- level 7000 state REFERENCE transitions 0 window 90/85 recovery PLAYING
[15:58:25Z]   DID (F2 loss off): no transition; rate_limited ever False; now level 7000 state REFERENCE mode live recovery PLAYING
[15:58:30Z]   F2: BACK; decoder report stored; controller after BACK: mode live level 7000 transitions 0
[15:58:50Z] ========================================================================
[15:58:50Z] F3 -- a link drop while off the reference (recovery and the controller)
[15:58:50Z]   To stop: press Ctrl-C -- the fault is removed automatically.
[15:58:50Z] ========================================================================
[15:59:09Z]   F3: PLAYING (PLAYING); any_override False; adaptive_bitrate live level 7000
[15:59:39Z]     F3 baseline: 30/120 s -- level 7000 state REFERENCE transitions 0 window 13/13 recovery PLAYING
[16:00:09Z]     F3 baseline: 60/120 s -- level 7000 state REFERENCE transitions 0 window 28/27 recovery PLAYING
[16:00:39Z]     F3 baseline: 90/120 s -- level 7000 state REFERENCE transitions 0 window 43/42 recovery PLAYING
[16:01:09Z]     F3 baseline: 120/120 s -- level 7000 state REFERENCE transitions 0 window 58/56 recovery PLAYING
[16:01:09Z]   EXPECT: the cap brings the stream to 5000 (one decrease).
[16:01:09Z]   APPLY (F3 cap):
[16:01:09Z]     sudo -n nft add table inet privyhub_fault   -> rc 0
[16:01:09Z]     sudo -n nft add chain inet privyhub_fault flt { type filter hook output priority 0; }   -> rc 0
[16:01:09Z]     sudo -n nft add rule inet privyhub_fault flt udp dport 48100 limit rate over 854 kbytes/second burst 64 kbytes counter drop   -> rc 0
[16:01:09Z]     VERIFY (F3 cap): table inet privyhub_fault present, rules ['udp dport 48100 limit rate over 854 kbytes/second burst 64 kbytes counter packets 0 bytes 0 drop'] -> OK
[16:05:09Z]   at 5000: False
[16:05:09Z]   DID (F3 cap): no transition; refused {'guard': 2}; rate_limited ever False; now level 7000 state PRESSURE mode live recovery PAUSED_RECOVERING; recovery log ['desync_pause', 'encoder_restart', 'resumed', 'desync_pause', 'encoder_restart', 'resumed', 'desync_pause', 'encoder_restart', 'resumed', 'desync_pause', 'encoder_restart']
[16:05:09Z]   EXPECT: recovery owns the drop: desync_pause, encoder_restart AT 5000 (C3-F1, level-preserving), resumed. The controller does NOTHING while recovery is not PLAYING (a refused/guard recovery_playing row, or no rows because reports stop); then ssrc_change (recovery_restart) and a 3-report blackout; the level still 5000 (no level_sync).
[16:05:09Z]   the DROP: the harness applies it, counts 15 s, and removes it.
[16:05:09Z]   APPLY (F3 full drop):
[16:05:09Z]     sudo -n nft flush chain inet privyhub_fault flt   -> rc 0
[16:05:09Z]     sudo -n nft add rule inet privyhub_fault flt udp dport { 48100, 48101 } counter drop   -> rc 0
[16:05:09Z]     VERIFY (F3 full drop): table inet privyhub_fault present, rules ['udp dport { 48100, 48101 } counter packets 20 bytes 21667 drop'] -> OK
[16:05:24Z]   REMOVE (F3 full drop):
[16:05:24Z]     sudo -n nft delete table inet privyhub_fault   -> rc 0
[16:05:24Z]     VERIFY (F3 full drop): privyhub_fault absent -> OK
[16:05:24Z]   the drop was on for 15.1 s (from its apply to its delete)
[16:05:24Z]   observing 180 s (recovery should resume) ...
[16:05:54Z]     F3 after the drop: 30/180 s -- level 7000 state REFERENCE transitions 0 window 18/12 recovery PLAYING
[16:06:24Z]     F3 after the drop: 60/180 s -- level 7000 state REFERENCE transitions 0 window 33/26 recovery PLAYING
[16:06:54Z]     F3 after the drop: 90/180 s -- level 7000 state REFERENCE transitions 0 window 48/41 recovery PLAYING
[16:07:24Z]     F3 after the drop: 120/180 s -- level 7000 state REFERENCE transitions 0 window 63/54 recovery PLAYING
[16:07:54Z]     F3 after the drop: 150/180 s -- level 7000 state REFERENCE transitions 0 window 78/69 recovery PLAYING
[16:08:24Z]     F3 after the drop: 180/180 s -- level 7000 state REFERENCE transitions 0 window 90/83 recovery PLAYING
[16:08:24Z]   DID (F3 drop and recovery): no transition; rate_limited ever False; now level 7000 state REFERENCE mode live recovery PLAYING; recovery log ['encoder_restart', 'resumed']
[16:08:28Z]   F3: BACK; decoder report stored; controller after BACK: mode live level 7000 transitions 0
[16:08:49Z] ========================================================================
[16:08:49Z] K -- the kill switch during a fault
[16:08:49Z]   To stop: press Ctrl-C -- the fault is removed automatically.
[16:08:49Z] ========================================================================
[16:09:08Z]   K: PLAYING (PLAYING); any_override False; adaptive_bitrate live level 7000
[16:09:38Z]     K baseline: 30/120 s -- level 7000 state REFERENCE transitions 0 window 13/12 recovery PLAYING
[16:10:08Z]     K baseline: 60/120 s -- level 7000 state REFERENCE transitions 0 window 28/27 recovery PLAYING
[16:10:38Z]     K baseline: 90/120 s -- level 7000 state REFERENCE transitions 0 window 43/41 recovery PLAYING
[16:11:08Z]     K baseline: 120/120 s -- level 7000 state PRESSURE transitions 0 window 58/54 recovery PLAYING
[16:11:08Z]   APPLY (K cap):
[16:11:08Z]     sudo -n nft add table inet privyhub_fault   -> rc 0
[16:11:08Z]     sudo -n nft add chain inet privyhub_fault flt { type filter hook output priority 0; }   -> rc 0
[16:11:08Z]     sudo -n nft add rule inet privyhub_fault flt udp dport 48100 limit rate over 854 kbytes/second burst 64 kbytes counter drop   -> rc 0
[16:11:08Z]     VERIFY (K cap): table inet privyhub_fault present, rules ['udp dport 48100 limit rate over 854 kbytes/second burst 64 kbytes counter packets 0 bytes 0 drop'] -> OK
[16:13:08Z]   EXPECT: disable #1 -> already_disabled false; disable #2 -> already_disabled true; status mode shadow, configured_mode live, acts false; further decisions logged as would_act (acted false); the stream stays where it is.
[16:13:08Z]   disable #1 HTTP 200 already_disabled False; #2 HTTP 200 already_disabled True; status mode shadow configured live acts False level 7000
[16:13:38Z]     K cap on, disabled: 30/120 s -- level 7000 state PRESSURE transitions 0 window 40/1 recovery PLAYING
[16:14:08Z]     K cap on, disabled: 60/120 s -- level 7000 state PRESSURE transitions 0 window 55/3 recovery PLAYING
[16:14:38Z]     K cap on, disabled: 90/120 s -- level 7000 state PRESSURE transitions 0 window 3/0 recovery PLAYING
[16:15:08Z]     K cap on, disabled: 120/120 s -- level 7000 state PRESSURE transitions 0 window 18/1 recovery PLAYING
[16:15:08Z]   DID (K cap, then disabled): no transition; rate_limited ever False; now level 7000 state PRESSURE mode shadow recovery PLAYING; recovery log ['desync_pause', 'encoder_restart', 'resumed', 'desync_pause', 'encoder_restart', 'resumed', 'desync_pause', 'encoder_restart', 'resumed']
[16:15:08Z]   REMOVE (K cap):
[16:15:09Z]     sudo -n nft delete table inet privyhub_fault   -> rc 0
[16:15:09Z]     VERIFY (K cap): privyhub_fault absent -> OK
[16:15:39Z]     K cap off: 30/60 s -- level 7000 state REFERENCE transitions 0 window 33/14 recovery PLAYING
[16:16:09Z]     K cap off: 60/60 s -- level 7000 state PRESSURE transitions 0 window 48/28 recovery PLAYING
[16:16:09Z]   EXPECT: BACK -> the next session is live again (the disable is for the session only).
[16:16:13Z]   K: BACK; decoder report stored; controller after BACK: mode live level 7000 transitions 0
[16:16:33Z]   after K: adaptive_bitrate mode live (live expected)
[16:16:33Z]   CLEAR THE FAULT (normal end): sudo -n nft delete table inet privyhub_fault, then list tables
[16:16:33Z]     delete table -> rc 1 (Error: Could not process rule: No such file or directory)
[16:16:33Z]     VERIFY (at the end): privyhub_fault absent -> OK
[16:16:33Z] ========================================================================
[16:16:33Z] TEARDOWN
[16:16:33Z]   To stop: press Ctrl-C -- the fault is removed automatically.
[16:16:33Z] ========================================================================
[16:16:45Z]   flag unset: PRIVYHUB_* manager 0, companion environ 0; MainPID serves 8765 True; adaptive_bitrate mode off; stream 7000; game active False -> CLEAN
[16:16:55Z]   launcher NOW PLAYING banners: 0
[16:16:56Z]   files: 23/23 present
[16:16:56Z]   rows: {'events.jsonl': 53, 'abr_series.jsonl': 676, 't2_samples.jsonl': 340, 'decision_log.jsonl': 1911, 'heartbeat.jsonl': 1602, 'frames.jsonl': 3236, 'recovery_log.jsonl': 60}; sample rows in the decision log 1602
[16:16:56Z] RUN DIRECTORY: /home/privyhub/Projects/onn-stream-test/logs/streaming/c3_l4_nft_night_20260929_151942Z
