To honour the JVM settings for this build a single-use Daemon process will be forked. For more on this, please refer to https://docs.gradle.org/9.5.0/userguide/gradle_daemon.html#sec:disabling_the_daemon in the Gradle documentation.
Daemon will be stopped at the end of the build 
Calculating task graph as no cached configuration is available for tasks: clean :app:assembleDebug
> Task :app:preBuild UP-TO-DATE
> Task :app:generateDebugAssets UP-TO-DATE
> Task :app:preDebugBuild UP-TO-DATE
> Task :app:clean
> Task :app:mergeDebugNativeDebugMetadata NO-SOURCE
> Task :app:createDebugCompatibleScreenManifests
> Task :app:generateDebugResources
> Task :app:mapDebugSourceSetPaths
> Task :app:desugarDebugFileDependencies
> Task :app:extractDeepLinksDebug
> Task :app:javaPreCompileDebug
> Task :app:writeDebugAppMetadata
> Task :app:validateSigningDebug
> Task :app:writeDebugSigningConfigVersions
> Task :app:packageDebugResources
> Task :app:processDebugNavigationResources
> Task :app:mergeDebugAssets
> Task :app:mergeDebugJniLibFolders
> Task :app:compressDebugAssets
> Task :app:checkDebugAarMetadata
> Task :app:checkDebugDuplicateClasses
> Task :app:compileDebugNavigationResources
> Task :app:mergeDebugNativeLibs NO-SOURCE
> Task :app:stripDebugDebugSymbols NO-SOURCE
> Task :app:mergeLibDexDebug
> Task :app:parseDebugLocalResources
> Task :app:generateDebugRFile
> Task :app:processDebugMainManifest
> Task :app:processDebugManifest
> Task :app:processDebugManifestForPackage
> Task :app:generateDebugGlobalSynthetics
> Task :app:mergeDebugResources
> Task :app:processDebugResources
> Task :app:mergeExtDexDebug

> Task :app:compileDebugKotlin
w: file:///home/privyhub/Projects/onn-stream-test/PrivyHub/app/src/main/java/streaming/NativeStreamActivity.kt:3540:19 'fun onBackPressed(): Unit' is deprecated. Deprecated in Java.

> Task :app:compileDebugJavaWithJavac NO-SOURCE
> Task :app:processDebugJavaRes
> Task :app:mergeDebugJavaResource
> Task :app:dexBuilderDebug
> Task :app:mergeProjectDexDebug
> Task :app:packageDebug
> Task :app:assembleDebug
> Task :app:createDebugApkListingFileRedirect

BUILD SUCCESSFUL in 35s
35 actionable tasks: 35 executed
Configuration cache entry stored.

real	0m36.153s
user	0m1.333s
sys	0m0.195s
