[night 14:05:09Z] sampler started (10 s)
[night 14:05:10Z] device APK hash at start: de072762e55122c3060086f6f10b1bff54633d9165d0c475f17699127841835e
[night 14:05:10Z] holds: A3::200 N1::1200
[night 14:05:10Z] last session_ended 2026-09-30T13:35:32.845Z; the first hold not before 14:16:32Z
[night 14:16:50Z] A3 begins (profile adopted, 200 s)
[A3 14:16:50Z] mode=H hold/timeout=200s probe_args=none heartbeat_ms=default
[A3 14:16:50Z] ARM_PROFILE adopted; PRIVYHUB_* in the user manager: ''
[A3 14:16:54Z] companion MainPID 1234546 serving 8765; PRIVYHUB_* in its environ: ''
[A3] before launch: ARM_PROFILE adopted profile ('native_game_720p60_reference', 1280, 720, 7000, 90000) bitrate_kbps 7000 selection default None any_override False fec xor8_1 cushion 12 17 profile redundancy 2 4 profile adaptive off -> AS EXPECTED FOR THE ARM
[A3] at PLAYING: ARM_PROFILE adopted profile ('native_game_720p60_reference', 1280, 720, 7000, 90000) bitrate_kbps 7000 selection default None any_override False fec xor8_1 cushion 12 17 profile redundancy 2 4 profile adaptive off -> AS EXPECTED FOR THE ARM
[A3 14:17:34Z] SurfaceFlinger stream-surface lines: 11
[A3 14:17:34Z] PLAYING at 2026-09-30T14:17:34Z; holding 200s, zero input
[A3 14:20:59Z] adb client processes seen during hold: 6 (# polls 387)
[A3 14:21:02Z] report: native_decoder_20260930_142101_338.json
[frames] 201 seconds in the session window
[heartbeat] 100 lines
[A3 14:21:24Z] game active after stop: False
[A3 14:21:24Z] done
[night 14:21:24Z] A3 harness exit 0
[night 14:21:25Z] N1 begins (profile adopted, 1200 s)
[N1 14:21:25Z] mode=H hold/timeout=1200s probe_args=none heartbeat_ms=default
[N1 14:21:25Z] ARM_PROFILE adopted; PRIVYHUB_* in the user manager: ''
[N1 14:21:29Z] companion MainPID 1237154 serving 8765; PRIVYHUB_* in its environ: ''
[N1] before launch: ARM_PROFILE adopted profile ('native_game_720p60_reference', 1280, 720, 7000, 90000) bitrate_kbps 7000 selection default None any_override False fec xor8_1 cushion 12 17 profile redundancy 2 4 profile adaptive off -> AS EXPECTED FOR THE ARM
[N1] at PLAYING: ARM_PROFILE adopted profile ('native_game_720p60_reference', 1280, 720, 7000, 90000) bitrate_kbps 7000 selection default None any_override False fec xor8_1 cushion 12 17 profile redundancy 2 4 profile adaptive off -> AS EXPECTED FOR THE ARM
[N1 14:22:08Z] SurfaceFlinger stream-surface lines: 11
[N1 14:22:08Z] PLAYING at 2026-09-30T14:22:08Z; holding 1200s, zero input
[N1 14:42:13Z] adb client processes seen during hold: 39 (# polls 2317)
[N1 14:42:15Z] report: native_decoder_20260930_144214_839.json
[frames] 1201 seconds in the session window
[heartbeat] 598 lines
[N1 14:42:37Z] game active after stop: False
[N1 14:42:37Z] done
[night 14:42:37Z] N1 harness exit 0
[night 14:43:11Z] selector unset: manager PRIVYHUB_* 0; MainPID 1249553; 8765 1249553; PRIVYHUB_* in its environ 0
[night] profile native_game_720p60_reference 1280 720 default | fec xor8_1 | bitrate 7000 cap 90000 profile cushion 12 17 profile redundancy 2 4 profile any_override False active False adaptive off
[night 14:43:12Z] APK UNDER TEST CONFIRMED (device hash de072762e55122c3060086f6f10b1bff54633d9165d0c475f17699127841835e)
[night 14:43:21Z] teardown: game active False; NOW PLAYING on the launcher: 1
[night 14:43:32Z] stale banner: force-stop + relaunch; NOW PLAYING now: 0
[night 14:43:32Z] night done
