[night 14:44:08Z] sampler started (10 s)
[night 14:44:08Z] device APK hash at start: f31b1c180c5d0849230860d2f5b7ab1b4a8637f7be56a7dcf1f71aba77668ae7
[night 14:44:08Z] holds: O1::1200
[night 14:44:08Z] last session_ended 2026-09-30T14:42:14.872Z; the first hold not before 14:42:14Z
[night 14:44:08Z] O1 begins (profile adopted, 1200 s)
[O1 14:44:08Z] mode=H hold/timeout=1200s probe_args=none heartbeat_ms=default
[O1 14:44:08Z] ARM_PROFILE adopted; PRIVYHUB_* in the user manager: ''
[O1 14:44:13Z] companion MainPID 1249777 serving 8765; PRIVYHUB_* in its environ: ''
[O1] before launch: ARM_PROFILE adopted profile ('native_game_720p60_reference', 1280, 720, 7000, 90000) bitrate_kbps 7000 selection default None any_override False fec xor8_1 cushion 12 17 profile redundancy 2 4 profile adaptive off -> AS EXPECTED FOR THE ARM
[O1] at PLAYING: ARM_PROFILE adopted profile ('native_game_720p60_reference', 1280, 720, 7000, 90000) bitrate_kbps 7000 selection default None any_override False fec xor8_1 cushion 12 17 profile redundancy 2 4 profile adaptive off -> AS EXPECTED FOR THE ARM
[O1 14:44:54Z] SurfaceFlinger stream-surface lines: 11
[O1 14:44:54Z] PLAYING at 2026-09-30T14:44:54Z; holding 1200s, zero input
[O1 15:04:59Z] adb client processes seen during hold: 36 (# polls 2318)
[O1 15:05:01Z] report: native_decoder_20260930_150501_079.json
[frames] 1201 seconds in the session window
[heartbeat] 598 lines
[O1 15:05:24Z] game active after stop: False
[O1 15:05:24Z] done
[night 15:05:24Z] O1 harness exit 0
[night 15:05:58Z] selector unset: manager PRIVYHUB_* 0; MainPID 1262241; 8765 1262241; PRIVYHUB_* in its environ 0
[night] profile native_game_720p60_reference 1280 720 default | fec xor8_1 | bitrate 7000 cap 90000 profile cushion 12 17 profile redundancy 2 4 profile any_override False active False adaptive off
[night 15:05:58Z] APK UNDER TEST CONFIRMED (device hash f31b1c180c5d0849230860d2f5b7ab1b4a8637f7be56a7dcf1f71aba77668ae7)
[night 15:06:08Z] teardown: game active False; NOW PLAYING on the launcher: 1
[night 15:06:19Z] stale banner: force-stop + relaunch; NOW PLAYING now: 0
[night 15:06:19Z] night done
