[look 2026-10-03T17:15:41Z] b_smoke2x begins: flags 'PRIVYHUB_PS1_LOOK=measure-smoke-2x', 60s
[look 2026-10-03T17:18:38Z] b_smoke2x exit 0; ADOPTED PS1 FILES BYTE-IDENTICAL ; FLAGS UNSET AND ABSENT
[look 2026-10-03T17:18:38Z] b_smoke2x: 1 look line(s); Initializing HW render (2048x2048); end record: preset measure-smoke-2x removed True rewritten {}
[look 2026-10-03T17:18:38Z] smoke done
[look 2026-10-03T17:18:52Z] b_base4x begins: flags '', 300s
[look 2026-10-03T17:25:28Z] b_base4x exit 0; ADOPTED PS1 FILES BYTE-IDENTICAL ; FLAGS UNSET AND ABSENT
[look 2026-10-03T17:25:28Z] b_base4x: 0 look line(s); Initializing HW render (4096x4096); end record: preset measure-smoke-2x removed True rewritten {}
[look 2026-10-03T17:25:28Z] b_dither_off begins: flags 'PRIVYHUB_PS1_LOOK=measure-dither-off', 300s
[look 2026-10-03T17:32:24Z] b_dither_off exit 0; ADOPTED PS1 FILES BYTE-IDENTICAL ; FLAGS UNSET AND ABSENT
[look 2026-10-03T17:32:24Z] b_dither_off: 1 look line(s); Initializing HW render (4096x4096); end record: preset measure-dither-off removed True rewritten {}
[look 2026-10-03T17:32:24Z] b_filter_xbr begins: flags 'PRIVYHUB_PS1_LOOK=measure-filter-xbr', 300s
[look 2026-10-03T17:39:17Z] b_filter_xbr exit 0; ADOPTED PS1 FILES BYTE-IDENTICAL ; FLAGS UNSET AND ABSENT
[look 2026-10-03T17:39:17Z] b_filter_xbr: 1 look line(s); Initializing HW render (4096x4096); end record: preset measure-filter-xbr removed True rewritten {}
[look 2026-10-03T17:39:17Z] b_filter_sabr begins: flags 'PRIVYHUB_PS1_LOOK=measure-filter-sabr', 300s
[look 2026-10-03T17:46:12Z] b_filter_sabr exit 0; ADOPTED PS1 FILES BYTE-IDENTICAL ; FLAGS UNSET AND ABSENT
[look 2026-10-03T17:46:12Z] b_filter_sabr: 1 look line(s); Initializing HW render (4096x4096); end record: preset measure-filter-sabr removed True rewritten {}
[look 2026-10-03T17:46:12Z] b_filter_bilinear begins: flags 'PRIVYHUB_PS1_LOOK=measure-filter-bilinear', 300s
[look 2026-10-03T17:53:04Z] b_filter_bilinear exit 0; ADOPTED PS1 FILES BYTE-IDENTICAL ; FLAGS UNSET AND ABSENT
[look 2026-10-03T17:53:04Z] b_filter_bilinear: 1 look line(s); Initializing HW render (4096x4096); end record: preset measure-filter-bilinear removed True rewritten {}
[look 2026-10-03T17:53:04Z] b_filter_3point begins: flags 'PRIVYHUB_PS1_LOOK=measure-filter-3point', 300s
[look 2026-10-03T17:59:59Z] b_filter_3point exit 0; ADOPTED PS1 FILES BYTE-IDENTICAL ; FLAGS UNSET AND ABSENT
[look 2026-10-03T17:59:59Z] b_filter_3point: 1 look line(s); Initializing HW render (4096x4096); end record: preset measure-filter-3point removed True rewritten {}
[look 2026-10-03T17:59:59Z] b_filter_jinc2 begins: flags 'PRIVYHUB_PS1_LOOK=measure-filter-jinc2', 300s
[look 2026-10-03T18:06:52Z] b_filter_jinc2 exit 0; ADOPTED PS1 FILES BYTE-IDENTICAL ; FLAGS UNSET AND ABSENT
[look 2026-10-03T18:06:52Z] b_filter_jinc2: 1 look line(s); Initializing HW render (4096x4096); end record: preset measure-filter-jinc2 removed True rewritten {}
[look 2026-10-03T18:06:52Z] b_pgxp begins: flags 'PRIVYHUB_PS1_LOOK=measure-pgxp', 300s
[look 2026-10-03T18:13:44Z] b_pgxp exit 0; ADOPTED PS1 FILES BYTE-IDENTICAL ; FLAGS UNSET AND ABSENT
[look 2026-10-03T18:13:44Z] b_pgxp: 1 look line(s); Initializing HW render (4096x4096); end record: preset measure-pgxp removed True rewritten {}
[look 2026-10-03T18:13:44Z] table done
[look 2026-10-03T18:13:53Z] b_full begins: flags 'PRIVYHUB_PS1_LOOK=measure-full', 300s
[look 2026-10-03T18:20:47Z] b_full exit 0; ADOPTED PS1 FILES BYTE-IDENTICAL ; FLAGS UNSET AND ABSENT
[look 2026-10-03T18:20:47Z] b_full: 1 look line(s); Initializing HW render (4096x4096); end record: preset measure-full removed True rewritten {}
[look 2026-10-03T18:20:47Z] full done
[look 2026-10-03T18:20:47Z] c_full_rung begins: flags 'PRIVYHUB_PS1_LOOK=measure-full PRIVYHUB_ADAPTIVE_BITRATE_TOP=1080p PRIVYHUB_ADAPTIVE_BITRATE_INJECT=1', 0s
[look 2026-10-03T18:29:12Z] c_full_rung exit 0; ADOPTED PS1 FILES BYTE-IDENTICAL ; FLAGS UNSET AND ABSENT
[look 2026-10-03T18:29:13Z] c_full_rung: 1 look line(s); Initializing HW render (4096x4096); end record: preset measure-full removed True rewritten {}
[look 2026-10-03T18:29:13Z] rung done
