[night 22:22:02Z] sampler started (10 s)
[night 22:22:02Z] device APK hash at start: f31b1c180c5d0849230860d2f5b7ab1b4a8637f7be56a7dcf1f71aba77668ae7
[night 22:22:02Z] holds: B1: C1:native_game_1080p60_c1_parity_cap90 B2: C2:native_game_1080p60_c2_80pct_cap160 B3: C3:native_game_1080p60_c3_80pct_cap90 B4:
[night 22:22:02Z] last session_ended 2026-09-29T22:19:19.087Z; the first hold not before 23:00:19Z
[night 23:00:23Z] B1 begins (profile adopted, 1200 s)
[B1 23:00:23Z] mode=H hold/timeout=1200s probe_args=none heartbeat_ms=default
[B1 23:00:23Z] ARM_PROFILE adopted; PRIVYHUB_* in the user manager: ''
[B1 23:00:27Z] companion MainPID 957229 serving 8765; PRIVYHUB_* in its environ: ''
[B1] before launch: ARM_PROFILE adopted profile ('native_game_720p60_reference', 1280, 720, 7000, 90000) bitrate_kbps 7000 selection default None any_override False fec xor8_1 cushion 12 17 profile redundancy 2 4 profile adaptive off -> AS EXPECTED FOR THE ARM
[B1] at PLAYING: ARM_PROFILE adopted profile ('native_game_720p60_reference', 1280, 720, 7000, 90000) bitrate_kbps 7000 selection default None any_override False fec xor8_1 cushion 12 17 profile redundancy 2 4 profile adaptive off -> AS EXPECTED FOR THE ARM
[B1 23:01:07Z] SurfaceFlinger stream-surface lines: 11
[B1 23:01:07Z] PLAYING at 2026-09-29T23:01:07Z; holding 1200s, zero input
[B1 23:21:12Z] adb client processes seen during hold: 38 (# polls 2317)
[B1 23:21:15Z] report: native_decoder_20260929_232114_443.json
[frames] 1201 seconds in the session window
[heartbeat] 598 lines
[B1 23:21:37Z] game active after stop: False
[B1 23:21:37Z] done
[night 23:21:37Z] B1 harness exit 0
[night 23:21:37Z] C1 begins (profile native_game_1080p60_c1_parity_cap90, 1200 s)
[C1 23:21:37Z] mode=H hold/timeout=1200s probe_args=none heartbeat_ms=default
[C1 23:21:37Z] ARM_PROFILE native_game_1080p60_c1_parity_cap90; PRIVYHUB_* in the user manager: 'PRIVYHUB_NATIVE_PROFILE_ID=native_game_1080p60_c1_parity_cap90'
[C1 23:21:41Z] companion MainPID 969502 serving 8765; PRIVYHUB_* in its environ: 'PRIVYHUB_NATIVE_PROFILE_ID=native_game_1080p60_c1_parity_cap90'
[C1] before launch: ARM_PROFILE native_game_1080p60_c1_parity_cap90 profile ('native_game_1080p60_c1_parity_cap90', 1920, 1080, 15750, 90000) bitrate_kbps 15750 selection PRIVYHUB_NATIVE_PROFILE_ID native_game_1080p60_c1_parity_cap90 any_override True fec xor8_1 cushion 12 17 profile redundancy 2 4 profile adaptive off -> AS EXPECTED FOR THE ARM
[C1] at PLAYING: ARM_PROFILE native_game_1080p60_c1_parity_cap90 profile ('native_game_1080p60_c1_parity_cap90', 1920, 1080, 15750, 90000) bitrate_kbps 15750 selection PRIVYHUB_NATIVE_PROFILE_ID native_game_1080p60_c1_parity_cap90 any_override True fec xor8_1 cushion 12 17 profile redundancy 2 4 profile adaptive off -> AS EXPECTED FOR THE ARM
[C1 23:22:25Z] SurfaceFlinger stream-surface lines: 11
[C1 23:22:25Z] PLAYING at 2026-09-29T23:22:25Z; holding 1200s, zero input
[C1 23:42:25Z] adb client processes seen during hold: 46 (# polls 2317)
[C1 23:42:27Z] report: native_decoder_20260929_234226_987.json
[frames] 1201 seconds in the session window
[heartbeat] 596 lines
[C1 23:42:51Z] game active after stop: False
[C1 23:42:51Z] done
[night 23:42:51Z] C1 harness exit 0
[night 23:42:51Z] B2 begins (profile adopted, 1200 s)
[B2 23:42:51Z] mode=H hold/timeout=1200s probe_args=none heartbeat_ms=default
[B2 23:42:51Z] ARM_PROFILE adopted; PRIVYHUB_* in the user manager: ''
[B2 23:42:56Z] companion MainPID 981788 serving 8765; PRIVYHUB_* in its environ: ''
[B2] before launch: ARM_PROFILE adopted profile ('native_game_720p60_reference', 1280, 720, 7000, 90000) bitrate_kbps 7000 selection default None any_override False fec xor8_1 cushion 12 17 profile redundancy 2 4 profile adaptive off -> AS EXPECTED FOR THE ARM
[B2] at PLAYING: ARM_PROFILE adopted profile ('native_game_720p60_reference', 1280, 720, 7000, 90000) bitrate_kbps 7000 selection default None any_override False fec xor8_1 cushion 12 17 profile redundancy 2 4 profile adaptive off -> AS EXPECTED FOR THE ARM
[B2 23:43:36Z] SurfaceFlinger stream-surface lines: 11
[B2 23:43:36Z] PLAYING at 2026-09-29T23:43:36Z; holding 1200s, zero input
[B2 00:03:37Z] adb client processes seen during hold: 37 (# polls 2316)
[B2 00:03:39Z] report: native_decoder_20260930_000338_512.json
[frames] 1201 seconds in the session window
[heartbeat] 598 lines
[B2 00:04:03Z] game active after stop: False
[B2 00:04:03Z] done
[night 00:04:03Z] B2 harness exit 0
[night 00:04:03Z] C2 begins (profile native_game_1080p60_c2_80pct_cap160, 1200 s)
[C2 00:04:03Z] mode=H hold/timeout=1200s probe_args=none heartbeat_ms=default
[C2 00:04:03Z] ARM_PROFILE native_game_1080p60_c2_80pct_cap160; PRIVYHUB_* in the user manager: 'PRIVYHUB_NATIVE_PROFILE_ID=native_game_1080p60_c2_80pct_cap160'
[C2 00:04:07Z] companion MainPID 994051 serving 8765; PRIVYHUB_* in its environ: 'PRIVYHUB_NATIVE_PROFILE_ID=native_game_1080p60_c2_80pct_cap160'
[C2] before launch: ARM_PROFILE native_game_1080p60_c2_80pct_cap160 profile ('native_game_1080p60_c2_80pct_cap160', 1920, 1080, 12600, 160000) bitrate_kbps 12600 selection PRIVYHUB_NATIVE_PROFILE_ID native_game_1080p60_c2_80pct_cap160 any_override True fec xor8_1 cushion 12 17 profile redundancy 2 4 profile adaptive off -> AS EXPECTED FOR THE ARM
[C2] at PLAYING: ARM_PROFILE native_game_1080p60_c2_80pct_cap160 profile ('native_game_1080p60_c2_80pct_cap160', 1920, 1080, 12600, 160000) bitrate_kbps 12600 selection PRIVYHUB_NATIVE_PROFILE_ID native_game_1080p60_c2_80pct_cap160 any_override True fec xor8_1 cushion 12 17 profile redundancy 2 4 profile adaptive off -> AS EXPECTED FOR THE ARM
[C2 00:04:48Z] SurfaceFlinger stream-surface lines: 11
[C2 00:04:48Z] PLAYING at 2026-09-30T00:04:48Z; holding 1200s, zero input
[C2 00:24:49Z] adb client processes seen during hold: 41 (# polls 2317)
[C2 00:24:51Z] report: native_decoder_20260930_002450_586.json
[frames] 1201 seconds in the session window
[heartbeat] 597 lines
[C2 00:25:15Z] game active after stop: False
[C2 00:25:15Z] done
[night 00:25:15Z] C2 harness exit 0
[night 00:25:15Z] B3 begins (profile adopted, 1200 s)
[B3 00:25:15Z] mode=H hold/timeout=1200s probe_args=none heartbeat_ms=default
[B3 00:25:15Z] ARM_PROFILE adopted; PRIVYHUB_* in the user manager: ''
[B3 00:25:19Z] companion MainPID 1006303 serving 8765; PRIVYHUB_* in its environ: ''
[B3] before launch: ARM_PROFILE adopted profile ('native_game_720p60_reference', 1280, 720, 7000, 90000) bitrate_kbps 7000 selection default None any_override False fec xor8_1 cushion 12 17 profile redundancy 2 4 profile adaptive off -> AS EXPECTED FOR THE ARM
[B3] at PLAYING: ARM_PROFILE adopted profile ('native_game_720p60_reference', 1280, 720, 7000, 90000) bitrate_kbps 7000 selection default None any_override False fec xor8_1 cushion 12 17 profile redundancy 2 4 profile adaptive off -> AS EXPECTED FOR THE ARM
[B3 00:25:59Z] SurfaceFlinger stream-surface lines: 11
[B3 00:25:59Z] PLAYING at 2026-09-30T00:25:59Z; holding 1200s, zero input
[B3 00:46:04Z] adb client processes seen during hold: 43 (# polls 2317)
[B3 00:46:06Z] report: native_decoder_20260930_004605_971.json
[frames] 1201 seconds in the session window
[heartbeat] 598 lines
[B3 00:46:28Z] game active after stop: False
[B3 00:46:28Z] done
[night 00:46:28Z] B3 harness exit 0
[night 00:46:29Z] C3 begins (profile native_game_1080p60_c3_80pct_cap90, 1200 s)
[C3 00:46:29Z] mode=H hold/timeout=1200s probe_args=none heartbeat_ms=default
[C3 00:46:29Z] ARM_PROFILE native_game_1080p60_c3_80pct_cap90; PRIVYHUB_* in the user manager: 'PRIVYHUB_NATIVE_PROFILE_ID=native_game_1080p60_c3_80pct_cap90'
[C3 00:46:33Z] companion MainPID 1018587 serving 8765; PRIVYHUB_* in its environ: 'PRIVYHUB_NATIVE_PROFILE_ID=native_game_1080p60_c3_80pct_cap90'
[C3] before launch: ARM_PROFILE native_game_1080p60_c3_80pct_cap90 profile ('native_game_1080p60_c3_80pct_cap90', 1920, 1080, 12600, 90000) bitrate_kbps 12600 selection PRIVYHUB_NATIVE_PROFILE_ID native_game_1080p60_c3_80pct_cap90 any_override True fec xor8_1 cushion 12 17 profile redundancy 2 4 profile adaptive off -> AS EXPECTED FOR THE ARM
[C3] at PLAYING: ARM_PROFILE native_game_1080p60_c3_80pct_cap90 profile ('native_game_1080p60_c3_80pct_cap90', 1920, 1080, 12600, 90000) bitrate_kbps 12600 selection PRIVYHUB_NATIVE_PROFILE_ID native_game_1080p60_c3_80pct_cap90 any_override True fec xor8_1 cushion 12 17 profile redundancy 2 4 profile adaptive off -> AS EXPECTED FOR THE ARM
[C3 00:47:15Z] SurfaceFlinger stream-surface lines: 11
[C3 00:47:15Z] PLAYING at 2026-09-30T00:47:15Z; holding 1200s, zero input
[C3 01:07:20Z] adb client processes seen during hold: 53 (# polls 2316)
[C3 01:07:22Z] report: native_decoder_20260930_010721_878.json
[frames] 1201 seconds in the session window
[heartbeat] 596 lines
[C3 01:07:44Z] game active after stop: False
[C3 01:07:44Z] done
[night 01:07:44Z] C3 harness exit 0
[night 01:07:44Z] B4 begins (profile adopted, 1200 s)
[B4 01:07:44Z] mode=H hold/timeout=1200s probe_args=none heartbeat_ms=default
[B4 01:07:44Z] ARM_PROFILE adopted; PRIVYHUB_* in the user manager: ''
[B4 01:07:49Z] companion MainPID 1030924 serving 8765; PRIVYHUB_* in its environ: ''
[B4] before launch: ARM_PROFILE adopted profile ('native_game_720p60_reference', 1280, 720, 7000, 90000) bitrate_kbps 7000 selection default None any_override False fec xor8_1 cushion 12 17 profile redundancy 2 4 profile adaptive off -> AS EXPECTED FOR THE ARM
[B4] at PLAYING: ARM_PROFILE adopted profile ('native_game_720p60_reference', 1280, 720, 7000, 90000) bitrate_kbps 7000 selection default None any_override False fec xor8_1 cushion 12 17 profile redundancy 2 4 profile adaptive off -> AS EXPECTED FOR THE ARM
[B4 01:08:29Z] SurfaceFlinger stream-surface lines: 11
[B4 01:08:29Z] PLAYING at 2026-09-30T01:08:29Z; holding 1200s, zero input
[B4 01:28:29Z] adb client processes seen during hold: 38 (# polls 2317)
[B4 01:28:31Z] report: native_decoder_20260930_012830_960.json
[frames] 1201 seconds in the session window
[heartbeat] 597 lines
[B4 01:28:53Z] game active after stop: False
[B4 01:28:53Z] done
[night 01:28:53Z] B4 harness exit 0
[night 01:29:28Z] selector unset: manager PRIVYHUB_* 0; MainPID 1043191; 8765 1043191; PRIVYHUB_* in its environ 0
[night] profile native_game_720p60_reference 1280 720 default | fec xor8_1 | bitrate 7000 cap 90000 profile cushion 12 17 profile redundancy 2 4 profile any_override False active False adaptive off
[night 01:29:28Z] ADOPTED APK CONFIRMED (device hash f31b1c180c5d0849230860d2f5b7ab1b4a8637f7be56a7dcf1f71aba77668ae7; no arm APK was built)
[night 01:29:37Z] teardown: game active False; NOW PLAYING on the launcher: 1
[night 01:29:49Z] stale banner: force-stop + relaunch; NOW PLAYING now: 0
[night 01:29:49Z] night done
