[night 19:12:02Z] sampler started (10 s)
[night 19:12:02Z] device APK hash at start: f31b1c180c5d0849230860d2f5b7ab1b4a8637f7be56a7dcf1f71aba77668ae7
[night 19:12:02Z] holds: B1: C1:native_game_1080p60_c1_parity_cap90 B2: C2:native_game_1080p60_c2_80pct_cap160 B3: C3:native_game_1080p60_c3_80pct_cap90 B4:
[night 19:12:02Z] last session_ended 2026-09-29T19:09:57.421Z; the first hold not before 19:50:57Z
[night 19:51:03Z] B1 begins (profile adopted, 1200 s)
[B1 19:51:03Z] mode=H hold/timeout=1200s probe_args=none heartbeat_ms=default
[B1 19:51:03Z] ARM_PROFILE adopted; PRIVYHUB_* in the user manager: ''
[B1 19:51:07Z] companion MainPID 868252 serving 8765; PRIVYHUB_* in its environ: ''
[B1] before launch: ARM_PROFILE adopted profile ('native_game_720p60_reference', 1280, 720, 7000, 90000) bitrate_kbps 7000 selection default None any_override False fec xor8_1 cushion 12 17 profile redundancy 2 4 profile adaptive off -> AS EXPECTED FOR THE ARM
[B1] at PLAYING: ARM_PROFILE adopted profile ('native_game_720p60_reference', 1280, 720, 7000, 90000) bitrate_kbps 7000 selection default None any_override False fec xor8_1 cushion 12 17 profile redundancy 2 4 profile adaptive off -> AS EXPECTED FOR THE ARM
[B1 19:51:50Z] SurfaceFlinger stream-surface lines: 11
[B1 19:51:50Z] PLAYING at 2026-09-29T19:51:50Z; holding 1200s, zero input
[B1 20:11:55Z] adb client processes seen during hold: 38 (# polls 2317)
[B1 20:11:57Z] report: native_decoder_20260929_201157_223.json
[frames] 1201 seconds in the session window
[heartbeat] 597 lines
[B1 20:12:20Z] game active after stop: False
[B1 20:12:20Z] done
[night 20:12:20Z] B1 harness exit 0
[night 20:12:20Z] C1 begins (profile native_game_1080p60_c1_parity_cap90, 1200 s)
[C1 20:12:20Z] mode=H hold/timeout=1200s probe_args=none heartbeat_ms=default
[C1 20:12:20Z] ARM_PROFILE native_game_1080p60_c1_parity_cap90; PRIVYHUB_* in the user manager: 'PRIVYHUB_NATIVE_PROFILE_ID=native_game_1080p60_c1_parity_cap90'
[C1 20:12:25Z] companion MainPID 880693 serving 8765; PRIVYHUB_* in its environ: 'PRIVYHUB_NATIVE_PROFILE_ID=native_game_1080p60_c1_parity_cap90'
[C1] before launch: ARM_PROFILE native_game_1080p60_c1_parity_cap90 profile ('native_game_1080p60_c1_parity_cap90', 1920, 1080, 15750, 90000) bitrate_kbps 15750 selection PRIVYHUB_NATIVE_PROFILE_ID native_game_1080p60_c1_parity_cap90 any_override True fec xor8_1 cushion 12 17 profile redundancy 2 4 profile adaptive off -> AS EXPECTED FOR THE ARM
[C1] at PLAYING: ARM_PROFILE native_game_1080p60_c1_parity_cap90 profile ('native_game_1080p60_c1_parity_cap90', 1920, 1080, 15750, 90000) bitrate_kbps 15750 selection PRIVYHUB_NATIVE_PROFILE_ID native_game_1080p60_c1_parity_cap90 any_override True fec xor8_1 cushion 12 17 profile redundancy 2 4 profile adaptive off -> AS EXPECTED FOR THE ARM
[C1 20:13:08Z] SurfaceFlinger stream-surface lines: 11
[C1 20:13:08Z] PLAYING at 2026-09-29T20:13:08Z; holding 1200s, zero input
[C1 20:33:08Z] adb client processes seen during hold: 53 (# polls 2316)
[C1 20:33:11Z] report: native_decoder_20260929_203310_877.json
[frames] 1201 seconds in the session window
[heartbeat] 596 lines
[C1 20:33:34Z] game active after stop: False
[C1 20:33:34Z] done
[night 20:33:34Z] C1 harness exit 0
[night 20:33:34Z] B2 begins (profile adopted, 1200 s)
[B2 20:33:34Z] mode=H hold/timeout=1200s probe_args=none heartbeat_ms=default
[B2 20:33:34Z] ARM_PROFILE adopted; PRIVYHUB_* in the user manager: ''
[B2 20:33:38Z] companion MainPID 893040 serving 8765; PRIVYHUB_* in its environ: ''
[B2] before launch: ARM_PROFILE adopted profile ('native_game_720p60_reference', 1280, 720, 7000, 90000) bitrate_kbps 7000 selection default None any_override False fec xor8_1 cushion 12 17 profile redundancy 2 4 profile adaptive off -> AS EXPECTED FOR THE ARM
[B2] at PLAYING: ARM_PROFILE adopted profile ('native_game_720p60_reference', 1280, 720, 7000, 90000) bitrate_kbps 7000 selection default None any_override False fec xor8_1 cushion 12 17 profile redundancy 2 4 profile adaptive off -> AS EXPECTED FOR THE ARM
[B2 20:34:17Z] SurfaceFlinger stream-surface lines: 11
[B2 20:34:17Z] PLAYING at 2026-09-29T20:34:17Z; holding 1200s, zero input
[B2 20:54:23Z] adb client processes seen during hold: 38 (# polls 2317)
[B2 20:54:25Z] report: native_decoder_20260929_205424_956.json
[frames] 1201 seconds in the session window
[heartbeat] 597 lines
[B2 20:54:49Z] game active after stop: False
[B2 20:54:49Z] done
[night 20:54:49Z] B2 harness exit 0
[night 20:54:49Z] C2 begins (profile native_game_1080p60_c2_80pct_cap160, 1200 s)
[C2 20:54:49Z] mode=H hold/timeout=1200s probe_args=none heartbeat_ms=default
[C2 20:54:49Z] ARM_PROFILE native_game_1080p60_c2_80pct_cap160; PRIVYHUB_* in the user manager: 'PRIVYHUB_NATIVE_PROFILE_ID=native_game_1080p60_c2_80pct_cap160'
[C2 20:54:54Z] companion MainPID 905293 serving 8765; PRIVYHUB_* in its environ: 'PRIVYHUB_NATIVE_PROFILE_ID=native_game_1080p60_c2_80pct_cap160'
[C2] before launch: ARM_PROFILE native_game_1080p60_c2_80pct_cap160 profile ('native_game_1080p60_c2_80pct_cap160', 1920, 1080, 12600, 160000) bitrate_kbps 12600 selection PRIVYHUB_NATIVE_PROFILE_ID native_game_1080p60_c2_80pct_cap160 any_override True fec xor8_1 cushion 12 17 profile redundancy 2 4 profile adaptive off -> AS EXPECTED FOR THE ARM
[C2] at PLAYING: ARM_PROFILE native_game_1080p60_c2_80pct_cap160 profile ('native_game_1080p60_c2_80pct_cap160', 1920, 1080, 12600, 160000) bitrate_kbps 12600 selection PRIVYHUB_NATIVE_PROFILE_ID native_game_1080p60_c2_80pct_cap160 any_override True fec xor8_1 cushion 12 17 profile redundancy 2 4 profile adaptive off -> AS EXPECTED FOR THE ARM
[C2 20:55:34Z] SurfaceFlinger stream-surface lines: 11
[C2 20:55:34Z] PLAYING at 2026-09-29T20:55:34Z; holding 1200s, zero input
[C2 21:15:35Z] adb client processes seen during hold: 47 (# polls 2315)
[C2 21:15:37Z] report: native_decoder_20260929_211536_553.json
[frames] 1201 seconds in the session window
[heartbeat] 597 lines
[C2 21:15:59Z] game active after stop: False
[C2 21:15:59Z] done
[night 21:15:59Z] C2 harness exit 0
[night 21:15:59Z] B3 begins (profile adopted, 1200 s)
[B3 21:15:59Z] mode=H hold/timeout=1200s probe_args=none heartbeat_ms=default
[B3 21:15:59Z] ARM_PROFILE adopted; PRIVYHUB_* in the user manager: ''
[B3 21:16:04Z] companion MainPID 917575 serving 8765; PRIVYHUB_* in its environ: ''
[B3] before launch: ARM_PROFILE adopted profile ('native_game_720p60_reference', 1280, 720, 7000, 90000) bitrate_kbps 7000 selection default None any_override False fec xor8_1 cushion 12 17 profile redundancy 2 4 profile adaptive off -> AS EXPECTED FOR THE ARM
[B3] at PLAYING: ARM_PROFILE adopted profile ('native_game_720p60_reference', 1280, 720, 7000, 90000) bitrate_kbps 7000 selection default None any_override False fec xor8_1 cushion 12 17 profile redundancy 2 4 profile adaptive off -> AS EXPECTED FOR THE ARM
[B3 21:16:43Z] SurfaceFlinger stream-surface lines: 11
[B3 21:16:43Z] PLAYING at 2026-09-29T21:16:43Z; holding 1200s, zero input
[B3 21:36:44Z] adb client processes seen during hold: 38 (# polls 2316)
[B3 21:36:46Z] report: native_decoder_20260929_213645_512.json
[frames] 1201 seconds in the session window
[heartbeat] 597 lines
[B3 21:37:08Z] game active after stop: False
[B3 21:37:08Z] done
[night 21:37:08Z] B3 harness exit 0
[night 21:37:09Z] C3 begins (profile native_game_1080p60_c3_80pct_cap90, 1200 s)
[C3 21:37:09Z] mode=H hold/timeout=1200s probe_args=none heartbeat_ms=default
[C3 21:37:09Z] ARM_PROFILE native_game_1080p60_c3_80pct_cap90; PRIVYHUB_* in the user manager: 'PRIVYHUB_NATIVE_PROFILE_ID=native_game_1080p60_c3_80pct_cap90'
[C3 21:37:13Z] companion MainPID 929858 serving 8765; PRIVYHUB_* in its environ: 'PRIVYHUB_NATIVE_PROFILE_ID=native_game_1080p60_c3_80pct_cap90'
[C3] before launch: ARM_PROFILE native_game_1080p60_c3_80pct_cap90 profile ('native_game_1080p60_c3_80pct_cap90', 1920, 1080, 12600, 90000) bitrate_kbps 12600 selection PRIVYHUB_NATIVE_PROFILE_ID native_game_1080p60_c3_80pct_cap90 any_override True fec xor8_1 cushion 12 17 profile redundancy 2 4 profile adaptive off -> AS EXPECTED FOR THE ARM
[C3] at PLAYING: ARM_PROFILE native_game_1080p60_c3_80pct_cap90 profile ('native_game_1080p60_c3_80pct_cap90', 1920, 1080, 12600, 90000) bitrate_kbps 12600 selection PRIVYHUB_NATIVE_PROFILE_ID native_game_1080p60_c3_80pct_cap90 any_override True fec xor8_1 cushion 12 17 profile redundancy 2 4 profile adaptive off -> AS EXPECTED FOR THE ARM
[C3 21:37:57Z] SurfaceFlinger stream-surface lines: 11
[C3 21:37:57Z] PLAYING at 2026-09-29T21:37:57Z; holding 1200s, zero input
[C3 21:58:03Z] adb client processes seen during hold: 37 (# polls 2316)
[C3 21:58:05Z] report: native_decoder_20260929_215804_621.json
[frames] 1201 seconds in the session window
[heartbeat] 597 lines
[C3 21:58:27Z] game active after stop: False
[C3 21:58:27Z] done
[night 21:58:27Z] C3 harness exit 0
[night 21:58:27Z] B4 begins (profile adopted, 1200 s)
[B4 21:58:27Z] mode=H hold/timeout=1200s probe_args=none heartbeat_ms=default
[B4 21:58:27Z] ARM_PROFILE adopted; PRIVYHUB_* in the user manager: ''
[B4 21:58:31Z] companion MainPID 942274 serving 8765; PRIVYHUB_* in its environ: ''
[B4] before launch: ARM_PROFILE adopted profile ('native_game_720p60_reference', 1280, 720, 7000, 90000) bitrate_kbps 7000 selection default None any_override False fec xor8_1 cushion 12 17 profile redundancy 2 4 profile adaptive off -> AS EXPECTED FOR THE ARM
[B4] at PLAYING: ARM_PROFILE adopted profile ('native_game_720p60_reference', 1280, 720, 7000, 90000) bitrate_kbps 7000 selection default None any_override False fec xor8_1 cushion 12 17 profile redundancy 2 4 profile adaptive off -> AS EXPECTED FOR THE ARM
[B4 21:59:12Z] SurfaceFlinger stream-surface lines: 11
[B4 21:59:12Z] PLAYING at 2026-09-29T21:59:12Z; holding 1200s, zero input
[B4 22:19:17Z] adb client processes seen during hold: 41 (# polls 2317)
[B4 22:19:19Z] report: native_decoder_20260929_221919_068.json
[frames] 1201 seconds in the session window
[heartbeat] 598 lines
[B4 22:19:44Z] game active after stop: False
[B4 22:19:44Z] done
[night 22:19:44Z] B4 harness exit 0
[night 22:20:18Z] selector unset: manager PRIVYHUB_* 0; MainPID 954578; 8765 954578; PRIVYHUB_* in its environ 0
[night] profile native_game_720p60_reference 1280 720 default | fec xor8_1 | bitrate 7000 cap 90000 profile cushion 12 17 profile redundancy 2 4 profile any_override False active False adaptive off
[night 22:20:18Z] ADOPTED APK CONFIRMED (device hash f31b1c180c5d0849230860d2f5b7ab1b4a8637f7be56a7dcf1f71aba77668ae7; no arm APK was built)
[night 22:20:27Z] teardown: game active False; NOW PLAYING on the launcher: 1
[night 22:20:27Z] night done
