[night 04:39:54Z] sampler started (10 s)
[night 04:39:54Z] device APK hash at start: f31b1c180c5d0849230860d2f5b7ab1b4a8637f7be56a7dcf1f71aba77668ae7
[night 04:39:54Z] holds: B1: L4:native_game_720p60_4000 B2: L3:native_game_720p60_3000 B3: S5:native_game_540p60_3500 B4:
[night 04:39:54Z] last session_ended 2026-09-30T04:37:44.221Z; the first hold not before 05:18:44Z
[night 05:18:55Z] B1 begins (profile adopted, 1200 s)
[B1 05:18:55Z] mode=H hold/timeout=1200s probe_args=none heartbeat_ms=default
[B1 05:18:55Z] ARM_PROFILE adopted; PRIVYHUB_* in the user manager: ''
[B1 05:18:59Z] companion MainPID 1136116 serving 8765; PRIVYHUB_* in its environ: ''
[B1] before launch: ARM_PROFILE adopted profile ('native_game_720p60_reference', 1280, 720, 7000, 90000) bitrate_kbps 7000 selection default None any_override False fec xor8_1 cushion 12 17 profile redundancy 2 4 profile adaptive off -> AS EXPECTED FOR THE ARM
[B1] at PLAYING: ARM_PROFILE adopted profile ('native_game_720p60_reference', 1280, 720, 7000, 90000) bitrate_kbps 7000 selection default None any_override False fec xor8_1 cushion 12 17 profile redundancy 2 4 profile adaptive off -> AS EXPECTED FOR THE ARM
[B1 05:19:42Z] SurfaceFlinger stream-surface lines: 11
[B1 05:19:42Z] PLAYING at 2026-09-30T05:19:42Z; holding 1200s, zero input
[B1 05:39:47Z] adb client processes seen during hold: 39 (# polls 2318)
[B1 05:39:49Z] report: native_decoder_20260930_053949_332.json
[frames] 1201 seconds in the session window
[heartbeat] 597 lines
[B1 05:40:12Z] game active after stop: False
[B1 05:40:12Z] done
[night 05:40:12Z] B1 harness exit 0
[night 05:40:12Z] L4 begins (profile native_game_720p60_4000, 1200 s)
[L4 05:40:12Z] mode=H hold/timeout=1200s probe_args=none heartbeat_ms=default
[L4 05:40:12Z] ARM_PROFILE native_game_720p60_4000; PRIVYHUB_* in the user manager: 'PRIVYHUB_NATIVE_PROFILE_ID=native_game_720p60_4000'
[L4 05:40:16Z] companion MainPID 1148400 serving 8765; PRIVYHUB_* in its environ: 'PRIVYHUB_NATIVE_PROFILE_ID=native_game_720p60_4000'
[L4] before launch: ARM_PROFILE native_game_720p60_4000 profile ('native_game_720p60_4000', 1280, 720, 4000, 90000) bitrate_kbps 4000 selection PRIVYHUB_NATIVE_PROFILE_ID native_game_720p60_4000 any_override True fec xor8_1 cushion 12 17 profile redundancy 2 4 profile adaptive off -> AS EXPECTED FOR THE ARM
[L4] at PLAYING: ARM_PROFILE native_game_720p60_4000 profile ('native_game_720p60_4000', 1280, 720, 4000, 90000) bitrate_kbps 4000 selection PRIVYHUB_NATIVE_PROFILE_ID native_game_720p60_4000 any_override True fec xor8_1 cushion 12 17 profile redundancy 2 4 profile adaptive off -> AS EXPECTED FOR THE ARM
[L4 05:40:56Z] SurfaceFlinger stream-surface lines: 11
[L4 05:40:56Z] PLAYING at 2026-09-30T05:40:56Z; holding 1200s, zero input
[L4 06:00:56Z] adb client processes seen during hold: 38 (# polls 2317)
[L4 06:00:58Z] report: native_decoder_20260930_060057_617.json
[frames] 1201 seconds in the session window
[heartbeat] 598 lines
[L4 06:01:22Z] game active after stop: False
[L4 06:01:22Z] done
[night 06:01:22Z] L4 harness exit 0
[night 06:01:22Z] B2 begins (profile adopted, 1200 s)
[B2 06:01:22Z] mode=H hold/timeout=1200s probe_args=none heartbeat_ms=default
[B2 06:01:22Z] ARM_PROFILE adopted; PRIVYHUB_* in the user manager: ''
[B2 06:01:27Z] companion MainPID 1160655 serving 8765; PRIVYHUB_* in its environ: ''
[B2] before launch: ARM_PROFILE adopted profile ('native_game_720p60_reference', 1280, 720, 7000, 90000) bitrate_kbps 7000 selection default None any_override False fec xor8_1 cushion 12 17 profile redundancy 2 4 profile adaptive off -> AS EXPECTED FOR THE ARM
[B2] at PLAYING: ARM_PROFILE adopted profile ('native_game_720p60_reference', 1280, 720, 7000, 90000) bitrate_kbps 7000 selection default None any_override False fec xor8_1 cushion 12 17 profile redundancy 2 4 profile adaptive off -> AS EXPECTED FOR THE ARM
[B2 06:02:06Z] SurfaceFlinger stream-surface lines: 11
[B2 06:02:06Z] PLAYING at 2026-09-30T06:02:06Z; holding 1200s, zero input
[B2 06:22:11Z] adb client processes seen during hold: 34 (# polls 2317)
[B2 06:22:14Z] report: native_decoder_20260930_062213_311.json
[frames] 1201 seconds in the session window
[heartbeat] 597 lines
[B2 06:22:36Z] game active after stop: False
[B2 06:22:36Z] done
[night 06:22:36Z] B2 harness exit 0
[night 06:22:36Z] L3 begins (profile native_game_720p60_3000, 1200 s)
[L3 06:22:36Z] mode=H hold/timeout=1200s probe_args=none heartbeat_ms=default
[L3 06:22:36Z] ARM_PROFILE native_game_720p60_3000; PRIVYHUB_* in the user manager: 'PRIVYHUB_NATIVE_PROFILE_ID=native_game_720p60_3000'
[L3 06:22:40Z] companion MainPID 1172943 serving 8765; PRIVYHUB_* in its environ: 'PRIVYHUB_NATIVE_PROFILE_ID=native_game_720p60_3000'
[L3] before launch: ARM_PROFILE native_game_720p60_3000 profile ('native_game_720p60_3000', 1280, 720, 3000, 90000) bitrate_kbps 3000 selection PRIVYHUB_NATIVE_PROFILE_ID native_game_720p60_3000 any_override True fec xor8_1 cushion 12 17 profile redundancy 2 4 profile adaptive off -> AS EXPECTED FOR THE ARM
[L3] at PLAYING: ARM_PROFILE native_game_720p60_3000 profile ('native_game_720p60_3000', 1280, 720, 3000, 90000) bitrate_kbps 3000 selection PRIVYHUB_NATIVE_PROFILE_ID native_game_720p60_3000 any_override True fec xor8_1 cushion 12 17 profile redundancy 2 4 profile adaptive off -> AS EXPECTED FOR THE ARM
[L3 06:23:19Z] SurfaceFlinger stream-surface lines: 11
[L3 06:23:19Z] PLAYING at 2026-09-30T06:23:19Z; holding 1200s, zero input
[L3 06:43:19Z] adb client processes seen during hold: 41 (# polls 2317)
[L3 06:43:22Z] report: native_decoder_20260930_064321_244.json
[frames] 1201 seconds in the session window
[heartbeat] 597 lines
[L3 06:43:44Z] game active after stop: False
[L3 06:43:44Z] done
[night 06:43:44Z] L3 harness exit 0
[night 06:43:44Z] B3 begins (profile adopted, 1200 s)
[B3 06:43:44Z] mode=H hold/timeout=1200s probe_args=none heartbeat_ms=default
[B3 06:43:44Z] ARM_PROFILE adopted; PRIVYHUB_* in the user manager: ''
[B3 06:43:48Z] companion MainPID 1185205 serving 8765; PRIVYHUB_* in its environ: ''
[B3] before launch: ARM_PROFILE adopted profile ('native_game_720p60_reference', 1280, 720, 7000, 90000) bitrate_kbps 7000 selection default None any_override False fec xor8_1 cushion 12 17 profile redundancy 2 4 profile adaptive off -> AS EXPECTED FOR THE ARM
[B3] at PLAYING: ARM_PROFILE adopted profile ('native_game_720p60_reference', 1280, 720, 7000, 90000) bitrate_kbps 7000 selection default None any_override False fec xor8_1 cushion 12 17 profile redundancy 2 4 profile adaptive off -> AS EXPECTED FOR THE ARM
[B3 06:44:29Z] SurfaceFlinger stream-surface lines: 11
[B3 06:44:29Z] PLAYING at 2026-09-30T06:44:29Z; holding 1200s, zero input
[B3 07:04:34Z] adb client processes seen during hold: 40 (# polls 2317)
[B3 07:04:36Z] report: native_decoder_20260930_070436_205.json
[frames] 1201 seconds in the session window
[heartbeat] 598 lines
[B3 07:05:00Z] game active after stop: False
[B3 07:05:00Z] done
[night 07:05:00Z] B3 harness exit 0
[night 07:05:01Z] S5 begins (profile native_game_540p60_3500, 1200 s)
[S5 07:05:01Z] mode=H hold/timeout=1200s probe_args=none heartbeat_ms=default
[S5 07:05:01Z] ARM_PROFILE native_game_540p60_3500; PRIVYHUB_* in the user manager: 'PRIVYHUB_NATIVE_PROFILE_ID=native_game_540p60_3500'
[S5 07:05:05Z] companion MainPID 1197462 serving 8765; PRIVYHUB_* in its environ: 'PRIVYHUB_NATIVE_PROFILE_ID=native_game_540p60_3500'
[S5] before launch: ARM_PROFILE native_game_540p60_3500 profile ('native_game_540p60_3500', 960, 540, 3500, 90000) bitrate_kbps 3500 selection PRIVYHUB_NATIVE_PROFILE_ID native_game_540p60_3500 any_override True fec xor8_1 cushion 12 17 profile redundancy 2 4 profile adaptive off -> AS EXPECTED FOR THE ARM
[S5] at PLAYING: ARM_PROFILE native_game_540p60_3500 profile ('native_game_540p60_3500', 960, 540, 3500, 90000) bitrate_kbps 3500 selection PRIVYHUB_NATIVE_PROFILE_ID native_game_540p60_3500 any_override True fec xor8_1 cushion 12 17 profile redundancy 2 4 profile adaptive off -> AS EXPECTED FOR THE ARM
[S5 07:05:44Z] SurfaceFlinger stream-surface lines: 11
[S5 07:05:44Z] PLAYING at 2026-09-30T07:05:44Z; holding 1200s, zero input
[S5 07:25:50Z] adb client processes seen during hold: 36 (# polls 2317)
[S5 07:25:52Z] report: native_decoder_20260930_072551_383.json
[frames] 1201 seconds in the session window
[heartbeat] 597 lines
[S5 07:26:16Z] game active after stop: False
[S5 07:26:16Z] done
[night 07:26:16Z] S5 harness exit 0
[night 07:26:16Z] B4 begins (profile adopted, 1200 s)
[B4 07:26:16Z] mode=H hold/timeout=1200s probe_args=none heartbeat_ms=default
[B4 07:26:16Z] ARM_PROFILE adopted; PRIVYHUB_* in the user manager: ''
[B4 07:26:20Z] companion MainPID 1209711 serving 8765; PRIVYHUB_* in its environ: ''
[B4] before launch: ARM_PROFILE adopted profile ('native_game_720p60_reference', 1280, 720, 7000, 90000) bitrate_kbps 7000 selection default None any_override False fec xor8_1 cushion 12 17 profile redundancy 2 4 profile adaptive off -> AS EXPECTED FOR THE ARM
[B4] at PLAYING: ARM_PROFILE adopted profile ('native_game_720p60_reference', 1280, 720, 7000, 90000) bitrate_kbps 7000 selection default None any_override False fec xor8_1 cushion 12 17 profile redundancy 2 4 profile adaptive off -> AS EXPECTED FOR THE ARM
[B4 07:26:59Z] SurfaceFlinger stream-surface lines: 11
[B4 07:26:59Z] PLAYING at 2026-09-30T07:26:59Z; holding 1200s, zero input
[B4 07:47:00Z] adb client processes seen during hold: 34 (# polls 2316)
[B4 07:47:02Z] report: native_decoder_20260930_074701_487.json
[frames] 1201 seconds in the session window
[heartbeat] 597 lines
[B4 07:47:24Z] game active after stop: False
[B4 07:47:24Z] done
[night 07:47:24Z] B4 harness exit 0
[night 07:47:58Z] selector unset: manager PRIVYHUB_* 0; MainPID 1221953; 8765 1221953; PRIVYHUB_* in its environ 0
[night] profile native_game_720p60_reference 1280 720 default | fec xor8_1 | bitrate 7000 cap 90000 profile cushion 12 17 profile redundancy 2 4 profile any_override False active False adaptive off
[night 07:47:58Z] ADOPTED APK CONFIRMED (device hash f31b1c180c5d0849230860d2f5b7ab1b4a8637f7be56a7dcf1f71aba77668ae7; no arm APK was built)
[night 07:48:08Z] teardown: game active False; NOW PLAYING on the launcher: 1
[night 07:48:19Z] stale banner: force-stop + relaunch; NOW PLAYING now: 0
[night 07:48:19Z] night done
