[night 01:34:40Z] sampler started (10 s)
[night 01:34:41Z] device APK hash at start: f31b1c180c5d0849230860d2f5b7ab1b4a8637f7be56a7dcf1f71aba77668ae7
[night 01:34:41Z] holds: B1: L4:native_game_720p60_4000 B2: L3:native_game_720p60_3000 B3: S5:native_game_540p60_3500 B4:
[night 01:34:41Z] last session_ended 2026-09-30T01:28:30.978Z; the first hold not before 02:09:30Z
[night 02:09:41Z] B1 begins (profile adopted, 1200 s)
[B1 02:09:41Z] mode=H hold/timeout=1200s probe_args=none heartbeat_ms=default
[B1 02:09:41Z] ARM_PROFILE adopted; PRIVYHUB_* in the user manager: ''
[B1 02:09:46Z] companion MainPID 1047683 serving 8765; PRIVYHUB_* in its environ: ''
[B1] before launch: ARM_PROFILE adopted profile ('native_game_720p60_reference', 1280, 720, 7000, 90000) bitrate_kbps 7000 selection default None any_override False fec xor8_1 cushion 12 17 profile redundancy 2 4 profile adaptive off -> AS EXPECTED FOR THE ARM
[B1] at PLAYING: ARM_PROFILE adopted profile ('native_game_720p60_reference', 1280, 720, 7000, 90000) bitrate_kbps 7000 selection default None any_override False fec xor8_1 cushion 12 17 profile redundancy 2 4 profile adaptive off -> AS EXPECTED FOR THE ARM
[B1 02:10:25Z] SurfaceFlinger stream-surface lines: 11
[B1 02:10:25Z] PLAYING at 2026-09-30T02:10:25Z; holding 1200s, zero input
[B1 02:30:30Z] adb client processes seen during hold: 38 (# polls 2318)
[B1 02:30:32Z] report: native_decoder_20260930_023032_159.json
[frames] 1201 seconds in the session window
[heartbeat] 598 lines
[B1 02:30:56Z] game active after stop: False
[B1 02:30:56Z] done
[night 02:30:56Z] B1 harness exit 0
[night 02:30:57Z] L4 begins (profile native_game_720p60_4000, 1200 s)
[L4 02:30:57Z] mode=H hold/timeout=1200s probe_args=none heartbeat_ms=default
[L4 02:30:57Z] ARM_PROFILE native_game_720p60_4000; PRIVYHUB_* in the user manager: 'PRIVYHUB_NATIVE_PROFILE_ID=native_game_720p60_4000'
[L4 02:31:01Z] companion MainPID 1059958 serving 8765; PRIVYHUB_* in its environ: 'PRIVYHUB_NATIVE_PROFILE_ID=native_game_720p60_4000'
[L4] before launch: ARM_PROFILE native_game_720p60_4000 profile ('native_game_720p60_4000', 1280, 720, 4000, 90000) bitrate_kbps 4000 selection PRIVYHUB_NATIVE_PROFILE_ID native_game_720p60_4000 any_override True fec xor8_1 cushion 12 17 profile redundancy 2 4 profile adaptive off -> AS EXPECTED FOR THE ARM
[L4] at PLAYING: ARM_PROFILE native_game_720p60_4000 profile ('native_game_720p60_4000', 1280, 720, 4000, 90000) bitrate_kbps 4000 selection PRIVYHUB_NATIVE_PROFILE_ID native_game_720p60_4000 any_override True fec xor8_1 cushion 12 17 profile redundancy 2 4 profile adaptive off -> AS EXPECTED FOR THE ARM
[L4 02:31:40Z] SurfaceFlinger stream-surface lines: 11
[L4 02:31:40Z] PLAYING at 2026-09-30T02:31:40Z; holding 1200s, zero input
[L4 02:51:40Z] adb client processes seen during hold: 35 (# polls 2316)
[L4 02:51:43Z] report: native_decoder_20260930_025142_470.json
[frames] 1201 seconds in the session window
[heartbeat] 597 lines
[L4 02:52:05Z] game active after stop: False
[L4 02:52:05Z] done
[night 02:52:05Z] L4 harness exit 0
[night 02:52:06Z] B2 begins (profile adopted, 1200 s)
[B2 02:52:06Z] mode=H hold/timeout=1200s probe_args=none heartbeat_ms=default
[B2 02:52:06Z] ARM_PROFILE adopted; PRIVYHUB_* in the user manager: ''
[B2 02:52:10Z] companion MainPID 1072191 serving 8765; PRIVYHUB_* in its environ: ''
[B2] before launch: ARM_PROFILE adopted profile ('native_game_720p60_reference', 1280, 720, 7000, 90000) bitrate_kbps 7000 selection default None any_override False fec xor8_1 cushion 12 17 profile redundancy 2 4 profile adaptive off -> AS EXPECTED FOR THE ARM
[B2] at PLAYING: ARM_PROFILE adopted profile ('native_game_720p60_reference', 1280, 720, 7000, 90000) bitrate_kbps 7000 selection default None any_override False fec xor8_1 cushion 12 17 profile redundancy 2 4 profile adaptive off -> AS EXPECTED FOR THE ARM
[B2 02:52:49Z] SurfaceFlinger stream-surface lines: 11
[B2 02:52:49Z] PLAYING at 2026-09-30T02:52:49Z; holding 1200s, zero input
[B2 03:12:54Z] adb client processes seen during hold: 37 (# polls 2317)
[B2 03:12:56Z] report: native_decoder_20260930_031255_932.json
[frames] 1201 seconds in the session window
[heartbeat] 598 lines
[B2 03:13:18Z] game active after stop: False
[B2 03:13:18Z] done
[night 03:13:18Z] B2 harness exit 0
[night 03:13:19Z] L3 begins (profile native_game_720p60_3000, 1200 s)
[L3 03:13:19Z] mode=H hold/timeout=1200s probe_args=none heartbeat_ms=default
[L3 03:13:19Z] ARM_PROFILE native_game_720p60_3000; PRIVYHUB_* in the user manager: 'PRIVYHUB_NATIVE_PROFILE_ID=native_game_720p60_3000'
[L3 03:13:23Z] companion MainPID 1084449 serving 8765; PRIVYHUB_* in its environ: 'PRIVYHUB_NATIVE_PROFILE_ID=native_game_720p60_3000'
[L3] before launch: ARM_PROFILE native_game_720p60_3000 profile ('native_game_720p60_3000', 1280, 720, 3000, 90000) bitrate_kbps 3000 selection PRIVYHUB_NATIVE_PROFILE_ID native_game_720p60_3000 any_override True fec xor8_1 cushion 12 17 profile redundancy 2 4 profile adaptive off -> AS EXPECTED FOR THE ARM
[L3] at PLAYING: ARM_PROFILE native_game_720p60_3000 profile ('native_game_720p60_3000', 1280, 720, 3000, 90000) bitrate_kbps 3000 selection PRIVYHUB_NATIVE_PROFILE_ID native_game_720p60_3000 any_override True fec xor8_1 cushion 12 17 profile redundancy 2 4 profile adaptive off -> AS EXPECTED FOR THE ARM
[L3 03:14:02Z] SurfaceFlinger stream-surface lines: 11
[L3 03:14:02Z] PLAYING at 2026-09-30T03:14:02Z; holding 1200s, zero input
[L3 03:34:03Z] adb client processes seen during hold: 36 (# polls 2317)
[L3 03:34:05Z] report: native_decoder_20260930_033404_522.json
[frames] 1201 seconds in the session window
[heartbeat] 597 lines
[L3 03:34:27Z] game active after stop: False
[L3 03:34:27Z] done
[night 03:34:27Z] L3 harness exit 0
[night 03:34:27Z] B3 begins (profile adopted, 1200 s)
[B3 03:34:27Z] mode=H hold/timeout=1200s probe_args=none heartbeat_ms=default
[B3 03:34:27Z] ARM_PROFILE adopted; PRIVYHUB_* in the user manager: ''
[B3 03:34:32Z] companion MainPID 1096746 serving 8765; PRIVYHUB_* in its environ: ''
[B3] before launch: ARM_PROFILE adopted profile ('native_game_720p60_reference', 1280, 720, 7000, 90000) bitrate_kbps 7000 selection default None any_override False fec xor8_1 cushion 12 17 profile redundancy 2 4 profile adaptive off -> AS EXPECTED FOR THE ARM
[B3] at PLAYING: ARM_PROFILE adopted profile ('native_game_720p60_reference', 1280, 720, 7000, 90000) bitrate_kbps 7000 selection default None any_override False fec xor8_1 cushion 12 17 profile redundancy 2 4 profile adaptive off -> AS EXPECTED FOR THE ARM
[B3 03:35:14Z] SurfaceFlinger stream-surface lines: 11
[B3 03:35:14Z] PLAYING at 2026-09-30T03:35:14Z; holding 1200s, zero input
[B3 03:55:19Z] adb client processes seen during hold: 33 (# polls 2317)
[B3 03:55:22Z] report: native_decoder_20260930_035521_451.json
[frames] 1201 seconds in the session window
[heartbeat] 598 lines
[B3 03:55:44Z] game active after stop: False
[B3 03:55:44Z] done
[night 03:55:44Z] B3 harness exit 0
[night 03:55:44Z] S5 begins (profile native_game_540p60_3500, 1200 s)
[S5 03:55:44Z] mode=H hold/timeout=1200s probe_args=none heartbeat_ms=default
[S5 03:55:44Z] ARM_PROFILE native_game_540p60_3500; PRIVYHUB_* in the user manager: 'PRIVYHUB_NATIVE_PROFILE_ID=native_game_540p60_3500'
[S5 03:55:49Z] companion MainPID 1109016 serving 8765; PRIVYHUB_* in its environ: 'PRIVYHUB_NATIVE_PROFILE_ID=native_game_540p60_3500'
[S5] before launch: ARM_PROFILE native_game_540p60_3500 profile ('native_game_540p60_3500', 960, 540, 3500, 90000) bitrate_kbps 3500 selection PRIVYHUB_NATIVE_PROFILE_ID native_game_540p60_3500 any_override True fec xor8_1 cushion 12 17 profile redundancy 2 4 profile adaptive off -> AS EXPECTED FOR THE ARM
[S5] at PLAYING: ARM_PROFILE native_game_540p60_3500 profile ('native_game_540p60_3500', 960, 540, 3500, 90000) bitrate_kbps 3500 selection PRIVYHUB_NATIVE_PROFILE_ID native_game_540p60_3500 any_override True fec xor8_1 cushion 12 17 profile redundancy 2 4 profile adaptive off -> AS EXPECTED FOR THE ARM
[S5 03:56:28Z] SurfaceFlinger stream-surface lines: 11
[S5 03:56:28Z] PLAYING at 2026-09-30T03:56:28Z; holding 1200s, zero input
[S5 04:16:33Z] adb client processes seen during hold: 33 (# polls 2318)
[S5 04:16:35Z] report: native_decoder_20260930_041635_085.json
[frames] 1201 seconds in the session window
[heartbeat] 597 lines
[S5 04:16:58Z] game active after stop: False
[S5 04:16:58Z] done
[night 04:16:58Z] S5 harness exit 0
[night 04:16:58Z] B4 begins (profile adopted, 1200 s)
[B4 04:16:58Z] mode=H hold/timeout=1200s probe_args=none heartbeat_ms=default
[B4 04:16:58Z] ARM_PROFILE adopted; PRIVYHUB_* in the user manager: ''
[B4 04:17:02Z] companion MainPID 1121293 serving 8765; PRIVYHUB_* in its environ: ''
[B4] before launch: ARM_PROFILE adopted profile ('native_game_720p60_reference', 1280, 720, 7000, 90000) bitrate_kbps 7000 selection default None any_override False fec xor8_1 cushion 12 17 profile redundancy 2 4 profile adaptive off -> AS EXPECTED FOR THE ARM
[B4] at PLAYING: ARM_PROFILE adopted profile ('native_game_720p60_reference', 1280, 720, 7000, 90000) bitrate_kbps 7000 selection default None any_override False fec xor8_1 cushion 12 17 profile redundancy 2 4 profile adaptive off -> AS EXPECTED FOR THE ARM
[B4 04:17:41Z] SurfaceFlinger stream-surface lines: 12
[B4 04:17:41Z] PLAYING at 2026-09-30T04:17:41Z; holding 1200s, zero input
[B4 04:37:41Z] adb client processes seen during hold: 34 (# polls 2317)
[B4 04:37:44Z] report: native_decoder_20260930_043744_182.json
[frames] 1201 seconds in the session window
[heartbeat] 598 lines
[B4 04:38:07Z] game active after stop: False
[B4 04:38:07Z] done
[night 04:38:07Z] B4 harness exit 0
[night 04:38:41Z] selector unset: manager PRIVYHUB_* 0; MainPID 1133559; 8765 1133559; PRIVYHUB_* in its environ 0
[night] profile native_game_720p60_reference 1280 720 default | fec xor8_1 | bitrate 7000 cap 90000 profile cushion 12 17 profile redundancy 2 4 profile any_override False active False adaptive off
[night 04:38:41Z] ADOPTED APK CONFIRMED (device hash f31b1c180c5d0849230860d2f5b7ab1b4a8637f7be56a7dcf1f71aba77668ae7; no arm APK was built)
[night 04:38:51Z] teardown: game active False; NOW PLAYING on the launcher: 1
[night 04:39:02Z] stale banner: force-stop + relaunch; NOW PLAYING now: 0
[night 04:39:02Z] night done
