
========================================================================
Starting PrivyHub Linux native-video backend v0.7
Profile: native_game_1080p60_c3_80pct_cap90 1920x1080@60, 12600/12600 kbps H.264 VAAPI, GOP=15, BF=0
Capture backend: exact X11 window via x11grab
Capture: managed RetroArch window (pid=1430874, window_id=60817410, discovered=1920x1080)
Window title: RetroArch Beetle PSX HW <ipv4> 82d8e05 || FPS:  61.31 || Frames: 512
Video FEC: XOR 8+1; FFmpeg RTP -> loopback relay -> onn; encoder=12600 kbps
========================================================================
encoder argv: /usr/bin/ffmpeg -hide_banner -loglevel info -nostdin -vaapi_device /dev/dri/renderD128 -f x11grab -framerate 60 -window_id 60817410 -i :0 -vf scale=1920:1080:force_original_aspect_ratio=decrease:flags=fast_bilinear,pad=1920:1080:(ow-iw)/2:(oh-ih)/2:black,format=nv12,hwupload -an -c:v h264_vaapi -profile:v high -b:v 12600k -maxrate 12600k -bufsize 12600k -max_frame_size 90000 -g 15 -bf 0 -payload_type 96 -f rtp rtp://<ipv4>:48110?pkt_size=1200
[x11grab @ 0x555a90ea5d40] Stream #0: not enough frames to estimate rate; consider increasing probesize
Input #0, x11grab, from ':0':
  Duration: N/A, start: 1790875712.526875, bitrate: 3981312 kb/s
  Stream #0:0: Video: rawvideo (BGR[0] / 0x524742), bgr0, 1920x1080, 3981312 kb/s, 60 fps, 1000k tbr, 1000k tbn
Stream mapping:
  Stream #0:0 -> #0:0 (rawvideo (native) -> h264 (h264_vaapi))
Output #0, rtp, to 'rtp://<ipv4>:48110?pkt_size=1200':
  Metadata:
    encoder         : Lavf61.7.103
  Stream #0:0: Video: h264 (High), vaapi(tv, progressive), 1920x1080, q=2-31, 12600 kb/s, 60 fps, 90k tbn
      Metadata:
        encoder         : Lavc61.19.101 h264_vaapi
SDP:
v=0
o=- 0 0 IN IP4 <ipv4>
s=No Name
c=IN IP4 <ipv4>
t=0 0
a=tool:libavformat 61.7.103
m=video 48110 RTP/AVP 96
b=AS:12600
a=rtpmap:96 H264/90000
a=fmtp:96 packetization-mode=1

frame=   30 fps=0.0 q=-0.0 size=     364KiB time=00:00:00.50 bitrate=5961.3kbits/s speed=   1x    
frame=   60 fps= 60 q=-0.0 size=    1143KiB time=00:00:01.00 bitrate=9359.5kbits/s speed=   1x    
frame=   90 fps= 60 q=-0.0 size=    1921KiB time=00:00:01.50 bitrate=10492.2kbits/s speed=   1x    
frame=  120 fps= 60 q=-0.0 size=    2700KiB time=00:00:02.00 bitrate=11058.6kbits/s speed=   1x    
frame=  150 fps= 60 q=-0.0 size=    3479KiB time=00:00:02.50 bitrate=11398.4kbits/s speed=   1x    
frame=  180 fps= 60 q=-0.0 size=    4257KiB time=00:00:03.00 bitrate=11625.0kbits/s speed=   1x    
frame=  210 fps= 60 q=-0.0 size=    5036KiB time=00:00:03.50 bitrate=11786.8kbits/s speed=   1x    
frame=  240 fps= 60 q=-0.0 size=    5815KiB time=00:00:04.00 bitrate=11908.1kbits/s speed=   1x    
frame=  270 fps= 60 q=-0.0 size=    6593KiB time=00:00:04.50 bitrate=12002.5kbits/s speed=   1x    
frame=  300 fps= 60 q=-0.0 size=    7372KiB time=00:00:05.00 bitrate=12078.1kbits/s speed=   1x    
frame=  330 fps= 60 q=-0.0 size=    8151KiB time=00:00:05.50 bitrate=12139.9kbits/s speed=   1x    
frame=  360 fps= 60 q=-0.0 size=    8929KiB time=00:00:06.00 bitrate=12191.4kbits/s speed=   1x    
frame=  390 fps= 60 q=-0.0 size=    9708KiB time=00:00:06.50 bitrate=12234.9kbits/s speed=   1x    
frame=  420 fps= 60 q=-0.0 size=   10487KiB time=00:00:07.00 bitrate=12272.3kbits/s speed=   1x    
frame=  450 fps= 60 q=-0.0 size=   11265KiB time=00:00:07.50 bitrate=12304.8kbits/s speed=   1x    
frame=  480 fps= 60 q=-0.0 size=   12044KiB time=00:00:08.00 bitrate=12333.4kbits/s speed=   1x    
frame=  510 fps= 60 q=-0.0 size=   12823KiB time=00:00:08.50 bitrate=12358.6kbits/s speed=   1x    
frame=  540 fps= 60 q=-0.0 size=   13602KiB time=00:00:09.00 bitrate=12381.1kbits/s speed=   1x    
frame=  570 fps= 60 q=-0.0 size=   14381KiB time=00:00:09.50 bitrate=12401.1kbits/s speed=   1x    
frame=  600 fps= 60 q=-0.0 size=   15160KiB time=00:00:10.00 bitrate=12419.2kbits/s speed=   1x    
frame=  630 fps= 60 q=-0.0 size=   15939KiB time=00:00:10.50 bitrate=12435.5kbits/s speed=   1x    
frame=  660 fps= 60 q=-0.0 size=   16718KiB time=00:00:11.00 bitrate=12450.2kbits/s speed=   1x    
frame=  690 fps= 60 q=-0.0 size=   17496KiB time=00:00:11.50 bitrate=12463.6kbits/s speed=   1x    
frame=  720 fps= 60 q=-0.0 size=   18275KiB time=00:00:12.00 bitrate=12476.0kbits/s speed=   1x    
frame=  750 fps= 60 q=-0.0 size=   19054KiB time=00:00:12.50 bitrate=12487.5kbits/s speed=   1x    
frame=  780 fps= 60 q=-0.0 size=   19833KiB time=00:00:13.00 bitrate=12498.1kbits/s speed=   1x    
frame=  810 fps= 60 q=-0.0 size=   20612KiB time=00:00:13.50 bitrate=12507.9kbits/s speed=   1x    
frame=  840 fps= 60 q=-0.0 size=   21391KiB time=00:00:14.00 bitrate=12517.1kbits/s speed=   1x    
frame=  870 fps= 60 q=-0.0 size=   22171KiB time=00:00:14.50 bitrate=12525.6kbits/s speed=   1x    
frame=  900 fps= 60 q=-0.0 size=   22950KiB time=00:00:15.00 bitrate=12533.5kbits/s speed=   1x    
frame=  930 fps= 60 q=-0.0 size=   23729KiB time=00:00:15.50 bitrate=12540.9kbits/s speed=   1x    
frame=  960 fps= 60 q=-0.0 size=   24508KiB time=00:00:16.00 bitrate=12547.9kbits/s speed=   1x    
frame=  990 fps= 60 q=-0.0 size=   25287KiB time=00:00:16.50 bitrate=12554.4kbits/s speed=   1x    
frame= 1020 fps= 60 q=-0.0 size=   26066KiB time=00:00:17.00 bitrate=12560.6kbits/s speed=   1x    
frame= 1050 fps= 60 q=-0.0 size=   26845KiB time=00:00:17.50 bitrate=12566.4kbits/s speed=   1x    
frame= 1080 fps= 60 q=-0.0 size=   27624KiB time=00:00:18.00 bitrate=12571.9kbits/s speed=   1x    
frame= 1110 fps= 60 q=-0.0 size=   28403KiB time=00:00:18.50 bitrate=12577.1kbits/s speed=   1x    
frame= 1140 fps= 60 q=-0.0 size=   29182KiB time=00:00:19.00 bitrate=12582.0kbits/s speed=   1x    
frame= 1170 fps= 60 q=-0.0 size=   29961KiB time=00:00:19.50 bitrate=12586.6kbits/s speed=   1x    
frame= 1200 fps= 60 q=-0.0 size=   30740KiB time=00:00:20.00 bitrate=12591.0kbits/s speed=   1x    
frame= 1230 fps= 60 q=-0.0 size=   31519KiB time=00:00:20.50 bitrate=12595.3kbits/s speed=   1x    
frame= 1260 fps= 60 q=-0.0 size=   32298KiB time=00:00:21.00 bitrate=12599.2kbits/s speed=   1x    
frame= 1290 fps= 60 q=-0.0 size=   33077KiB time=00:00:21.50 bitrate=12603.0kbits/s speed=   1x    
frame= 1320 fps= 60 q=-0.0 size=   33855KiB time=00:00:22.00 bitrate=12606.5kbits/s speed=   1x    
frame= 1350 fps= 60 q=-0.0 size=   34634KiB time=00:00:22.50 bitrate=12609.8kbits/s speed=   1x    
frame= 1380 fps= 60 q=-0.0 size=   35413KiB time=00:00:23.00 bitrate=12613.1kbits/s speed=   1x    
frame= 1410 fps= 60 q=-0.0 size=   36192KiB time=00:00:23.50 bitrate=12616.3kbits/s speed=   1x    
frame= 1440 fps= 60 q=-0.0 size=   36971KiB time=00:00:24.00 bitrate=12619.3kbits/s speed=   1x    
frame= 1470 fps= 60 q=-0.0 size=   37750KiB time=00:00:24.50 bitrate=12622.2kbits/s speed=   1x    
frame= 1500 fps= 60 q=-0.0 size=   38528KiB time=00:00:25.00 bitrate=12625.0kbits/s speed=   1x    
frame= 1530 fps= 60 q=-0.0 size=   39307KiB time=00:00:25.50 bitrate=12627.7kbits/s speed=   1x    
frame= 1560 fps= 60 q=-0.0 size=   40086KiB time=00:00:26.00 bitrate=12630.3kbits/s speed=   1x    
frame= 1590 fps= 60 q=-0.0 size=   40865KiB time=00:00:26.50 bitrate=12632.8kbits/s speed=   1x    
frame= 1620 fps= 60 q=-0.0 size=   41644KiB time=00:00:27.00 bitrate=12635.2kbits/s speed=   1x    
frame= 1650 fps= 60 q=-0.0 size=   42520KiB time=00:00:27.50 bitrate=12666.4kbits/s speed=   1x    
frame= 1680 fps= 60 q=-0.0 size=   43228KiB time=00:00:28.00 bitrate=12647.3kbits/s speed=   1x    
frame= 1710 fps= 60 q=-0.0 size=   44138KiB time=00:00:28.50 bitrate=12686.9kbits/s speed=   1x    
frame= 1740 fps= 60 q=-0.0 size=   44910KiB time=00:00:29.00 bitrate=12686.4kbits/s speed=   1x    
frame= 1770 fps= 60 q=-0.0 size=   45685KiB time=00:00:29.50 bitrate=12686.4kbits/s speed=   1x    
frame= 1800 fps= 60 q=-0.0 size=   46458KiB time=00:00:30.00 bitrate=12686.0kbits/s speed=   1x    
frame= 1830 fps= 60 q=-0.0 size=   47251KiB time=00:00:30.50 bitrate=12691.1kbits/s speed=   1x    
frame= 1860 fps= 60 q=-0.0 size=   48031KiB time=00:00:31.00 bitrate=12692.6kbits/s speed=   1x    
frame= 1890 fps= 60 q=-0.0 size=   48793KiB time=00:00:31.50 bitrate=12689.3kbits/s speed=   1x    
frame= 1920 fps= 60 q=-0.0 size=   49583KiB time=00:00:32.00 bitrate=12693.2kbits/s speed=   1x    
frame= 1950 fps= 60 q=-0.0 size=   50366KiB time=00:00:32.50 bitrate=12695.2kbits/s speed=   1x    
frame= 1980 fps= 60 q=-0.0 size=   51141KiB time=00:00:33.00 bitrate=12695.4kbits/s speed=   1x    
frame= 2010 fps= 60 q=-0.0 size=   51927KiB time=00:00:33.50 bitrate=12698.2kbits/s speed=   1x    
frame= 2040 fps= 60 q=-0.0 size=   52700KiB time=00:00:34.00 bitrate=12697.7kbits/s speed=   1x    
frame= 2070 fps= 60 q=-0.0 size=   53466KiB time=00:00:34.50 bitrate=12695.3kbits/s speed=   1x    
frame= 2100 fps= 60 q=-0.0 size=   54206KiB time=00:00:35.00 bitrate=12687.3kbits/s speed=   1x    
frame= 2130 fps= 60 q=-0.0 size=   55051KiB time=00:00:35.50 bitrate=12703.7kbits/s speed=   1x    
frame= 2160 fps= 60 q=-0.0 size=   55845KiB time=00:00:36.00 bitrate=12707.9kbits/s speed=   1x    
frame= 2190 fps= 60 q=-0.0 size=   56633KiB time=00:00:36.50 bitrate=12710.7kbits/s speed=   1x    
frame= 2220 fps= 60 q=-0.0 size=   57426KiB time=00:00:37.00 bitrate=12714.5kbits/s speed=   1x    
frame= 2250 fps= 60 q=-0.0 size=   58167KiB time=00:00:37.50 bitrate=12706.8kbits/s speed=   1x    
frame= 2280 fps= 60 q=-0.0 size=   58935KiB time=00:00:38.00 bitrate=12705.2kbits/s speed=   1x    
frame= 2310 fps= 60 q=-0.0 size=   59710KiB time=00:00:38.50 bitrate=12705.0kbits/s speed=   1x    
frame= 2341 fps= 60 q=-0.0 size=   60567KiB time=00:00:39.01 bitrate=12716.6kbits/s speed=   1x    
frame= 2370 fps= 60 q=-0.0 size=   61267KiB time=00:00:39.50 bitrate=12706.3kbits/s speed=   1x    
frame= 2400 fps= 60 q=-0.0 size=   62065KiB time=00:00:40.00 bitrate=12710.8kbits/s speed=   1x    
frame= 2430 fps= 60 q=-0.0 size=   62850KiB time=00:00:40.50 bitrate=12712.7kbits/s speed=   1x    
frame= 2460 fps= 60 q=-0.0 size=   63626KiB time=00:00:41.00 bitrate=12712.8kbits/s speed=   1x    
frame= 2491 fps= 60 q=-0.0 size=   64463KiB time=00:00:41.51 bitrate=12719.8kbits/s speed=   1x    
frame= 2521 fps= 60 q=-0.0 size=   65275KiB time=00:00:42.01 bitrate=12726.7kbits/s speed=   1x    
frame= 2551 fps= 60 q=-0.0 size=   66024KiB time=00:00:42.51 bitrate=12721.4kbits/s speed=   1x    
frame= 2581 fps= 60 q=-0.0 size=   66825KiB time=00:00:43.01 bitrate=12726.0kbits/s speed=   1x    
frame= 2611 fps= 60 q=-0.0 size=   67604KiB time=00:00:43.51 bitrate=12726.4kbits/s speed=   1x    
frame= 2641 fps= 60 q=-0.0 size=   68345KiB time=00:00:44.01 bitrate=12719.7kbits/s speed=   1x    
frame= 2671 fps= 60 q=-0.0 size=   69065KiB time=00:00:44.51 bitrate=12709.5kbits/s speed=   1x    
frame= 2701 fps= 60 q=-0.0 size=   69842KiB time=00:00:45.01 bitrate=12709.7kbits/s speed=   1x    
frame= 2731 fps= 60 q=-0.0 size=   70663KiB time=00:00:45.51 bitrate=12717.7kbits/s speed=   1x    
frame= 2761 fps= 60 q=-0.0 size=   71464KiB time=00:00:46.01 bitrate=12722.2kbits/s speed=   1x    
frame= 2791 fps= 60 q=-0.0 size=   72299KiB time=00:00:46.51 bitrate=12732.5kbits/s speed=   1x    
frame= 2821 fps= 60 q=-0.0 size=   73085KiB time=00:00:47.01 bitrate=12734.0kbits/s speed=   1x    
frame= 2851 fps= 60 q=-0.0 size=   73866KiB time=00:00:47.51 bitrate=12734.6kbits/s speed=   1x    
frame= 2881 fps= 60 q=-0.0 size=   74693KiB time=00:00:48.01 bitrate=12743.2kbits/s speed=   1x    
frame= 2911 fps= 60 q=-0.0 size=   75465KiB time=00:00:48.51 bitrate=12742.3kbits/s speed=   1x    
frame= 2941 fps= 60 q=-0.0 size=   76212KiB time=00:00:49.01 bitrate=12737.0kbits/s speed=   1x    
frame= 2971 fps= 60 q=-0.0 size=   76993KiB time=00:00:49.51 bitrate=12737.7kbits/s speed=   1x    
frame= 3001 fps= 60 q=-0.0 size=   77782KiB time=00:00:50.01 bitrate=12739.6kbits/s speed=   1x    
frame= 3031 fps= 60 q=-0.0 size=   78588KiB time=00:00:50.51 bitrate=12744.2kbits/s speed=   1x    
frame= 3061 fps= 60 q=-0.0 size=   79338KiB time=00:00:51.01 bitrate=12739.7kbits/s speed=   1x    
frame= 3091 fps= 60 q=-0.0 size=   80129KiB time=00:00:51.51 bitrate=12741.8kbits/s speed=   1x    
frame= 3121 fps= 60 q=-0.0 size=   80937KiB time=00:00:52.01 bitrate=12746.5kbits/s speed=   1x    
frame= 3151 fps= 60 q=-0.0 size=   81652KiB time=00:00:52.51 bitrate=12736.8kbits/s speed=   1x    
frame= 3181 fps= 60 q=-0.0 size=   82467KiB time=00:00:53.01 bitrate=12742.6kbits/s speed=   1x    
frame= 3211 fps= 60 q=-0.0 size=   83236KiB time=00:00:53.51 bitrate=12741.2kbits/s speed=   1x    
frame= 3241 fps= 60 q=-0.0 size=   84003KiB time=00:00:54.01 bitrate=12739.7kbits/s speed=   1x    
frame= 3271 fps= 60 q=-0.0 size=   84765KiB time=00:00:54.51 bitrate=12737.4kbits/s speed=   1x    
frame= 3301 fps= 60 q=-0.0 size=   85559KiB time=00:00:55.01 bitrate=12739.7kbits/s speed=   1x    
frame= 3331 fps= 60 q=-0.0 size=   86345KiB time=00:00:55.51 bitrate=12741.1kbits/s speed=   1x    
frame= 3361 fps= 60 q=-0.0 size=   87102KiB time=00:00:56.01 bitrate=12738.0kbits/s speed=   1x    
frame= 3391 fps= 60 q=-0.0 size=   87886KiB time=00:00:56.51 bitrate=12738.9kbits/s speed=   1x    
frame= 3421 fps= 60 q=-0.0 size=   88664KiB time=00:00:57.01 bitrate=12739.0kbits/s speed=   1x    
frame= 3451 fps= 60 q=-0.0 size=   89432KiB time=00:00:57.51 bitrate=12737.7kbits/s speed=   1x    
frame= 3481 fps= 60 q=-0.0 size=   90208KiB time=00:00:58.01 bitrate=12737.5kbits/s speed=   1x    
frame= 3511 fps= 60 q=-0.0 size=   90954KiB time=00:00:58.51 bitrate=12733.0kbits/s speed=   1x    
frame= 3541 fps= 60 q=-0.0 size=   91687KiB time=00:00:59.01 bitrate=12726.9kbits/s speed=   1x    
frame= 3571 fps= 60 q=-0.0 size=   92510KiB time=00:00:59.51 bitrate=12733.2kbits/s speed=   1x    
frame= 3601 fps= 60 q=-0.0 size=   93240KiB time=00:01:00.01 bitrate=12726.8kbits/s speed=   1x    
frame= 3631 fps= 60 q=-0.0 size=   94070KiB time=00:01:00.51 bitrate=12734.1kbits/s speed=   1x    
frame= 3661 fps= 60 q=-0.0 size=   94859KiB time=00:01:01.01 bitrate=12735.6kbits/s speed=   1x    
frame= 3691 fps= 60 q=-0.0 size=   95634KiB time=00:01:01.51 bitrate=12735.3kbits/s speed=   1x    
frame= 3721 fps= 60 q=-0.0 size=   96428KiB time=00:01:02.01 bitrate=12737.5kbits/s speed=   1x    
frame= 3751 fps= 60 q=-0.0 size=   97231KiB time=00:01:02.51 bitrate=12740.9kbits/s speed=   1x    
frame= 3781 fps= 60 q=-0.0 size=   97965KiB time=00:01:03.01 bitrate=12735.2kbits/s speed=   1x    
frame= 3811 fps= 60 q=-0.0 size=   98691KiB time=00:01:03.51 bitrate=12728.6kbits/s speed=   1x    
frame= 3841 fps= 60 q=-0.0 size=   99469KiB time=00:01:04.01 bitrate=12728.7kbits/s speed=   1x    
frame= 3871 fps= 60 q=-0.0 size=  100255KiB time=00:01:04.51 bitrate=12729.9kbits/s speed=   1x    
frame= 3901 fps= 60 q=-0.0 size=  101106KiB time=00:01:05.01 bitrate=12739.2kbits/s speed=   1x    
frame= 3931 fps= 60 q=-0.0 size=  101904KiB time=00:01:05.51 bitrate=12741.8kbits/s speed=   1x    
frame= 3961 fps= 60 q=-0.0 size=  102687KiB time=00:01:06.01 bitrate=12742.4kbits/s speed=   1x    
frame= 3991 fps= 60 q=-0.0 size=  103469KiB time=00:01:06.51 bitrate=12742.9kbits/s speed=   1x    
frame= 4021 fps= 60 q=-0.0 size=  104251KiB time=00:01:07.01 bitrate=12743.5kbits/s speed=   1x    
frame= 4051 fps= 60 q=-0.0 size=  105048KiB time=00:01:07.51 bitrate=12745.7kbits/s speed=   1x    
frame= 4081 fps= 60 q=-0.0 size=  105817KiB time=00:01:08.01 bitrate=12744.7kbits/s speed=   1x    
frame= 4111 fps= 60 q=-0.0 size=  106588KiB time=00:01:08.51 bitrate=12743.9kbits/s speed=   1x    
frame= 4141 fps= 60 q=-0.0 size=  107379KiB time=00:01:09.01 bitrate=12745.5kbits/s speed=   1x    
frame= 4171 fps= 60 q=-0.0 size=  108163KiB time=00:01:09.51 bitrate=12746.2kbits/s speed=   1x    
frame= 4201 fps= 60 q=-0.0 size=  108924KiB time=00:01:10.01 bitrate=12744.2kbits/s speed=   1x    
frame= 4231 fps= 60 q=-0.0 size=  109687KiB time=00:01:10.51 bitrate=12742.5kbits/s speed=   1x    
frame= 4261 fps= 60 q=-0.0 size=  110477KiB time=00:01:11.01 bitrate=12743.9kbits/s speed=   1x    
frame= 4291 fps= 60 q=-0.0 size=  111152KiB time=00:01:11.51 bitrate=12732.0kbits/s speed=   1x    
frame= 4321 fps= 60 q=-0.0 size=  111913KiB time=00:01:12.01 bitrate=12730.3kbits/s speed=   1x    
frame= 4351 fps= 60 q=-0.0 size=  112724KiB time=00:01:12.51 bitrate=12734.1kbits/s speed=   1x    
frame= 4381 fps= 60 q=-0.0 size=  113498KiB time=00:01:13.01 bitrate=12733.7kbits/s speed=   1x    
frame= 4411 fps= 60 q=-0.0 size=  114302KiB time=00:01:13.51 bitrate=12736.8kbits/s speed=   1x    
frame= 4441 fps= 60 q=-0.0 size=  115005KiB time=00:01:14.01 bitrate=12728.5kbits/s speed=   1x    
frame= 4471 fps= 60 q=-0.0 size=  115808KiB time=00:01:14.51 bitrate=12731.3kbits/s speed=   1x    
frame= 4501 fps= 60 q=-0.0 size=  116590KiB time=00:01:15.01 bitrate=12731.9kbits/s speed=   1x    
frame= 4531 fps= 60 q=-0.0 size=  117388KiB time=00:01:15.51 bitrate=12734.2kbits/s speed=   1x    
frame= 4561 fps= 60 q=-0.0 size=  118065KiB time=00:01:16.01 bitrate=12723.3kbits/s speed=   1x    
frame= 4591 fps= 60 q=-0.0 size=  118871KiB time=00:01:16.51 bitrate=12726.6kbits/s speed=   1x    
frame= 4621 fps= 60 q=-0.0 size=  119756KiB time=00:01:17.01 bitrate=12738.0kbits/s speed=   1x    
frame= 4651 fps= 60 q=-0.0 size=  120553KiB time=00:01:17.51 bitrate=12740.1kbits/s speed=   1x    
frame= 4681 fps= 60 q=-0.0 size=  121339KiB time=00:01:18.01 bitrate=12741.0kbits/s speed=   1x    
frame= 4711 fps= 60 q=-0.0 size=  122140KiB time=00:01:18.51 bitrate=12743.4kbits/s speed=   1x    
frame= 4741 fps= 60 q=-0.0 size=  122981KiB time=00:01:19.01 bitrate=12750.0kbits/s speed=   1x    
frame= 4771 fps= 60 q=-0.0 size=  123748KiB time=00:01:19.51 bitrate=12748.8kbits/s speed=   1x    
frame= 4801 fps= 60 q=-0.0 size=  124565KiB time=00:01:20.01 bitrate=12752.8kbits/s speed=   1x    
frame= 4831 fps= 60 q=-0.0 size=  125267KiB time=00:01:20.51 bitrate=12745.0kbits/s speed=   1x    
frame= 4861 fps= 60 q=-0.0 size=  126173KiB time=00:01:21.01 bitrate=12758.0kbits/s speed=   1x    
frame= 4891 fps= 60 q=-0.0 size=  126852KiB time=00:01:21.51 bitrate=12747.9kbits/s speed=   1x    
frame= 4921 fps= 60 q=-0.0 size=  127680KiB time=00:01:22.01 bitrate=12752.9kbits/s speed=   1x    
frame= 4951 fps= 60 q=-0.0 size=  128443KiB time=00:01:22.51 bitrate=12751.4kbits/s speed=   1x    
frame= 4981 fps= 60 q=-0.0 size=  129215KiB time=00:01:23.01 bitrate=12750.8kbits/s speed=   1x    
frame= 5011 fps= 60 q=-0.0 size=  129990KiB time=00:01:23.51 bitrate=12750.5kbits/s speed=   1x    
frame= 5041 fps= 60 q=-0.0 size=  130765KiB time=00:01:24.01 bitrate=12750.1kbits/s speed=   1x    
frame= 5071 fps= 60 q=-0.0 size=  131525KiB time=00:01:24.51 bitrate=12748.4kbits/s speed=   1x    
frame= 5101 fps= 60 q=-0.0 size=  132279KiB time=00:01:25.01 bitrate=12746.1kbits/s speed=   1x    
frame= 5131 fps= 60 q=-0.0 size=  133036KiB time=00:01:25.51 bitrate=12744.1kbits/s speed=   1x    
frame= 5161 fps= 60 q=-0.0 size=  133798KiB time=00:01:26.01 bitrate=12742.5kbits/s speed=   1x    
frame= 5191 fps= 60 q=-0.0 size=  134572KiB time=00:01:26.51 bitrate=12742.2kbits/s speed=   1x    
frame= 5221 fps= 60 q=-0.0 size=  135355KiB time=00:01:27.01 bitrate=12742.7kbits/s speed=   1x    
frame= 5251 fps= 60 q=-0.0 size=  136222KiB time=00:01:27.51 bitrate=12751.1kbits/s speed=   1x    
frame= 5281 fps= 60 q=-0.0 size=  137003KiB time=00:01:28.01 bitrate=12751.3kbits/s speed=   1x    
frame= 5311 fps= 60 q=-0.0 size=  137762KiB time=00:01:28.51 bitrate=12749.6kbits/s speed=   1x    
frame= 5341 fps= 60 q=-0.0 size=  138500KiB time=00:01:29.01 bitrate=12745.9kbits/s speed=   1x    
frame= 5371 fps= 60 q=-0.0 size=  139252KiB time=00:01:29.51 bitrate=12743.4kbits/s speed=   1x    
frame= 5401 fps= 60 q=-0.0 size=  140067KiB time=00:01:30.01 bitrate=12746.8kbits/s speed=   1x    
frame= 5431 fps= 60 q=-0.0 size=  140871KiB time=00:01:30.51 bitrate=12749.2kbits/s speed=   1x    
frame= 5461 fps= 60 q=-0.0 size=  141673KiB time=00:01:31.01 bitrate=12751.4kbits/s speed=   1x    
frame= 5491 fps= 60 q=-0.0 size=  142469KiB time=00:01:31.51 bitrate=12753.0kbits/s speed=   1x    
frame= 5521 fps= 60 q=-0.0 size=  143232KiB time=00:01:32.01 bitrate=12751.6kbits/s speed=   1x    
frame= 5551 fps= 60 q=-0.0 size=  144024KiB time=00:01:32.51 bitrate=12752.8kbits/s speed=   1x    
frame= 5581 fps= 60 q=-0.0 size=  144798KiB time=00:01:33.01 bitrate=12752.4kbits/s speed=   1x    
frame= 5611 fps= 60 q=-0.0 size=  145589KiB time=00:01:33.51 bitrate=12753.5kbits/s speed=   1x    
frame= 5641 fps= 60 q=-0.0 size=  146352KiB time=00:01:34.01 bitrate=12752.1kbits/s speed=   1x    
frame= 5671 fps= 60 q=-0.0 size=  147135KiB time=00:01:34.51 bitrate=12752.5kbits/s speed=   1x    
frame= 5701 fps= 60 q=-0.0 size=  147911KiB time=00:01:35.01 bitrate=12752.4kbits/s speed=   1x    
frame= 5731 fps= 60 q=-0.0 size=  148679KiB time=00:01:35.51 bitrate=12751.5kbits/s speed=   1x    
frame= 5761 fps= 60 q=-0.0 size=  149475KiB time=00:01:36.01 bitrate=12753.0kbits/s speed=   1x    
frame= 5791 fps= 60 q=-0.0 size=  150236KiB time=00:01:36.51 bitrate=12751.6kbits/s speed=   1x    
frame= 5821 fps= 60 q=-0.0 size=  151017KiB time=00:01:37.01 bitrate=12751.7kbits/s speed=   1x    
frame= 5851 fps= 60 q=-0.0 size=  151767KiB time=00:01:37.51 bitrate=12749.4kbits/s speed=   1x    
frame= 5881 fps= 60 q=-0.0 size=  152577KiB time=00:01:38.01 bitrate=12752.0kbits/s speed=   1x    
frame= 5911 fps= 60 q=-0.0 size=  153375KiB time=00:01:38.51 bitrate=12753.7kbits/s speed=   1x    
frame= 5941 fps= 60 q=-0.0 size=  154129KiB time=00:01:39.01 bitrate=12751.6kbits/s speed=   1x    
frame= 5971 fps= 60 q=-0.0 size=  154886KiB time=00:01:39.51 bitrate=12749.9kbits/s speed=   1x    
frame= 6001 fps= 60 q=-0.0 size=  155650KiB time=00:01:40.01 bitrate=12748.7kbits/s speed=   1x    
frame= 6032 fps= 60 q=-0.0 size=  156488KiB time=00:01:40.53 bitrate=12751.5kbits/s speed=   1x    
frame= 6061 fps= 60 q=-0.0 size=  157116KiB time=00:01:41.01 bitrate=12741.4kbits/s speed=   1x    
frame= 6092 fps= 60 q=-0.0 size=  157976KiB time=00:01:41.53 bitrate=12746.0kbits/s speed=   1x    
frame= 6122 fps= 60 q=-0.0 size=  158725KiB time=00:01:42.03 bitrate=12743.7kbits/s speed=   1x    
frame= 6152 fps= 60 q=-0.0 size=  159494KiB time=00:01:42.53 bitrate=12742.9kbits/s speed=   1x    
frame= 6182 fps= 60 q=-0.0 size=  160355KiB time=00:01:43.03 bitrate=12749.5kbits/s speed=   1x    
frame= 6212 fps= 60 q=-0.0 size=  161172KiB time=00:01:43.53 bitrate=12752.6kbits/s speed=   1x    
frame= 6241 fps= 60 q=-0.0 size=  161858KiB time=00:01:44.01 bitrate=12747.4kbits/s speed=   1x    
frame= 6272 fps= 60 q=-0.0 size=  162722KiB time=00:01:44.53 bitrate=12752.1kbits/s speed=   1x    
frame= 6302 fps= 60 q=-0.0 size=  163493KiB time=00:01:45.03 bitrate=12751.5kbits/s speed=   1x    
frame= 6332 fps= 60 q=-0.0 size=  164256KiB time=00:01:45.53 bitrate=12750.3kbits/s speed=   1x    
frame= 6362 fps= 60 q=-0.0 size=  165025KiB time=00:01:46.03 bitrate=12749.6kbits/s speed=   1x    
frame= 6392 fps= 60 q=-0.0 size=  165738KiB time=00:01:46.53 bitrate=12744.6kbits/s speed=   1x    
frame= 6422 fps= 60 q=-0.0 size=  166416KiB time=00:01:47.03 bitrate=12736.9kbits/s speed=   1x    
frame= 6452 fps= 60 q=-0.0 size=  167314KiB time=00:01:47.53 bitrate=12746.1kbits/s speed=   1x    
frame= 6482 fps= 60 q=-0.0 size=  168107KiB time=00:01:48.03 bitrate=12747.3kbits/s speed=   1x    
frame= 6512 fps= 60 q=-0.0 size=  168908KiB time=00:01:48.53 bitrate=12749.0kbits/s speed=   1x    
frame= 6542 fps= 60 q=-0.0 size=  169693KiB time=00:01:49.03 bitrate=12749.6kbits/s speed=   1x    
frame= 6572 fps= 60 q=-0.0 size=  170496KiB time=00:01:49.53 bitrate=12751.4kbits/s speed=   1x    
frame= 6602 fps= 60 q=-0.0 size=  171238KiB time=00:01:50.03 bitrate=12748.7kbits/s speed=   1x    
frame= 6632 fps= 60 q=-0.0 size=  172011KiB time=00:01:50.53 bitrate=12748.3kbits/s speed=   1x    
frame= 6662 fps= 60 q=-0.0 size=  172798KiB time=00:01:51.03 bitrate=12749.0kbits/s speed=   1x    
frame= 6692 fps= 60 q=-0.0 size=  173585KiB time=00:01:51.53 bitrate=12749.6kbits/s speed=   1x    
frame= 6722 fps= 60 q=-0.0 size=  174368KiB time=00:01:52.03 bitrate=12749.9kbits/s speed=   1x    
frame= 6752 fps= 60 q=-0.0 size=  175168KiB time=00:01:52.53 bitrate=12751.6kbits/s speed=   1x    
frame= 6782 fps= 60 q=-0.0 size=  175980KiB time=00:01:53.03 bitrate=12754.0kbits/s speed=   1x    
frame= 6812 fps= 60 q=-0.0 size=  176729KiB time=00:01:53.53 bitrate=12751.9kbits/s speed=   1x    
frame= 6842 fps= 60 q=-0.0 size=  177469KiB time=00:01:54.03 bitrate=12749.1kbits/s speed=   1x    
frame= 6872 fps= 60 q=-0.0 size=  178319KiB time=00:01:54.53 bitrate=12754.3kbits/s speed=   1x    
frame= 6902 fps= 60 q=-0.0 size=  179083KiB time=00:01:55.03 bitrate=12753.2kbits/s speed=   1x    
frame= 6932 fps= 60 q=-0.0 size=  179888KiB time=00:01:55.53 bitrate=12755.1kbits/s speed=   1x    
frame= 6962 fps= 60 q=-0.0 size=  180647KiB time=00:01:56.03 bitrate=12753.8kbits/s speed=   1x    
frame= 6992 fps= 60 q=-0.0 size=  181418KiB time=00:01:56.53 bitrate=12753.2kbits/s speed=   1x    
frame= 7022 fps= 60 q=-0.0 size=  182162KiB time=00:01:57.03 bitrate=12750.8kbits/s speed=   1x    
frame= 7052 fps= 60 q=-0.0 size=  182755KiB time=00:01:57.53 bitrate=12737.9kbits/s speed=   1x    
frame= 7082 fps= 60 q=-0.0 size=  183485KiB time=00:01:58.03 bitrate=12734.6kbits/s speed=   1x    
frame= 7112 fps= 60 q=-0.0 size=  184347KiB time=00:01:58.53 bitrate=12740.5kbits/s speed=   1x    
frame= 7142 fps= 60 q=-0.0 size=  185199KiB time=00:01:59.03 bitrate=12745.6kbits/s speed=   1x    
frame= 7172 fps= 60 q=-0.0 size=  185998KiB time=00:01:59.53 bitrate=12747.0kbits/s speed=   1x    
frame= 7202 fps= 60 q=-0.0 size=  186770KiB time=00:02:00.03 bitrate=12746.6kbits/s speed=   1x    
frame= 7232 fps= 60 q=-0.0 size=  187345KiB time=00:02:00.53 bitrate=12732.8kbits/s speed=   1x    
frame= 7262 fps= 60 q=-0.0 size=  188124KiB time=00:02:01.03 bitrate=12733.0kbits/s speed=   1x    
frame= 7292 fps= 60 q=-0.0 size=  189055KiB time=00:02:01.53 bitrate=12743.3kbits/s speed=   1x    
frame= 7322 fps= 60 q=-0.0 size=  189874KiB time=00:02:02.03 bitrate=12746.1kbits/s speed=   1x    
frame= 7352 fps= 60 q=-0.0 size=  190634KiB time=00:02:02.53 bitrate=12744.9kbits/s speed=   1x    
frame= 7382 fps= 60 q=-0.0 size=  191316KiB time=00:02:03.03 bitrate=12738.5kbits/s speed=   1x    
frame= 7412 fps= 60 q=-0.0 size=  192078KiB time=00:02:03.53 bitrate=12737.5kbits/s speed=   1x    
frame= 7442 fps= 60 q=-0.0 size=  192854KiB time=00:02:04.03 bitrate=12737.4kbits/s speed=   1x    
frame= 7472 fps= 60 q=-0.0 size=  193640KiB time=00:02:04.53 bitrate=12738.0kbits/s speed=   1x    
frame= 7502 fps= 60 q=-0.0 size=  194413KiB time=00:02:05.03 bitrate=12737.6kbits/s speed=   1x    
frame= 7532 fps= 60 q=-0.0 size=  195201KiB time=00:02:05.53 bitrate=12738.3kbits/s speed=   1x    
frame= 7562 fps= 60 q=-0.0 size=  195977KiB time=00:02:06.03 bitrate=12738.2kbits/s speed=   1x    
frame= 7592 fps= 60 q=-0.0 size=  196758KiB time=00:02:06.53 bitrate=12738.5kbits/s speed=   1x    
frame= 7622 fps= 60 q=-0.0 size=  197535KiB time=00:02:07.03 bitrate=12738.4kbits/s speed=   1x    
frame= 7652 fps= 60 q=-0.0 size=  198313KiB time=00:02:07.53 bitrate=12738.5kbits/s speed=   1x    
frame= 7682 fps= 60 q=-0.0 size=  199028KiB time=00:02:08.03 bitrate=12734.5kbits/s speed=   1x    
frame= 7712 fps= 60 q=-0.0 size=  199807KiB time=00:02:08.53 bitrate=12734.6kbits/s speed=   1x    
frame= 7742 fps= 60 q=-0.0 size=  200586KiB time=00:02:09.03 bitrate=12734.7kbits/s speed=   1x    
frame= 7772 fps= 60 q=-0.0 size=  201604KiB time=00:02:09.53 bitrate=12749.9kbits/s speed=   1x    
frame= 7802 fps= 60 q=-0.0 size=  202283KiB time=00:02:10.03 bitrate=12743.7kbits/s speed=   1x    
frame= 7832 fps= 60 q=-0.0 size=  202990KiB time=00:02:10.53 bitrate=12739.2kbits/s speed=   1x    
frame= 7862 fps= 60 q=-0.0 size=  203785KiB time=00:02:11.03 bitrate=12740.3kbits/s speed=   1x    
frame= 7892 fps= 60 q=-0.0 size=  204546KiB time=00:02:11.53 bitrate=12739.3kbits/s speed=   1x    
frame= 7922 fps= 60 q=-0.0 size=  205351KiB time=00:02:12.03 bitrate=12741.0kbits/s speed=   1x    
frame= 7952 fps= 60 q=-0.0 size=  206152KiB time=00:02:12.53 bitrate=12742.4kbits/s speed=   1x    
frame= 7982 fps= 60 q=-0.0 size=  206885KiB time=00:02:13.03 bitrate=12739.7kbits/s speed=   1x    
frame= 8012 fps= 60 q=-0.0 size=  207703KiB time=00:02:13.53 bitrate=12742.2kbits/s speed=   1x    
frame= 8042 fps= 60 q=-0.0 size=  208433KiB time=00:02:14.03 bitrate=12739.2kbits/s speed=   1x    
frame= 8072 fps= 60 q=-0.0 size=  209250KiB time=00:02:14.53 bitrate=12741.7kbits/s speed=   1x    
frame= 8102 fps= 60 q=-0.0 size=  210003KiB time=00:02:15.03 bitrate=12740.1kbits/s speed=   1x    
frame= 8132 fps= 60 q=-0.0 size=  210817KiB time=00:02:15.53 bitrate=12742.3kbits/s speed=   1x    
frame= 8162 fps= 60 q=-0.0 size=  211654KiB time=00:02:16.03 bitrate=12745.9kbits/s speed=   1x    
frame= 8192 fps= 60 q=-0.0 size=  212465KiB time=00:02:16.53 bitrate=12747.9kbits/s speed=   1x    
frame= 8222 fps= 60 q=-0.0 size=  213240KiB time=00:02:17.03 bitrate=12747.7kbits/s speed=   1x    
frame= 8252 fps= 60 q=-0.0 size=  214005KiB time=00:02:17.53 bitrate=12747.0kbits/s speed=   1x    
frame= 8282 fps= 60 q=-0.0 size=  214822KiB time=00:02:18.03 bitrate=12749.2kbits/s speed=   1x    
frame= 8312 fps= 60 q=-0.0 size=  215582KiB time=00:02:18.53 bitrate=12748.2kbits/s speed=   1x    
frame= 8342 fps= 60 q=-0.0 size=  216378KiB time=00:02:19.03 bitrate=12749.2kbits/s speed=   1x    
frame= 8372 fps= 60 q=-0.0 size=  217141KiB time=00:02:19.53 bitrate=12748.3kbits/s speed=   1x    
frame= 8402 fps= 60 q=-0.0 size=  217915KiB time=00:02:20.03 bitrate=12748.1kbits/s speed=   1x    
frame= 8432 fps= 60 q=-0.0 size=  218687KiB time=00:02:20.53 bitrate=12747.7kbits/s speed=   1x    
frame= 8462 fps= 60 q=-0.0 size=  219494KiB time=00:02:21.03 bitrate=12749.4kbits/s speed=   1x    
frame= 8492 fps= 60 q=-0.0 size=  220250KiB time=00:02:21.53 bitrate=12748.1kbits/s speed=   1x    
frame= 8522 fps= 60 q=-0.0 size=  221049KiB time=00:02:22.03 bitrate=12749.4kbits/s speed=   1x    
frame= 8552 fps= 60 q=-0.0 size=  221823KiB time=00:02:22.53 bitrate=12749.1kbits/s speed=   1x    
frame= 8582 fps= 60 q=-0.0 size=  222609KiB time=00:02:23.03 bitrate=12749.5kbits/s speed=   1x    
frame= 8612 fps= 60 q=-0.0 size=  223398KiB time=00:02:23.53 bitrate=12750.2kbits/s speed=   1x    
frame= 8642 fps= 60 q=-0.0 size=  224190KiB time=00:02:24.03 bitrate=12750.9kbits/s speed=   1x    
frame= 8672 fps= 60 q=-0.0 size=  224974KiB time=00:02:24.53 bitrate=12751.3kbits/s speed=   1x    
frame= 8702 fps= 60 q=-0.0 size=  225733KiB time=00:02:25.03 bitrate=12750.2kbits/s speed=   1x    
frame= 8732 fps= 60 q=-0.0 size=  226507KiB time=00:02:25.53 bitrate=12750.0kbits/s speed=   1x    
frame= 8762 fps= 60 q=-0.0 size=  227285KiB time=00:02:26.03 bitrate=12749.9kbits/s speed=   1x    
frame= 8792 fps= 60 q=-0.0 size=  228086KiB time=00:02:26.53 bitrate=12751.2kbits/s speed=   1x    
frame= 8822 fps= 60 q=-0.0 size=  228794KiB time=00:02:27.03 bitrate=12747.3kbits/s speed=   1x    
frame= 8852 fps= 60 q=-0.0 size=  229584KiB time=00:02:27.53 bitrate=12748.0kbits/s speed=   1x    
frame= 8882 fps= 60 q=-0.0 size=  230415KiB time=00:02:28.03 bitrate=12750.9kbits/s speed=   1x    
frame= 8912 fps= 60 q=-0.0 size=  231167KiB time=00:02:28.53 bitrate=12749.4kbits/s speed=   1x    
frame= 8942 fps= 60 q=-0.0 size=  231939KiB time=00:02:29.03 bitrate=12749.1kbits/s speed=   1x    
frame= 8972 fps= 60 q=-0.0 size=  232725KiB time=00:02:29.53 bitrate=12749.5kbits/s speed=   1x    
frame= 9002 fps= 60 q=-0.0 size=  233490KiB time=00:02:30.03 bitrate=12748.8kbits/s speed=   1x    
frame= 9032 fps= 60 q=-0.0 size=  234268KiB time=00:02:30.53 bitrate=12748.8kbits/s speed=   1x    
frame= 9062 fps= 60 q=-0.0 size=  235048KiB time=00:02:31.03 bitrate=12748.9kbits/s speed=   1x    
frame= 9092 fps= 60 q=-0.0 size=  235837KiB time=00:02:31.53 bitrate=12749.5kbits/s speed=   1x    
frame= 9122 fps= 60 q=-0.0 size=  236615KiB time=00:02:32.03 bitrate=12749.5kbits/s speed=   1x    
frame= 9152 fps= 60 q=-0.0 size=  237394KiB time=00:02:32.53 bitrate=12749.6kbits/s speed=   1x    
frame= 9182 fps= 60 q=-0.0 size=  238191KiB time=00:02:33.03 bitrate=12750.6kbits/s speed=   1x    
frame= 9212 fps= 60 q=-0.0 size=  238962KiB time=00:02:33.53 bitrate=12750.2kbits/s speed=   1x    
frame= 9242 fps= 60 q=-0.0 size=  239729KiB time=00:02:34.03 bitrate=12749.6kbits/s speed=   1x    
frame= 9272 fps= 60 q=-0.0 size=  240478KiB time=00:02:34.53 bitrate=12748.0kbits/s speed=   1x    
frame= 9302 fps= 60 q=-0.0 size=  241265KiB time=00:02:35.03 bitrate=12748.5kbits/s speed=   1x    
frame= 9332 fps= 60 q=-0.0 size=  242068KiB time=00:02:35.53 bitrate=12749.8kbits/s speed=   1x    
frame= 9362 fps= 60 q=-0.0 size=  242847KiB time=00:02:36.03 bitrate=12749.8kbits/s speed=   1x    
frame= 9392 fps= 60 q=-0.0 size=  243630KiB time=00:02:36.53 bitrate=12750.1kbits/s speed=   1x    
frame= 9422 fps= 60 q=-0.0 size=  244389KiB time=00:02:37.03 bitrate=12749.1kbits/s speed=   1x    
frame= 9452 fps= 60 q=-0.0 size=  245170KiB time=00:02:37.53 bitrate=12749.2kbits/s speed=   1x    
frame= 9482 fps= 60 q=-0.0 size=  245967KiB time=00:02:38.03 bitrate=12750.2kbits/s speed=   1x    
frame= 9512 fps= 60 q=-0.0 size=  246745KiB time=00:02:38.53 bitrate=12750.2kbits/s speed=   1x    
frame= 9542 fps= 60 q=-0.0 size=  247523KiB time=00:02:39.03 bitrate=12750.2kbits/s speed=   1x    
frame= 9572 fps= 60 q=-0.0 size=  248278KiB time=00:02:39.53 bitrate=12749.0kbits/s speed=   1x    
frame= 9603 fps= 60 q=-0.0 size=  249115KiB time=00:02:40.05 bitrate=12750.7kbits/s speed=   1x    
frame= 9632 fps= 60 q=-0.0 size=  249870KiB time=00:02:40.53 bitrate=12750.8kbits/s speed=   1x    
frame= 9662 fps= 60 q=-0.0 size=  250632KiB time=00:02:41.05 bitrate=12748.7kbits/s speed=   1x    
frame= 9692 fps= 60 q=-0.0 size=  251423KiB time=00:02:41.53 bitrate=12750.7kbits/s speed=   1x    
frame= 9723 fps= 60 q=-0.0 size=  252204KiB time=00:02:42.05 bitrate=12749.5kbits/s speed=   1x    
frame= 9753 fps= 60 q=-0.0 size=  252981KiB time=00:02:42.55 bitrate=12749.4kbits/s speed=   1x    
frame= 9783 fps= 60 q=-0.0 size=  253776KiB time=00:02:43.05 bitrate=12750.3kbits/s speed=   1x    
frame= 9813 fps= 60 q=-0.0 size=  254555KiB time=00:02:43.55 bitrate=12750.3kbits/s speed=   1x    
frame= 9843 fps= 60 q=-0.0 size=  255328KiB time=00:02:44.05 bitrate=12750.0kbits/s speed=   1x    
frame= 9873 fps= 60 q=-0.0 size=  256111KiB time=00:02:44.55 bitrate=12750.3kbits/s speed=   1x    
frame= 9903 fps= 60 q=-0.0 size=  256890KiB time=00:02:45.05 bitrate=12750.3kbits/s speed=   1x    
frame= 9933 fps= 60 q=-0.0 size=  257673KiB time=00:02:45.55 bitrate=12750.6kbits/s speed=   1x    
frame= 9963 fps= 60 q=-0.0 size=  258463KiB time=00:02:46.05 bitrate=12751.2kbits/s speed=   1x    
frame= 9993 fps= 60 q=-0.0 size=  259243KiB time=00:02:46.55 bitrate=12751.2kbits/s speed=   1x    
frame=10023 fps= 60 q=-0.0 size=  260011KiB time=00:02:47.05 bitrate=12750.7kbits/s speed=   1x    
frame=10053 fps= 60 q=-0.0 size=  260811KiB time=00:02:47.55 bitrate=12751.8kbits/s speed=   1x    
frame=10083 fps= 60 q=-0.0 size=  261593KiB time=00:02:48.05 bitrate=12752.0kbits/s speed=   1x    
frame=10113 fps= 60 q=-0.0 size=  262366KiB time=00:02:48.55 bitrate=12751.7kbits/s speed=   1x    
frame=10143 fps= 60 q=-0.0 size=  263116KiB time=00:02:49.05 bitrate=12750.4kbits/s speed=   1x    
frame=10173 fps= 60 q=-0.0 size=  263901KiB time=00:02:49.55 bitrate=12750.7kbits/s speed=   1x    
frame=10203 fps= 60 q=-0.0 size=  264633KiB time=00:02:50.05 bitrate=12748.5kbits/s speed=   1x    
frame=10233 fps= 60 q=-0.0 size=  265358KiB time=00:02:50.55 bitrate=12745.9kbits/s speed=   1x    
frame=10263 fps= 60 q=-0.0 size=  266039KiB time=00:02:51.05 bitrate=12741.2kbits/s speed=   1x    
frame=10293 fps= 60 q=-0.0 size=  266818KiB time=00:02:51.55 bitrate=12741.3kbits/s speed=   1x    
frame=10323 fps= 60 q=-0.0 size=  267597KiB time=00:02:52.05 bitrate=12741.4kbits/s speed=   1x    
frame=10353 fps= 60 q=-0.0 size=  268376KiB time=00:02:52.55 bitrate=12741.4kbits/s speed=   1x    
frame=10383 fps= 60 q=-0.0 size=  269456KiB time=00:02:53.05 bitrate=12755.8kbits/s speed=   1x    
frame=10413 fps= 60 q=-0.0 size=  270236KiB time=00:02:53.55 bitrate=12755.8kbits/s speed=   1x    
frame=10443 fps= 60 q=-0.0 size=  270964KiB time=00:02:54.05 bitrate=12753.5kbits/s speed=   1x    
frame=10473 fps= 60 q=-0.0 size=  271712KiB time=00:02:54.55 bitrate=12752.0kbits/s speed=   1x    
frame=10503 fps= 60 q=-0.0 size=  272459KiB time=00:02:55.05 bitrate=12750.5kbits/s speed=   1x    
frame=10533 fps= 60 q=-0.0 size=  273223KiB time=00:02:55.55 bitrate=12749.9kbits/s speed=   1x    
frame=10563 fps= 60 q=-0.0 size=  274058KiB time=00:02:56.05 bitrate=12752.5kbits/s speed=   1x    
frame=10593 fps= 60 q=-0.0 size=  274830KiB time=00:02:56.55 bitrate=12752.2kbits/s speed=   1x    
frame=10623 fps= 60 q=-0.0 size=  275607KiB time=00:02:57.05 bitrate=12752.2kbits/s speed=   1x    
frame=10653 fps= 60 q=-0.0 size=  276365KiB time=00:02:57.55 bitrate=12751.2kbits/s speed=   1x    
frame=10683 fps= 60 q=-0.0 size=  277137KiB time=00:02:58.05 bitrate=12751.0kbits/s speed=   1x    
frame=10713 fps= 60 q=-0.0 size=  277905KiB time=00:02:58.55 bitrate=12750.5kbits/s speed=   1x    
frame=10743 fps= 60 q=-0.0 size=  278682KiB time=00:02:59.05 bitrate=12750.4kbits/s speed=   1x    
frame=10773 fps= 60 q=-0.0 size=  279465KiB time=00:02:59.55 bitrate=12750.6kbits/s speed=   1x    
frame=10803 fps= 60 q=-0.0 size=  280349KiB time=00:03:00.05 bitrate=12755.5kbits/s speed=   1x    
frame=10833 fps= 60 q=-0.0 size=  280838KiB time=00:03:00.55 bitrate=12742.3kbits/s speed=   1x    
frame=10863 fps= 60 q=-0.0 size=  281617KiB time=00:03:01.05 bitrate=12742.4kbits/s speed=   1x    
frame=10893 fps= 60 q=-0.0 size=  282396KiB time=00:03:01.55 bitrate=12742.4kbits/s speed=   1x    
frame=10923 fps= 60 q=-0.0 size=  283174KiB time=00:03:02.05 bitrate=12742.5kbits/s speed=   1x    
frame=10953 fps= 60 q=-0.0 size=  283953KiB time=00:03:02.55 bitrate=12742.5kbits/s speed=   1x    
frame=10983 fps= 60 q=-0.0 size=  284732KiB time=00:03:03.05 bitrate=12742.5kbits/s speed=   1x    
frame=11013 fps= 60 q=-0.0 size=  285510KiB time=00:03:03.55 bitrate=12742.6kbits/s speed=   1x    
frame=11043 fps= 60 q=-0.0 size=  286289KiB time=00:03:04.05 bitrate=12742.6kbits/s speed=   1x    
frame=11073 fps= 60 q=-0.0 size=  287068KiB time=00:03:04.55 bitrate=12742.7kbits/s speed=   1x    
frame=11103 fps= 60 q=-0.0 size=  287846KiB time=00:03:05.05 bitrate=12742.7kbits/s speed=   1x    
frame=11133 fps= 60 q=-0.0 size=  288625KiB time=00:03:05.55 bitrate=12742.8kbits/s speed=   1x    
frame=11163 fps= 60 q=-0.0 size=  289404KiB time=00:03:06.05 bitrate=12742.8kbits/s speed=   1x    
frame=11193 fps= 60 q=-0.0 size=  290330KiB time=00:03:06.55 bitrate=12749.3kbits/s speed=   1x    
frame=11223 fps= 60 q=-0.0 size=  291170KiB time=00:03:07.05 bitrate=12752.0kbits/s speed=   1x    
frame=11253 fps= 60 q=-0.0 size=  291938KiB time=00:03:07.55 bitrate=12751.6kbits/s speed=   1x    
frame=11283 fps= 60 q=-0.0 size=  292709KiB time=00:03:08.05 bitrate=12751.3kbits/s speed=   1x    
frame=11313 fps= 60 q=-0.0 size=  293479KiB time=00:03:08.55 bitrate=12750.9kbits/s speed=   1x    
frame=11343 fps= 60 q=-0.0 size=  294273KiB time=00:03:09.05 bitrate=12751.6kbits/s speed=   1x    
frame=11373 fps= 60 q=-0.0 size=  295128KiB time=00:03:09.55 bitrate=12754.9kbits/s speed=   1x    
frame=11403 fps= 60 q=-0.0 size=  295929KiB time=00:03:10.05 bitrate=12755.9kbits/s speed=   1x    
frame=11433 fps= 60 q=-0.0 size=  296700KiB time=00:03:10.55 bitrate=12755.5kbits/s speed=   1x    
frame=11463 fps= 60 q=-0.0 size=  297469KiB time=00:03:11.05 bitrate=12755.1kbits/s speed=   1x    
frame=11493 fps= 60 q=-0.0 size=  298245KiB time=00:03:11.55 bitrate=12755.0kbits/s speed=   1x    
frame=11523 fps= 60 q=-0.0 size=  299051KiB time=00:03:12.05 bitrate=12756.2kbits/s speed=   1x    
frame=11553 fps= 60 q=-0.0 size=  299859KiB time=00:03:12.55 bitrate=12757.4kbits/s speed=   1x    
frame=11583 fps= 60 q=-0.0 size=  300582KiB time=00:03:13.05 bitrate=12755.1kbits/s speed=   1x    
frame=11613 fps= 60 q=-0.0 size=  301333KiB time=00:03:13.55 bitrate=12753.9kbits/s speed=   1x    
frame=11643 fps= 60 q=-0.0 size=  302104KiB time=00:03:14.05 bitrate=12753.6kbits/s speed=   1x    
frame=11673 fps= 60 q=-0.0 size=  302928KiB time=00:03:14.55 bitrate=12755.5kbits/s speed=   1x    
frame=11703 fps= 60 q=-0.0 size=  303723KiB time=00:03:15.05 bitrate=12756.2kbits/s speed=   1x    
frame=11733 fps= 60 q=-0.0 size=  304474KiB time=00:03:15.55 bitrate=12755.1kbits/s speed=   1x    
frame=11763 fps= 60 q=-0.0 size=  305260KiB time=00:03:16.05 bitrate=12755.4kbits/s speed=   1x    
frame=11793 fps= 60 q=-0.0 size=  306018KiB time=00:03:16.55 bitrate=12754.5kbits/s speed=   1x    
frame=11823 fps= 60 q=-0.0 size=  306774KiB time=00:03:17.05 bitrate=12753.6kbits/s speed=   1x    
frame=11853 fps= 60 q=-0.0 size=  307567KiB time=00:03:17.55 bitrate=12754.2kbits/s speed=   1x    
frame=11883 fps= 60 q=-0.0 size=  308346KiB time=00:03:18.05 bitrate=12754.2kbits/s speed=   1x    
frame=11913 fps= 60 q=-0.0 size=  309139KiB time=00:03:18.55 bitrate=12754.8kbits/s speed=   1x    
frame=11943 fps= 60 q=-0.0 size=  309964KiB time=00:03:19.05 bitrate=12756.7kbits/s speed=   1x    
frame=11973 fps= 60 q=-0.0 size=  310740KiB time=00:03:19.55 bitrate=12756.6kbits/s speed=   1x    
frame=12002 fps= 60 q=-0.0 size=  311514KiB time=00:03:20.03 bitrate=12757.5kbits/s speed=   1x    
frame=12033 fps= 60 q=-0.0 size=  312298KiB time=00:03:20.55 bitrate=12756.6kbits/s speed=   1x    
frame=12063 fps= 60 q=-0.0 size=  313036KiB time=00:03:21.05 bitrate=12755.0kbits/s speed=   1x    
frame=12093 fps= 60 q=-0.0 size=  313793KiB time=00:03:21.55 bitrate=12754.1kbits/s speed=   1x    
frame=12123 fps= 60 q=-0.0 size=  314547KiB time=00:03:22.05 bitrate=12753.1kbits/s speed=   1x    
frame=12153 fps= 60 q=-0.0 size=  315321KiB time=00:03:22.55 bitrate=12753.0kbits/s speed=   1x    
frame=12183 fps= 60 q=-0.0 size=  316095KiB time=00:03:23.05 bitrate=12752.8kbits/s speed=   1x    
frame=12213 fps= 60 q=-0.0 size=  316904KiB time=00:03:23.55 bitrate=12754.0kbits/s speed=   1x    
frame=12243 fps= 60 q=-0.0 size=  317682KiB time=00:03:24.05 bitrate=12754.0kbits/s speed=   1x    
frame=12273 fps= 60 q=-0.0 size=  318430KiB time=00:03:24.55 bitrate=12752.8kbits/s speed=   1x    
frame=12303 fps= 60 q=-0.0 size=  319210KiB time=00:03:25.05 bitrate=12752.8kbits/s speed=   1x    
frame=12333 fps= 60 q=-0.0 size=  320002KiB time=00:03:25.55 bitrate=12753.4kbits/s speed=   1x    
frame=12363 fps= 60 q=-0.0 size=  320770KiB time=00:03:26.05 bitrate=12753.0kbits/s speed=   1x    
frame=12393 fps= 60 q=-0.0 size=  321542KiB time=00:03:26.55 bitrate=12752.7kbits/s speed=   1x    
frame=12423 fps= 60 q=-0.0 size=  322308KiB time=00:03:27.05 bitrate=12752.2kbits/s speed=   1x    
frame=12453 fps= 60 q=-0.0 size=  323089KiB time=00:03:27.55 bitrate=12752.3kbits/s speed=   1x    
frame=12483 fps= 60 q=-0.0 size=  323870KiB time=00:03:28.05 bitrate=12752.4kbits/s speed=   1x    
frame=12513 fps= 60 q=-0.0 size=  324651KiB time=00:03:28.55 bitrate=12752.5kbits/s speed=   1x    
frame=12543 fps= 60 q=-0.0 size=  325475KiB time=00:03:29.05 bitrate=12754.3kbits/s speed=   1x    
frame=12573 fps= 60 q=-0.0 size=  326296KiB time=00:03:29.55 bitrate=12756.0kbits/s speed=   1x    
frame=12603 fps= 60 q=-0.0 size=  327058KiB time=00:03:30.05 bitrate=12755.3kbits/s speed=   1x    
frame=12633 fps= 60 q=-0.0 size=  327815KiB time=00:03:30.55 bitrate=12754.5kbits/s speed=   1x    
frame=12663 fps= 60 q=-0.0 size=  328571KiB time=00:03:31.05 bitrate=12753.6kbits/s speed=   1x    
frame=12693 fps= 60 q=-0.0 size=  329345KiB time=00:03:31.55 bitrate=12753.4kbits/s speed=   1x    
frame=12723 fps= 60 q=-0.0 size=  330147KiB time=00:03:32.05 bitrate=12754.4kbits/s speed=   1x    
frame=12753 fps= 60 q=-0.0 size=  330897KiB time=00:03:32.55 bitrate=12753.3kbits/s speed=   1x    
frame=12783 fps= 60 q=-0.0 size=  331669KiB time=00:03:33.05 bitrate=12753.0kbits/s speed=   1x    
frame=12813 fps= 60 q=-0.0 size=  332446KiB time=00:03:33.55 bitrate=12753.0kbits/s speed=   1x    
frame=12843 fps= 60 q=-0.0 size=  333209KiB time=00:03:34.05 bitrate=12752.4kbits/s speed=   1x    
frame=12873 fps= 60 q=-0.0 size=  333999KiB time=00:03:34.55 bitrate=12752.8kbits/s speed=   1x    
frame=12903 fps= 60 q=-0.0 size=  334771KiB time=00:03:35.05 bitrate=12752.6kbits/s speed=   1x    
frame=12933 fps= 60 q=-0.0 size=  335550KiB time=00:03:35.55 bitrate=12752.6kbits/s speed=   1x    
frame=12963 fps= 60 q=-0.0 size=  336316KiB time=00:03:36.05 bitrate=12752.1kbits/s speed=   1x    
frame=12993 fps= 60 q=-0.0 size=  337119KiB time=00:03:36.55 bitrate=12753.1kbits/s speed=   1x    
frame=13023 fps= 60 q=-0.0 size=  337885KiB time=00:03:37.05 bitrate=12752.6kbits/s speed=   1x    
frame=13053 fps= 60 q=-0.0 size=  338691KiB time=00:03:37.55 bitrate=12753.6kbits/s speed=   1x    
frame=13083 fps= 60 q=-0.0 size=  339484KiB time=00:03:38.05 bitrate=12754.2kbits/s speed=   1x    
frame=13113 fps= 60 q=-0.0 size=  340266KiB time=00:03:38.55 bitrate=12754.3kbits/s speed=   1x    
frame=13143 fps= 60 q=-0.0 size=  341046KiB time=00:03:39.05 bitrate=12754.4kbits/s speed=   1x    
frame=13173 fps= 60 q=-0.0 size=  341830KiB time=00:03:39.55 bitrate=12754.6kbits/s speed=   1x    
frame=13203 fps= 60 q=-0.0 size=  342602KiB time=00:03:40.05 bitrate=12754.3kbits/s speed=   1x    
frame=13233 fps= 60 q=-0.0 size=  343380KiB time=00:03:40.55 bitrate=12754.3kbits/s speed=   1x    
frame=13263 fps= 60 q=-0.0 size=  344145KiB time=00:03:41.05 bitrate=12753.8kbits/s speed=   1x    
frame=13293 fps= 60 q=-0.0 size=  344937KiB time=00:03:41.55 bitrate=12754.3kbits/s speed=   1x    
frame=13323 fps= 60 q=-0.0 size=  345733KiB time=00:03:42.05 bitrate=12755.0kbits/s speed=   1x    
frame=13353 fps= 60 q=-0.0 size=  346495KiB time=00:03:42.55 bitrate=12754.4kbits/s speed=   1x    
frame=13383 fps= 60 q=-0.0 size=  347304KiB time=00:03:43.05 bitrate=12755.5kbits/s speed=   1x    
frame=13413 fps= 60 q=-0.0 size=  348073KiB time=00:03:43.55 bitrate=12755.1kbits/s speed=   1x    
frame=13443 fps= 60 q=-0.0 size=  348832KiB time=00:03:44.05 bitrate=12754.5kbits/s speed=   1x    
frame=13473 fps= 60 q=-0.0 size=  349619KiB time=00:03:44.55 bitrate=12754.7kbits/s speed=   1x    
frame=13503 fps= 60 q=-0.0 size=  350405KiB time=00:03:45.05 bitrate=12755.0kbits/s speed=   1x    
frame=13534 fps= 60 q=-0.0 size=  351216KiB time=00:03:45.56 bitrate=12755.3kbits/s speed=   1x    
frame=13563 fps= 60 q=-0.0 size=  351990KiB time=00:03:46.05 bitrate=12756.0kbits/s speed=   1x    
frame=13594 fps= 60 q=-0.0 size=  352782KiB time=00:03:46.56 bitrate=12755.6kbits/s speed=   1x    
frame=13624 fps= 60 q=-0.0 size=  353579KiB time=00:03:47.06 bitrate=12756.3kbits/s speed=   1x    
frame=13654 fps= 60 q=-0.0 size=  354321KiB time=00:03:47.56 bitrate=12754.9kbits/s speed=   1x    
frame=13684 fps= 60 q=-0.0 size=  355107KiB time=00:03:48.06 bitrate=12755.2kbits/s speed=   1x    
frame=13714 fps= 60 q=-0.0 size=  355901KiB time=00:03:48.56 bitrate=12755.8kbits/s speed=   1x    
frame=13744 fps= 60 q=-0.0 size=  356685KiB time=00:03:49.06 bitrate=12755.9kbits/s speed=   1x    
frame=13774 fps= 60 q=-0.0 size=  357482KiB time=00:03:49.56 bitrate=12756.6kbits/s speed=   1x    
frame=13804 fps= 60 q=-0.0 size=  358253KiB time=00:03:50.06 bitrate=12756.3kbits/s speed=   1x    
frame=13834 fps= 60 q=-0.0 size=  359023KiB time=00:03:50.56 bitrate=12756.0kbits/s speed=   1x    
frame=13863 fps= 60 q=-0.0 size=  359783KiB time=00:03:51.05 bitrate=12756.3kbits/s speed=   1x    
frame=13894 fps= 60 q=-0.0 size=  360589KiB time=00:03:51.56 bitrate=12756.4kbits/s speed=   1x    
frame=13924 fps= 60 q=-0.0 size=  361364KiB time=00:03:52.06 bitrate=12756.2kbits/s speed=   1x    
frame=13954 fps= 60 q=-0.0 size=  362183KiB time=00:03:52.56 bitrate=12757.7kbits/s speed=   1x    
frame=13984 fps= 60 q=-0.0 size=  362937KiB time=00:03:53.06 bitrate=12756.8kbits/s speed=   1x    
frame=14014 fps= 60 q=-0.0 size=  363689KiB time=00:03:53.56 bitrate=12755.8kbits/s speed=   1x    
frame=14044 fps= 60 q=-0.0 size=  364496KiB time=00:03:54.06 bitrate=12756.8kbits/s speed=   1x    
frame=14074 fps= 60 q=-0.0 size=  365247KiB time=00:03:54.56 bitrate=12755.9kbits/s speed=   1x    
frame=14104 fps= 60 q=-0.0 size=  366020KiB time=00:03:55.06 bitrate=12755.7kbits/s speed=   1x    
frame=14134 fps= 60 q=-0.0 size=  366789KiB time=00:03:55.56 bitrate=12755.3kbits/s speed=   1x    
frame=14164 fps= 60 q=-0.0 size=  367584KiB time=00:03:56.06 bitrate=12755.9kbits/s speed=   1x    
frame=14194 fps= 60 q=-0.0 size=  368362KiB time=00:03:56.56 bitrate=12755.9kbits/s speed=   1x    
frame=14224 fps= 60 q=-0.0 size=  369137KiB time=00:03:57.06 bitrate=12755.8kbits/s speed=   1x    
frame=14254 fps= 60 q=-0.0 size=  369915KiB time=00:03:57.56 bitrate=12755.8kbits/s speed=   1x    
frame=14284 fps= 60 q=-0.0 size=  370698KiB time=00:03:58.06 bitrate=12755.9kbits/s speed=   1x    
frame=14314 fps= 60 q=-0.0 size=  371467KiB time=00:03:58.56 bitrate=12755.6kbits/s speed=   1x    
frame=14344 fps= 60 q=-0.0 size=  372273KiB time=00:03:59.06 bitrate=12756.5kbits/s speed=   1x    
frame=14374 fps= 60 q=-0.0 size=  373071KiB time=00:03:59.56 bitrate=12757.2kbits/s speed=   1x    
frame=14404 fps= 60 q=-0.0 size=  373851KiB time=00:04:00.06 bitrate=12757.2kbits/s speed=   1x    
frame=14434 fps= 60 q=-0.0 size=  374621KiB time=00:04:00.56 bitrate=12757.0kbits/s speed=   1x    
frame=14464 fps= 60 q=-0.0 size=  375328KiB time=00:04:01.06 bitrate=12754.5kbits/s speed=   1x    
frame=14494 fps= 60 q=-0.0 size=  376147KiB time=00:04:01.56 bitrate=12755.9kbits/s speed=   1x    
frame=14524 fps= 60 q=-0.0 size=  376961KiB time=00:04:02.06 bitrate=12757.1kbits/s speed=   1x    
frame=14554 fps= 60 q=-0.0 size=  377726KiB time=00:04:02.56 bitrate=12756.6kbits/s speed=   1x    
frame=14584 fps= 60 q=-0.0 size=  378537KiB time=00:04:03.06 bitrate=12757.7kbits/s speed=   1x    
frame=14614 fps= 60 q=-0.0 size=  379277KiB time=00:04:03.56 bitrate=12756.4kbits/s speed=   1x    
frame=14644 fps= 60 q=-0.0 size=  380075KiB time=00:04:04.06 bitrate=12757.1kbits/s speed=   1x    
frame=14674 fps= 60 q=-0.0 size=  380901KiB time=00:04:04.56 bitrate=12758.7kbits/s speed=   1x    
frame=14704 fps= 60 q=-0.0 size=  381494KiB time=00:04:05.06 bitrate=12752.5kbits/s speed=   1x    
frame=14734 fps= 60 q=-0.0 size=  382229KiB time=00:04:05.56 bitrate=12751.0kbits/s speed=   1x    
frame=14764 fps= 60 q=-0.0 size=  383059KiB time=00:04:06.06 bitrate=12752.7kbits/s speed=   1x    
frame=14794 fps= 60 q=-0.0 size=  383817KiB time=00:04:06.56 bitrate=12752.1kbits/s speed=   1x    
frame=14824 fps= 60 q=-0.0 size=  384468KiB time=00:04:07.06 bitrate=12747.8kbits/s speed=   1x    
frame=14854 fps= 60 q=-0.0 size=  385249KiB time=00:04:07.56 bitrate=12747.9kbits/s speed=   1x    
frame=14884 fps= 60 q=-0.0 size=  386038KiB time=00:04:08.06 bitrate=12748.3kbits/s speed=   1x    
frame=14914 fps= 60 q=-0.0 size=  386812KiB time=00:04:08.56 bitrate=12748.1kbits/s speed=   1x    
frame=14944 fps= 60 q=-0.0 size=  387604KiB time=00:04:09.06 bitrate=12748.6kbits/s speed=   1x    
frame=14974 fps= 60 q=-0.0 size=  388369KiB time=00:04:09.56 bitrate=12748.2kbits/s speed=   1x    
frame=15004 fps= 60 q=-0.0 size=  389183KiB time=00:04:10.06 bitrate=12749.4kbits/s speed=   1x    
frame=15034 fps= 60 q=-0.0 size=  389929KiB time=00:04:10.56 bitrate=12748.3kbits/s speed=   1x    
frame=15064 fps= 60 q=-0.0 size=  390736KiB time=00:04:11.06 bitrate=12749.3kbits/s speed=   1x    
frame=15094 fps= 60 q=-0.0 size=  391481KiB time=00:04:11.56 bitrate=12748.2kbits/s speed=   1x    
frame=15124 fps= 60 q=-0.0 size=  392359KiB time=00:04:12.06 bitrate=12751.4kbits/s speed=   1x    
frame=15154 fps= 60 q=-0.0 size=  393021KiB time=00:04:12.56 bitrate=12747.7kbits/s speed=   1x    
frame=15184 fps= 60 q=-0.0 size=  393800KiB time=00:04:13.06 bitrate=12747.7kbits/s speed=   1x    
frame=15214 fps= 60 q=-0.0 size=  394881KiB time=00:04:13.56 bitrate=12757.5kbits/s speed=   1x    
frame=15244 fps= 60 q=-0.0 size=  395532KiB time=00:04:14.06 bitrate=12753.3kbits/s speed=   1x    
frame=15274 fps= 60 q=-0.0 size=  396256KiB time=00:04:14.56 bitrate=12751.6kbits/s speed=   1x    
frame=15304 fps= 60 q=-0.0 size=  396946KiB time=00:04:15.06 bitrate=12748.8kbits/s speed=   1x    
frame=15334 fps= 60 q=-0.0 size=  397727KiB time=00:04:15.56 bitrate=12748.8kbits/s speed=   1x    
frame=15364 fps= 60 q=-0.0 size=  398506KiB time=00:04:16.06 bitrate=12748.9kbits/s speed=   1x    
frame=15394 fps= 60 q=-0.0 size=  399302KiB time=00:04:16.56 bitrate=12749.4kbits/s speed=   1x    
frame=15424 fps= 60 q=-0.0 size=  400103KiB time=00:04:17.06 bitrate=12750.2kbits/s speed=   1x    
frame=15454 fps= 60 q=-0.0 size=  400870KiB time=00:04:17.56 bitrate=12749.8kbits/s speed=   1x    
frame=15484 fps= 60 q=-0.0 size=  401649KiB time=00:04:18.06 bitrate=12749.9kbits/s speed=   1x    
frame=15514 fps= 60 q=-0.0 size=  402441KiB time=00:04:18.56 bitrate=12750.3kbits/s speed=   1x    
frame=15544 fps= 60 q=-0.0 size=  403223KiB time=00:04:19.06 bitrate=12750.4kbits/s speed=   1x    
frame=15574 fps= 60 q=-0.0 size=  403978KiB time=00:04:19.56 bitrate=12749.7kbits/s speed=   1x    
frame=15604 fps= 60 q=-0.0 size=  404726KiB time=00:04:20.06 bitrate=12748.7kbits/s speed=   1x    
frame=15634 fps= 60 q=-0.0 size=  405638KiB time=00:04:20.56 bitrate=12752.9kbits/s speed=   1x    
frame=15664 fps= 60 q=-0.0 size=  406449KiB time=00:04:21.06 bitrate=12753.9kbits/s speed=   1x    
frame=15694 fps= 60 q=-0.0 size=  407224KiB time=00:04:21.56 bitrate=12753.8kbits/s speed=   1x    
frame=15724 fps= 60 q=-0.0 size=  408013KiB time=00:04:22.06 bitrate=12754.2kbits/s speed=   1x    
frame=15754 fps= 60 q=-0.0 size=  408787KiB time=00:04:22.56 bitrate=12754.0kbits/s speed=   1x    
frame=15784 fps= 60 q=-0.0 size=  409553KiB time=00:04:23.06 bitrate=12753.6kbits/s speed=   1x    
frame=15814 fps= 60 q=-0.0 size=  410365KiB time=00:04:23.56 bitrate=12754.7kbits/s speed=   1x    
frame=15844 fps= 60 q=-0.0 size=  411139KiB time=00:04:24.06 bitrate=12754.6kbits/s speed=   1x    
frame=15874 fps= 60 q=-0.0 size=  411923KiB time=00:04:24.56 bitrate=12754.7kbits/s speed=   1x    
frame=15904 fps= 60 q=-0.0 size=  412669KiB time=00:04:25.06 bitrate=12753.7kbits/s speed=   1x    
frame=15934 fps= 60 q=-0.0 size=  413447KiB time=00:04:25.56 bitrate=12753.7kbits/s speed=   1x    
frame=15964 fps= 60 q=-0.0 size=  414229KiB time=00:04:26.06 bitrate=12753.8kbits/s speed=   1x    
frame=15994 fps= 60 q=-0.0 size=  415027KiB time=00:04:26.56 bitrate=12754.4kbits/s speed=   1x    
frame=16024 fps= 60 q=-0.0 size=  415805KiB time=00:04:27.06 bitrate=12754.4kbits/s speed=   1x    
frame=16054 fps= 60 q=-0.0 size=  416598KiB time=00:04:27.56 bitrate=12754.8kbits/s speed=   1x    
frame=16084 fps= 60 q=-0.0 size=  417369KiB time=00:04:28.06 bitrate=12754.6kbits/s speed=   1x    
frame=16114 fps= 60 q=-0.0 size=  418128KiB time=00:04:28.56 bitrate=12754.0kbits/s speed=   1x    
frame=16144 fps= 60 q=-0.0 size=  418894KiB time=00:04:29.06 bitrate=12753.6kbits/s speed=   1x    
frame=16174 fps= 60 q=-0.0 size=  419724KiB time=00:04:29.56 bitrate=12755.2kbits/s speed=   1x    
frame=16204 fps= 60 q=-0.0 size=  420472KiB time=00:04:30.06 bitrate=12754.3kbits/s speed=   1x    
frame=16234 fps= 60 q=-0.0 size=  421266KiB time=00:04:30.56 bitrate=12754.7kbits/s speed=   1x    
frame=16264 fps= 60 q=-0.0 size=  422022KiB time=00:04:31.06 bitrate=12754.1kbits/s speed=   1x    
frame=16294 fps= 60 q=-0.0 size=  422809KiB time=00:04:31.56 bitrate=12754.3kbits/s speed=   1x    
frame=16324 fps= 60 q=-0.0 size=  423595KiB time=00:04:32.06 bitrate=12754.5kbits/s speed=   1x    
frame=16354 fps= 60 q=-0.0 size=  424331KiB time=00:04:32.56 bitrate=12753.3kbits/s speed=   1x    
frame=16384 fps= 60 q=-0.0 size=  425148KiB time=00:04:33.06 bitrate=12754.5kbits/s speed=   1x    
frame=16414 fps= 60 q=-0.0 size=  425928KiB time=00:04:33.56 bitrate=12754.5kbits/s speed=   1x    
frame=16444 fps= 60 q=-0.0 size=  426701KiB time=00:04:34.06 bitrate=12754.3kbits/s speed=   1x    
frame=16474 fps= 60 q=-0.0 size=  427478KiB time=00:04:34.56 bitrate=12754.3kbits/s speed=   1x    
frame=16504 fps= 60 q=-0.0 size=  428229KiB time=00:04:35.06 bitrate=12753.5kbits/s speed=   1x    
frame=16534 fps= 60 q=-0.0 size=  429023KiB time=00:04:35.56 bitrate=12753.9kbits/s speed=   1x    
frame=16564 fps= 60 q=-0.0 size=  429803KiB time=00:04:36.06 bitrate=12754.0kbits/s speed=   1x    
frame=16594 fps= 60 q=-0.0 size=  430600KiB time=00:04:36.56 bitrate=12754.5kbits/s speed=   1x    
frame=16624 fps= 60 q=-0.0 size=  431380KiB time=00:04:37.06 bitrate=12754.6kbits/s speed=   1x    
frame=16654 fps= 60 q=-0.0 size=  432150KiB time=00:04:37.56 bitrate=12754.3kbits/s speed=   1x    
frame=16684 fps= 60 q=-0.0 size=  432959KiB time=00:04:38.06 bitrate=12755.2kbits/s speed=   1x    
frame=16714 fps= 60 q=-0.0 size=  433764KiB time=00:04:38.56 bitrate=12756.0kbits/s speed=   1x    
frame=16744 fps= 60 q=-0.0 size=  434533KiB time=00:04:39.06 bitrate=12755.7kbits/s speed=   1x    
frame=16774 fps= 60 q=-0.0 size=  435313KiB time=00:04:39.56 bitrate=12755.7kbits/s speed=   1x    
frame=16804 fps= 60 q=-0.0 size=  436094KiB time=00:04:40.06 bitrate=12755.8kbits/s speed=   1x    
frame=16834 fps= 60 q=-0.0 size=  436855KiB time=00:04:40.56 bitrate=12755.3kbits/s speed=   1x    
frame=16864 fps= 60 q=-0.0 size=  437632KiB time=00:04:41.06 bitrate=12755.3kbits/s speed=   1x    
frame=16894 fps= 60 q=-0.0 size=  438395KiB time=00:04:41.56 bitrate=12754.8kbits/s speed=   1x    
frame=16924 fps= 60 q=-0.0 size=  439196KiB time=00:04:42.06 bitrate=12755.5kbits/s speed=   1x    
frame=16954 fps= 60 q=-0.0 size=  439990KiB time=00:04:42.56 bitrate=12755.9kbits/s speed=   1x    
frame=16985 fps= 60 q=-0.0 size=  440772KiB time=00:04:43.08 bitrate=12755.3kbits/s speed=   1x    
frame=17014 fps= 60 q=-0.0 size=  441534KiB time=00:04:43.56 bitrate=12755.5kbits/s speed=   1x    
frame=17044 fps= 60 q=-0.0 size=  442337KiB time=00:04:44.06 bitrate=12756.2kbits/s speed=   1x    
frame=17074 fps= 60 q=-0.0 size=  443062KiB time=00:04:44.56 bitrate=12754.7kbits/s speed=   1x    
frame=17105 fps= 60 q=-0.0 size=  443856KiB time=00:04:45.08 bitrate=12754.4kbits/s speed=   1x    
frame=17135 fps= 60 q=-0.0 size=  444619KiB time=00:04:45.58 bitrate=12754.0kbits/s speed=   1x    
frame=17165 fps= 60 q=-0.0 size=  445423KiB time=00:04:46.08 bitrate=12754.7kbits/s speed=   1x    
frame=17195 fps= 60 q=-0.0 size=  446177KiB time=00:04:46.58 bitrate=12754.0kbits/s speed=   1x    
frame=17225 fps= 60 q=-0.0 size=  446967KiB time=00:04:47.08 bitrate=12754.3kbits/s speed=   1x    
frame=17255 fps= 60 q=-0.0 size=  447750KiB time=00:04:47.58 bitrate=12754.5kbits/s speed=   1x    
frame=17285 fps= 60 q=-0.0 size=  448523KiB time=00:04:48.08 bitrate=12754.3kbits/s speed=   1x    
frame=17315 fps= 60 q=-0.0 size=  449306KiB time=00:04:48.58 bitrate=12754.4kbits/s speed=   1x    
frame=17345 fps= 60 q=-0.0 size=  450078KiB time=00:04:49.08 bitrate=12754.2kbits/s speed=   1x    
frame=17375 fps= 60 q=-0.0 size=  450873KiB time=00:04:49.58 bitrate=12754.7kbits/s speed=   1x    
frame=17405 fps= 60 q=-0.0 size=  451623KiB time=00:04:50.08 bitrate=12753.9kbits/s speed=   1x    
frame=17435 fps= 60 q=-0.0 size=  452429KiB time=00:04:50.58 bitrate=12754.7kbits/s speed=   1x    
frame=17465 fps= 60 q=-0.0 size=  453176KiB time=00:04:51.08 bitrate=12753.8kbits/s speed=   1x    
frame=17495 fps= 60 q=-0.0 size=  453908KiB time=00:04:51.58 bitrate=12752.5kbits/s speed=   1x    
frame=17525 fps= 60 q=-0.0 size=  454686KiB time=00:04:52.08 bitrate=12752.5kbits/s speed=   1x    
frame=17555 fps= 60 q=-0.0 size=  455438KiB time=00:04:52.58 bitrate=12751.7kbits/s speed=   1x    
frame=17585 fps= 60 q=-0.0 size=  456137KiB time=00:04:53.08 bitrate=12749.5kbits/s speed=   1x    
frame=17615 fps= 60 q=-0.0 size=  456917KiB time=00:04:53.58 bitrate=12749.6kbits/s speed=   1x    
frame=17645 fps= 60 q=-0.0 size=  457696KiB time=00:04:54.08 bitrate=12749.6kbits/s speed=   1x    
frame=17675 fps= 60 q=-0.0 size=  458820KiB time=00:04:54.58 bitrate=12759.2kbits/s speed=   1x    
frame=17705 fps= 60 q=-0.0 size=  459499KiB time=00:04:55.08 bitrate=12756.4kbits/s speed=   1x    
frame=17735 fps= 60 q=-0.0 size=  460246KiB time=00:04:55.58 bitrate=12755.6kbits/s speed=   1x    
frame=17765 fps= 60 q=-0.0 size=  460991KiB time=00:04:56.08 bitrate=12754.7kbits/s speed=   1x    
frame=17795 fps= 60 q=-0.0 size=  461759KiB time=00:04:56.58 bitrate=12754.3kbits/s speed=   1x    
frame=17825 fps= 60 q=-0.0 size=  462516KiB time=00:04:57.08 bitrate=12753.8kbits/s speed=   1x    
frame=17855 fps= 60 q=-0.0 size=  463345KiB time=00:04:57.58 bitrate=12755.2kbits/s speed=   1x    
frame=17885 fps= 60 q=-0.0 size=  464078KiB time=00:04:58.08 bitrate=12753.9kbits/s speed=   1x    
frame=17915 fps= 60 q=-0.0 size=  464854KiB time=00:04:58.58 bitrate=12753.8kbits/s speed=   1x    
frame=17945 fps= 60 q=-0.0 size=  465619KiB time=00:04:59.08 bitrate=12753.5kbits/s speed=   1x    
frame=17975 fps= 60 q=-0.0 size=  466401KiB time=00:04:59.58 bitrate=12753.6kbits/s speed=   1x    
frame=18005 fps= 60 q=-0.0 size=  467188KiB time=00:05:00.08 bitrate=12753.8kbits/s speed=   1x    
frame=18035 fps= 60 q=-0.0 size=  467969KiB time=00:05:00.58 bitrate=12753.9kbits/s speed=   1x    
frame=18065 fps= 60 q=-0.0 size=  468742KiB time=00:05:01.08 bitrate=12753.7kbits/s speed=   1x    
frame=18095 fps= 60 q=-0.0 size=  469576KiB time=00:05:01.58 bitrate=12755.2kbits/s speed=   1x    
frame=18125 fps= 60 q=-0.0 size=  470157KiB time=00:05:02.08 bitrate=12749.9kbits/s speed=   1x    
frame=18155 fps= 60 q=-0.0 size=  470936KiB time=00:05:02.58 bitrate=12749.9kbits/s speed=   1x    
frame=18185 fps= 60 q=-0.0 size=  471715KiB time=00:05:03.08 bitrate=12749.9kbits/s speed=   1x    
frame=18215 fps= 60 q=-0.0 size=  472494KiB time=00:05:03.58 bitrate=12749.9kbits/s speed=   1x    
frame=18245 fps= 60 q=-0.0 size=  473272KiB time=00:05:04.08 bitrate=12750.0kbits/s speed=   1x    
frame=18275 fps= 60 q=-0.0 size=  474051KiB time=00:05:04.58 bitrate=12750.0kbits/s speed=   1x    
frame=18305 fps= 60 q=-0.0 size=  474830KiB time=00:05:05.08 bitrate=12750.0kbits/s speed=   1x    
frame=18335 fps= 60 q=-0.0 size=  475609KiB time=00:05:05.58 bitrate=12750.0kbits/s speed=   1x    
frame=18365 fps= 60 q=-0.0 size=  476388KiB time=00:05:06.08 bitrate=12750.0kbits/s speed=   1x    
frame=18395 fps= 60 q=-0.0 size=  477182KiB time=00:05:06.58 bitrate=12750.5kbits/s speed=   1x    
frame=18425 fps= 60 q=-0.0 size=  478024KiB time=00:05:07.08 bitrate=12752.1kbits/s speed=   1x    
frame=18455 fps= 60 q=-0.0 size=  478811KiB time=00:05:07.58 bitrate=12752.4kbits/s speed=   1x    
frame=18485 fps= 60 q=-0.0 size=  479561KiB time=00:05:08.08 bitrate=12751.6kbits/s speed=   1x    
frame=18515 fps= 60 q=-0.0 size=  480399KiB time=00:05:08.58 bitrate=12753.2kbits/s speed=   1x    
frame=18545 fps= 60 q=-0.0 size=  481154KiB time=00:05:09.08 bitrate=12752.6kbits/s speed=   1x    
frame=18575 fps= 60 q=-0.0 size=  482005KiB time=00:05:09.58 bitrate=12754.5kbits/s speed=   1x    
frame=18605 fps= 60 q=-0.0 size=  482718KiB time=00:05:10.08 bitrate=12752.8kbits/s speed=   1x    
frame=18635 fps= 60 q=-0.0 size=  483475KiB time=00:05:10.58 bitrate=12752.2kbits/s speed=   1x    
[out#0/rtp @ 0x555a90eaec80] video:478433KiB audio:0KiB subtitle:0KiB other streams:0KiB global headers:0KiB muxing overhead: 1.216991%
frame=18666 fps= 60 q=-0.0 Lsize=  484255KiB time=00:05:11.10 bitrate=12751.6kbits/s speed=   1x    
Exiting normally, received signal 15.
