[table 16:34:56Z] start: ADOPTED PS1 FILES BYTE-IDENTICAL (8 of 8)
[table 16:34:56Z] last session_ended 2026-10-03T16:33:51.546Z; S2b not before 16:43:51Z
[table 16:43:56Z] session flags set in the manager: 'PRIVYHUB_ADAPTIVE_BITRATE_TOP=1080p'
[table 16:43:56Z] start: manager PRIVYHUB_* 'PRIVYHUB_ADAPTIVE_BITRATE_TOP=1080p'; MainPID 1697910; 8765 1697910; environ PRIVYHUB_* 'PRIVYHUB_ADAPTIVE_BITRATE_MODE=live'
[table] adaptive_bitrate mode live configured live acts True | bitrate 7000 profile native_game_720p60_reference 1280 720 any_override False profile_id_override None fec_scheme_override None active False
[table 16:43:56Z] T2 sampler started (10 s); one hold, 1800s
[table 16:43:56Z] S2b begins (adopted 7000, the 4x PS1 source, flags 'PRIVYHUB_ADAPTIVE_BITRATE_TOP=1080p', hook 'none')
[S2b 16:43:56Z] mode=H hold/timeout=1800s probe_args=none heartbeat_ms=default
[S2b 16:43:56Z] ARM_PROFILE adopted; PRIVYHUB_* in the user manager: 'PRIVYHUB_ADAPTIVE_BITRATE_TOP=1080p'
[S2b 16:44:00Z] companion MainPID 1698508 serving 8765; PRIVYHUB_* in its environ: 'PRIVYHUB_ADAPTIVE_BITRATE_MODE=live PRIVYHUB_ADAPTIVE_BITRATE_TOP=1080p'
[S2b] before launch: ARM_PROFILE adopted profile ('native_game_720p60_reference', 1280, 720, 7000, 90000) bitrate_kbps 7000 selection default None any_override False fec xor8_1 cushion 12 17 profile redundancy 2 4 profile adaptive live -> AS EXPECTED FOR THE ARM
[S2b] at PLAYING: ARM_PROFILE adopted profile ('native_game_720p60_reference', 1280, 720, 7000, 90000) bitrate_kbps 7000 selection default None any_override False fec xor8_1 cushion 12 17 profile redundancy 2 4 profile adaptive live -> AS EXPECTED FOR THE ARM
[S2b 16:44:39Z] SurfaceFlinger stream-surface lines: 11
[S2b 16:44:39Z] PLAYING at 2026-10-03T16:44:39Z; holding 1800s, zero input
[S2b 17:14:41Z] adb client processes seen during hold: 56 (# polls 3477)
[S2b 17:14:43Z] report: native_decoder_20261003_171442_393.json
[frames] 1801 seconds in the session window
[heartbeat] 896 lines
[S2b 17:15:05Z] decision log lines in the hold: 1400
[S2b 17:15:07Z] game active after stop: False
[S2b 17:15:07Z] done
[table 17:15:07Z] S2b exit 0
[table 17:15:11Z] teardown: manager PRIVYHUB_* ''; MainPID 1718905; 8765 1718905; environ PRIVYHUB_* 'PRIVYHUB_ADAPTIVE_BITRATE_MODE=live'
[table] adaptive_bitrate mode live configured live acts True | bitrate 7000 profile native_game_720p60_reference 1280 720 any_override False profile_id_override None fec_scheme_override None active False
[table 17:15:11Z] FLAGS UNSET AND ABSENT: manager none, environ exactly the live default
[table] teardown stream 7000 1280 720 level size 1280x720
[table 17:15:12Z] teardown: ADOPTED PS1 FILES BYTE-IDENTICAL (8 of 8)
[table 17:15:12Z] measurement files: 0 (want 0)
[table 17:15:12Z] ADOPTED APK CONFIRMED (device hash de072762e55122c3060086f6f10b1bff54633d9165d0c475f17699127841835e)
[table 17:15:21Z] teardown: game active False; NOW PLAYING on the launcher: 1
[table 17:15:32Z] stale banner: force-stop + relaunch; NOW PLAYING now: 0
[table 17:15:32Z] table done
