[table 17:59:59Z] start: ADOPTED PS1 FILES BYTE-IDENTICAL (8 of 8)
[table 17:59:59Z] last session_ended 2026-10-03T17:59:12.040Z; b_filter_jinc2 not before 18:00:12Z
[table 18:00:19Z] session flags set in the manager: 'PRIVYHUB_PS1_LOOK=measure-filter-jinc2'
[table 18:00:19Z] start: manager PRIVYHUB_* 'PRIVYHUB_PS1_LOOK=measure-filter-jinc2'; MainPID 1744143; 8765 1744143; environ PRIVYHUB_* 'PRIVYHUB_ADAPTIVE_BITRATE_MODE=live'
[table] adaptive_bitrate mode live configured live acts True | bitrate 7000 profile native_game_720p60_reference 1280 720 any_override False profile_id_override None fec_scheme_override None active False
[table 18:00:19Z] T2 sampler started (10 s); one hold, 300s
[table 18:00:19Z] b_filter_jinc2 begins (adopted 7000, the 4x PS1 source, flags 'PRIVYHUB_PS1_LOOK=measure-filter-jinc2', hook 'none')
[b_filter_jinc2 18:00:19Z] mode=H hold/timeout=300s probe_args=none heartbeat_ms=default
[b_filter_jinc2 18:00:19Z] ARM_PROFILE adopted; PRIVYHUB_* in the user manager: 'PRIVYHUB_PS1_LOOK=measure-filter-jinc2'
[b_filter_jinc2 18:00:23Z] companion MainPID 1744427 serving 8765; PRIVYHUB_* in its environ: 'PRIVYHUB_ADAPTIVE_BITRATE_MODE=live PRIVYHUB_PS1_LOOK=measure-filter-jinc2'
[b_filter_jinc2] before launch: ARM_PROFILE adopted profile ('native_game_720p60_reference', 1280, 720, 7000, 90000) bitrate_kbps 7000 selection default None any_override False fec xor8_1 cushion 12 17 profile redundancy 2 4 profile adaptive live -> AS EXPECTED FOR THE ARM
[b_filter_jinc2] at PLAYING: ARM_PROFILE adopted profile ('native_game_720p60_reference', 1280, 720, 7000, 90000) bitrate_kbps 7000 selection default None any_override False fec xor8_1 cushion 12 17 profile redundancy 2 4 profile adaptive live -> AS EXPECTED FOR THE ARM
[b_filter_jinc2 18:01:02Z] SurfaceFlinger stream-surface lines: 11
[b_filter_jinc2 18:01:02Z] PLAYING at 2026-10-03T18:01:02Z; holding 300s, zero input
[b_filter_jinc2 18:06:02Z] adb client processes seen during hold: 9 (# polls 578)
[b_filter_jinc2 18:06:05Z] report: native_decoder_20261003_180604_071.json
[frames] 301 seconds in the session window
[heartbeat] 149 lines
[b_filter_jinc2 18:06:25Z] decision log lines in the hold: 186
[b_filter_jinc2 18:06:27Z] game active after stop: False
[b_filter_jinc2 18:06:27Z] done
[table 18:06:27Z] b_filter_jinc2 exit 0
[table 18:06:31Z] teardown: manager PRIVYHUB_* ''; MainPID 1748139; 8765 1748139; environ PRIVYHUB_* 'PRIVYHUB_ADAPTIVE_BITRATE_MODE=live'
[table] adaptive_bitrate mode live configured live acts True | bitrate 7000 profile native_game_720p60_reference 1280 720 any_override False profile_id_override None fec_scheme_override None active False
[table 18:06:31Z] FLAGS UNSET AND ABSENT: manager none, environ exactly the live default
[table] teardown stream 7000 1280 720 level size 1280x720
[table 18:06:31Z] teardown: ADOPTED PS1 FILES BYTE-IDENTICAL (8 of 8)
[table 18:06:31Z] measurement files: 0 (want 0)
[table 18:06:31Z] ADOPTED APK CONFIRMED (device hash de072762e55122c3060086f6f10b1bff54633d9165d0c475f17699127841835e)
[table 18:06:41Z] teardown: game active False; NOW PLAYING on the launcher: 1
[table 18:06:52Z] stale banner: force-stop + relaunch; NOW PLAYING now: 0
[table 18:06:52Z] table done
