[table 17:18:52Z] start: ADOPTED PS1 FILES BYTE-IDENTICAL (8 of 8)
[table 17:18:52Z] last session_ended 2026-10-03T17:17:48.685Z; b_base4x not before 17:18:48Z
[table 17:18:52Z] session flags set in the manager: ''
[table 17:18:52Z] start: manager PRIVYHUB_* ''; MainPID 1720381; 8765 1720381; environ PRIVYHUB_* 'PRIVYHUB_ADAPTIVE_BITRATE_MODE=live'
[table] adaptive_bitrate mode live configured live acts True | bitrate 7000 profile native_game_720p60_reference 1280 720 any_override False profile_id_override None fec_scheme_override None active False
[table 17:18:52Z] T2 sampler started (10 s); one hold, 300s
[table 17:18:52Z] b_base4x begins (adopted 7000, the 4x PS1 source, flags '', hook 'none')
[b_base4x 17:18:52Z] mode=H hold/timeout=300s probe_args=none heartbeat_ms=default
[b_base4x 17:18:52Z] ARM_PROFILE adopted; PRIVYHUB_* in the user manager: ''
[b_base4x 17:18:57Z] companion MainPID 1720673 serving 8765; PRIVYHUB_* in its environ: 'PRIVYHUB_ADAPTIVE_BITRATE_MODE=live'
[b_base4x] before launch: ARM_PROFILE adopted profile ('native_game_720p60_reference', 1280, 720, 7000, 90000) bitrate_kbps 7000 selection default None any_override False fec xor8_1 cushion 12 17 profile redundancy 2 4 profile adaptive live -> AS EXPECTED FOR THE ARM
[b_base4x] at PLAYING: ARM_PROFILE adopted profile ('native_game_720p60_reference', 1280, 720, 7000, 90000) bitrate_kbps 7000 selection default None any_override False fec xor8_1 cushion 12 17 profile redundancy 2 4 profile adaptive live -> AS EXPECTED FOR THE ARM
[b_base4x 17:19:36Z] SurfaceFlinger stream-surface lines: 11
[b_base4x 17:19:36Z] PLAYING at 2026-10-03T17:19:36Z; holding 300s, zero input
[b_base4x 17:24:38Z] adb client processes seen during hold: 14 (# polls 579)
[b_base4x 17:24:40Z] report: native_decoder_20261003_172439_736.json
[frames] 301 seconds in the session window
[heartbeat] 150 lines
[b_base4x 17:25:01Z] decision log lines in the hold: 182
[b_base4x 17:25:03Z] game active after stop: False
[b_base4x 17:25:03Z] done
[table 17:25:03Z] b_base4x exit 0
[table 17:25:07Z] teardown: manager PRIVYHUB_* ''; MainPID 1724362; 8765 1724362; environ PRIVYHUB_* 'PRIVYHUB_ADAPTIVE_BITRATE_MODE=live'
[table] adaptive_bitrate mode live configured live acts True | bitrate 7000 profile native_game_720p60_reference 1280 720 any_override False profile_id_override None fec_scheme_override None active False
[table 17:25:07Z] FLAGS UNSET AND ABSENT: manager none, environ exactly the live default
[table] teardown stream 7000 1280 720 level size 1280x720
[table 17:25:07Z] teardown: ADOPTED PS1 FILES BYTE-IDENTICAL (8 of 8)
[table 17:25:07Z] measurement files: 0 (want 0)
[table 17:25:07Z] ADOPTED APK CONFIRMED (device hash de072762e55122c3060086f6f10b1bff54633d9165d0c475f17699127841835e)
[table 17:25:17Z] teardown: game active False; NOW PLAYING on the launcher: 1
[table 17:25:28Z] stale banner: force-stop + relaunch; NOW PLAYING now: 0
[table 17:25:28Z] table done
