[table 17:25:28Z] start: ADOPTED PS1 FILES BYTE-IDENTICAL (8 of 8)
[table 17:25:28Z] last session_ended 2026-10-03T17:24:39.764Z; b_dither_off not before 17:25:39Z
[table 17:25:48Z] session flags set in the manager: 'PRIVYHUB_PS1_LOOK=measure-dither-off'
[table 17:25:48Z] start: manager PRIVYHUB_* 'PRIVYHUB_PS1_LOOK=measure-dither-off'; MainPID 1724362; 8765 1724362; environ PRIVYHUB_* 'PRIVYHUB_ADAPTIVE_BITRATE_MODE=live'
[table] adaptive_bitrate mode live configured live acts True | bitrate 7000 profile native_game_720p60_reference 1280 720 any_override False profile_id_override None fec_scheme_override None active False
[table 17:25:48Z] T2 sampler started (10 s); one hold, 300s
[table 17:25:48Z] b_dither_off begins (adopted 7000, the 4x PS1 source, flags 'PRIVYHUB_PS1_LOOK=measure-dither-off', hook 'none')
[b_dither_off 17:25:48Z] mode=H hold/timeout=300s probe_args=none heartbeat_ms=default
[b_dither_off 17:25:48Z] ARM_PROFILE adopted; PRIVYHUB_* in the user manager: 'PRIVYHUB_PS1_LOOK=measure-dither-off'
[b_dither_off 17:25:52Z] companion MainPID 1724640 serving 8765; PRIVYHUB_* in its environ: 'PRIVYHUB_ADAPTIVE_BITRATE_MODE=live PRIVYHUB_PS1_LOOK=measure-dither-off'
[b_dither_off] before launch: ARM_PROFILE adopted profile ('native_game_720p60_reference', 1280, 720, 7000, 90000) bitrate_kbps 7000 selection default None any_override False fec xor8_1 cushion 12 17 profile redundancy 2 4 profile adaptive live -> AS EXPECTED FOR THE ARM
[b_dither_off] at PLAYING: ARM_PROFILE adopted profile ('native_game_720p60_reference', 1280, 720, 7000, 90000) bitrate_kbps 7000 selection default None any_override False fec xor8_1 cushion 12 17 profile redundancy 2 4 profile adaptive live -> AS EXPECTED FOR THE ARM
[b_dither_off 17:26:31Z] SurfaceFlinger stream-surface lines: 11
[b_dither_off 17:26:31Z] PLAYING at 2026-10-03T17:26:31Z; holding 300s, zero input
[b_dither_off 17:31:33Z] adb client processes seen during hold: 8 (# polls 579)
[b_dither_off 17:31:35Z] report: native_decoder_20261003_173134_735.json
[frames] 301 seconds in the session window
[heartbeat] 150 lines
[b_dither_off 17:31:57Z] decision log lines in the hold: 182
[b_dither_off 17:31:59Z] game active after stop: False
[b_dither_off 17:31:59Z] done
[table 17:31:59Z] b_dither_off exit 0
[table 17:32:03Z] teardown: manager PRIVYHUB_* ''; MainPID 1728334; 8765 1728334; environ PRIVYHUB_* 'PRIVYHUB_ADAPTIVE_BITRATE_MODE=live'
[table] adaptive_bitrate mode live configured live acts True | bitrate 7000 profile native_game_720p60_reference 1280 720 any_override False profile_id_override None fec_scheme_override None active False
[table 17:32:04Z] FLAGS UNSET AND ABSENT: manager none, environ exactly the live default
[table] teardown stream 7000 1280 720 level size 1280x720
[table 17:32:04Z] teardown: ADOPTED PS1 FILES BYTE-IDENTICAL (8 of 8)
[table 17:32:04Z] measurement files: 0 (want 0)
[table 17:32:04Z] ADOPTED APK CONFIRMED (device hash de072762e55122c3060086f6f10b1bff54633d9165d0c475f17699127841835e)
[table 17:32:13Z] teardown: game active False; NOW PLAYING on the launcher: 1
[table 17:32:24Z] stale banner: force-stop + relaunch; NOW PLAYING now: 0
[table 17:32:24Z] table done
