[table 18:13:53Z] start: ADOPTED PS1 FILES BYTE-IDENTICAL (8 of 8)
[table 18:13:54Z] last session_ended 2026-10-03T18:12:57.285Z; b_full not before 18:13:57Z
[table 18:14:14Z] session flags set in the manager: 'PRIVYHUB_PS1_LOOK=measure-full'
[table 18:14:14Z] start: manager PRIVYHUB_* 'PRIVYHUB_PS1_LOOK=measure-full'; MainPID 1752264; 8765 1752264; environ PRIVYHUB_* 'PRIVYHUB_ADAPTIVE_BITRATE_MODE=live'
[table] adaptive_bitrate mode live configured live acts True | bitrate 7000 profile native_game_720p60_reference 1280 720 any_override False profile_id_override None fec_scheme_override None active False
[table 18:14:14Z] T2 sampler started (10 s); one hold, 300s
[table 18:14:14Z] b_full begins (adopted 7000, the 4x PS1 source, flags 'PRIVYHUB_PS1_LOOK=measure-full', hook 'none')
[b_full 18:14:14Z] mode=H hold/timeout=300s probe_args=none heartbeat_ms=default
[b_full 18:14:14Z] ARM_PROFILE adopted; PRIVYHUB_* in the user manager: 'PRIVYHUB_PS1_LOOK=measure-full'
[b_full 18:14:18Z] companion MainPID 1752571 serving 8765; PRIVYHUB_* in its environ: 'PRIVYHUB_ADAPTIVE_BITRATE_MODE=live PRIVYHUB_PS1_LOOK=measure-full'
[b_full] before launch: ARM_PROFILE adopted profile ('native_game_720p60_reference', 1280, 720, 7000, 90000) bitrate_kbps 7000 selection default None any_override False fec xor8_1 cushion 12 17 profile redundancy 2 4 profile adaptive live -> AS EXPECTED FOR THE ARM
[b_full] at PLAYING: ARM_PROFILE adopted profile ('native_game_720p60_reference', 1280, 720, 7000, 90000) bitrate_kbps 7000 selection default None any_override False fec xor8_1 cushion 12 17 profile redundancy 2 4 profile adaptive live -> AS EXPECTED FOR THE ARM
[b_full 18:14:56Z] SurfaceFlinger stream-surface lines: 11
[b_full 18:14:56Z] PLAYING at 2026-10-03T18:14:56Z; holding 300s, zero input
[b_full 18:19:59Z] adb client processes seen during hold: 9 (# polls 579)
[b_full 18:20:00Z] report: native_decoder_20261003_182000_335.json
[frames] 301 seconds in the session window
[heartbeat] 149 lines
[b_full 18:20:20Z] decision log lines in the hold: 178
[b_full 18:20:22Z] game active after stop: False
[b_full 18:20:22Z] done
[table 18:20:22Z] b_full exit 0
[table 18:20:26Z] teardown: manager PRIVYHUB_* ''; MainPID 1756203; 8765 1756203; environ PRIVYHUB_* 'PRIVYHUB_ADAPTIVE_BITRATE_MODE=live'
[table] adaptive_bitrate mode live configured live acts True | bitrate 7000 profile native_game_720p60_reference 1280 720 any_override False profile_id_override None fec_scheme_override None active False
[table 18:20:26Z] FLAGS UNSET AND ABSENT: manager none, environ exactly the live default
[table] teardown stream 7000 1280 720 level size 1280x720
[table 18:20:26Z] teardown: ADOPTED PS1 FILES BYTE-IDENTICAL (8 of 8)
[table 18:20:26Z] measurement files: 0 (want 0)
[table 18:20:27Z] ADOPTED APK CONFIRMED (device hash de072762e55122c3060086f6f10b1bff54633d9165d0c475f17699127841835e)
[table 18:20:36Z] teardown: game active False; NOW PLAYING on the launcher: 1
[table 18:20:47Z] stale banner: force-stop + relaunch; NOW PLAYING now: 0
[table 18:20:47Z] table done
