ffmpeg stats and -progress period set to 1.
[x11grab @ 0x5572dcd45fc0] Stream #0: not enough frames to estimate rate; consider increasing probesize
Input #0, x11grab, from ':0':
  Duration: N/A, start: 1790615308.093260, bitrate: 1215129 kb/s
  Stream #0:0: Video: rawvideo (BGR[0] / 0x524742), bgr0, 879x720, 1215129 kb/s, 60 fps, 1000k tbr, 1000k tbn
Stream mapping:
  Stream #0:0 -> #0:0 (rawvideo (native) -> h264 (h264_vaapi))
Output #0, null, to 'pipe:':
  Metadata:
    encoder         : Lavf61.7.103
  Stream #0:0: Video: h264 (High), vaapi(tv, progressive), 1280x720, q=2-31, 7000 kb/s, 60 fps, 60 tbn
      Metadata:
        encoder         : Lavc61.19.101 h264_vaapi
frame=   61 fps= 61 q=-0.0 size=N/A time=00:00:01.01 bitrate=N/A speed=1.02x    
frame=  121 fps= 60 q=-0.0 size=N/A time=00:00:02.01 bitrate=N/A speed=1.01x    
frame=  181 fps= 60 q=-0.0 size=N/A time=00:00:03.01 bitrate=N/A speed=1.01x    
frame=  241 fps= 60 q=-0.0 size=N/A time=00:00:04.01 bitrate=N/A speed=   1x    
frame=  301 fps= 60 q=-0.0 size=N/A time=00:00:05.01 bitrate=N/A speed=   1x    
frame=  361 fps= 60 q=-0.0 size=N/A time=00:00:06.01 bitrate=N/A speed=   1x    
frame=  421 fps= 60 q=-0.0 size=N/A time=00:00:07.01 bitrate=N/A speed=   1x    
frame=  481 fps= 60 q=-0.0 size=N/A time=00:00:08.01 bitrate=N/A speed=   1x    
frame=  541 fps= 60 q=-0.0 size=N/A time=00:00:09.01 bitrate=N/A speed=   1x    
frame=  601 fps= 60 q=-0.0 size=N/A time=00:00:10.01 bitrate=N/A speed=   1x    
frame=  661 fps= 60 q=-0.0 size=N/A time=00:00:11.01 bitrate=N/A speed=   1x    
frame=  721 fps= 60 q=-0.0 size=N/A time=00:00:12.01 bitrate=N/A speed=   1x    
frame=  781 fps= 60 q=-0.0 size=N/A time=00:00:13.01 bitrate=N/A speed=   1x    
frame=  841 fps= 60 q=-0.0 size=N/A time=00:00:14.01 bitrate=N/A speed=   1x    
frame=  901 fps= 60 q=-0.0 size=N/A time=00:00:15.01 bitrate=N/A speed=   1x    
frame=  961 fps= 60 q=-0.0 size=N/A time=00:00:16.01 bitrate=N/A speed=   1x    
frame= 1021 fps= 60 q=-0.0 size=N/A time=00:00:17.01 bitrate=N/A speed=   1x    
frame= 1081 fps= 60 q=-0.0 size=N/A time=00:00:18.01 bitrate=N/A speed=   1x    
frame= 1141 fps= 60 q=-0.0 size=N/A time=00:00:19.01 bitrate=N/A speed=   1x    
frame= 1201 fps= 60 q=-0.0 size=N/A time=00:00:20.01 bitrate=N/A speed=   1x    
frame= 1261 fps= 60 q=-0.0 size=N/A time=00:00:21.01 bitrate=N/A speed=   1x    
frame= 1321 fps= 60 q=-0.0 size=N/A time=00:00:22.01 bitrate=N/A speed=   1x    
frame= 1381 fps= 60 q=-0.0 size=N/A time=00:00:23.01 bitrate=N/A speed=   1x    
frame= 1441 fps= 60 q=-0.0 size=N/A time=00:00:24.01 bitrate=N/A speed=   1x    
frame= 1501 fps= 60 q=-0.0 size=N/A time=00:00:25.01 bitrate=N/A speed=   1x    
frame= 1561 fps= 60 q=-0.0 size=N/A time=00:00:26.01 bitrate=N/A speed=   1x    
frame= 1621 fps= 60 q=-0.0 size=N/A time=00:00:27.01 bitrate=N/A speed=   1x    
frame= 1681 fps= 60 q=-0.0 size=N/A time=00:00:28.01 bitrate=N/A speed=   1x    
frame= 1741 fps= 60 q=-0.0 size=N/A time=00:00:29.01 bitrate=N/A speed=   1x    
frame= 1801 fps= 60 q=-0.0 size=N/A time=00:00:30.01 bitrate=N/A speed=   1x    
frame= 1861 fps= 60 q=-0.0 size=N/A time=00:00:31.01 bitrate=N/A speed=   1x    
frame= 1921 fps= 60 q=-0.0 size=N/A time=00:00:32.01 bitrate=N/A speed=   1x    
frame= 1981 fps= 60 q=-0.0 size=N/A time=00:00:33.01 bitrate=N/A speed=   1x    
frame= 2041 fps= 60 q=-0.0 size=N/A time=00:00:34.01 bitrate=N/A speed=   1x    
frame= 2101 fps= 60 q=-0.0 size=N/A time=00:00:35.01 bitrate=N/A speed=   1x    
frame= 2161 fps= 60 q=-0.0 size=N/A time=00:00:36.01 bitrate=N/A speed=   1x    
frame= 2221 fps= 60 q=-0.0 size=N/A time=00:00:37.01 bitrate=N/A speed=   1x    
frame= 2281 fps= 60 q=-0.0 size=N/A time=00:00:38.01 bitrate=N/A speed=   1x    
frame= 2341 fps= 60 q=-0.0 size=N/A time=00:00:39.01 bitrate=N/A speed=   1x    
frame= 2401 fps= 60 q=-0.0 size=N/A time=00:00:40.01 bitrate=N/A speed=   1x    
frame= 2461 fps= 60 q=-0.0 size=N/A time=00:00:41.01 bitrate=N/A speed=   1x    
frame= 2521 fps= 60 q=-0.0 size=N/A time=00:00:42.01 bitrate=N/A speed=   1x    
frame= 2581 fps= 60 q=-0.0 size=N/A time=00:00:43.01 bitrate=N/A speed=   1x    
frame= 2641 fps= 60 q=-0.0 size=N/A time=00:00:44.01 bitrate=N/A speed=   1x    
frame= 2701 fps= 60 q=-0.0 size=N/A time=00:00:45.01 bitrate=N/A speed=   1x    
frame= 2761 fps= 60 q=-0.0 size=N/A time=00:00:46.01 bitrate=N/A speed=   1x    
frame= 2821 fps= 60 q=-0.0 size=N/A time=00:00:47.01 bitrate=N/A speed=   1x    
frame= 2881 fps= 60 q=-0.0 size=N/A time=00:00:48.01 bitrate=N/A speed=   1x    
frame= 2941 fps= 60 q=-0.0 size=N/A time=00:00:49.01 bitrate=N/A speed=   1x    
frame= 3001 fps= 60 q=-0.0 size=N/A time=00:00:50.01 bitrate=N/A speed=   1x    
frame= 3061 fps= 60 q=-0.0 size=N/A time=00:00:51.01 bitrate=N/A speed=   1x    
frame= 3121 fps= 60 q=-0.0 size=N/A time=00:00:52.01 bitrate=N/A speed=   1x    
frame= 3181 fps= 60 q=-0.0 size=N/A time=00:00:53.01 bitrate=N/A speed=   1x    
frame= 3241 fps= 60 q=-0.0 size=N/A time=00:00:54.01 bitrate=N/A speed=   1x    
frame= 3301 fps= 60 q=-0.0 size=N/A time=00:00:55.01 bitrate=N/A speed=   1x    
frame= 3361 fps= 60 q=-0.0 size=N/A time=00:00:56.01 bitrate=N/A speed=   1x    
frame= 3421 fps= 60 q=-0.0 size=N/A time=00:00:57.01 bitrate=N/A speed=   1x    
frame= 3481 fps= 60 q=-0.0 size=N/A time=00:00:58.01 bitrate=N/A speed=   1x    
frame= 3541 fps= 60 q=-0.0 size=N/A time=00:00:59.01 bitrate=N/A speed=   1x    
[out#0/null @ 0x5572dcd4ef40] video:51304KiB audio:0KiB subtitle:0KiB other streams:0KiB global headers:0KiB muxing overhead: unknown
frame= 3600 fps= 60 q=-0.0 Lsize=N/A time=00:01:00.00 bitrate=N/A speed=   1x    
