ffmpeg stats and -progress period set to 1.
[x11grab @ 0x556d52df2f40] Stream #0: not enough frames to estimate rate; consider increasing probesize
Input #0, x11grab, from ':0':
  Duration: N/A, start: 1790615449.762134, bitrate: 1215129 kb/s
  Stream #0:0: Video: rawvideo (BGR[0] / 0x524742), bgr0, 879x720, 1215129 kb/s, 60 fps, 1000k tbr, 1000k tbn
Stream mapping:
  Stream #0:0 -> #0:0 (rawvideo (native) -> h264 (h264_vaapi))
Output #0, h264, to '/tmp/c5_720.h264':
  Metadata:
    encoder         : Lavf61.7.103
  Stream #0:0: Video: h264 (High), vaapi(tv, progressive), 1280x720, q=2-31, 7000 kb/s, 60 fps, 60 tbn
      Metadata:
        encoder         : Lavc61.19.101 h264_vaapi
frame=   61 fps= 61 q=-0.0 size=     768KiB time=00:00:01.01 bitrate=6188.3kbits/s speed=1.02x    
frame=  121 fps= 60 q=-0.0 size=    1536KiB time=00:00:02.01 bitrate=6239.5kbits/s speed=1.01x    
frame=  181 fps= 60 q=-0.0 size=    2304KiB time=00:00:03.01 bitrate=6256.7kbits/s speed=1.01x    
frame=  241 fps= 60 q=-0.0 size=    3072KiB time=00:00:04.01 bitrate=6265.3kbits/s speed=   1x    
frame=  301 fps= 60 q=-0.0 size=    3840KiB time=00:00:05.01 bitrate=6270.6kbits/s speed=   1x    
frame=  361 fps= 60 q=-0.0 size=    4864KiB time=00:00:06.01 bitrate=6622.6kbits/s speed=   1x    
frame=  421 fps= 60 q=-0.0 size=    5888KiB time=00:00:07.01 bitrate=6874.3kbits/s speed=   1x    
frame=  481 fps= 60 q=-0.0 size=    6656KiB time=00:00:08.01 bitrate=6801.6kbits/s speed=   1x    
frame=  541 fps= 60 q=-0.0 size=    7424KiB time=00:00:09.01 bitrate=6745.0kbits/s speed=   1x    
frame=  601 fps= 60 q=-0.0 size=    8448KiB time=00:00:10.01 bitrate=6909.1kbits/s speed=   1x    
frame=  661 fps= 60 q=-0.0 size=    9216KiB time=00:00:11.01 bitrate=6853.0kbits/s speed=   1x    
frame=  721 fps= 60 q=-0.0 size=   10240KiB time=00:00:12.01 bitrate=6980.8kbits/s speed=   1x    
frame=  781 fps= 60 q=-0.0 size=   11008KiB time=00:00:13.01 bitrate=6927.9kbits/s speed=   1x    
frame=  841 fps= 60 q=-0.0 size=   11776KiB time=00:00:14.01 bitrate=6882.4kbits/s speed=   1x    
frame=  901 fps= 60 q=-0.0 size=   12544KiB time=00:00:15.01 bitrate=6843.1kbits/s speed=   1x    
frame=  961 fps= 60 q=-0.0 size=   13312KiB time=00:00:16.01 bitrate=6808.7kbits/s speed=   1x    
frame= 1021 fps= 60 q=-0.0 size=   14080KiB time=00:00:17.01 bitrate=6778.3kbits/s speed=   1x    
frame= 1081 fps= 60 q=-0.0 size=   15104KiB time=00:00:18.01 bitrate=6867.6kbits/s speed=   1x    
frame= 1141 fps= 60 q=-0.0 size=   15872KiB time=00:00:19.01 bitrate=6837.3kbits/s speed=   1x    
frame= 1201 fps= 60 q=-0.0 size=   17152KiB time=00:00:20.01 bitrate=7019.6kbits/s speed=   1x    
frame= 1261 fps= 60 q=-0.0 size=   17920KiB time=00:00:21.01 bitrate=6985.0kbits/s speed=   1x    
frame= 1321 fps= 60 q=-0.0 size=   18688KiB time=00:00:22.01 bitrate=6953.5kbits/s speed=   1x    
frame= 1381 fps= 60 q=-0.0 size=   19712KiB time=00:00:23.01 bitrate=7015.8kbits/s speed=   1x    
frame= 1441 fps= 60 q=-0.0 size=   20480KiB time=00:00:24.01 bitrate=6985.7kbits/s speed=   1x    
frame= 1501 fps= 60 q=-0.0 size=   21248KiB time=00:00:25.01 bitrate=6957.9kbits/s speed=   1x    
frame= 1561 fps= 60 q=-0.0 size=   22016KiB time=00:00:26.01 bitrate=6932.3kbits/s speed=   1x    
frame= 1621 fps= 60 q=-0.0 size=   23040KiB time=00:00:27.01 bitrate=6986.2kbits/s speed=   1x    
frame= 1681 fps= 60 q=-0.0 size=   23808KiB time=00:00:28.01 bitrate=6961.4kbits/s speed=   1x    
frame= 1741 fps= 60 q=-0.0 size=   24576KiB time=00:00:29.01 bitrate=6938.3kbits/s speed=   1x    
[out#0/h264 @ 0x556d52dfc0c0] video:25602KiB audio:0KiB subtitle:0KiB other streams:0KiB global headers:0KiB muxing overhead: 0.000000%
frame= 1800 fps= 60 q=-0.0 Lsize=   25602KiB time=00:00:30.00 bitrate=6991.1kbits/s speed=   1x    
