ffmpeg stats and -progress period set to 1.
[x11grab @ 0x55e9aaef0ec0] Stream #0: not enough frames to estimate rate; consider increasing probesize
Input #0, x11grab, from ':0':
  Duration: N/A, start: 1790615479.923924, bitrate: 1215129 kb/s
  Stream #0:0: Video: rawvideo (BGR[0] / 0x524742), bgr0, 879x720, 1215129 kb/s, 60 fps, 1000k tbr, 1000k tbn
Stream mapping:
  Stream #0:0 -> #0:0 (rawvideo (native) -> h264 (h264_vaapi))
Output #0, h264, to '/tmp/c5_1080.h264':
  Metadata:
    encoder         : Lavf61.7.103
  Stream #0:0: Video: h264 (High), vaapi(tv, progressive), 1920x1080, q=2-31, 15750 kb/s, 60 fps, 60 tbn
      Metadata:
        encoder         : Lavc61.19.101 h264_vaapi
frame=   61 fps= 61 q=-0.0 size=    1792KiB time=00:00:01.01 bitrate=14439.4kbits/s speed=1.02x    
frame=  121 fps= 60 q=-0.0 size=    3584KiB time=00:00:02.01 bitrate=14558.7kbits/s speed=1.01x    
frame=  181 fps= 60 q=-0.0 size=    5632KiB time=00:00:03.01 bitrate=15294.1kbits/s speed=1.01x    
frame=  241 fps= 60 q=-0.0 size=    7680KiB time=00:00:04.01 bitrate=15663.4kbits/s speed=   1x    
frame=  301 fps= 60 q=-0.0 size=    9472KiB time=00:00:05.01 bitrate=15467.4kbits/s speed=   1x    
frame=  361 fps= 60 q=-0.0 size=   11264KiB time=00:00:06.01 bitrate=15336.5kbits/s speed=   1x    
frame=  421 fps= 60 q=-0.0 size=   13312KiB time=00:00:07.01 bitrate=15541.8kbits/s speed=   1x    
frame=  481 fps= 60 q=-0.0 size=   15360KiB time=00:00:08.01 bitrate=15695.9kbits/s speed=   1x    
frame=  541 fps= 60 q=-0.0 size=   17152KiB time=00:00:09.01 bitrate=15583.3kbits/s speed=   1x    
frame=  601 fps= 60 q=-0.0 size=   18944KiB time=00:00:10.01 bitrate=15493.1kbits/s speed=   1x    
frame=  661 fps= 60 q=-0.0 size=   20992KiB time=00:00:11.01 bitrate=15609.7kbits/s speed=   1x    
frame=  721 fps= 60 q=-0.0 size=   22784KiB time=00:00:12.01 bitrate=15532.3kbits/s speed=   1x    
frame=  781 fps= 60 q=-0.0 size=   24832KiB time=00:00:13.01 bitrate=15627.9kbits/s speed=   1x    
frame=  841 fps= 60 q=-0.0 size=   26624KiB time=00:00:14.01 bitrate=15560.3kbits/s speed=   1x    
frame=  901 fps= 60 q=-0.0 size=   28672KiB time=00:00:15.01 bitrate=15641.4kbits/s speed=   1x    
frame=  961 fps= 60 q=-0.0 size=   30464KiB time=00:00:16.01 bitrate=15581.3kbits/s speed=   1x    
frame= 1021 fps= 60 q=-0.0 size=   32512KiB time=00:00:17.01 bitrate=15651.6kbits/s speed=   1x    
frame= 1081 fps= 60 q=-0.0 size=   34304KiB time=00:00:18.01 bitrate=15597.7kbits/s speed=   1x    
frame= 1141 fps= 60 q=-0.0 size=   36352KiB time=00:00:19.01 bitrate=15659.7kbits/s speed=   1x    
frame= 1201 fps= 60 q=-0.0 size=   38400KiB time=00:00:20.01 bitrate=15715.5kbits/s speed=   1x    
frame= 1261 fps= 60 q=-0.0 size=   40192KiB time=00:00:21.01 bitrate=15666.3kbits/s speed=   1x    
frame= 1321 fps= 60 q=-0.0 size=   42240KiB time=00:00:22.01 bitrate=15716.7kbits/s speed=   1x    
frame= 1381 fps= 60 q=-0.0 size=   44032KiB time=00:00:23.01 bitrate=15671.7kbits/s speed=   1x    
frame= 1441 fps= 60 q=-0.0 size=   46080KiB time=00:00:24.01 bitrate=15717.7kbits/s speed=   1x    
frame= 1501 fps= 60 q=-0.0 size=   47872KiB time=00:00:25.01 bitrate=15676.2kbits/s speed=   1x    
frame= 1561 fps= 60 q=-0.0 size=   49920KiB time=00:00:26.01 bitrate=15718.6kbits/s speed=   1x    
frame= 1621 fps= 60 q=-0.0 size=   51712KiB time=00:00:27.01 bitrate=15680.1kbits/s speed=   1x    
frame= 1681 fps= 60 q=-0.0 size=   53760KiB time=00:00:28.01 bitrate=15719.3kbits/s speed=   1x    
frame= 1741 fps= 60 q=-0.0 size=   55552KiB time=00:00:29.01 bitrate=15683.5kbits/s speed=   1x    
[out#0/h264 @ 0x55e9aaefa040] video:57617KiB audio:0KiB subtitle:0KiB other streams:0KiB global headers:0KiB muxing overhead: 0.000000%
frame= 1800 fps= 60 q=-0.0 Lsize=   57617KiB time=00:00:30.00 bitrate=15733.2kbits/s speed=   1x    
