[A3] sampler=off heartbeat_ms=default cushion=3/8
[A3] env: MAX_FRAME_SIZE=unset BUFSIZE_K=unset BYTE_CAP=unset
[A3] env | grep PRIVYHUB_ENC ->
    (nothing, as the validating run requires)
[A3] companion MainPID 48041 serving 8765
[A3] cushion env in companion environ: PRIVYHUB_AUDIO_QUEUE_CAPACITY_PACKETS=8 PRIVYHUB_AUDIO_QUEUE_TARGET_PACKETS=3 
[A3] audio_cushion {'queue_target_packets': 3, 'queue_capacity_packets': 8, 'packet_ms': 5, 'target_ms': 15, 'capacity_ms': 40, 'source': 'environment', 'env_ignored': False, 'default_queue_target_packets': 3, 'default_queue_capacity_packets': 8}
[A3] encoder argv: ... 7000k -bufsize 7000k -max_frame_size 90000 -g 15 -bf 0 -payload_type 96 -f rtp rtp://127.0.0.1:48110?pkt_size=1200
[A3] overrides: max_frame_size=90000 bufsize_kbits=None
[A3] relay byte cap under test: None
[A3] audio_cushion at PLAYING: {'queue_target_packets': 3, 'queue_capacity_packets': 8, 'packet_ms': 5, 'target_ms': 15, 'capacity_ms': 40, 'source': 'environment', 'env_ignored': False, 'default_queue_target_packets': 3, 'default_queue_capacity_packets': 8}
[A3] any_override False max_frame_size 90000 profile
[A3] PLAYING at 2026-09-23T07:53:43Z; holding 1200s, zero input
[A3] adb client processes seen during hold: 0 (# polls 2317)
[A3] report: native_decoder_20260923_081345_177.json
[frames] 1201 seconds in the session window
[heartbeat] 597 lines
[A3] game active after stop: False
[A3] done
[B2] sampler=off heartbeat_ms=default cushion=12/17
[B2] env: MAX_FRAME_SIZE=unset BUFSIZE_K=unset BYTE_CAP=unset
[B2] env | grep PRIVYHUB_ENC ->
    (nothing, as the validating run requires)
[B2] companion MainPID 61564 serving 8765
[B2] cushion env in companion environ: PRIVYHUB_AUDIO_QUEUE_CAPACITY_PACKETS=17 PRIVYHUB_AUDIO_QUEUE_TARGET_PACKETS=12 
[B2] audio_cushion {'queue_target_packets': 12, 'queue_capacity_packets': 17, 'packet_ms': 5, 'target_ms': 60, 'capacity_ms': 85, 'source': 'environment', 'env_ignored': False, 'default_queue_target_packets': 3, 'default_queue_capacity_packets': 8}
[B2] encoder argv: ... 7000k -bufsize 7000k -max_frame_size 90000 -g 15 -bf 0 -payload_type 96 -f rtp rtp://127.0.0.1:48110?pkt_size=1200
[B2] overrides: max_frame_size=90000 bufsize_kbits=None
[B2] relay byte cap under test: None
[B2] audio_cushion at PLAYING: {'queue_target_packets': 12, 'queue_capacity_packets': 17, 'packet_ms': 5, 'target_ms': 60, 'capacity_ms': 85, 'source': 'environment', 'env_ignored': False, 'default_queue_target_packets': 3, 'default_queue_capacity_packets': 8}
[B2] any_override False max_frame_size 90000 profile
[B2] PLAYING at 2026-09-23T08:14:54Z; holding 1200s, zero input
[B2] adb client processes seen during hold: 0 (# polls 2316)
[B2] report: native_decoder_20260923_083456_497.json
[frames] 1201 seconds in the session window
[heartbeat] 597 lines
[B2] game active after stop: False
[B2] done
[A4] sampler=off heartbeat_ms=default cushion=3/8
[A4] env: MAX_FRAME_SIZE=unset BUFSIZE_K=unset BYTE_CAP=unset
[A4] env | grep PRIVYHUB_ENC ->
    (nothing, as the validating run requires)
[A4] companion MainPID 75042 serving 8765
[A4] cushion env in companion environ: PRIVYHUB_AUDIO_QUEUE_CAPACITY_PACKETS=8 PRIVYHUB_AUDIO_QUEUE_TARGET_PACKETS=3 
[A4] audio_cushion {'queue_target_packets': 3, 'queue_capacity_packets': 8, 'packet_ms': 5, 'target_ms': 15, 'capacity_ms': 40, 'source': 'environment', 'env_ignored': False, 'default_queue_target_packets': 3, 'default_queue_capacity_packets': 8}
[A4] encoder argv: ... 7000k -bufsize 7000k -max_frame_size 90000 -g 15 -bf 0 -payload_type 96 -f rtp rtp://127.0.0.1:48110?pkt_size=1200
[A4] overrides: max_frame_size=90000 bufsize_kbits=None
[A4] relay byte cap under test: None
[A4] audio_cushion at PLAYING: {'queue_target_packets': 3, 'queue_capacity_packets': 8, 'packet_ms': 5, 'target_ms': 15, 'capacity_ms': 40, 'source': 'environment', 'env_ignored': False, 'default_queue_target_packets': 3, 'default_queue_capacity_packets': 8}
[A4] any_override False max_frame_size 90000 profile
[A4] PLAYING at 2026-09-23T08:36:06Z; holding 1200s, zero input
[A4] adb client processes seen during hold: 0 (# polls 2318)
[A4] report: native_decoder_20260923_085608_138.json
[frames] 1201 seconds in the session window
[heartbeat] 597 lines
[A4] game active after stop: False
[A4] done
[B3] sampler=off heartbeat_ms=default cushion=12/17
[B3] env: MAX_FRAME_SIZE=unset BUFSIZE_K=unset BYTE_CAP=unset
[B3] env | grep PRIVYHUB_ENC ->
    (nothing, as the validating run requires)
[B3] companion MainPID 88511 serving 8765
[B3] cushion env in companion environ: PRIVYHUB_AUDIO_QUEUE_CAPACITY_PACKETS=17 PRIVYHUB_AUDIO_QUEUE_TARGET_PACKETS=12 
[B3] audio_cushion {'queue_target_packets': 12, 'queue_capacity_packets': 17, 'packet_ms': 5, 'target_ms': 60, 'capacity_ms': 85, 'source': 'environment', 'env_ignored': False, 'default_queue_target_packets': 3, 'default_queue_capacity_packets': 8}
[B3] encoder argv: ... 7000k -bufsize 7000k -max_frame_size 90000 -g 15 -bf 0 -payload_type 96 -f rtp rtp://127.0.0.1:48110?pkt_size=1200
[B3] overrides: max_frame_size=90000 bufsize_kbits=None
[B3] relay byte cap under test: None
[B3] audio_cushion at PLAYING: {'queue_target_packets': 12, 'queue_capacity_packets': 17, 'packet_ms': 5, 'target_ms': 60, 'capacity_ms': 85, 'source': 'environment', 'env_ignored': False, 'default_queue_target_packets': 3, 'default_queue_capacity_packets': 8}
[B3] any_override False max_frame_size 90000 profile
[B3] PLAYING at 2026-09-23T08:57:18Z; holding 1200s, zero input
[B3] adb client processes seen during hold: 0 (# polls 2316)
[B3] report: native_decoder_20260923_091720_187.json
[frames] 1201 seconds in the session window
[heartbeat] 598 lines
[B3] game active after stop: False
[B3] done
[all] done
[restore] MainPID 101995; 8765 owner 101995
[restore] PRIVYHUB_* in environ: 0; in manager: 0
[restore] audio_cushion 3 8 profile any_override False
[restore] game active False
