{"arm": "T", "size": "1280x720", "kbps": 7000, "cap": 90000, "gop": 15, "shown": "bilinear x1.5", "lag_frames": 0, "shift_px": [0, 0], "align_mad": 0.21, "frames": 3600, "ssim_full": 0.99072, "ssim_content": 0.98648, "ssim_content_p5": 0.96442, "psnr_content_db": 50.75, "cmp_rc": 0, "idr_pulse": 0.00048, "share_4hz_bin": 0.002, "share_gop_fold": 0.0022, "idr_p50_p90_max": [39269, 49584, 67781], "sec_max_p50_p90_max": [48325, 56495, 88571], "ge80_pkts_per_min": 0.0, "max_pkts": 75, "cap_hit_s_per_min": 1.0, "mean_kbps": 7007, "peak_1s_kbps": 7606}
{"arm": "S720", "size": "1280x720", "kbps": 7000, "cap": 90000, "gop": 15, "shown": "bilinear x1.5", "lag_frames": 0, "shift_px": [0, 0], "align_mad": null, "frames": 3600, "ssim_full": 0.99244, "ssim_content": 0.9887, "ssim_content_p5": 0.9687, "psnr_content_db": 52.53, "cmp_rc": 0, "idr_pulse": 0.00046, "share_4hz_bin": 0.003, "share_gop_fold": 0.0032, "idr_p50_p90_max": [38733, 48618, 74959], "sec_max_p50_p90_max": [48315, 55783, 88305], "ge80_pkts_per_min": 0.0, "max_pkts": 75, "cap_hit_s_per_min": 1.0, "mean_kbps": 7008, "peak_1s_kbps": 7661}
{"arm": "S1080_c3", "size": "1920x1080", "kbps": 12600, "cap": 90000, "gop": 15, "shown": "as is", "lag_frames": 0, "shift_px": [0, 0], "align_mad": null, "frames": 3600, "ssim_full": 0.99675, "ssim_content": 0.99496, "ssim_content_p5": 0.98203, "psnr_content_db": 60.54, "cmp_rc": 0, "idr_pulse": 0.00315, "share_4hz_bin": 0.0484, "share_gop_fold": 0.0555, "idr_p50_p90_max": [48262, 62372, 72305], "sec_max_p50_p90_max": [81101, 86551, 89079], "ge80_pkts_per_min": 0.0, "max_pkts": 76, "cap_hit_s_per_min": 10.0, "mean_kbps": 12577, "peak_1s_kbps": 13835}
{"arm": "S1080_par", "size": "1920x1080", "kbps": 15750, "cap": 90000, "gop": 15, "shown": "as is", "lag_frames": 0, "shift_px": [0, 0], "align_mad": null, "frames": 3600, "ssim_full": 0.99752, "ssim_content": 0.99614, "ssim_content_p5": 0.98577, "psnr_content_db": 61.69, "cmp_rc": 0, "idr_pulse": 0.00274, "share_4hz_bin": 0.0463, "share_gop_fold": 0.055, "idr_p50_p90_max": [56535, 71109, 79083], "sec_max_p50_p90_max": [85540, 87834, 89342], "ge80_pkts_per_min": 0.0, "max_pkts": 76, "cap_hit_s_per_min": 30.0, "mean_kbps": 15702, "peak_1s_kbps": 16858}
{"arm": "S1080_g30", "size": "1920x1080", "kbps": 12600, "cap": 90000, "gop": 30, "shown": "as is", "lag_frames": 0, "shift_px": [0, 0], "align_mad": null, "frames": 3600, "ssim_full": 0.99725, "ssim_content": 0.99573, "ssim_content_p5": 0.98441, "psnr_content_db": 61.13, "cmp_rc": 0, "idr_pulse": 0.00334, "share_4hz_bin": 0.0132, "share_gop_fold": 0.0153, "share_own_gop_bin": 0.0465, "share_own_gop_fold": 0.0666, "idr_p50_p90_max": [47973, 63309, 75879], "sec_max_p50_p90_max": [81299, 87156, 89079], "ge80_pkts_per_min": 0.0, "max_pkts": 76, "cap_hit_s_per_min": 12.0, "mean_kbps": 12590, "peak_1s_kbps": 13807}
{"arm": "S1080_cap", "size": "1920x1080", "kbps": 12600, "cap": 120000, "gop": 15, "shown": "as is", "lag_frames": 0, "shift_px": [0, 0], "align_mad": null, "frames": 3600, "ssim_full": 0.99691, "ssim_content": 0.99521, "ssim_content_p5": 0.98376, "psnr_content_db": 60.75, "cmp_rc": 0, "idr_pulse": 0.00183, "share_4hz_bin": 0.0284, "share_gop_fold": 0.0307, "idr_p50_p90_max": [56678, 72662, 83449], "sec_max_p50_p90_max": [81406, 97524, 118215], "ge80_pkts_per_min": 11.0, "max_pkts": 100, "cap_hit_s_per_min": 1.0, "mean_kbps": 12602, "peak_1s_kbps": 13674}
C5-M4 offline table -- reference ref1080_F60.mkv, T from refT_F_c5m3.mkv; content box [302, 36, 1316, 1008] (x, y, w, h)

arm             size   kbps     cap GOP         shown  lag   shift SSIM full SSIM cont  p5 cont  PSNR c IDR pulse 4Hz bin GOP fold
T           1280x720   7000   90000  15 bilinear x1.5    0  [0, 0]   0.99072   0.98648  0.96442   50.75   0.00048   0.002   0.0022
S720        1280x720   7000   90000  15 bilinear x1.5    0  [0, 0]   0.99244    0.9887   0.9687   52.53   0.00046   0.003   0.0032
S1080_c3   1920x1080  12600   90000  15         as is    0  [0, 0]   0.99675   0.99496  0.98203   60.54   0.00315  0.0484   0.0555
S1080_par  1920x1080  15750   90000  15         as is    0  [0, 0]   0.99752   0.99614  0.98577   61.69   0.00274  0.0463    0.055
S1080_g30  1920x1080  12600   90000  30         as is    0  [0, 0]   0.99725   0.99573  0.98441   61.13   0.00334  0.0132   0.0153
S1080_cap  1920x1080  12600  120000  15         as is    0  [0, 0]   0.99691   0.99521  0.98376   60.75   0.00183  0.0284   0.0307

frame-size data (what the link would carry)
arm               IDR B p50/p90/max     1s-max B p50/p90/max >=80pkt/min max pkts cap s/min mean kbps  peak 1s
T                 39269/49584/67781        48325/56495/88571         0.0       75       1.0      7007     7606
S720              38733/48618/74959        48315/55783/88305         0.0       75       1.0      7008     7661
S1080_c3          48262/62372/72305        81101/86551/89079         0.0       76      10.0     12577    13835
S1080_par         56535/71109/79083        85540/87834/89342         0.0       76      30.0     15702    16858
S1080_g30         47973/63309/75879        81299/87156/89079         0.0       76      12.0     12590    13807
S1080_cap         56678/72662/83449       81406/97524/118215        11.0      100       1.0     12602    13674

