{"arm": "T", "size": "1280x720", "kbps": 7000, "cap": 90000, "gop": 15, "shown": "bilinear x1.5", "lag_frames": 23, "shift_px": [0, -1], "align_mad": 0.86, "frames": 3577, "ssim_full": 0.89482, "ssim_content": 0.83779, "ssim_content_p5": 0.77298, "psnr_content_db": 32.67, "cmp_rc": 0, "idr_pulse": 0.00535, "share_4hz_bin": 0.0024, "share_gop_fold": 0.0038, "idr_p50_p90_max": [36147, 59475, 88833], "sec_max_p50_p90_max": [42178, 86652, 89329], "ge80_pkts_per_min": 0.0, "max_pkts": 76, "cap_hit_s_per_min": 8.0, "mean_kbps": 7006, "peak_1s_kbps": 8477}
{"arm": "S720", "size": "1280x720", "kbps": 7000, "cap": 90000, "gop": 15, "shown": "bilinear x1.5", "lag_frames": 0, "shift_px": [0, 0], "align_mad": null, "frames": 3600, "ssim_full": 0.91806, "ssim_content": 0.87309, "ssim_content_p5": 0.80989, "psnr_content_db": 35.09, "cmp_rc": 0, "idr_pulse": 0.00443, "share_4hz_bin": 0.0105, "share_gop_fold": 0.0108, "idr_p50_p90_max": [42592, 68010, 88972], "sec_max_p50_p90_max": [48576, 86923, 89177], "ge80_pkts_per_min": 0.0, "max_pkts": 76, "cap_hit_s_per_min": 7.0, "mean_kbps": 7006, "peak_1s_kbps": 9773}
{"arm": "S1080_c3", "size": "1920x1080", "kbps": 12600, "cap": 90000, "gop": 15, "shown": "as is", "lag_frames": 0, "shift_px": [0, 0], "align_mad": null, "frames": 3600, "ssim_full": 0.9365, "ssim_content": 0.90151, "ssim_content_p5": 0.82747, "psnr_content_db": 41.3, "cmp_rc": 0, "idr_pulse": 0.03213, "share_4hz_bin": 0.082, "share_gop_fold": 0.0991, "idr_p50_p90_max": [46710, 70054, 87329], "sec_max_p50_p90_max": [54961, 84609, 89243], "ge80_pkts_per_min": 0.0, "max_pkts": 76, "cap_hit_s_per_min": 5.0, "mean_kbps": 12592, "peak_1s_kbps": 14881}
{"arm": "S1080_par", "size": "1920x1080", "kbps": 15750, "cap": 90000, "gop": 15, "shown": "as is", "lag_frames": 0, "shift_px": [0, 0], "align_mad": null, "frames": 3600, "ssim_full": 0.94338, "ssim_content": 0.91214, "ssim_content_p5": 0.84076, "psnr_content_db": 41.9, "cmp_rc": 0, "idr_pulse": 0.03417, "share_4hz_bin": 0.1018, "share_gop_fold": 0.1266, "idr_p50_p90_max": [51964, 74362, 88458], "sec_max_p50_p90_max": [62250, 85959, 89243], "ge80_pkts_per_min": 0.0, "max_pkts": 76, "cap_hit_s_per_min": 7.0, "mean_kbps": 15730, "peak_1s_kbps": 18844}
{"arm": "S1080_g30", "size": "1920x1080", "kbps": 12600, "cap": 90000, "gop": 30, "shown": "as is", "lag_frames": 0, "shift_px": [0, 0], "align_mad": null, "frames": 3600, "ssim_full": 0.94071, "ssim_content": 0.90803, "ssim_content_p5": 0.83185, "psnr_content_db": 41.78, "cmp_rc": 0, "idr_pulse": 0.03559, "share_4hz_bin": 0.0242, "share_gop_fold": 0.0277, "share_own_gop_bin": 0.0544, "share_own_gop_fold": 0.0927, "idr_p50_p90_max": [46310, 70023, 88720], "sec_max_p50_p90_max": [51737, 86682, 89243], "ge80_pkts_per_min": 0.0, "max_pkts": 76, "cap_hit_s_per_min": 8.0, "mean_kbps": 12601, "peak_1s_kbps": 15177}
{"arm": "S1080_cap", "size": "1920x1080", "kbps": 12600, "cap": 120000, "gop": 15, "shown": "as is", "lag_frames": 0, "shift_px": [0, 0], "align_mad": null, "frames": 3600, "ssim_full": 0.93848, "ssim_content": 0.9045, "ssim_content_p5": 0.83742, "psnr_content_db": 41.53, "cmp_rc": 0, "idr_pulse": 0.01807, "share_4hz_bin": 0.0503, "share_gop_fold": 0.0569, "idr_p50_p90_max": [54745, 89687, 117130], "sec_max_p50_p90_max": [66193, 110523, 118855], "ge80_pkts_per_min": 28.0, "max_pkts": 101, "cap_hit_s_per_min": 5.0, "mean_kbps": 12598, "peak_1s_kbps": 16155}
{"arm": "repeat", "size": "1920x1080", "kbps": 0, "cap": 0, "gop": 15, "shown": "as is", "lag_frames": 20, "shift_px": [0, -1], "align_mad": 0.0, "frames": 3580, "ssim_full": 1.0, "ssim_content": 1.0, "ssim_content_p5": 1.0, "psnr_content_db": 100.0, "cmp_rc": 0}
C5-M4 offline table -- reference ref1080_G.mkv, T from refT_G.mkv; content box [302, 45, 1316, 1008] (x, y, w, h)

arm             size   kbps     cap GOP         shown  lag   shift SSIM full SSIM cont  p5 cont  PSNR c IDR pulse 4Hz bin GOP fold
T           1280x720   7000   90000  15 bilinear x1.5   23 [0, -1]   0.89482   0.83779  0.77298   32.67   0.00535  0.0024   0.0038
S720        1280x720   7000   90000  15 bilinear x1.5    0  [0, 0]   0.91806   0.87309  0.80989   35.09   0.00443  0.0105   0.0108
S1080_c3   1920x1080  12600   90000  15         as is    0  [0, 0]    0.9365   0.90151  0.82747    41.3   0.03213   0.082   0.0991
S1080_par  1920x1080  15750   90000  15         as is    0  [0, 0]   0.94338   0.91214  0.84076    41.9   0.03417  0.1018   0.1266
S1080_g30  1920x1080  12600   90000  30         as is    0  [0, 0]   0.94071   0.90803  0.83185   41.78   0.03559  0.0242   0.0277
S1080_cap  1920x1080  12600  120000  15         as is    0  [0, 0]   0.93848    0.9045  0.83742   41.53   0.01807  0.0503   0.0569
repeat     1920x1080      0       0  15         as is   20 [0, -1]       1.0       1.0      1.0   100.0         -       -        -

frame-size data (what the link would carry)
arm               IDR B p50/p90/max     1s-max B p50/p90/max >=80pkt/min max pkts cap s/min mean kbps  peak 1s
T                 36147/59475/88833        42178/86652/89329         0.0       76       8.0      7006     8477
S720              42592/68010/88972        48576/86923/89177         0.0       76       7.0      7006     9773
S1080_c3          46710/70054/87329        54961/84609/89243         0.0       76       5.0     12592    14881
S1080_par         51964/74362/88458        62250/85959/89243         0.0       76       7.0     15730    18844
S1080_g30         46310/70023/88720        51737/86682/89243         0.0       76       8.0     12601    15177
S1080_cap        54745/89687/117130      66193/110523/118855        28.0      101       5.0     12598    16155

