[night 16:45:51Z] flags set in the manager: PRIVYHUB_ADAPTIVE_BITRATE_MODE=live 
[night 16:45:51Z] sampler started (10 s)
[night 16:45:51Z] last session_ended 2026-09-29T16:16:10.714Z
[night 16:45:51Z] H begins (1800 s, live, never INJECT)
[H 16:45:51Z] mode=H hold/timeout=1800s probe_args=none heartbeat_ms=default
[H 16:45:56Z] companion MainPID 812995 serving 8765; PRIVYHUB_* other than the allowed flags in its environ: 0; flags: PRIVYHUB_ADAPTIVE_BITRATE_MODE=live 
[H 16:45:56Z] adaptive_bitrate mode/configured/inject_enabled: live live False
[H] before launch: any_override False cap 90000 profile cushion 12 17 profile redundancy 2 4 profile -> ADOPTED
[H] at PLAYING: any_override False cap 90000 profile cushion 12 17 profile redundancy 2 4 profile -> ADOPTED
[H 16:46:37Z] PLAYING at 2026-09-29T16:46:37Z; holding 1800s, zero input
[H 17:16:40Z] adb client processes seen during hold: 57 (# polls 3475)
[H 17:16:43Z] report: native_decoder_20260929_171642_771.json
[frames] 1801 seconds in the session window
[heartbeat] 896 lines
[H 17:17:04Z] decision log lines in the session: 1021
[H 17:17:06Z] game active after stop: False
[H 17:17:06Z] done
[night 17:17:06Z] H harness exit 0
[night 17:17:40Z] flags unset: manager PRIVYHUB_* 0; MainPID 833251; 8765 833251; PRIVYHUB_* in its environ 0; ADAPTIVE_BITRATE_* in its environ 0
[night] adaptive_bitrate {'schema': 'privyhub_adaptive_bitrate_v1', 'mode': 'off', 'acted': False} | bitrate 7000 profile native_game_720p60_reference cap 90000 profile cushion 12 17 profile redundancy 2 4 profile any_override False active False
[night 17:17:40Z] inject route after teardown: HTTP 403
[night 17:17:49Z] teardown: game active False; NOW PLAYING on the launcher: 0
[night 17:17:49Z] night done
