[t2 15:15:06Z] sampler pid 105862
[t2 15:15:06Z] last session_ended 2026-09-23T15:03:54.894Z; S-a not before 15:44:54Z
[Sa] sampler=off heartbeat_ms=default cushion=profile/profile
[Sa] env: MAX_FRAME_SIZE=unset BUFSIZE_K=unset BYTE_CAP=unset
[Sa] env | grep PRIVYHUB_ENC ->
    (nothing, as the validating run requires)
[Sa] companion MainPID 107573 serving 8765
[Sa] cushion env in companion environ: 
[Sa] audio_cushion {'queue_target_packets': 12, 'queue_capacity_packets': 17, 'packet_ms': 5, 'target_ms': 60, 'capacity_ms': 85, 'source': 'profile', 'env_ignored': False, 'default_queue_target_packets': 12, 'default_queue_capacity_packets': 17}
[Sa] encoder argv: ... 7000k -bufsize 7000k -max_frame_size 90000 -g 15 -bf 0 -payload_type 96 -f rtp rtp://127.0.0.1:48110?pkt_size=1200
[Sa] overrides: max_frame_size=90000 bufsize_kbits=None
[Sa] relay byte cap under test: None
[Sa] audio_cushion at PLAYING: {'queue_target_packets': 12, 'queue_capacity_packets': 17, 'packet_ms': 5, 'target_ms': 60, 'capacity_ms': 85, 'source': 'profile', 'env_ignored': False, 'default_queue_target_packets': 12, 'default_queue_capacity_packets': 17}
[Sa] any_override False max_frame_size 90000 profile
[Sa] PLAYING at 2026-09-23T15:46:01Z; holding 1200s, zero input
[Sa] adb client processes seen during hold: 37 (# polls 2317)
[Sa] report: native_decoder_20260923_160602_887.json
[frames] 1201 seconds in the session window
[heartbeat] 597 lines
[Sa] game active after stop: False
[Sa] done
[Sb] sampler=off heartbeat_ms=default cushion=profile/profile
[Sb] env: MAX_FRAME_SIZE=unset BUFSIZE_K=unset BYTE_CAP=unset
[Sb] env | grep PRIVYHUB_ENC ->
    (nothing, as the validating run requires)
[Sb] companion MainPID 121962 serving 8765
[Sb] cushion env in companion environ: 
[Sb] audio_cushion {'queue_target_packets': 12, 'queue_capacity_packets': 17, 'packet_ms': 5, 'target_ms': 60, 'capacity_ms': 85, 'source': 'profile', 'env_ignored': False, 'default_queue_target_packets': 12, 'default_queue_capacity_packets': 17}
[Sb] encoder argv: ... 7000k -bufsize 7000k -max_frame_size 90000 -g 15 -bf 0 -payload_type 96 -f rtp rtp://127.0.0.1:48110?pkt_size=1200
[Sb] overrides: max_frame_size=90000 bufsize_kbits=None
[Sb] relay byte cap under test: None
[Sb] audio_cushion at PLAYING: {'queue_target_packets': 12, 'queue_capacity_packets': 17, 'packet_ms': 5, 'target_ms': 60, 'capacity_ms': 85, 'source': 'profile', 'env_ignored': False, 'default_queue_target_packets': 12, 'default_queue_capacity_packets': 17}
[Sb] any_override False max_frame_size 90000 profile
[Sb] PLAYING at 2026-09-23T16:07:12Z; holding 1200s, zero input
[Sb] adb client processes seen during hold: 36 (# polls 2316)
[Sb] report: native_decoder_20260923_162713_901.json
[frames] 1201 seconds in the session window
[heartbeat] 597 lines
[Sb] game active after stop: False
[Sb] done
[t2 16:27:43Z] idle 1800 s begins (companion up, nothing streaming)
[t2 16:57:43Z] idle ends
[Sc] sampler=off heartbeat_ms=default cushion=profile/profile
[Sc] env: MAX_FRAME_SIZE=unset BUFSIZE_K=unset BYTE_CAP=unset
[Sc] env | grep PRIVYHUB_ENC ->
    (nothing, as the validating run requires)
[Sc] companion MainPID 137625 serving 8765
[Sc] cushion env in companion environ: 
[Sc] audio_cushion {'queue_target_packets': 12, 'queue_capacity_packets': 17, 'packet_ms': 5, 'target_ms': 60, 'capacity_ms': 85, 'source': 'profile', 'env_ignored': False, 'default_queue_target_packets': 12, 'default_queue_capacity_packets': 17}
[Sc] encoder argv: ... 7000k -bufsize 7000k -max_frame_size 90000 -g 15 -bf 0 -payload_type 96 -f rtp rtp://127.0.0.1:48110?pkt_size=1200
[Sc] overrides: max_frame_size=90000 bufsize_kbits=None
[Sc] relay byte cap under test: None
[Sc] audio_cushion at PLAYING: {'queue_target_packets': 12, 'queue_capacity_packets': 17, 'packet_ms': 5, 'target_ms': 60, 'capacity_ms': 85, 'source': 'profile', 'env_ignored': False, 'default_queue_target_packets': 12, 'default_queue_capacity_packets': 17}
[Sc] any_override False max_frame_size 90000 profile
[Sc] PLAYING at 2026-09-23T16:58:26Z; holding 1200s, zero input
[Sc] adb client processes seen during hold: 39 (# polls 2316)
[Sc] report: native_decoder_20260923_171828_821.json
[frames] 1201 seconds in the session window
[heartbeat] 598 lines
[Sc] game active after stop: False
[Sc] done
[Sd] sampler=off heartbeat_ms=default cushion=profile/profile
[Sd] env: MAX_FRAME_SIZE=unset BUFSIZE_K=unset BYTE_CAP=unset
[Sd] env | grep PRIVYHUB_ENC ->
    (nothing, as the validating run requires)
[Sd] companion MainPID 151985 serving 8765
[Sd] cushion env in companion environ: 
[Sd] audio_cushion {'queue_target_packets': 12, 'queue_capacity_packets': 17, 'packet_ms': 5, 'target_ms': 60, 'capacity_ms': 85, 'source': 'profile', 'env_ignored': False, 'default_queue_target_packets': 12, 'default_queue_capacity_packets': 17}
[Sd] encoder argv: ... 7000k -bufsize 7000k -max_frame_size 90000 -g 15 -bf 0 -payload_type 96 -f rtp rtp://127.0.0.1:48110?pkt_size=1200
[Sd] overrides: max_frame_size=90000 bufsize_kbits=None
[Sd] relay byte cap under test: None
[Sd] audio_cushion at PLAYING: {'queue_target_packets': 12, 'queue_capacity_packets': 17, 'packet_ms': 5, 'target_ms': 60, 'capacity_ms': 85, 'source': 'profile', 'env_ignored': False, 'default_queue_target_packets': 12, 'default_queue_capacity_packets': 17}
[Sd] any_override False max_frame_size 90000 profile
[Sd] PLAYING at 2026-09-23T17:19:39Z; holding 1200s, zero input
[Sd] adb client processes seen during hold: 38 (# polls 2317)
[Sd] report: native_decoder_20260923_173940_684.json
[frames] 1201 seconds in the session window
[heartbeat] 598 lines
[Sd] game active after stop: False
[Sd] done
[t2 17:42:20Z] sampler rows 883
[t2 17:42:20Z] MainPID 151985; 8765 owner 151985; PRIVYHUB_* environ 0 manager 0
[t2] cushion 12 17 profile any_override False
[t2] game active False
[t2 17:42:20Z] done
