{"schema": "privyhub_native_stream_recovery_v1", "at_utc": "2026-09-20T20:52:49.889Z", "event": "session_started", "state": "PLAYING"}
{"schema": "privyhub_native_stream_recovery_v1", "at_utc": "2026-09-20T20:53:16.505Z", "event": "desync_pause", "state": "PAUSED_RECOVERING", "trigger": "client_output_silence", "age_ms": 1359.0, "pause_error": null}
{"schema": "privyhub_native_stream_recovery_v1", "at_utc": "2026-09-20T20:53:21.053Z", "event": "resumed", "state": "PLAYING", "from_state": "PAUSED_RECOVERING", "recovering_ms": 4646, "restarts": 0}
{"schema": "privyhub_native_stream_recovery_v1", "at_utc": "2026-09-20T20:53:43.903Z", "event": "session_ended", "state": "PLAYING"}
{"schema": "privyhub_native_stream_recovery_v1", "at_utc": "2026-09-20T20:54:23.868Z", "event": "session_started", "state": "PLAYING"}
{"schema": "privyhub_native_stream_recovery_v1", "at_utc": "2026-09-20T20:54:50.518Z", "event": "desync_pause", "state": "PAUSED_RECOVERING", "trigger": "client_output_silence", "age_ms": 1006.0, "pause_error": null}
{"schema": "privyhub_native_stream_recovery_v1", "at_utc": "2026-09-20T20:55:04.643Z", "event": "encoder_restart", "state": "PAUSED_RECOVERING", "attempt": 1, "method": "restart", "backoff_ms": 5000, "last_output_age_ms": 3043, "age_pair_ms": [1006, 3043], "cycle": null, "restart_error": "NativeStreamError: C3 actuator continuity diagnostic failed: RuntimeError"}
{"schema": "privyhub_native_stream_recovery_v1", "at_utc": "2026-09-20T20:55:16.299Z", "event": "encoder_restart", "state": "PAUSED_RECOVERING", "attempt": 2, "method": "full_start", "backoff_ms": 10000, "last_output_age_ms": 10073, "age_pair_ms": [8048, 10073], "cycle": null, "restart_error": null}
{"schema": "privyhub_native_stream_recovery_v1", "at_utc": "2026-09-20T20:55:17.940Z", "event": "resumed", "state": "PLAYING", "from_state": "PAUSED_RECOVERING", "recovering_ms": 27516, "restarts": 2}
{"schema": "privyhub_native_stream_recovery_v1", "at_utc": "2026-09-20T20:55:40.516Z", "event": "session_ended", "state": "PLAYING"}
{"schema": "privyhub_native_stream_recovery_v1", "at_utc": "2026-09-20T20:56:19.023Z", "event": "session_started", "state": "PLAYING"}
{"schema": "privyhub_native_stream_recovery_v1", "at_utc": "2026-09-20T20:56:46.153Z", "event": "desync_pause", "state": "PAUSED_RECOVERING", "trigger": "client_output_silence", "age_ms": 1035.0, "pause_error": null}
{"schema": "privyhub_native_stream_recovery_v1", "at_utc": "2026-09-20T20:56:55.710Z", "event": "encoder_restart", "state": "PAUSED_RECOVERING", "attempt": 1, "method": "restart", "backoff_ms": 5000, "last_output_age_ms": 4585, "age_pair_ms": [2561, 4585], "cycle": {"capture_restarted": false, "capture_process_present": false, "encoder_restarted": true, "source_width": 879, "source_height": 720, "ffmpeg_spawn_ms": 5002.349, "encoder_down_ms": 5001.831, "first_rtp_resume_ms": 5163.877, "rtp_silence_after_spawn_ms": 161.528, "rtp_baseline_residual_packets": 0, "host_verified_ms": 5917.299}, "restart_error": null}
{"schema": "privyhub_native_stream_recovery_v1", "at_utc": "2026-09-20T20:57:03.919Z", "event": "resumed", "state": "PLAYING", "from_state": "PAUSED_RECOVERING", "recovering_ms": 17859, "restarts": 1}
{"schema": "privyhub_native_stream_recovery_v1", "at_utc": "2026-09-20T20:57:36.165Z", "event": "session_ended", "state": "PLAYING"}
{"schema": "privyhub_native_stream_recovery_v1", "at_utc": "2026-09-20T20:58:14.581Z", "event": "session_started", "state": "PLAYING"}
{"schema": "privyhub_native_stream_recovery_v1", "at_utc": "2026-09-20T20:58:41.189Z", "event": "desync_pause", "state": "PAUSED_RECOVERING", "trigger": "client_output_silence", "age_ms": 1027.0, "pause_error": null}
{"schema": "privyhub_native_stream_recovery_v1", "at_utc": "2026-09-20T20:58:55.237Z", "event": "encoder_restart", "state": "PAUSED_RECOVERING", "attempt": 1, "method": "restart", "backoff_ms": 5000, "last_output_age_ms": 3565, "age_pair_ms": [1540, 3565], "cycle": null, "restart_error": "NativeStreamError: C3 actuator continuity diagnostic failed: RuntimeError"}
{"schema": "privyhub_native_stream_recovery_v1", "at_utc": "2026-09-20T20:59:07.204Z", "event": "encoder_restart", "state": "PAUSED_RECOVERING", "attempt": 2, "method": "full_start", "backoff_ms": 10000, "last_output_age_ms": 25863, "age_pair_ms": [23835, 25863], "cycle": null, "restart_error": null}
{"schema": "privyhub_native_stream_recovery_v1", "at_utc": "2026-09-20T20:59:08.072Z", "event": "resumed", "state": "PLAYING", "from_state": "PAUSED_RECOVERING", "recovering_ms": 26987, "restarts": 2}
{"schema": "privyhub_native_stream_recovery_v1", "at_utc": "2026-09-20T20:59:31.148Z", "event": "session_ended", "state": "PLAYING"}
{"schema": "privyhub_native_stream_recovery_v1", "at_utc": "2026-09-20T20:59:57.383Z", "event": "session_started", "state": "PLAYING"}
{"schema": "privyhub_native_stream_recovery_v1", "at_utc": "2026-09-20T21:00:23.981Z", "event": "desync_pause", "state": "PAUSED_RECOVERING", "trigger": "client_output_silence", "age_ms": 1019.0, "pause_error": null}
{"schema": "privyhub_native_stream_recovery_v1", "at_utc": "2026-09-20T21:00:33.572Z", "event": "encoder_restart", "state": "PAUSED_RECOVERING", "attempt": 1, "method": "restart", "backoff_ms": 5000, "last_output_age_ms": 4573, "age_pair_ms": [2540, 4573], "cycle": {"capture_restarted": false, "capture_process_present": false, "encoder_restarted": true, "source_width": 879, "source_height": 720, "ffmpeg_spawn_ms": 5004.306, "encoder_down_ms": 5003.632, "first_rtp_resume_ms": 5166.089, "rtp_silence_after_spawn_ms": 161.783, "rtp_baseline_residual_packets": 0, "host_verified_ms": 5919.958}, "restart_error": null}
{"schema": "privyhub_native_stream_recovery_v1", "at_utc": "2026-09-20T21:00:55.838Z", "event": "encoder_restart", "state": "PAUSED_RECOVERING", "attempt": 2, "method": "restart", "backoff_ms": 10000, "last_output_age_ms": 10738, "age_pair_ms": [8705, 10738], "cycle": null, "restart_error": "NativeStreamError: C3 actuator continuity diagnostic failed: RuntimeError"}
{"schema": "privyhub_native_stream_recovery_v1", "at_utc": "2026-09-20T21:01:19.047Z", "event": "encoder_restart", "state": "PAUSED_RECOVERING", "attempt": 3, "method": "full_start", "backoff_ms": 20000, "last_output_age_ms": 43147, "age_pair_ms": [41122, 43147], "cycle": null, "restart_error": null}
{"schema": "privyhub_native_stream_recovery_v1", "at_utc": "2026-09-20T21:02:02.575Z", "event": "encoder_restart", "state": "PAUSED_RECOVERING", "attempt": 4, "method": "restart", "backoff_ms": 30000, "last_output_age_ms": 77597, "age_pair_ms": [75573, 77597], "cycle": null, "restart_error": "NativeStreamError: C3 actuator continuity diagnostic failed: RuntimeError"}
{"schema": "privyhub_native_stream_recovery_v1", "at_utc": "2026-09-20T21:02:24.409Z", "event": "gave_up_saved", "state": "PAUSED_SAVED", "restarts": 4, "state_file": "data/games/retroarch/states/Beetle PSX HW/Tekken 3 (USA).state.recovery", "save_error": null}
{"schema": "privyhub_native_stream_recovery_v1", "at_utc": "2026-09-20T21:03:27.839Z", "event": "session_ended", "state": "PAUSED_SAVED"}
{"schema": "privyhub_native_stream_recovery_v1", "at_utc": "2026-09-20T21:04:23.302Z", "event": "session_started", "state": "PLAYING"}
{"schema": "privyhub_native_stream_recovery_v1", "at_utc": "2026-09-20T21:04:47.974Z", "event": "session_ended", "state": "PLAYING"}
