[day 2026-10-01T22:25:19Z / 18:25EDT] LINK-L2 day driver; H1 at 2026-10-01 20:40 EDT; first hold H1
[day 2026-10-02T00:40:05Z / 20:40EDT] H1 try 0 begins (local hour 20)
[day 2026-10-02T01:02:02Z / 21:02EDT] H1 try 0 hold exit 0
[day 2026-10-02T01:02:05Z / 21:02EDT] validity: H1 VALID: disable ok, shadow / acts false after it and at the end, 0 transitions, 0 acted rows | decision log 690 rows {"session_ended_reset": 4, "controller_start": 1, "sample": 604, "disabled": 1, "state": 80}
[day 2026-10-02T02:40:10Z / 22:40EDT] air snapshot between_H1_H2
[day 2026-10-02T04:40:15Z / 00:40EDT] H2 try 0 begins (local hour 00)
[day 2026-10-02T05:01:50Z / 01:01EDT] H2 try 0 hold exit 0
[day 2026-10-02T05:02:16Z / 01:02EDT] validity: H2 VALID: disable ok, shadow / acts false after it and at the end, 0 transitions, 0 acted rows | decision log 691 rows {"session_ended_reset": 4, "controller_start": 1, "sample": 601, "state": 84, "disabled": 1}
[day 2026-10-02T06:40:21Z / 02:40EDT] air snapshot between_H2_H3
[day 2026-10-02T08:40:06Z / 04:40EDT] H3 try 0 begins (local hour 04)
[day 2026-10-02T09:01:46Z / 05:01EDT] H3 try 0 hold exit 0
[day 2026-10-02T09:02:07Z / 05:02EDT] validity: H3 VALID: disable ok, shadow / acts false after it and at the end, 0 transitions, 0 acted rows | decision log 704 rows {"session_ended_reset": 4, "controller_start": 1, "sample": 602, "state": 96, "disabled": 1}
[day 2026-10-02T10:40:12Z / 06:40EDT] air snapshot between_H3_H4
[day 2026-10-02T12:40:17Z / 08:40EDT] H4 try 0 begins (local hour 08)
[day 2026-10-02T13:01:53Z / 09:01EDT] H4 try 0 hold exit 0
[day 2026-10-02T13:02:17Z / 09:02EDT] validity: H4 VALID: disable ok, shadow / acts false after it and at the end, 0 transitions, 0 acted rows | decision log 0 rows {}
[day 2026-10-02T14:40:22Z / 10:40EDT] air snapshot between_H4_H5
[day 2026-10-02T16:40:08Z / 12:40EDT] H5 try 0 begins (local hour 12)
[day 2026-10-02T17:01:46Z / 13:01EDT] H5 try 0 hold exit 0
[day 2026-10-02T17:02:08Z / 13:02EDT] validity: H5 VALID: disable ok, shadow / acts false after it and at the end, 0 transitions, 0 acted rows | decision log 751 rows {"session_ended_reset": 4, "controller_start": 1, "sample": 603, "disabled": 1, "state": 142}
[day 2026-10-02T18:40:13Z / 14:40EDT] air snapshot between_H5_H6
[day 2026-10-02T20:40:19Z / 16:40EDT] H6 try 0 begins (local hour 16)
[day 2026-10-02T21:01:56Z / 17:01EDT] H6 try 0 hold exit 0
[day 2026-10-02T21:02:19Z / 17:02EDT] validity: H6 VALID: disable ok, shadow / acts false after it and at the end, 0 transitions, 0 acted rows | decision log 712 rows {"session_ended_reset": 4, "controller_start": 1, "sample": 602, "state": 104, "disabled": 1}
[day 2026-10-02T21:02:23Z / 17:02EDT] day done
DAY_EXIT 0
