
========================================================================
Starting PrivyHub Linux native-video backend v0.7
Profile: native_game_720p60_reference 1280x720@60, 7000/7000 kbps H.264 VAAPI, GOP=15, BF=0
Capture backend: exact X11 window via x11grab
Capture: managed RetroArch window (pid=487183, window_id=60817410, discovered=879x720)
Window title: RetroArch Beetle PSX HW <ipv4> 82d8e05
Video FEC: XOR 8+1; FFmpeg RTP -> loopback relay -> onn; encoder=7000 kbps
========================================================================
encoder argv: /usr/bin/ffmpeg -hide_banner -loglevel info -nostdin -vaapi_device /dev/dri/renderD128 -f x11grab -framerate 60 -window_id 60817410 -i :0 -vf scale=1280:720:force_original_aspect_ratio=decrease:flags=fast_bilinear,pad=1280:720:(ow-iw)/2:(oh-ih)/2:black,format=nv12,hwupload -an -c:v h264_vaapi -profile:v high -b:v 7000k -maxrate 7000k -bufsize 7000k -max_frame_size 90000 -g 15 -bf 0 -payload_type 96 -f rtp rtp://<ipv4>:48110?pkt_size=1200
[x11grab @ 0x55b2ec28bc80] Stream #0: not enough frames to estimate rate; consider increasing probesize
Input #0, x11grab, from ':0':
  Duration: N/A, start: 1790305463.723874, bitrate: 1215129 kb/s
  Stream #0:0: Video: rawvideo (BGR[0] / 0x524742), bgr0, 879x720, 1215129 kb/s, 60 fps, 1000k tbr, 1000k tbn
Stream mapping:
  Stream #0:0 -> #0:0 (rawvideo (native) -> h264 (h264_vaapi))
Output #0, rtp, to 'rtp://<ipv4>:48110?pkt_size=1200':
  Metadata:
    encoder         : Lavf61.7.103
  Stream #0:0: Video: h264 (High), vaapi(tv, progressive), 1280x720, q=2-31, 7000 kb/s, 60 fps, 90k tbn
      Metadata:
        encoder         : Lavc61.19.101 h264_vaapi
SDP:
v=0
o=- 0 0 IN IP4 <ipv4>
s=No Name
c=IN IP4 <ipv4>
t=0 0
a=tool:libavformat 61.7.103
m=video 48110 RTP/AVP 96
b=AS:7000
a=rtpmap:96 H264/90000
a=fmtp:96 packetization-mode=1

frame=   31 fps=0.0 q=-0.0 size=     217KiB time=00:00:00.51 bitrate=3439.3kbits/s speed=1.03x    
frame=   61 fps= 61 q=-0.0 size=     650KiB time=00:00:01.01 bitrate=5235.8kbits/s speed=1.02x    
frame=   91 fps= 61 q=-0.0 size=    1083KiB time=00:00:01.51 bitrate=5847.5kbits/s speed=1.01x    
frame=  121 fps= 60 q=-0.0 size=    1516KiB time=00:00:02.01 bitrate=6156.6kbits/s speed=1.01x    
frame=  151 fps= 60 q=-0.0 size=    1948KiB time=00:00:02.51 bitrate=6342.3kbits/s speed=1.01x    
frame=  181 fps= 60 q=-0.0 size=    2381KiB time=00:00:03.01 bitrate=6466.3kbits/s speed=1.01x    
frame=  211 fps= 60 q=-0.0 size=    2814KiB time=00:00:03.51 bitrate=6555.1kbits/s speed=   1x    
frame=  241 fps= 60 q=-0.0 size=    3247KiB time=00:00:04.01 bitrate=6622.2kbits/s speed=   1x    
frame=  271 fps= 60 q=-0.0 size=    3680KiB time=00:00:04.51 bitrate=6674.6kbits/s speed=   1x    
frame=  301 fps= 60 q=-0.0 size=    4113KiB time=00:00:05.01 bitrate=6716.6kbits/s speed=   1x    
frame=  331 fps= 60 q=-0.0 size=    4546KiB time=00:00:05.51 bitrate=6751.1kbits/s speed=   1x    
frame=  361 fps= 60 q=-0.0 size=    5014KiB time=00:00:06.01 bitrate=6827.4kbits/s speed=   1x    
frame=  391 fps= 60 q=-0.0 size=    5461KiB time=00:00:06.51 bitrate=6864.4kbits/s speed=   1x    
frame=  421 fps= 60 q=-0.0 size=    5845KiB time=00:00:07.01 bitrate=6824.6kbits/s speed=   1x    
frame=  451 fps= 60 q=-0.0 size=    6279KiB time=00:00:07.51 bitrate=6842.7kbits/s speed=   1x    
frame=  481 fps= 60 q=-0.0 size=    6712KiB time=00:00:08.01 bitrate=6858.5kbits/s speed=   1x    
frame=  511 fps= 60 q=-0.0 size=    7145KiB time=00:00:08.51 bitrate=6872.3kbits/s speed=   1x    
frame=  541 fps= 60 q=-0.0 size=    7578KiB time=00:00:09.01 bitrate=6884.5kbits/s speed=   1x    
frame=  571 fps= 60 q=-0.0 size=    8011KiB time=00:00:09.51 bitrate=6895.5kbits/s speed=   1x    
frame=  601 fps= 60 q=-0.0 size=    8444KiB time=00:00:10.01 bitrate=6905.6kbits/s speed=   1x    
frame=  631 fps= 60 q=-0.0 size=    8877KiB time=00:00:10.51 bitrate=6914.7kbits/s speed=   1x    
frame=  661 fps= 60 q=-0.0 size=    9310KiB time=00:00:11.01 bitrate=6922.9kbits/s speed=   1x    
frame=  691 fps= 60 q=-0.0 size=    9743KiB time=00:00:11.51 bitrate=6930.5kbits/s speed=   1x    
frame=  721 fps= 60 q=-0.0 size=   10176KiB time=00:00:12.01 bitrate=6937.4kbits/s speed=   1x    
frame=  751 fps= 60 q=-0.0 size=   10610KiB time=00:00:12.51 bitrate=6943.8kbits/s speed=   1x    
frame=  781 fps= 60 q=-0.0 size=   11043KiB time=00:00:13.01 bitrate=6949.7kbits/s speed=   1x    
frame=  811 fps= 60 q=-0.0 size=   11476KiB time=00:00:13.51 bitrate=6955.1kbits/s speed=   1x    
frame=  841 fps= 60 q=-0.0 size=   11909KiB time=00:00:14.01 bitrate=6960.2kbits/s speed=   1x    
frame=  871 fps= 60 q=-0.0 size=   12342KiB time=00:00:14.51 bitrate=6964.9kbits/s speed=   1x    
frame=  901 fps= 60 q=-0.0 size=   12775KiB time=00:00:15.01 bitrate=6969.3kbits/s speed=   1x    
frame=  931 fps= 60 q=-0.0 size=   13208KiB time=00:00:15.51 bitrate=6973.4kbits/s speed=   1x    
frame=  961 fps= 60 q=-0.0 size=   13642KiB time=00:00:16.01 bitrate=6977.2kbits/s speed=   1x    
frame=  991 fps= 60 q=-0.0 size=   14075KiB time=00:00:16.51 bitrate=6980.9kbits/s speed=   1x    
frame= 1021 fps= 60 q=-0.0 size=   14508KiB time=00:00:17.01 bitrate=6984.3kbits/s speed=   1x    
frame= 1051 fps= 60 q=-0.0 size=   14941KiB time=00:00:17.51 bitrate=6987.5kbits/s speed=   1x    
frame= 1081 fps= 60 q=-0.0 size=   15374KiB time=00:00:18.01 bitrate=6990.5kbits/s speed=   1x    
frame= 1111 fps= 60 q=-0.0 size=   15807KiB time=00:00:18.51 bitrate=6993.3kbits/s speed=   1x    
frame= 1141 fps= 60 q=-0.0 size=   16240KiB time=00:00:19.01 bitrate=6996.0kbits/s speed=   1x    
frame= 1171 fps= 60 q=-0.0 size=   16674KiB time=00:00:19.51 bitrate=6998.6kbits/s speed=   1x    
frame= 1201 fps= 60 q=-0.0 size=   17107KiB time=00:00:20.01 bitrate=7001.1kbits/s speed=   1x    
frame= 1231 fps= 60 q=-0.0 size=   17540KiB time=00:00:20.51 bitrate=7003.4kbits/s speed=   1x    
frame= 1261 fps= 60 q=-0.0 size=   17973KiB time=00:00:21.01 bitrate=7005.6kbits/s speed=   1x    
frame= 1291 fps= 60 q=-0.0 size=   18406KiB time=00:00:21.51 bitrate=7007.7kbits/s speed=   1x    
frame= 1321 fps= 60 q=-0.0 size=   18839KiB time=00:00:22.01 bitrate=7009.7kbits/s speed=   1x    
frame= 1351 fps= 60 q=-0.0 size=   19272KiB time=00:00:22.51 bitrate=7011.5kbits/s speed=   1x    
frame= 1381 fps= 60 q=-0.0 size=   19705KiB time=00:00:23.01 bitrate=7013.4kbits/s speed=   1x    
frame= 1411 fps= 60 q=-0.0 size=   20143KiB time=00:00:23.51 bitrate=7016.6kbits/s speed=   1x    
frame= 1441 fps= 60 q=-0.0 size=   20604KiB time=00:00:24.01 bitrate=7028.1kbits/s speed=   1x    
frame= 1471 fps= 60 q=-0.0 size=   21010KiB time=00:00:24.51 bitrate=7020.4kbits/s speed=   1x    
frame= 1501 fps= 60 q=-0.0 size=   21521KiB time=00:00:25.01 bitrate=7047.3kbits/s speed=   1x    
frame= 1531 fps= 60 q=-0.0 size=   21965KiB time=00:00:25.51 bitrate=7051.8kbits/s speed=   1x    
frame= 1561 fps= 60 q=-0.0 size=   22419KiB time=00:00:26.01 bitrate=7059.1kbits/s speed=   1x    
frame= 1591 fps= 60 q=-0.0 size=   22897KiB time=00:00:26.51 bitrate=7073.7kbits/s speed=   1x    
frame= 1621 fps= 60 q=-0.0 size=   23363KiB time=00:00:27.01 bitrate=7084.0kbits/s speed=   1x    
frame= 1651 fps= 60 q=-0.0 size=   23801KiB time=00:00:27.51 bitrate=7085.9kbits/s speed=   1x    
frame= 1681 fps= 60 q=-0.0 size=   24243KiB time=00:00:28.01 bitrate=7088.5kbits/s speed=   1x    
frame= 1711 fps= 60 q=-0.0 size=   24650KiB time=00:00:28.51 bitrate=7081.2kbits/s speed=   1x    
frame= 1741 fps= 60 q=-0.0 size=   25080KiB time=00:00:29.01 bitrate=7080.6kbits/s speed=   1x    
frame= 1771 fps= 60 q=-0.0 size=   25530KiB time=00:00:29.51 bitrate=7085.5kbits/s speed=   1x    
frame= 1801 fps= 60 q=-0.0 size=   25952KiB time=00:00:30.01 bitrate=7082.8kbits/s speed=   1x    
frame= 1831 fps= 60 q=-0.0 size=   26387KiB time=00:00:30.51 bitrate=7083.4kbits/s speed=   1x    
frame= 1861 fps= 60 q=-0.0 size=   26827KiB time=00:00:31.01 bitrate=7085.5kbits/s speed=   1x    
frame= 1891 fps= 60 q=-0.0 size=   27260KiB time=00:00:31.51 bitrate=7085.7kbits/s speed=   1x    
frame= 1921 fps= 60 q=-0.0 size=   27675KiB time=00:00:32.01 bitrate=7081.1kbits/s speed=   1x    
frame= 1951 fps= 60 q=-0.0 size=   28099KiB time=00:00:32.51 bitrate=7079.2kbits/s speed=   1x    
frame= 1981 fps= 60 q=-0.0 size=   28560KiB time=00:00:33.01 bitrate=7086.3kbits/s speed=   1x    
frame= 2011 fps= 60 q=-0.0 size=   28986KiB time=00:00:33.51 bitrate=7084.7kbits/s speed=   1x    
frame= 2041 fps= 60 q=-0.0 size=   29423KiB time=00:00:34.01 bitrate=7085.9kbits/s speed=   1x    
frame= 2071 fps= 60 q=-0.0 size=   29867KiB time=00:00:34.51 bitrate=7088.5kbits/s speed=   1x    
frame= 2101 fps= 60 q=-0.0 size=   30276KiB time=00:00:35.01 bitrate=7083.0kbits/s speed=   1x    
frame= 2131 fps= 60 q=-0.0 size=   30734KiB time=00:00:35.51 bitrate=7088.9kbits/s speed=   1x    
frame= 2161 fps= 60 q=-0.0 size=   31153KiB time=00:00:36.01 bitrate=7085.9kbits/s speed=   1x    
frame= 2191 fps= 60 q=-0.0 size=   31604KiB time=00:00:36.51 bitrate=7089.9kbits/s speed=   1x    
frame= 2221 fps= 60 q=-0.0 size=   32025KiB time=00:00:37.01 bitrate=7087.3kbits/s speed=   1x    
frame= 2251 fps= 60 q=-0.0 size=   32456KiB time=00:00:37.51 bitrate=7087.0kbits/s speed=   1x    
frame= 2281 fps= 60 q=-0.0 size=   32887KiB time=00:00:38.01 bitrate=7086.7kbits/s speed=   1x    
frame= 2311 fps= 60 q=-0.0 size=   33316KiB time=00:00:38.51 bitrate=7085.9kbits/s speed=   1x    
frame= 2341 fps= 60 q=-0.0 size=   33751KiB time=00:00:39.01 bitrate=7086.4kbits/s speed=   1x    
frame= 2371 fps= 60 q=-0.0 size=   34186KiB time=00:00:39.51 bitrate=7086.8kbits/s speed=   1x    
frame= 2401 fps= 60 q=-0.0 size=   34616KiB time=00:00:40.01 bitrate=7086.4kbits/s speed=   1x    
frame= 2431 fps= 60 q=-0.0 size=   35060KiB time=00:00:40.51 bitrate=7088.7kbits/s speed=   1x    
frame= 2461 fps= 60 q=-0.0 size=   35484KiB time=00:00:41.01 bitrate=7087.0kbits/s speed=   1x    
frame= 2491 fps= 60 q=-0.0 size=   35914KiB time=00:00:41.51 bitrate=7086.5kbits/s speed=   1x    
frame= 2521 fps= 60 q=-0.0 size=   36352KiB time=00:00:42.01 bitrate=7087.5kbits/s speed=   1x    
frame= 2551 fps= 60 q=-0.0 size=   36780KiB time=00:00:42.51 bitrate=7086.6kbits/s speed=   1x    
frame= 2581 fps= 60 q=-0.0 size=   37203KiB time=00:00:43.01 bitrate=7084.8kbits/s speed=   1x    
frame= 2611 fps= 60 q=-0.0 size=   37654KiB time=00:00:43.51 bitrate=7088.4kbits/s speed=   1x    
frame= 2641 fps= 60 q=-0.0 size=   38091KiB time=00:00:44.01 bitrate=7089.1kbits/s speed=   1x    
frame= 2671 fps= 60 q=-0.0 size=   38524KiB time=00:00:44.51 bitrate=7089.2kbits/s speed=   1x    
frame= 2701 fps= 60 q=-0.0 size=   38951KiB time=00:00:45.01 bitrate=7088.2kbits/s speed=   1x    
frame= 2731 fps= 60 q=-0.0 size=   39386KiB time=00:00:45.51 bitrate=7088.7kbits/s speed=   1x    
frame= 2761 fps= 60 q=-0.0 size=   39816KiB time=00:00:46.01 bitrate=7088.2kbits/s speed=   1x    
frame= 2791 fps= 60 q=-0.0 size=   40230KiB time=00:00:46.51 bitrate=7084.8kbits/s speed=   1x    
frame= 2821 fps= 60 q=-0.0 size=   40666KiB time=00:00:47.01 bitrate=7085.4kbits/s speed=   1x    
frame= 2851 fps= 60 q=-0.0 size=   41097KiB time=00:00:47.51 bitrate=7085.2kbits/s speed=   1x    
frame= 2881 fps= 60 q=-0.0 size=   41542KiB time=00:00:48.01 bitrate=7087.3kbits/s speed=   1x    
frame= 2911 fps= 60 q=-0.0 size=   41971KiB time=00:00:48.51 bitrate=7086.8kbits/s speed=   1x    
frame= 2941 fps= 60 q=-0.0 size=   42398KiB time=00:00:49.01 bitrate=7085.9kbits/s speed=   1x    
frame= 2971 fps= 60 q=-0.0 size=   42867KiB time=00:00:49.51 bitrate=7091.8kbits/s speed=   1x    
frame= 3001 fps= 60 q=-0.0 size=   43239KiB time=00:00:50.01 bitrate=7081.9kbits/s speed=   1x    
frame= 3031 fps= 60 q=-0.0 size=   43706KiB time=00:00:50.51 bitrate=7087.5kbits/s speed=   1x    
frame= 3061 fps= 60 q=-0.0 size=   44138KiB time=00:00:51.01 bitrate=7087.4kbits/s speed=   1x    
frame= 3091 fps= 60 q=-0.0 size=   44570KiB time=00:00:51.51 bitrate=7087.4kbits/s speed=   1x    
frame= 3121 fps= 60 q=-0.0 size=   44992KiB time=00:00:52.01 bitrate=7085.7kbits/s speed=   1x    
frame= 3152 fps= 60 q=-0.0 size=   45471KiB time=00:00:52.53 bitrate=7090.8kbits/s speed=   1x    
frame= 3182 fps= 60 q=-0.0 size=   45906KiB time=00:00:53.03 bitrate=7091.0kbits/s speed=   1x    
frame= 3212 fps= 60 q=-0.0 size=   46332KiB time=00:00:53.53 bitrate=7090.0kbits/s speed=   1x    
frame= 3241 fps= 60 q=-0.0 size=   46745KiB time=00:00:54.01 bitrate=7089.3kbits/s speed=   1x    
frame= 3272 fps= 60 q=-0.0 size=   47216KiB time=00:00:54.53 bitrate=7092.8kbits/s speed=   1x    
frame= 3302 fps= 60 q=-0.0 size=   47627KiB time=00:00:55.03 bitrate=7089.5kbits/s speed=   1x    
frame= 3332 fps= 60 q=-0.0 size=   48033KiB time=00:00:55.53 bitrate=7085.6kbits/s speed=   1x    
frame= 3362 fps= 60 q=-0.0 size=   48518KiB time=00:00:56.03 bitrate=7093.3kbits/s speed=   1x    
frame= 3392 fps= 60 q=-0.0 size=   48949KiB time=00:00:56.53 bitrate=7093.1kbits/s speed=   1x    
frame= 3422 fps= 60 q=-0.0 size=   49384KiB time=00:00:57.03 bitrate=7093.2kbits/s speed=   1x    
frame= 3452 fps= 60 q=-0.0 size=   49791KiB time=00:00:57.53 bitrate=7089.5kbits/s speed=   1x    
frame= 3482 fps= 60 q=-0.0 size=   50226KiB time=00:00:58.03 bitrate=7090.0kbits/s speed=   1x    
frame= 3512 fps= 60 q=-0.0 size=   50724KiB time=00:00:58.53 bitrate=7099.0kbits/s speed=   1x    
frame= 3542 fps= 60 q=-0.0 size=   51089KiB time=00:00:59.03 bitrate=7089.5kbits/s speed=   1x    
frame= 3572 fps= 60 q=-0.0 size=   51539KiB time=00:00:59.53 bitrate=7091.9kbits/s speed=   1x    
frame= 3602 fps= 60 q=-0.0 size=   51977KiB time=00:01:00.03 bitrate=7092.7kbits/s speed=   1x    
frame= 3632 fps= 60 q=-0.0 size=   52385KiB time=00:01:00.53 bitrate=7089.3kbits/s speed=   1x    
frame= 3662 fps= 60 q=-0.0 size=   52859KiB time=00:01:01.03 bitrate=7094.9kbits/s speed=   1x    
frame= 3692 fps= 60 q=-0.0 size=   53270KiB time=00:01:01.53 bitrate=7091.9kbits/s speed=   1x    
frame= 3722 fps= 60 q=-0.0 size=   53699KiB time=00:01:02.03 bitrate=7091.3kbits/s speed=   1x    
frame= 3752 fps= 60 q=-0.0 size=   54153KiB time=00:01:02.53 bitrate=7094.2kbits/s speed=   1x    
frame= 3782 fps= 60 q=-0.0 size=   54580KiB time=00:01:03.03 bitrate=7093.3kbits/s speed=   1x    
frame= 3812 fps= 60 q=-0.0 size=   55039KiB time=00:01:03.53 bitrate=7096.7kbits/s speed=   1x    
frame= 3842 fps= 60 q=-0.0 size=   55432KiB time=00:01:04.03 bitrate=7091.6kbits/s speed=   1x    
frame= 3872 fps= 60 q=-0.0 size=   55867KiB time=00:01:04.53 bitrate=7091.9kbits/s speed=   1x    
frame= 3902 fps= 60 q=-0.0 size=   56312KiB time=00:01:05.03 bitrate=7093.4kbits/s speed=   1x    
frame= 3932 fps= 60 q=-0.0 size=   56743KiB time=00:01:05.53 bitrate=7093.1kbits/s speed=   1x    
frame= 3962 fps= 60 q=-0.0 size=   57170KiB time=00:01:06.03 bitrate=7092.5kbits/s speed=   1x    
frame= 3992 fps= 60 q=-0.0 size=   57600KiB time=00:01:06.53 bitrate=7092.1kbits/s speed=   1x    
frame= 4022 fps= 60 q=-0.0 size=   58039KiB time=00:01:07.03 bitrate=7092.8kbits/s speed=   1x    
frame= 4052 fps= 60 q=-0.0 size=   58462KiB time=00:01:07.53 bitrate=7091.6kbits/s speed=   1x    
frame= 4082 fps= 60 q=-0.0 size=   58883KiB time=00:01:08.03 bitrate=7090.1kbits/s speed=   1x    
frame= 4112 fps= 60 q=-0.0 size=   59347KiB time=00:01:08.53 bitrate=7093.9kbits/s speed=   1x    
frame= 4142 fps= 60 q=-0.0 size=   59699KiB time=00:01:09.03 bitrate=7084.3kbits/s speed=   1x    
frame= 4172 fps= 60 q=-0.0 size=   60209KiB time=00:01:09.53 bitrate=7093.5kbits/s speed=   1x    
frame= 4202 fps= 60 q=-0.0 size=   60618KiB time=00:01:10.03 bitrate=7090.6kbits/s speed=   1x    
frame= 4232 fps= 60 q=-0.0 size=   61069KiB time=00:01:10.53 bitrate=7092.8kbits/s speed=   1x    
frame= 4262 fps= 60 q=-0.0 size=   61472KiB time=00:01:11.03 bitrate=7089.3kbits/s speed=   1x    
frame= 4292 fps= 60 q=-0.0 size=   61899KiB time=00:01:11.53 bitrate=7088.7kbits/s speed=   1x    
frame= 4322 fps= 60 q=-0.0 size=   62372KiB time=00:01:12.03 bitrate=7093.2kbits/s speed=   1x    
frame= 4352 fps= 60 q=-0.0 size=   62775KiB time=00:01:12.53 bitrate=7089.9kbits/s speed=   1x    
frame= 4382 fps= 60 q=-0.0 size=   63252KiB time=00:01:13.03 bitrate=7094.9kbits/s speed=   1x    
frame= 4412 fps= 60 q=-0.0 size=   63671KiB time=00:01:13.53 bitrate=7093.3kbits/s speed=   1x    
frame= 4442 fps= 60 q=-0.0 size=   64083KiB time=00:01:14.03 bitrate=7090.9kbits/s speed=   1x    
frame= 4472 fps= 60 q=-0.0 size=   64547KiB time=00:01:14.53 bitrate=7094.4kbits/s speed=   1x    
frame= 4502 fps= 60 q=-0.0 size=   64974KiB time=00:01:15.03 bitrate=7093.7kbits/s speed=   1x    
frame= 4532 fps= 60 q=-0.0 size=   65401KiB time=00:01:15.53 bitrate=7093.1kbits/s speed=   1x    
frame= 4562 fps= 60 q=-0.0 size=   65806KiB time=00:01:16.03 bitrate=7090.1kbits/s speed=   1x    
frame= 4592 fps= 60 q=-0.0 size=   66253KiB time=00:01:16.53 bitrate=7091.6kbits/s speed=   1x    
frame= 4622 fps= 60 q=-0.0 size=   66675KiB time=00:01:17.03 bitrate=7090.5kbits/s speed=   1x    
frame= 4652 fps= 60 q=-0.0 size=   67127KiB time=00:01:17.53 bitrate=7092.5kbits/s speed=   1x    
frame= 4682 fps= 60 q=-0.0 size=   67562KiB time=00:01:18.03 bitrate=7092.7kbits/s speed=   1x    
frame= 4712 fps= 60 q=-0.0 size=   67981KiB time=00:01:18.53 bitrate=7091.2kbits/s speed=   1x    
frame= 4742 fps= 60 q=-0.0 size=   68465KiB time=00:01:19.03 bitrate=7096.6kbits/s speed=   1x    
frame= 4772 fps= 60 q=-0.0 size=   68844KiB time=00:01:19.53 bitrate=7091.0kbits/s speed=   1x    
frame= 4802 fps= 60 q=-0.0 size=   69308KiB time=00:01:20.03 bitrate=7094.2kbits/s speed=   1x    
frame= 4832 fps= 60 q=-0.0 size=   69730KiB time=00:01:20.53 bitrate=7093.0kbits/s speed=   1x    
frame= 4862 fps= 60 q=-0.0 size=   70175KiB time=00:01:21.03 bitrate=7094.2kbits/s speed=   1x    
frame= 4892 fps= 60 q=-0.0 size=   70600KiB time=00:01:21.53 bitrate=7093.5kbits/s speed=   1x    
frame= 4922 fps= 60 q=-0.0 size=   71034KiB time=00:01:22.03 bitrate=7093.6kbits/s speed=   1x    
frame= 4952 fps= 60 q=-0.0 size=   71467KiB time=00:01:22.53 bitrate=7093.6kbits/s speed=   1x    
frame= 4982 fps= 60 q=-0.0 size=   71899KiB time=00:01:23.03 bitrate=7093.5kbits/s speed=   1x    
frame= 5012 fps= 60 q=-0.0 size=   72340KiB time=00:01:23.53 bitrate=7094.3kbits/s speed=   1x    
frame= 5042 fps= 60 q=-0.0 size=   72768KiB time=00:01:24.03 bitrate=7093.8kbits/s speed=   1x    
frame= 5072 fps= 60 q=-0.0 size=   73184KiB time=00:01:24.53 bitrate=7092.1kbits/s speed=   1x    
frame= 5102 fps= 60 q=-0.0 size=   73696KiB time=00:01:25.03 bitrate=7099.8kbits/s speed=   1x    
frame= 5132 fps= 60 q=-0.0 size=   74053KiB time=00:01:25.53 bitrate=7092.5kbits/s speed=   1x    
frame= 5162 fps= 60 q=-0.0 size=   74493KiB time=00:01:26.03 bitrate=7093.1kbits/s speed=   1x    
frame= 5192 fps= 60 q=-0.0 size=   74917KiB time=00:01:26.53 bitrate=7092.3kbits/s speed=   1x    
frame= 5222 fps= 60 q=-0.0 size=   75339KiB time=00:01:27.03 bitrate=7091.3kbits/s speed=   1x    
frame= 5252 fps= 60 q=-0.0 size=   75814KiB time=00:01:27.53 bitrate=7095.3kbits/s speed=   1x    
frame= 5282 fps= 60 q=-0.0 size=   76261KiB time=00:01:28.03 bitrate=7096.6kbits/s speed=   1x    
frame= 5312 fps= 60 q=-0.0 size=   76680KiB time=00:01:28.53 bitrate=7095.2kbits/s speed=   1x    
frame= 5342 fps= 60 q=-0.0 size=   77106KiB time=00:01:29.03 bitrate=7094.6kbits/s speed=   1x    
frame= 5372 fps= 60 q=-0.0 size=   77530KiB time=00:01:29.53 bitrate=7093.8kbits/s speed=   1x    
frame= 5402 fps= 60 q=-0.0 size=   77963KiB time=00:01:30.03 bitrate=7093.7kbits/s speed=   1x    
frame= 5432 fps= 60 q=-0.0 size=   78398KiB time=00:01:30.53 bitrate=7093.9kbits/s speed=   1x    
frame= 5462 fps= 60 q=-0.0 size=   78833KiB time=00:01:31.03 bitrate=7094.1kbits/s speed=   1x    
frame= 5492 fps= 60 q=-0.0 size=   79267KiB time=00:01:31.53 bitrate=7094.2kbits/s speed=   1x    
frame= 5522 fps= 60 q=-0.0 size=   79691KiB time=00:01:32.03 bitrate=7093.4kbits/s speed=   1x    
frame= 5552 fps= 60 q=-0.0 size=   80139KiB time=00:01:32.53 bitrate=7094.7kbits/s speed=   1x    
frame= 5582 fps= 60 q=-0.0 size=   80551KiB time=00:01:33.03 bitrate=7092.9kbits/s speed=   1x    
frame= 5612 fps= 60 q=-0.0 size=   81010KiB time=00:01:33.53 bitrate=7095.2kbits/s speed=   1x    
frame= 5642 fps= 60 q=-0.0 size=   81409KiB time=00:01:34.03 bitrate=7092.2kbits/s speed=   1x    
frame= 5672 fps= 60 q=-0.0 size=   81844KiB time=00:01:34.53 bitrate=7092.3kbits/s speed=   1x    
frame= 5702 fps= 60 q=-0.0 size=   82265KiB time=00:01:35.03 bitrate=7091.4kbits/s speed=   1x    
frame= 5732 fps= 60 q=-0.0 size=   82716KiB time=00:01:35.53 bitrate=7092.9kbits/s speed=   1x    
frame= 5762 fps= 60 q=-0.0 size=   83194KiB time=00:01:36.03 bitrate=7096.7kbits/s speed=   1x    
frame= 5792 fps= 60 q=-0.0 size=   83586KiB time=00:01:36.53 bitrate=7093.3kbits/s speed=   1x    
frame= 5822 fps= 60 q=-0.0 size=   84085KiB time=00:01:37.03 bitrate=7098.8kbits/s speed=   1x    
frame= 5852 fps= 60 q=-0.0 size=   84409KiB time=00:01:37.53 bitrate=7089.6kbits/s speed=   1x    
frame= 5882 fps= 60 q=-0.0 size=   84868KiB time=00:01:38.03 bitrate=7091.8kbits/s speed=   1x    
frame= 5912 fps= 60 q=-0.0 size=   85315KiB time=00:01:38.53 bitrate=7093.0kbits/s speed=   1x    
frame= 5942 fps= 60 q=-0.0 size=   85752KiB time=00:01:39.03 bitrate=7093.4kbits/s speed=   1x    
frame= 5972 fps= 60 q=-0.0 size=   86145KiB time=00:01:39.53 bitrate=7090.1kbits/s speed=   1x    
frame= 6002 fps= 60 q=-0.0 size=   86603KiB time=00:01:40.03 bitrate=7092.2kbits/s speed=   1x    
frame= 6032 fps= 60 q=-0.0 size=   87052KiB time=00:01:40.53 bitrate=7093.4kbits/s speed=   1x    
frame= 6062 fps= 60 q=-0.0 size=   87482KiB time=00:01:41.03 bitrate=7093.3kbits/s speed=   1x    
frame= 6092 fps= 60 q=-0.0 size=   87918KiB time=00:01:41.53 bitrate=7093.5kbits/s speed=   1x    
frame= 6122 fps= 60 q=-0.0 size=   88359KiB time=00:01:42.03 bitrate=7094.1kbits/s speed=   1x    
frame= 6152 fps= 60 q=-0.0 size=   88757KiB time=00:01:42.53 bitrate=7091.3kbits/s speed=   1x    
frame= 6182 fps= 60 q=-0.0 size=   89215KiB time=00:01:43.03 bitrate=7093.3kbits/s speed=   1x    
frame= 6212 fps= 60 q=-0.0 size=   89634KiB time=00:01:43.53 bitrate=7092.2kbits/s speed=   1x    
frame= 6242 fps= 60 q=-0.0 size=   90213KiB time=00:01:44.03 bitrate=7103.8kbits/s speed=   1x    
frame= 6272 fps= 60 q=-0.0 size=   90444KiB time=00:01:44.53 bitrate=7087.9kbits/s speed=   1x    
frame= 6302 fps= 60 q=-0.0 size=   90935KiB time=00:01:45.03 bitrate=7092.4kbits/s speed=   1x    
frame= 6332 fps= 60 q=-0.0 size=   91372KiB time=00:01:45.53 bitrate=7092.7kbits/s speed=   1x    
frame= 6362 fps= 60 q=-0.0 size=   91811KiB time=00:01:46.03 bitrate=7093.2kbits/s speed=   1x    
frame= 6392 fps= 60 q=-0.0 size=   92227KiB time=00:01:46.53 bitrate=7091.9kbits/s speed=   1x    
frame= 6422 fps= 60 q=-0.0 size=   92725KiB time=00:01:47.03 bitrate=7096.9kbits/s speed=   1x    
frame= 6452 fps= 60 q=-0.0 size=   93090KiB time=00:01:47.53 bitrate=7091.7kbits/s speed=   1x    
frame= 6482 fps= 60 q=-0.0 size=   93545KiB time=00:01:48.03 bitrate=7093.3kbits/s speed=   1x    
frame= 6512 fps= 60 q=-0.0 size=   93966KiB time=00:01:48.53 bitrate=7092.5kbits/s speed=   1x    
frame= 6542 fps= 60 q=-0.0 size=   94391KiB time=00:01:49.03 bitrate=7091.8kbits/s speed=   1x    
frame= 6572 fps= 60 q=-0.0 size=   94825KiB time=00:01:49.53 bitrate=7091.9kbits/s speed=   1x    
frame= 6602 fps= 60 q=-0.0 size=   95251KiB time=00:01:50.03 bitrate=7091.5kbits/s speed=   1x    
frame= 6632 fps= 60 q=-0.0 size=   95712KiB time=00:01:50.53 bitrate=7093.6kbits/s speed=   1x    
frame= 6662 fps= 60 q=-0.0 size=   96135KiB time=00:01:51.03 bitrate=7092.8kbits/s speed=   1x    
frame= 6692 fps= 60 q=-0.0 size=   96567KiB time=00:01:51.53 bitrate=7092.8kbits/s speed=   1x    
frame= 6722 fps= 60 q=-0.0 size=   96999KiB time=00:01:52.03 bitrate=7092.7kbits/s speed=   1x    
frame= 6752 fps= 60 q=-0.0 size=   97449KiB time=00:01:52.53 bitrate=7093.9kbits/s speed=   1x    
frame= 6782 fps= 60 q=-0.0 size=   97891KiB time=00:01:53.03 bitrate=7094.6kbits/s speed=   1x    
frame= 6812 fps= 60 q=-0.0 size=   98306KiB time=00:01:53.53 bitrate=7093.3kbits/s speed=   1x    
frame= 6842 fps= 60 q=-0.0 size=   98721KiB time=00:01:54.03 bitrate=7092.0kbits/s speed=   1x    
frame= 6872 fps= 60 q=-0.0 size=   99155KiB time=00:01:54.53 bitrate=7092.0kbits/s speed=   1x    
frame= 6902 fps= 60 q=-0.0 size=   99539KiB time=00:01:55.03 bitrate=7088.6kbits/s speed=   1x    
frame= 6932 fps= 60 q=-0.0 size=   99870KiB time=00:01:55.53 bitrate=7081.4kbits/s speed=   1x    
frame= 6962 fps= 60 q=-0.0 size=  100369KiB time=00:01:56.03 bitrate=7086.1kbits/s speed=   1x    
frame= 6992 fps= 60 q=-0.0 size=  100878KiB time=00:01:56.53 bitrate=7091.4kbits/s speed=   1x    
frame= 7022 fps= 60 q=-0.0 size=  101333KiB time=00:01:57.03 bitrate=7093.0kbits/s speed=   1x    
frame= 7052 fps= 60 q=-0.0 size=  101759KiB time=00:01:57.53 bitrate=7092.6kbits/s speed=   1x    
frame= 7082 fps= 60 q=-0.0 size=  102047KiB time=00:01:58.03 bitrate=7082.5kbits/s speed=   1x    
frame= 7112 fps= 60 q=-0.0 size=  102426KiB time=00:01:58.53 bitrate=7078.8kbits/s speed=   1x    
frame= 7142 fps= 60 q=-0.0 size=  103059KiB time=00:01:59.03 bitrate=7092.6kbits/s speed=   1x    
frame= 7172 fps= 60 q=-0.0 size=  103501KiB time=00:01:59.53 bitrate=7093.3kbits/s speed=   1x    
frame= 7202 fps= 60 q=-0.0 size=  103930KiB time=00:02:00.03 bitrate=7093.0kbits/s speed=   1x    
frame= 7232 fps= 60 q=-0.0 size=  104344KiB time=00:02:00.53 bitrate=7091.7kbits/s speed=   1x    
frame= 7262 fps= 60 q=-0.0 size=  104774KiB time=00:02:01.03 bitrate=7091.5kbits/s speed=   1x    
frame= 7292 fps= 60 q=-0.0 size=  105189KiB time=00:02:01.53 bitrate=7090.3kbits/s speed=   1x    
frame= 7322 fps= 60 q=-0.0 size=  105603KiB time=00:02:02.03 bitrate=7089.1kbits/s speed=   1x    
frame= 7352 fps= 60 q=-0.0 size=  106021KiB time=00:02:02.53 bitrate=7088.1kbits/s speed=   1x    
frame= 7382 fps= 60 q=-0.0 size=  106475KiB time=00:02:03.03 bitrate=7089.5kbits/s speed=   1x    
frame= 7412 fps= 60 q=-0.0 size=  106891KiB time=00:02:03.53 bitrate=7088.4kbits/s speed=   1x    
frame= 7443 fps= 60 q=-0.0 size=  107318KiB time=00:02:04.05 bitrate=7087.1kbits/s speed=   1x    
frame= 7473 fps= 60 q=-0.0 size=  107744KiB time=00:02:04.55 bitrate=7086.6kbits/s speed=   1x    
frame= 7503 fps= 60 q=-0.0 size=  108168KiB time=00:02:05.05 bitrate=7086.1kbits/s speed=   1x    
frame= 7533 fps= 60 q=-0.0 size=  108600KiB time=00:02:05.55 bitrate=7086.0kbits/s speed=   1x    
frame= 7563 fps= 60 q=-0.0 size=  108936KiB time=00:02:06.05 bitrate=7079.8kbits/s speed=   1x    
frame= 7593 fps= 60 q=-0.0 size=  109369KiB time=00:02:06.55 bitrate=7079.8kbits/s speed=   1x    
frame= 7623 fps= 60 q=-0.0 size=  110039KiB time=00:02:07.05 bitrate=7095.2kbits/s speed=   1x    
frame= 7653 fps= 60 q=-0.0 size=  110464KiB time=00:02:07.55 bitrate=7094.6kbits/s speed=   1x    
frame= 7683 fps= 60 q=-0.0 size=  110870KiB time=00:02:08.05 bitrate=7092.9kbits/s speed=   1x    
frame= 7713 fps= 60 q=-0.0 size=  111335KiB time=00:02:08.55 bitrate=7094.9kbits/s speed=   1x    
frame= 7743 fps= 60 q=-0.0 size=  111759KiB time=00:02:09.05 bitrate=7094.4kbits/s speed=   1x    
frame= 7773 fps= 60 q=-0.0 size=  112189KiB time=00:02:09.55 bitrate=7094.2kbits/s speed=   1x    
frame= 7803 fps= 60 q=-0.0 size=  112630KiB time=00:02:10.05 bitrate=7094.7kbits/s speed=   1x    
frame= 7833 fps= 60 q=-0.0 size=  113057KiB time=00:02:10.55 bitrate=7094.3kbits/s speed=   1x    
frame= 7863 fps= 60 q=-0.0 size=  113501KiB time=00:02:11.05 bitrate=7095.0kbits/s speed=   1x    
frame= 7893 fps= 60 q=-0.0 size=  113926KiB time=00:02:11.55 bitrate=7094.5kbits/s speed=   1x    
frame= 7923 fps= 60 q=-0.0 size=  114331KiB time=00:02:12.05 bitrate=7092.7kbits/s speed=   1x    
frame= 7953 fps= 60 q=-0.0 size=  114783KiB time=00:02:12.55 bitrate=7094.0kbits/s speed=   1x    
frame= 7983 fps= 60 q=-0.0 size=  115225KiB time=00:02:13.05 bitrate=7094.5kbits/s speed=   1x    
frame= 8013 fps= 60 q=-0.0 size=  115711KiB time=00:02:13.55 bitrate=7097.7kbits/s speed=   1x    
frame= 8043 fps= 60 q=-0.0 size=  116064KiB time=00:02:14.05 bitrate=7092.8kbits/s speed=   1x    
frame= 8073 fps= 60 q=-0.0 size=  116490KiB time=00:02:14.55 bitrate=7092.4kbits/s speed=   1x    
frame= 8103 fps= 60 q=-0.0 size=  116943KiB time=00:02:15.05 bitrate=7093.6kbits/s speed=   1x    
frame= 8133 fps= 60 q=-0.0 size=  117393KiB time=00:02:15.55 bitrate=7094.7kbits/s speed=   1x    
frame= 8163 fps= 60 q=-0.0 size=  117803KiB time=00:02:16.05 bitrate=7093.3kbits/s speed=   1x    
frame= 8193 fps= 60 q=-0.0 size=  118229KiB time=00:02:16.55 bitrate=7092.9kbits/s speed=   1x    
frame= 8223 fps= 60 q=-0.0 size=  118676KiB time=00:02:17.05 bitrate=7093.7kbits/s speed=   1x    
frame= 8253 fps= 60 q=-0.0 size=  119109KiB time=00:02:17.55 bitrate=7093.7kbits/s speed=   1x    
frame= 8283 fps= 60 q=-0.0 size=  119528KiB time=00:02:18.05 bitrate=7092.9kbits/s speed=   1x    
frame= 8313 fps= 60 q=-0.0 size=  119967KiB time=00:02:18.55 bitrate=7093.3kbits/s speed=   1x    
frame= 8343 fps= 60 q=-0.0 size=  120397KiB time=00:02:19.05 bitrate=7093.0kbits/s speed=   1x    
frame= 8373 fps= 60 q=-0.0 size=  120833KiB time=00:02:19.55 bitrate=7093.3kbits/s speed=   1x    
frame= 8403 fps= 60 q=-0.0 size=  121272KiB time=00:02:20.05 bitrate=7093.6kbits/s speed=   1x    
frame= 8433 fps= 60 q=-0.0 size=  121693KiB time=00:02:20.55 bitrate=7092.9kbits/s speed=   1x    
frame= 8463 fps= 60 q=-0.0 size=  122133KiB time=00:02:21.05 bitrate=7093.3kbits/s speed=   1x    
frame= 8493 fps= 60 q=-0.0 size=  122586KiB time=00:02:21.55 bitrate=7094.5kbits/s speed=   1x    
frame= 8523 fps= 60 q=-0.0 size=  122988KiB time=00:02:22.05 bitrate=7092.7kbits/s speed=   1x    
frame= 8553 fps= 60 q=-0.0 size=  123422KiB time=00:02:22.55 bitrate=7092.8kbits/s speed=   1x    
frame= 8583 fps= 60 q=-0.0 size=  123895KiB time=00:02:23.05 bitrate=7095.1kbits/s speed=   1x    
frame= 8613 fps= 60 q=-0.0 size=  124302KiB time=00:02:23.55 bitrate=7093.6kbits/s speed=   1x    
frame= 8643 fps= 60 q=-0.0 size=  124742KiB time=00:02:24.05 bitrate=7094.0kbits/s speed=   1x    
frame= 8673 fps= 60 q=-0.0 size=  125152KiB time=00:02:24.55 bitrate=7092.7kbits/s speed=   1x    
frame= 8703 fps= 60 q=-0.0 size=  125580KiB time=00:02:25.05 bitrate=7092.4kbits/s speed=   1x    
frame= 8733 fps= 60 q=-0.0 size=  126021KiB time=00:02:25.55 bitrate=7092.8kbits/s speed=   1x    
frame= 8763 fps= 60 q=-0.0 size=  126451KiB time=00:02:26.05 bitrate=7092.7kbits/s speed=   1x    
frame= 8793 fps= 60 q=-0.0 size=  126903KiB time=00:02:26.55 bitrate=7093.8kbits/s speed=   1x    
frame= 8823 fps= 60 q=-0.0 size=  127346KiB time=00:02:27.05 bitrate=7094.3kbits/s speed=   1x    
frame= 8853 fps= 60 q=-0.0 size=  127760KiB time=00:02:27.55 bitrate=7093.3kbits/s speed=   1x    
frame= 8883 fps= 60 q=-0.0 size=  128194KiB time=00:02:28.05 bitrate=7093.3kbits/s speed=   1x    
frame= 8913 fps= 60 q=-0.0 size=  128631KiB time=00:02:28.55 bitrate=7093.5kbits/s speed=   1x    
frame= 8943 fps= 60 q=-0.0 size=  129066KiB time=00:02:29.05 bitrate=7093.6kbits/s speed=   1x    
frame= 8973 fps= 60 q=-0.0 size=  129489KiB time=00:02:29.55 bitrate=7093.1kbits/s speed=   1x    
frame= 9003 fps= 60 q=-0.0 size=  129933KiB time=00:02:30.05 bitrate=7093.7kbits/s speed=   1x    
frame= 9033 fps= 60 q=-0.0 size=  130361KiB time=00:02:30.55 bitrate=7093.4kbits/s speed=   1x    
frame= 9063 fps= 60 q=-0.0 size=  130782KiB time=00:02:31.05 bitrate=7092.8kbits/s speed=   1x    
frame= 9093 fps= 60 q=-0.0 size=  131217KiB time=00:02:31.55 bitrate=7092.9kbits/s speed=   1x    
frame= 9123 fps= 60 q=-0.0 size=  131648KiB time=00:02:32.05 bitrate=7092.8kbits/s speed=   1x    
frame= 9153 fps= 60 q=-0.0 size=  132093KiB time=00:02:32.55 bitrate=7093.5kbits/s speed=   1x    
frame= 9183 fps= 60 q=-0.0 size=  132530KiB time=00:02:33.05 bitrate=7093.7kbits/s speed=   1x    
frame= 9213 fps= 60 q=-0.0 size=  132944KiB time=00:02:33.55 bitrate=7092.7kbits/s speed=   1x    
frame= 9243 fps= 60 q=-0.0 size=  133384KiB time=00:02:34.05 bitrate=7093.0kbits/s speed=   1x    
frame= 9273 fps= 60 q=-0.0 size=  133823KiB time=00:02:34.55 bitrate=7093.4kbits/s speed=   1x    
frame= 9303 fps= 60 q=-0.0 size=  134256KiB time=00:02:35.05 bitrate=7093.4kbits/s speed=   1x    
frame= 9333 fps= 60 q=-0.0 size=  134689KiB time=00:02:35.55 bitrate=7093.4kbits/s speed=   1x    
frame= 9363 fps= 60 q=-0.0 size=  135120KiB time=00:02:36.05 bitrate=7093.3kbits/s speed=   1x    
frame= 9393 fps= 60 q=-0.0 size=  135555KiB time=00:02:36.55 bitrate=7093.3kbits/s speed=   1x    
frame= 9423 fps= 60 q=-0.0 size=  135980KiB time=00:02:37.05 bitrate=7092.9kbits/s speed=   1x    
frame= 9453 fps= 60 q=-0.0 size=  136414KiB time=00:02:37.55 bitrate=7093.0kbits/s speed=   1x    
frame= 9483 fps= 60 q=-0.0 size=  136842KiB time=00:02:38.05 bitrate=7092.7kbits/s speed=   1x    
frame= 9513 fps= 60 q=-0.0 size=  137284KiB time=00:02:38.55 bitrate=7093.2kbits/s speed=   1x    
frame= 9543 fps= 60 q=-0.0 size=  137716KiB time=00:02:39.05 bitrate=7093.2kbits/s speed=   1x    
frame= 9573 fps= 60 q=-0.0 size=  138159KiB time=00:02:39.55 bitrate=7093.7kbits/s speed=   1x    
frame= 9603 fps= 60 q=-0.0 size=  138586KiB time=00:02:40.05 bitrate=7093.4kbits/s speed=   1x    
frame= 9633 fps= 60 q=-0.0 size=  139012KiB time=00:02:40.55 bitrate=7093.1kbits/s speed=   1x    
frame= 9663 fps= 60 q=-0.0 size=  139457KiB time=00:02:41.05 bitrate=7093.7kbits/s speed=   1x    
frame= 9693 fps= 60 q=-0.0 size=  139886KiB time=00:02:41.55 bitrate=7093.5kbits/s speed=   1x    
frame= 9723 fps= 60 q=-0.0 size=  140337KiB time=00:02:42.05 bitrate=7094.3kbits/s speed=   1x    
frame= 9753 fps= 60 q=-0.0 size=  140756KiB time=00:02:42.55 bitrate=7093.7kbits/s speed=   1x    
frame= 9783 fps= 60 q=-0.0 size=  141184KiB time=00:02:43.05 bitrate=7093.4kbits/s speed=   1x    
frame= 9813 fps= 60 q=-0.0 size=  141644KiB time=00:02:43.55 bitrate=7094.8kbits/s speed=   1x    
frame= 9843 fps= 60 q=-0.0 size=  142045KiB time=00:02:44.05 bitrate=7093.1kbits/s speed=   1x    
frame= 9873 fps= 60 q=-0.0 size=  142476KiB time=00:02:44.55 bitrate=7093.1kbits/s speed=   1x    
frame= 9903 fps= 60 q=-0.0 size=  142915KiB time=00:02:45.05 bitrate=7093.4kbits/s speed=   1x    
frame= 9933 fps= 60 q=-0.0 size=  143358KiB time=00:02:45.55 bitrate=7093.8kbits/s speed=   1x    
frame= 9963 fps= 60 q=-0.0 size=  143780KiB time=00:02:46.05 bitrate=7093.3kbits/s speed=   1x    
frame= 9993 fps= 60 q=-0.0 size=  144197KiB time=00:02:46.55 bitrate=7092.6kbits/s speed=   1x    
frame=10023 fps= 60 q=-0.0 size=  144645KiB time=00:02:47.05 bitrate=7093.3kbits/s speed=   1x    
frame=10053 fps= 60 q=-0.0 size=  145085KiB time=00:02:47.55 bitrate=7093.6kbits/s speed=   1x    
frame=10083 fps= 60 q=-0.0 size=  145504KiB time=00:02:48.05 bitrate=7093.0kbits/s speed=   1x    
frame=10113 fps= 60 q=-0.0 size=  145972KiB time=00:02:48.55 bitrate=7094.7kbits/s speed=   1x    
frame=10143 fps= 60 q=-0.0 size=  146178KiB time=00:02:49.05 bitrate=7083.6kbits/s speed=   1x    
frame=10173 fps= 60 q=-0.0 size=  146611KiB time=00:02:49.55 bitrate=7083.7kbits/s speed=   1x    
frame=10203 fps= 60 q=-0.0 size=  147044KiB time=00:02:50.05 bitrate=7083.7kbits/s speed=   1x    
frame=10233 fps= 60 q=-0.0 size=  147898KiB time=00:02:50.55 bitrate=7104.0kbits/s speed=   1x    
frame=10263 fps= 60 q=-0.0 size=  148071KiB time=00:02:51.05 bitrate=7091.5kbits/s speed=   1x    
frame=10293 fps= 60 q=-0.0 size=  148558KiB time=00:02:51.55 bitrate=7094.1kbits/s speed=   1x    
frame=10323 fps= 60 q=-0.0 size=  148983KiB time=00:02:52.05 bitrate=7093.7kbits/s speed=   1x    
frame=10353 fps= 60 q=-0.0 size=  149433KiB time=00:02:52.55 bitrate=7094.5kbits/s speed=   1x    
frame=10383 fps= 60 q=-0.0 size=  149873KiB time=00:02:53.05 bitrate=7094.8kbits/s speed=   1x    
frame=10413 fps= 60 q=-0.0 size=  150303KiB time=00:02:53.55 bitrate=7094.7kbits/s speed=   1x    
frame=10443 fps= 60 q=-0.0 size=  150704KiB time=00:02:54.05 bitrate=7093.2kbits/s speed=   1x    
frame=10473 fps= 60 q=-0.0 size=  151156KiB time=00:02:54.55 bitrate=7094.1kbits/s speed=   1x    
frame=10503 fps= 60 q=-0.0 size=  151591KiB time=00:02:55.05 bitrate=7094.2kbits/s speed=   1x    
frame=10533 fps= 60 q=-0.0 size=  152021KiB time=00:02:55.55 bitrate=7094.0kbits/s speed=   1x    
frame=10563 fps= 60 q=-0.0 size=  152454KiB time=00:02:56.05 bitrate=7094.0kbits/s speed=   1x    
frame=10593 fps= 60 q=-0.0 size=  152890KiB time=00:02:56.55 bitrate=7094.2kbits/s speed=   1x    
frame=10623 fps= 60 q=-0.0 size=  153325KiB time=00:02:57.05 bitrate=7094.3kbits/s speed=   1x    
frame=10653 fps= 60 q=-0.0 size=  153794KiB time=00:02:57.55 bitrate=7095.9kbits/s speed=   1x    
frame=10683 fps= 60 q=-0.0 size=  153985KiB time=00:02:58.05 bitrate=7084.8kbits/s speed=   1x    
frame=10713 fps= 60 q=-0.0 size=  154406KiB time=00:02:58.55 bitrate=7084.3kbits/s speed=   1x    
frame=10743 fps= 60 q=-0.0 size=  154839KiB time=00:02:59.05 bitrate=7084.3kbits/s speed=   1x    
frame=10773 fps= 60 q=-0.0 size=  155272KiB time=00:02:59.55 bitrate=7084.3kbits/s speed=   1x    
frame=10803 fps= 60 q=-0.0 size=  155706KiB time=00:03:00.05 bitrate=7084.4kbits/s speed=   1x    
frame=10833 fps= 60 q=-0.0 size=  156139KiB time=00:03:00.55 bitrate=7084.4kbits/s speed=   1x    
frame=10863 fps= 60 q=-0.0 size=  156572KiB time=00:03:01.05 bitrate=7084.4kbits/s speed=   1x    
frame=10893 fps= 60 q=-0.0 size=  157005KiB time=00:03:01.55 bitrate=7084.5kbits/s speed=   1x    
frame=10923 fps= 60 q=-0.0 size=  157438KiB time=00:03:02.05 bitrate=7084.5kbits/s speed=   1x    
frame=10953 fps= 60 q=-0.0 size=  157871KiB time=00:03:02.55 bitrate=7084.5kbits/s speed=   1x    
frame=10983 fps= 60 q=-0.0 size=  158304KiB time=00:03:03.05 bitrate=7084.6kbits/s speed=   1x    
frame=11013 fps= 60 q=-0.0 size=  158737KiB time=00:03:03.55 bitrate=7084.6kbits/s speed=   1x    
frame=11043 fps= 60 q=-0.0 size=  159363KiB time=00:03:04.05 bitrate=7093.2kbits/s speed=   1x    
frame=11073 fps= 60 q=-0.0 size=  159813KiB time=00:03:04.55 bitrate=7093.9kbits/s speed=   1x    
frame=11103 fps= 60 q=-0.0 size=  160248KiB time=00:03:05.05 bitrate=7094.0kbits/s speed=   1x    
frame=11133 fps= 60 q=-0.0 size=  160674KiB time=00:03:05.55 bitrate=7093.7kbits/s speed=   1x    
frame=11163 fps= 60 q=-0.0 size=  161106KiB time=00:03:06.05 bitrate=7093.7kbits/s speed=   1x    
frame=11193 fps= 60 q=-0.0 size=  161536KiB time=00:03:06.55 bitrate=7093.6kbits/s speed=   1x    
frame=11223 fps= 60 q=-0.0 size=  161957KiB time=00:03:07.05 bitrate=7093.0kbits/s speed=   1x    
frame=11253 fps= 60 q=-0.0 size=  162405KiB time=00:03:07.55 bitrate=7093.7kbits/s speed=   1x    
[out#0/rtp @ 0x55b2ec294100] video:160823KiB audio:0KiB subtitle:0KiB other streams:0KiB global headers:0KiB muxing overhead: 1.244448%
frame=11285 fps= 60 q=-0.0 Lsize=  162824KiB time=00:03:08.08 bitrate=7091.8kbits/s speed=   1x    
Exiting normally, received signal 15.
