
========================================================================
Starting PrivyHub Linux native-video backend v0.7
Profile: native_game_720p60_reference 1280x720@60, 7000/7000 kbps H.264 VAAPI, GOP=15, BF=0
Capture backend: exact X11 window via x11grab
Capture: managed RetroArch window (pid=485039, window_id=60817410, discovered=879x720)
Window title: RetroArch Beetle PSX HW <ipv4> 82d8e05
Video FEC: XOR 8+1; FFmpeg RTP -> loopback relay -> onn; encoder=7000 kbps
========================================================================
encoder argv: /usr/bin/ffmpeg -hide_banner -loglevel info -nostdin -vaapi_device /dev/dri/renderD128 -f x11grab -framerate 60 -window_id 60817410 -i :0 -vf scale=1280:720:force_original_aspect_ratio=decrease:flags=fast_bilinear,pad=1280:720:(ow-iw)/2:(oh-ih)/2:black,format=nv12,hwupload -an -c:v h264_vaapi -profile:v high -b:v 7000k -maxrate 7000k -bufsize 7000k -max_frame_size 90000 -g 15 -bf 0 -payload_type 96 -f rtp rtp://<ipv4>:48110?pkt_size=1200
[x11grab @ 0x5619beed6d00] Stream #0: not enough frames to estimate rate; consider increasing probesize
Input #0, x11grab, from ':0':
  Duration: N/A, start: 1790305211.329455, bitrate: 1215129 kb/s
  Stream #0:0: Video: rawvideo (BGR[0] / 0x524742), bgr0, 879x720, 1215129 kb/s, 60 fps, 1000k tbr, 1000k tbn
Stream mapping:
  Stream #0:0 -> #0:0 (rawvideo (native) -> h264 (h264_vaapi))
Output #0, rtp, to 'rtp://<ipv4>:48110?pkt_size=1200':
  Metadata:
    encoder         : Lavf61.7.103
  Stream #0:0: Video: h264 (High), vaapi(tv, progressive), 1280x720, q=2-31, 7000 kb/s, 60 fps, 90k tbn
      Metadata:
        encoder         : Lavc61.19.101 h264_vaapi
SDP:
v=0
o=- 0 0 IN IP4 <ipv4>
s=No Name
c=IN IP4 <ipv4>
t=0 0
a=tool:libavformat 61.7.103
m=video 48110 RTP/AVP 96
b=AS:7000
a=rtpmap:96 H264/90000
a=fmtp:96 packetization-mode=1

frame=   31 fps=0.0 q=-0.0 size=     217KiB time=00:00:00.51 bitrate=3442.0kbits/s speed=1.03x    
frame=   61 fps= 61 q=-0.0 size=     650KiB time=00:00:01.01 bitrate=5238.8kbits/s speed=1.02x    
frame=   91 fps= 61 q=-0.0 size=    1083KiB time=00:00:01.51 bitrate=5851.0kbits/s speed=1.01x    
frame=  121 fps= 60 q=-0.0 size=    1516KiB time=00:00:02.01 bitrate=6159.1kbits/s speed=1.01x    
frame=  151 fps= 60 q=-0.0 size=    1949KiB time=00:00:02.51 bitrate=6345.3kbits/s speed=1.01x    
frame=  181 fps= 60 q=-0.0 size=    2383KiB time=00:00:03.01 bitrate=6469.9kbits/s speed=1.01x    
frame=  211 fps= 60 q=-0.0 size=    2816KiB time=00:00:03.51 bitrate=6559.1kbits/s speed=   1x    
frame=  241 fps= 60 q=-0.0 size=    3249KiB time=00:00:04.01 bitrate=6626.1kbits/s speed=   1x    
frame=  271 fps= 60 q=-0.0 size=    3682KiB time=00:00:04.51 bitrate=6677.9kbits/s speed=   1x    
frame=  301 fps= 60 q=-0.0 size=    4115KiB time=00:00:05.01 bitrate=6719.5kbits/s speed=   1x    
frame=  331 fps= 60 q=-0.0 size=    4548KiB time=00:00:05.51 bitrate=6753.6kbits/s speed=   1x    
frame=  361 fps= 60 q=-0.0 size=    4981KiB time=00:00:06.01 bitrate=6782.1kbits/s speed=   1x    
frame=  391 fps= 60 q=-0.0 size=    5414KiB time=00:00:06.51 bitrate=6806.1kbits/s speed=   1x    
frame=  421 fps= 60 q=-0.0 size=    5847KiB time=00:00:07.01 bitrate=6826.9kbits/s speed=   1x    
frame=  451 fps= 60 q=-0.0 size=    6280KiB time=00:00:07.51 bitrate=6844.7kbits/s speed=   1x    
frame=  481 fps= 60 q=-0.0 size=    6714KiB time=00:00:08.01 bitrate=6860.4kbits/s speed=   1x    
frame=  511 fps= 60 q=-0.0 size=    7147KiB time=00:00:08.51 bitrate=6874.3kbits/s speed=   1x    
frame=  541 fps= 60 q=-0.0 size=    7580KiB time=00:00:09.01 bitrate=6886.6kbits/s speed=   1x    
frame=  571 fps= 60 q=-0.0 size=    8013KiB time=00:00:09.51 bitrate=6897.5kbits/s speed=   1x    
frame=  601 fps= 60 q=-0.0 size=    8446KiB time=00:00:10.01 bitrate=6907.5kbits/s speed=   1x    
frame=  631 fps= 60 q=-0.0 size=    8879KiB time=00:00:10.51 bitrate=6916.4kbits/s speed=   1x    
frame=  661 fps= 60 q=-0.0 size=    9312KiB time=00:00:11.01 bitrate=6924.5kbits/s speed=   1x    
frame=  691 fps= 60 q=-0.0 size=    9745KiB time=00:00:11.51 bitrate=6932.0kbits/s speed=   1x    
frame=  721 fps= 60 q=-0.0 size=   10178KiB time=00:00:12.01 bitrate=6938.8kbits/s speed=   1x    
frame=  751 fps= 60 q=-0.0 size=   10611KiB time=00:00:12.51 bitrate=6944.9kbits/s speed=   1x    
frame=  781 fps= 60 q=-0.0 size=   11044KiB time=00:00:13.01 bitrate=6950.6kbits/s speed=   1x    
frame=  811 fps= 60 q=-0.0 size=   11477KiB time=00:00:13.51 bitrate=6956.0kbits/s speed=   1x    
frame=  841 fps= 60 q=-0.0 size=   11910KiB time=00:00:14.01 bitrate=6961.1kbits/s speed=   1x    
frame=  871 fps= 60 q=-0.0 size=   12344KiB time=00:00:14.51 bitrate=6965.7kbits/s speed=   1x    
frame=  901 fps= 60 q=-0.0 size=   12777KiB time=00:00:15.01 bitrate=6970.1kbits/s speed=   1x    
frame=  931 fps= 60 q=-0.0 size=   13210KiB time=00:00:15.51 bitrate=6974.2kbits/s speed=   1x    
frame=  961 fps= 60 q=-0.0 size=   13643KiB time=00:00:16.01 bitrate=6978.0kbits/s speed=   1x    
frame=  991 fps= 60 q=-0.0 size=   14076KiB time=00:00:16.51 bitrate=6981.6kbits/s speed=   1x    
frame= 1021 fps= 60 q=-0.0 size=   14509KiB time=00:00:17.01 bitrate=6985.0kbits/s speed=   1x    
frame= 1051 fps= 60 q=-0.0 size=   14943KiB time=00:00:17.51 bitrate=6988.2kbits/s speed=   1x    
frame= 1081 fps= 60 q=-0.0 size=   15376KiB time=00:00:18.01 bitrate=6991.2kbits/s speed=   1x    
frame= 1111 fps= 60 q=-0.0 size=   15809KiB time=00:00:18.51 bitrate=6994.1kbits/s speed=   1x    
frame= 1141 fps= 60 q=-0.0 size=   16242KiB time=00:00:19.01 bitrate=6996.8kbits/s speed=   1x    
frame= 1171 fps= 60 q=-0.0 size=   16675KiB time=00:00:19.51 bitrate=6999.3kbits/s speed=   1x    
frame= 1201 fps= 60 q=-0.0 size=   17108KiB time=00:00:20.01 bitrate=7001.8kbits/s speed=   1x    
frame= 1231 fps= 60 q=-0.0 size=   17542KiB time=00:00:20.51 bitrate=7004.1kbits/s speed=   1x    
frame= 1261 fps= 60 q=-0.0 size=   17975KiB time=00:00:21.01 bitrate=7006.3kbits/s speed=   1x    
frame= 1291 fps= 60 q=-0.0 size=   18408KiB time=00:00:21.51 bitrate=7008.4kbits/s speed=   1x    
frame= 1321 fps= 60 q=-0.0 size=   18841KiB time=00:00:22.01 bitrate=7010.4kbits/s speed=   1x    
frame= 1351 fps= 60 q=-0.0 size=   19274KiB time=00:00:22.51 bitrate=7012.3kbits/s speed=   1x    
frame= 1381 fps= 60 q=-0.0 size=   19707KiB time=00:00:23.01 bitrate=7014.1kbits/s speed=   1x    
frame= 1411 fps= 60 q=-0.0 size=   20140KiB time=00:00:23.51 bitrate=7015.9kbits/s speed=   1x    
frame= 1441 fps= 60 q=-0.0 size=   20574KiB time=00:00:24.01 bitrate=7017.6kbits/s speed=   1x    
frame= 1471 fps= 60 q=-0.0 size=   21007KiB time=00:00:24.51 bitrate=7019.2kbits/s speed=   1x    
frame= 1501 fps= 60 q=-0.0 size=   21440KiB time=00:00:25.01 bitrate=7020.7kbits/s speed=   1x    
frame= 1531 fps= 60 q=-0.0 size=   21873KiB time=00:00:25.51 bitrate=7022.2kbits/s speed=   1x    
frame= 1561 fps= 60 q=-0.0 size=   22306KiB time=00:00:26.01 bitrate=7023.5kbits/s speed=   1x    
frame= 1591 fps= 60 q=-0.0 size=   22739KiB time=00:00:26.51 bitrate=7024.9kbits/s speed=   1x    
frame= 1621 fps= 60 q=-0.0 size=   23172KiB time=00:00:27.01 bitrate=7026.2kbits/s speed=   1x    
frame= 1651 fps= 60 q=-0.0 size=   23605KiB time=00:00:27.51 bitrate=7027.4kbits/s speed=   1x    
frame= 1681 fps= 60 q=-0.0 size=   24047KiB time=00:00:28.01 bitrate=7031.4kbits/s speed=   1x    
frame= 1711 fps= 60 q=-0.0 size=   24471KiB time=00:00:28.51 bitrate=7029.8kbits/s speed=   1x    
frame= 1741 fps= 60 q=-0.0 size=   25004KiB time=00:00:29.01 bitrate=7059.2kbits/s speed=   1x    
frame= 1771 fps= 60 q=-0.0 size=   25423KiB time=00:00:29.51 bitrate=7055.8kbits/s speed=   1x    
frame= 1801 fps= 60 q=-0.0 size=   25866KiB time=00:00:30.01 bitrate=7059.2kbits/s speed=   1x    
frame= 1831 fps= 60 q=-0.0 size=   26334KiB time=00:00:30.51 bitrate=7069.2kbits/s speed=   1x    
frame= 1861 fps= 60 q=-0.0 size=   26801KiB time=00:00:31.01 bitrate=7078.6kbits/s speed=   1x    
frame= 1891 fps= 60 q=-0.0 size=   27247KiB time=00:00:31.51 bitrate=7082.2kbits/s speed=   1x    
frame= 1921 fps= 60 q=-0.0 size=   27695KiB time=00:00:32.01 bitrate=7086.1kbits/s speed=   1x    
frame= 1951 fps= 60 q=-0.0 size=   28094KiB time=00:00:32.51 bitrate=7077.8kbits/s speed=   1x    
frame= 1981 fps= 60 q=-0.0 size=   28530KiB time=00:00:33.01 bitrate=7078.7kbits/s speed=   1x    
frame= 2011 fps= 60 q=-0.0 size=   28974KiB time=00:00:33.51 bitrate=7081.6kbits/s speed=   1x    
frame= 2041 fps= 60 q=-0.0 size=   29406KiB time=00:00:34.01 bitrate=7081.6kbits/s speed=   1x    
frame= 2071 fps= 60 q=-0.0 size=   29843KiB time=00:00:34.51 bitrate=7082.7kbits/s speed=   1x    
frame= 2101 fps= 60 q=-0.0 size=   30278KiB time=00:00:35.01 bitrate=7083.3kbits/s speed=   1x    
frame= 2131 fps= 60 q=-0.0 size=   30707KiB time=00:00:35.51 bitrate=7082.7kbits/s speed=   1x    
frame= 2161 fps= 60 q=-0.0 size=   31136KiB time=00:00:36.01 bitrate=7081.9kbits/s speed=   1x    
frame= 2191 fps= 60 q=-0.0 size=   31564KiB time=00:00:36.51 bitrate=7081.1kbits/s speed=   1x    
frame= 2221 fps= 60 q=-0.0 size=   32008KiB time=00:00:37.01 bitrate=7083.6kbits/s speed=   1x    
frame= 2251 fps= 60 q=-0.0 size=   32436KiB time=00:00:37.51 bitrate=7082.6kbits/s speed=   1x    
frame= 2281 fps= 60 q=-0.0 size=   32875KiB time=00:00:38.01 bitrate=7084.0kbits/s speed=   1x    
frame= 2311 fps= 60 q=-0.0 size=   33310KiB time=00:00:38.51 bitrate=7084.6kbits/s speed=   1x    
frame= 2341 fps= 60 q=-0.0 size=   33725KiB time=00:00:39.01 bitrate=7080.9kbits/s speed=   1x    
frame= 2371 fps= 60 q=-0.0 size=   34176KiB time=00:00:39.51 bitrate=7084.9kbits/s speed=   1x    
frame= 2401 fps= 60 q=-0.0 size=   34600KiB time=00:00:40.01 bitrate=7083.1kbits/s speed=   1x    
frame= 2431 fps= 60 q=-0.0 size=   35048KiB time=00:00:40.51 bitrate=7086.4kbits/s speed=   1x    
frame= 2461 fps= 60 q=-0.0 size=   35481KiB time=00:00:41.01 bitrate=7086.3kbits/s speed=   1x    
frame= 2491 fps= 60 q=-0.0 size=   35915KiB time=00:00:41.51 bitrate=7086.7kbits/s speed=   1x    
frame= 2521 fps= 60 q=-0.0 size=   36337KiB time=00:00:42.01 bitrate=7084.6kbits/s speed=   1x    
frame= 2551 fps= 60 q=-0.0 size=   36774KiB time=00:00:42.51 bitrate=7085.6kbits/s speed=   1x    
frame= 2581 fps= 60 q=-0.0 size=   37229KiB time=00:00:43.01 bitrate=7089.8kbits/s speed=   1x    
frame= 2611 fps= 60 q=-0.0 size=   37636KiB time=00:00:43.51 bitrate=7085.0kbits/s speed=   1x    
frame= 2641 fps= 60 q=-0.0 size=   38057KiB time=00:00:44.01 bitrate=7082.9kbits/s speed=   1x    
frame= 2671 fps= 60 q=-0.0 size=   38508KiB time=00:00:44.51 bitrate=7086.3kbits/s speed=   1x    
frame= 2701 fps= 60 q=-0.0 size=   38937KiB time=00:00:45.01 bitrate=7085.6kbits/s speed=   1x    
frame= 2731 fps= 60 q=-0.0 size=   39380KiB time=00:00:45.51 bitrate=7087.6kbits/s speed=   1x    
frame= 2761 fps= 60 q=-0.0 size=   39790KiB time=00:00:46.01 bitrate=7083.6kbits/s speed=   1x    
frame= 2791 fps= 60 q=-0.0 size=   40215KiB time=00:00:46.51 bitrate=7082.2kbits/s speed=   1x    
frame= 2821 fps= 60 q=-0.0 size=   40663KiB time=00:00:47.01 bitrate=7085.0kbits/s speed=   1x    
frame= 2851 fps= 60 q=-0.0 size=   41108KiB time=00:00:47.51 bitrate=7087.1kbits/s speed=   1x    
frame= 2881 fps= 60 q=-0.0 size=   41520KiB time=00:00:48.01 bitrate=7083.6kbits/s speed=   1x    
frame= 2911 fps= 60 q=-0.0 size=   41943KiB time=00:00:48.51 bitrate=7082.1kbits/s speed=   1x    
frame= 2941 fps= 60 q=-0.0 size=   42386KiB time=00:00:49.01 bitrate=7083.8kbits/s speed=   1x    
frame= 2971 fps= 60 q=-0.0 size=   42852KiB time=00:00:49.51 bitrate=7089.4kbits/s speed=   1x    
frame= 3001 fps= 60 q=-0.0 size=   43279KiB time=00:00:50.01 bitrate=7088.5kbits/s speed=   1x    
frame= 3031 fps= 60 q=-0.0 size=   43722KiB time=00:00:50.51 bitrate=7090.1kbits/s speed=   1x    
frame= 3061 fps= 60 q=-0.0 size=   44141KiB time=00:00:51.01 bitrate=7088.0kbits/s speed=   1x    
frame= 3091 fps= 60 q=-0.0 size=   44579KiB time=00:00:51.51 bitrate=7088.8kbits/s speed=   1x    
frame= 3121 fps= 60 q=-0.0 size=   45025KiB time=00:00:52.01 bitrate=7090.9kbits/s speed=   1x    
frame= 3151 fps= 60 q=-0.0 size=   45439KiB time=00:00:52.51 bitrate=7088.0kbits/s speed=   1x    
frame= 3181 fps= 60 q=-0.0 size=   45874KiB time=00:00:53.01 bitrate=7088.3kbits/s speed=   1x    
frame= 3211 fps= 60 q=-0.0 size=   46351KiB time=00:00:53.51 bitrate=7095.1kbits/s speed=   1x    
frame= 3241 fps= 60 q=-0.0 size=   46726KiB time=00:00:54.01 bitrate=7086.3kbits/s speed=   1x    
frame= 3272 fps= 60 q=-0.0 size=   47212KiB time=00:00:54.53 bitrate=7092.2kbits/s speed=   1x    
frame= 3302 fps= 60 q=-0.0 size=   47651KiB time=00:00:55.03 bitrate=7093.1kbits/s speed=   1x    
frame= 3332 fps= 60 q=-0.0 size=   48085KiB time=00:00:55.53 bitrate=7093.2kbits/s speed=   1x    
frame= 3362 fps= 60 q=-0.0 size=   48506KiB time=00:00:56.03 bitrate=7091.5kbits/s speed=   1x    
frame= 3392 fps= 60 q=-0.0 size=   48944KiB time=00:00:56.53 bitrate=7092.3kbits/s speed=   1x    
frame= 3422 fps= 60 q=-0.0 size=   49383KiB time=00:00:57.03 bitrate=7093.1kbits/s speed=   1x    
frame= 3452 fps= 60 q=-0.0 size=   49788KiB time=00:00:57.53 bitrate=7089.2kbits/s speed=   1x    
frame= 3482 fps= 60 q=-0.0 size=   50240KiB time=00:00:58.03 bitrate=7091.9kbits/s speed=   1x    
frame= 3512 fps= 60 q=-0.0 size=   50692KiB time=00:00:58.53 bitrate=7094.6kbits/s speed=   1x    
frame= 3542 fps= 60 q=-0.0 size=   51098KiB time=00:00:59.03 bitrate=7090.9kbits/s speed=   1x    
frame= 3572 fps= 60 q=-0.0 size=   51538KiB time=00:00:59.53 bitrate=7091.8kbits/s speed=   1x    
frame= 3602 fps= 60 q=-0.0 size=   51965KiB time=00:01:00.03 bitrate=7091.1kbits/s speed=   1x    
frame= 3632 fps= 60 q=-0.0 size=   52427KiB time=00:01:00.53 bitrate=7095.0kbits/s speed=   1x    
frame= 3662 fps= 60 q=-0.0 size=   52857KiB time=00:01:01.03 bitrate=7094.5kbits/s speed=   1x    
frame= 3692 fps= 60 q=-0.0 size=   53262KiB time=00:01:01.53 bitrate=7090.8kbits/s speed=   1x    
frame= 3722 fps= 60 q=-0.0 size=   53707KiB time=00:01:02.03 bitrate=7092.4kbits/s speed=   1x    
frame= 3752 fps= 60 q=-0.0 size=   54159KiB time=00:01:02.53 bitrate=7095.0kbits/s speed=   1x    
frame= 3782 fps= 60 q=-0.0 size=   54560KiB time=00:01:03.03 bitrate=7090.8kbits/s speed=   1x    
frame= 3812 fps= 60 q=-0.0 size=   55011KiB time=00:01:03.53 bitrate=7093.1kbits/s speed=   1x    
frame= 3842 fps= 60 q=-0.0 size=   55464KiB time=00:01:04.03 bitrate=7095.7kbits/s speed=   1x    
frame= 3872 fps= 60 q=-0.0 size=   55855KiB time=00:01:04.53 bitrate=7090.3kbits/s speed=   1x    
frame= 3902 fps= 60 q=-0.0 size=   56328KiB time=00:01:05.03 bitrate=7095.4kbits/s speed=   1x    
frame= 3932 fps= 60 q=-0.0 size=   56750KiB time=00:01:05.53 bitrate=7094.1kbits/s speed=   1x    
frame= 3962 fps= 60 q=-0.0 size=   57150KiB time=00:01:06.03 bitrate=7089.9kbits/s speed=   1x    
frame= 3992 fps= 60 q=-0.0 size=   57621KiB time=00:01:06.53 bitrate=7094.7kbits/s speed=   1x    
frame= 4022 fps= 60 q=-0.0 size=   58046KiB time=00:01:07.03 bitrate=7093.6kbits/s speed=   1x    
frame= 4052 fps= 60 q=-0.0 size=   58479KiB time=00:01:07.53 bitrate=7093.6kbits/s speed=   1x    
frame= 4082 fps= 60 q=-0.0 size=   58909KiB time=00:01:08.03 bitrate=7093.3kbits/s speed=   1x    
frame= 4112 fps= 60 q=-0.0 size=   59335KiB time=00:01:08.53 bitrate=7092.5kbits/s speed=   1x    
frame= 4142 fps= 60 q=-0.0 size=   59774KiB time=00:01:09.03 bitrate=7093.3kbits/s speed=   1x    
frame= 4172 fps= 60 q=-0.0 size=   60200KiB time=00:01:09.53 bitrate=7092.4kbits/s speed=   1x    
frame= 4202 fps= 60 q=-0.0 size=   60632KiB time=00:01:10.03 bitrate=7092.4kbits/s speed=   1x    
frame= 4232 fps= 60 q=-0.0 size=   61080KiB time=00:01:10.53 bitrate=7094.1kbits/s speed=   1x    
frame= 4262 fps= 60 q=-0.0 size=   61519KiB time=00:01:11.03 bitrate=7094.7kbits/s speed=   1x    
frame= 4292 fps= 60 q=-0.0 size=   61924KiB time=00:01:11.53 bitrate=7091.5kbits/s speed=   1x    
frame= 4322 fps= 60 q=-0.0 size=   62339KiB time=00:01:12.03 bitrate=7089.5kbits/s speed=   1x    
frame= 4352 fps= 60 q=-0.0 size=   62809KiB time=00:01:12.53 bitrate=7093.7kbits/s speed=   1x    
frame= 4382 fps= 60 q=-0.0 size=   63156KiB time=00:01:13.03 bitrate=7084.0kbits/s speed=   1x    
frame= 4412 fps= 60 q=-0.0 size=   63715KiB time=00:01:13.53 bitrate=7098.2kbits/s speed=   1x    
frame= 4442 fps= 60 q=-0.0 size=   64087KiB time=00:01:14.03 bitrate=7091.4kbits/s speed=   1x    
frame= 4472 fps= 60 q=-0.0 size=   64535KiB time=00:01:14.53 bitrate=7093.1kbits/s speed=   1x    
frame= 4502 fps= 60 q=-0.0 size=   64958KiB time=00:01:15.03 bitrate=7092.0kbits/s speed=   1x    
frame= 4532 fps= 60 q=-0.0 size=   65384KiB time=00:01:15.53 bitrate=7091.2kbits/s speed=   1x    
frame= 4562 fps= 60 q=-0.0 size=   65787KiB time=00:01:16.03 bitrate=7088.0kbits/s speed=   1x    
frame= 4592 fps= 60 q=-0.0 size=   66257KiB time=00:01:16.53 bitrate=7092.1kbits/s speed=   1x    
frame= 4622 fps= 60 q=-0.0 size=   66711KiB time=00:01:17.03 bitrate=7094.3kbits/s speed=   1x    
frame= 4652 fps= 60 q=-0.0 size=   67179KiB time=00:01:17.53 bitrate=7098.0kbits/s speed=   1x    
frame= 4682 fps= 60 q=-0.0 size=   67535KiB time=00:01:18.03 bitrate=7089.8kbits/s speed=   1x    
frame= 4712 fps= 60 q=-0.0 size=   68013KiB time=00:01:18.53 bitrate=7094.6kbits/s speed=   1x    
frame= 4742 fps= 60 q=-0.0 size=   68407KiB time=00:01:19.03 bitrate=7090.5kbits/s speed=   1x    
frame= 4772 fps= 60 q=-0.0 size=   68871KiB time=00:01:19.53 bitrate=7093.8kbits/s speed=   1x    
frame= 4802 fps= 60 q=-0.0 size=   69301KiB time=00:01:20.03 bitrate=7093.5kbits/s speed=   1x    
frame= 4832 fps= 60 q=-0.0 size=   69723KiB time=00:01:20.53 bitrate=7092.3kbits/s speed=   1x    
frame= 4862 fps= 60 q=-0.0 size=   70170KiB time=00:01:21.03 bitrate=7093.8kbits/s speed=   1x    
frame= 4892 fps= 60 q=-0.0 size=   70566KiB time=00:01:21.53 bitrate=7090.1kbits/s speed=   1x    
frame= 4922 fps= 60 q=-0.0 size=   71028KiB time=00:01:22.03 bitrate=7093.0kbits/s speed=   1x    
frame= 4952 fps= 60 q=-0.0 size=   71469KiB time=00:01:22.53 bitrate=7093.8kbits/s speed=   1x    
frame= 4982 fps= 60 q=-0.0 size=   71906KiB time=00:01:23.03 bitrate=7094.2kbits/s speed=   1x    
frame= 5012 fps= 60 q=-0.0 size=   72332KiB time=00:01:23.53 bitrate=7093.5kbits/s speed=   1x    
frame= 5042 fps= 60 q=-0.0 size=   72760KiB time=00:01:24.03 bitrate=7093.0kbits/s speed=   1x    
frame= 5072 fps= 60 q=-0.0 size=   73196KiB time=00:01:24.53 bitrate=7093.3kbits/s speed=   1x    
frame= 5102 fps= 60 q=-0.0 size=   73625KiB time=00:01:25.03 bitrate=7092.9kbits/s speed=   1x    
frame= 5132 fps= 60 q=-0.0 size=   74050KiB time=00:01:25.53 bitrate=7092.2kbits/s speed=   1x    
frame= 5162 fps= 60 q=-0.0 size=   74482KiB time=00:01:26.03 bitrate=7092.1kbits/s speed=   1x    
frame= 5192 fps= 60 q=-0.0 size=   74917KiB time=00:01:26.53 bitrate=7092.3kbits/s speed=   1x    
frame= 5222 fps= 60 q=-0.0 size=   75350KiB time=00:01:27.03 bitrate=7092.3kbits/s speed=   1x    
frame= 5252 fps= 60 q=-0.0 size=   75783KiB time=00:01:27.53 bitrate=7092.3kbits/s speed=   1x    
frame= 5282 fps= 60 q=-0.0 size=   76219KiB time=00:01:28.03 bitrate=7092.6kbits/s speed=   1x    
frame= 5312 fps= 60 q=-0.0 size=   76649KiB time=00:01:28.53 bitrate=7092.3kbits/s speed=   1x    
frame= 5342 fps= 60 q=-0.0 size=   77187KiB time=00:01:29.03 bitrate=7102.0kbits/s speed=   1x    
frame= 5372 fps= 60 q=-0.0 size=   77500KiB time=00:01:29.53 bitrate=7091.0kbits/s speed=   1x    
frame= 5402 fps= 60 q=-0.0 size=   77934KiB time=00:01:30.03 bitrate=7091.1kbits/s speed=   1x    
frame= 5432 fps= 60 q=-0.0 size=   78360KiB time=00:01:30.53 bitrate=7090.5kbits/s speed=   1x    
frame= 5462 fps= 60 q=-0.0 size=   78802KiB time=00:01:31.03 bitrate=7091.4kbits/s speed=   1x    
frame= 5492 fps= 60 q=-0.0 size=   79256KiB time=00:01:31.53 bitrate=7093.2kbits/s speed=   1x    
frame= 5522 fps= 60 q=-0.0 size=   79723KiB time=00:01:32.03 bitrate=7096.2kbits/s speed=   1x    
frame= 5552 fps= 60 q=-0.0 size=   80130KiB time=00:01:32.53 bitrate=7094.0kbits/s speed=   1x    
frame= 5582 fps= 60 q=-0.0 size=   80557KiB time=00:01:33.03 bitrate=7093.4kbits/s speed=   1x    
frame= 5612 fps= 60 q=-0.0 size=   80977KiB time=00:01:33.53 bitrate=7092.3kbits/s speed=   1x    
frame= 5642 fps= 60 q=-0.0 size=   81419KiB time=00:01:34.03 bitrate=7093.1kbits/s speed=   1x    
frame= 5672 fps= 60 q=-0.0 size=   81851KiB time=00:01:34.53 bitrate=7093.0kbits/s speed=   1x    
frame= 5702 fps= 60 q=-0.0 size=   82280KiB time=00:01:35.03 bitrate=7092.7kbits/s speed=   1x    
frame= 5732 fps= 60 q=-0.0 size=   82723KiB time=00:01:35.53 bitrate=7093.5kbits/s speed=   1x    
frame= 5762 fps= 60 q=-0.0 size=   83142KiB time=00:01:36.03 bitrate=7092.3kbits/s speed=   1x    
frame= 5792 fps= 60 q=-0.0 size=   83607KiB time=00:01:36.53 bitrate=7095.1kbits/s speed=   1x    
frame= 5822 fps= 60 q=-0.0 size=   84009KiB time=00:01:37.03 bitrate=7092.4kbits/s speed=   1x    
frame= 5852 fps= 60 q=-0.0 size=   84443KiB time=00:01:37.53 bitrate=7092.5kbits/s speed=   1x    
frame= 5882 fps= 60 q=-0.0 size=   84880KiB time=00:01:38.03 bitrate=7092.9kbits/s speed=   1x    
frame= 5912 fps= 60 q=-0.0 size=   85314KiB time=00:01:38.53 bitrate=7093.0kbits/s speed=   1x    
frame= 5942 fps= 60 q=-0.0 size=   85749KiB time=00:01:39.03 bitrate=7093.1kbits/s speed=   1x    
frame= 5972 fps= 60 q=-0.0 size=   86176KiB time=00:01:39.53 bitrate=7092.6kbits/s speed=   1x    
frame= 6002 fps= 60 q=-0.0 size=   86647KiB time=00:01:40.03 bitrate=7095.7kbits/s speed=   1x    
frame= 6032 fps= 60 q=-0.0 size=   87065KiB time=00:01:40.53 bitrate=7094.5kbits/s speed=   1x    
frame= 6062 fps= 60 q=-0.0 size=   87596KiB time=00:01:41.03 bitrate=7102.5kbits/s speed=   1x    
frame= 6092 fps= 60 q=-0.0 size=   87881KiB time=00:01:41.53 bitrate=7090.5kbits/s speed=   1x    
frame= 6122 fps= 60 q=-0.0 size=   88353KiB time=00:01:42.03 bitrate=7093.7kbits/s speed=   1x    
frame= 6152 fps= 60 q=-0.0 size=   88768KiB time=00:01:42.53 bitrate=7092.2kbits/s speed=   1x    
frame= 6182 fps= 60 q=-0.0 size=   89210KiB time=00:01:43.03 bitrate=7093.0kbits/s speed=   1x    
frame= 6212 fps= 60 q=-0.0 size=   89612KiB time=00:01:43.53 bitrate=7090.5kbits/s speed=   1x    
frame= 6242 fps= 60 q=-0.0 size=   90080KiB time=00:01:44.03 bitrate=7093.3kbits/s speed=   1x    
frame= 6272 fps= 60 q=-0.0 size=   90529KiB time=00:01:44.53 bitrate=7094.5kbits/s speed=   1x    
frame= 6302 fps= 60 q=-0.0 size=   90961KiB time=00:01:45.03 bitrate=7094.4kbits/s speed=   1x    
frame= 6332 fps= 60 q=-0.0 size=   91376KiB time=00:01:45.53 bitrate=7093.1kbits/s speed=   1x    
frame= 6362 fps= 60 q=-0.0 size=   91831KiB time=00:01:46.03 bitrate=7094.8kbits/s speed=   1x    
frame= 6392 fps= 60 q=-0.0 size=   92239KiB time=00:01:46.53 bitrate=7092.8kbits/s speed=   1x    
frame= 6422 fps= 60 q=-0.0 size=   92679KiB time=00:01:47.03 bitrate=7093.3kbits/s speed=   1x    
frame= 6452 fps= 60 q=-0.0 size=   93102KiB time=00:01:47.53 bitrate=7092.6kbits/s speed=   1x    
frame= 6482 fps= 60 q=-0.0 size=   93648KiB time=00:01:48.03 bitrate=7101.2kbits/s speed=   1x    
frame= 6512 fps= 60 q=-0.0 size=   93930KiB time=00:01:48.53 bitrate=7089.8kbits/s speed=   1x    
frame= 6542 fps= 60 q=-0.0 size=   94418KiB time=00:01:49.03 bitrate=7093.9kbits/s speed=   1x    
frame= 6572 fps= 60 q=-0.0 size=   94836KiB time=00:01:49.53 bitrate=7092.8kbits/s speed=   1x    
frame= 6602 fps= 60 q=-0.0 size=   95278KiB time=00:01:50.03 bitrate=7093.4kbits/s speed=   1x    
frame= 6632 fps= 60 q=-0.0 size=   95706KiB time=00:01:50.53 bitrate=7093.1kbits/s speed=   1x    
frame= 6662 fps= 60 q=-0.0 size=   96200KiB time=00:01:51.03 bitrate=7097.6kbits/s speed=   1x    
frame= 6692 fps= 60 q=-0.0 size=   96560KiB time=00:01:51.53 bitrate=7092.2kbits/s speed=   1x    
frame= 6722 fps= 60 q=-0.0 size=   96990KiB time=00:01:52.03 bitrate=7092.0kbits/s speed=   1x    
frame= 6752 fps= 60 q=-0.0 size=   97435KiB time=00:01:52.53 bitrate=7092.9kbits/s speed=   1x    
frame= 6782 fps= 60 q=-0.0 size=   97869KiB time=00:01:53.03 bitrate=7092.9kbits/s speed=   1x    
frame= 6812 fps= 60 q=-0.0 size=   98301KiB time=00:01:53.53 bitrate=7092.9kbits/s speed=   1x    
frame= 6842 fps= 60 q=-0.0 size=   98721KiB time=00:01:54.03 bitrate=7092.0kbits/s speed=   1x    
frame= 6872 fps= 60 q=-0.0 size=   99178KiB time=00:01:54.53 bitrate=7093.7kbits/s speed=   1x    
frame= 6902 fps= 60 q=-0.0 size=   99609KiB time=00:01:55.03 bitrate=7093.6kbits/s speed=   1x    
frame= 6932 fps= 60 q=-0.0 size=  100032KiB time=00:01:55.53 bitrate=7092.9kbits/s speed=   1x    
frame= 6962 fps= 60 q=-0.0 size=  100462KiB time=00:01:56.03 bitrate=7092.6kbits/s speed=   1x    
frame= 6992 fps= 60 q=-0.0 size=  100923KiB time=00:01:56.53 bitrate=7094.6kbits/s speed=   1x    
frame= 7023 fps= 60 q=-0.0 size=  101360KiB time=00:01:57.05 bitrate=7093.9kbits/s speed=   1x    
frame= 7053 fps= 60 q=-0.0 size=  101787KiB time=00:01:57.55 bitrate=7093.5kbits/s speed=   1x    
frame= 7083 fps= 60 q=-0.0 size=  102229KiB time=00:01:58.05 bitrate=7094.1kbits/s speed=   1x    
frame= 7113 fps= 60 q=-0.0 size=  102642KiB time=00:01:58.55 bitrate=7092.7kbits/s speed=   1x    
frame= 7143 fps= 60 q=-0.0 size=  103005KiB time=00:01:59.05 bitrate=7087.9kbits/s speed=   1x    
frame= 7173 fps= 60 q=-0.0 size=  103416KiB time=00:01:59.55 bitrate=7086.4kbits/s speed=   1x    
frame= 7203 fps= 60 q=-0.0 size=  103874KiB time=00:02:00.05 bitrate=7088.2kbits/s speed=   1x    
frame= 7233 fps= 60 q=-0.0 size=  104388KiB time=00:02:00.55 bitrate=7093.7kbits/s speed=   1x    
frame= 7263 fps= 60 q=-0.0 size=  104853KiB time=00:02:01.05 bitrate=7095.9kbits/s speed=   1x    
frame= 7293 fps= 60 q=-0.0 size=  105244KiB time=00:02:01.55 bitrate=7093.1kbits/s speed=   1x    
frame= 7323 fps= 60 q=-0.0 size=  105497KiB time=00:02:02.05 bitrate=7080.9kbits/s speed=   1x    
frame= 7353 fps= 60 q=-0.0 size=  105906KiB time=00:02:02.55 bitrate=7079.4kbits/s speed=   1x    
frame= 7383 fps= 60 q=-0.0 size=  106546KiB time=00:02:03.05 bitrate=7093.3kbits/s speed=   1x    
frame= 7413 fps= 60 q=-0.0 size=  106972KiB time=00:02:03.55 bitrate=7092.8kbits/s speed=   1x    
frame= 7443 fps= 60 q=-0.0 size=  107409KiB time=00:02:04.05 bitrate=7093.1kbits/s speed=   1x    
frame= 7473 fps= 60 q=-0.0 size=  107786KiB time=00:02:04.55 bitrate=7089.4kbits/s speed=   1x    
frame= 7503 fps= 60 q=-0.0 size=  108206KiB time=00:02:05.05 bitrate=7088.6kbits/s speed=   1x    
frame= 7533 fps= 60 q=-0.0 size=  108625KiB time=00:02:05.55 bitrate=7087.6kbits/s speed=   1x    
frame= 7563 fps= 60 q=-0.0 size=  109057KiB time=00:02:06.05 bitrate=7087.6kbits/s speed=   1x    
frame= 7593 fps= 60 q=-0.0 size=  109486KiB time=00:02:06.55 bitrate=7087.4kbits/s speed=   1x    
frame= 7623 fps= 60 q=-0.0 size=  109922KiB time=00:02:07.05 bitrate=7087.6kbits/s speed=   1x    
frame= 7653 fps= 60 q=-0.0 size=  110358KiB time=00:02:07.55 bitrate=7087.8kbits/s speed=   1x    
frame= 7683 fps= 60 q=-0.0 size=  110777KiB time=00:02:08.05 bitrate=7087.0kbits/s speed=   1x    
frame= 7713 fps= 60 q=-0.0 size=  111203KiB time=00:02:08.55 bitrate=7086.5kbits/s speed=   1x    
frame= 7743 fps= 60 q=-0.0 size=  111641KiB time=00:02:09.05 bitrate=7086.9kbits/s speed=   1x    
frame= 7773 fps= 60 q=-0.0 size=  112029KiB time=00:02:09.55 bitrate=7084.1kbits/s speed=   1x    
frame= 7803 fps= 60 q=-0.0 size=  112401KiB time=00:02:10.05 bitrate=7080.3kbits/s speed=   1x    
frame= 7833 fps= 60 q=-0.0 size=  112835KiB time=00:02:10.55 bitrate=7080.4kbits/s speed=   1x    
frame= 7863 fps= 60 q=-0.0 size=  113496KiB time=00:02:11.05 bitrate=7094.7kbits/s speed=   1x    
frame= 7893 fps= 60 q=-0.0 size=  113932KiB time=00:02:11.55 bitrate=7094.8kbits/s speed=   1x    
frame= 7923 fps= 60 q=-0.0 size=  114347KiB time=00:02:12.05 bitrate=7093.8kbits/s speed=   1x    
frame= 7953 fps= 60 q=-0.0 size=  114781KiB time=00:02:12.55 bitrate=7093.8kbits/s speed=   1x    
frame= 7983 fps= 60 q=-0.0 size=  115226KiB time=00:02:13.05 bitrate=7094.5kbits/s speed=   1x    
frame= 8013 fps= 60 q=-0.0 size=  115650KiB time=00:02:13.55 bitrate=7094.0kbits/s speed=   1x    
frame= 8043 fps= 60 q=-0.0 size=  116091KiB time=00:02:14.05 bitrate=7094.5kbits/s speed=   1x    
frame= 8073 fps= 60 q=-0.0 size=  116499KiB time=00:02:14.55 bitrate=7093.0kbits/s speed=   1x    
frame= 8103 fps= 60 q=-0.0 size=  116962KiB time=00:02:15.05 bitrate=7094.8kbits/s speed=   1x    
frame= 8133 fps= 60 q=-0.0 size=  117375KiB time=00:02:15.55 bitrate=7093.6kbits/s speed=   1x    
frame= 8163 fps= 60 q=-0.0 size=  117811KiB time=00:02:16.05 bitrate=7093.7kbits/s speed=   1x    
frame= 8193 fps= 60 q=-0.0 size=  118240KiB time=00:02:16.55 bitrate=7093.5kbits/s speed=   1x    
frame= 8223 fps= 60 q=-0.0 size=  118667KiB time=00:02:17.05 bitrate=7093.2kbits/s speed=   1x    
frame= 8253 fps= 60 q=-0.0 size=  119152KiB time=00:02:17.55 bitrate=7096.3kbits/s speed=   1x    
frame= 8283 fps= 60 q=-0.0 size=  119528KiB time=00:02:18.05 bitrate=7092.9kbits/s speed=   1x    
frame= 8313 fps= 60 q=-0.0 size=  119970KiB time=00:02:18.55 bitrate=7093.4kbits/s speed=   1x    
frame= 8343 fps= 60 q=-0.0 size=  120409KiB time=00:02:19.05 bitrate=7093.8kbits/s speed=   1x    
frame= 8373 fps= 60 q=-0.0 size=  120857KiB time=00:02:19.55 bitrate=7094.7kbits/s speed=   1x    
frame= 8403 fps= 60 q=-0.0 size=  121263KiB time=00:02:20.05 bitrate=7093.1kbits/s speed=   1x    
frame= 8433 fps= 60 q=-0.0 size=  121700KiB time=00:02:20.55 bitrate=7093.3kbits/s speed=   1x    
frame= 8463 fps= 60 q=-0.0 size=  122134KiB time=00:02:21.05 bitrate=7093.4kbits/s speed=   1x    
frame= 8493 fps= 60 q=-0.0 size=  122578KiB time=00:02:21.55 bitrate=7094.0kbits/s speed=   1x    
frame= 8523 fps= 60 q=-0.0 size=  122999KiB time=00:02:22.05 bitrate=7093.3kbits/s speed=   1x    
frame= 8553 fps= 60 q=-0.0 size=  123428KiB time=00:02:22.55 bitrate=7093.1kbits/s speed=   1x    
frame= 8583 fps= 60 q=-0.0 size=  123865KiB time=00:02:23.05 bitrate=7093.3kbits/s speed=   1x    
frame= 8613 fps= 60 q=-0.0 size=  124299KiB time=00:02:23.55 bitrate=7093.4kbits/s speed=   1x    
frame= 8643 fps= 60 q=-0.0 size=  124720KiB time=00:02:24.05 bitrate=7092.7kbits/s speed=   1x    
frame= 8673 fps= 60 q=-0.0 size=  125165KiB time=00:02:24.55 bitrate=7093.4kbits/s speed=   1x    
frame= 8703 fps= 60 q=-0.0 size=  125595KiB time=00:02:25.05 bitrate=7093.2kbits/s speed=   1x    
frame= 8733 fps= 60 q=-0.0 size=  126024KiB time=00:02:25.55 bitrate=7093.0kbits/s speed=   1x    
frame= 8763 fps= 60 q=-0.0 size=  126451KiB time=00:02:26.05 bitrate=7092.7kbits/s speed=   1x    
frame= 8793 fps= 60 q=-0.0 size=  126896KiB time=00:02:26.55 bitrate=7093.3kbits/s speed=   1x    
frame= 8823 fps= 60 q=-0.0 size=  127349KiB time=00:02:27.05 bitrate=7094.5kbits/s speed=   1x    
frame= 8853 fps= 60 q=-0.0 size=  127754KiB time=00:02:27.55 bitrate=7092.9kbits/s speed=   1x    
frame= 8883 fps= 60 q=-0.0 size=  128205KiB time=00:02:28.05 bitrate=7093.9kbits/s speed=   1x    
frame= 8913 fps= 60 q=-0.0 size=  128609KiB time=00:02:28.55 bitrate=7092.3kbits/s speed=   1x    
frame= 8943 fps= 60 q=-0.0 size=  129052KiB time=00:02:29.05 bitrate=7092.9kbits/s speed=   1x    
frame= 8973 fps= 60 q=-0.0 size=  129487KiB time=00:02:29.55 bitrate=7093.0kbits/s speed=   1x    
frame= 9003 fps= 60 q=-0.0 size=  129907KiB time=00:02:30.05 bitrate=7092.3kbits/s speed=   1x    
frame= 9033 fps= 60 q=-0.0 size=  130357KiB time=00:02:30.55 bitrate=7093.2kbits/s speed=   1x    
frame= 9063 fps= 60 q=-0.0 size=  130780KiB time=00:02:31.05 bitrate=7092.7kbits/s speed=   1x    
frame= 9093 fps= 60 q=-0.0 size=  131227KiB time=00:02:31.55 bitrate=7093.5kbits/s speed=   1x    
frame= 9123 fps= 60 q=-0.0 size=  131663KiB time=00:02:32.05 bitrate=7093.6kbits/s speed=   1x    
frame= 9153 fps= 60 q=-0.0 size=  132094KiB time=00:02:32.55 bitrate=7093.5kbits/s speed=   1x    
frame= 9183 fps= 60 q=-0.0 size=  132528KiB time=00:02:33.05 bitrate=7093.6kbits/s speed=   1x    
frame= 9213 fps= 60 q=-0.0 size=  132959KiB time=00:02:33.55 bitrate=7093.4kbits/s speed=   1x    
frame= 9243 fps= 60 q=-0.0 size=  133408KiB time=00:02:34.05 bitrate=7094.3kbits/s speed=   1x    
frame= 9273 fps= 60 q=-0.0 size=  133833KiB time=00:02:34.55 bitrate=7093.9kbits/s speed=   1x    
frame= 9303 fps= 60 q=-0.0 size=  134263KiB time=00:02:35.05 bitrate=7093.7kbits/s speed=   1x    
frame= 9333 fps= 60 q=-0.0 size=  134673KiB time=00:02:35.55 bitrate=7092.5kbits/s speed=   1x    
frame= 9363 fps= 60 q=-0.0 size=  135118KiB time=00:02:36.05 bitrate=7093.2kbits/s speed=   1x    
frame= 9393 fps= 60 q=-0.0 size=  135568KiB time=00:02:36.55 bitrate=7094.1kbits/s speed=   1x    
frame= 9423 fps= 60 q=-0.0 size=  135980KiB time=00:02:37.05 bitrate=7093.0kbits/s speed=   1x    
frame= 9453 fps= 60 q=-0.0 size=  136424KiB time=00:02:37.55 bitrate=7093.5kbits/s speed=   1x    
frame= 9483 fps= 60 q=-0.0 size=  136846KiB time=00:02:38.05 bitrate=7093.0kbits/s speed=   1x    
frame= 9513 fps= 60 q=-0.0 size=  137286KiB time=00:02:38.55 bitrate=7093.3kbits/s speed=   1x    
frame= 9543 fps= 60 q=-0.0 size=  137701KiB time=00:02:39.05 bitrate=7092.4kbits/s speed=   1x    
frame= 9573 fps= 60 q=-0.0 size=  138152KiB time=00:02:39.55 bitrate=7093.3kbits/s speed=   1x    
frame= 9603 fps= 60 q=-0.0 size=  138588KiB time=00:02:40.05 bitrate=7093.5kbits/s speed=   1x    
frame= 9633 fps= 60 q=-0.0 size=  139024KiB time=00:02:40.55 bitrate=7093.6kbits/s speed=   1x    
frame= 9663 fps= 60 q=-0.0 size=  139452KiB time=00:02:41.05 bitrate=7093.4kbits/s speed=   1x    
frame= 9693 fps= 60 q=-0.0 size=  139876KiB time=00:02:41.55 bitrate=7093.0kbits/s speed=   1x    
frame= 9723 fps= 60 q=-0.0 size=  140323KiB time=00:02:42.05 bitrate=7093.7kbits/s speed=   1x    
frame= 9753 fps= 60 q=-0.0 size=  140747KiB time=00:02:42.55 bitrate=7093.2kbits/s speed=   1x    
frame= 9783 fps= 60 q=-0.0 size=  141183KiB time=00:02:43.05 bitrate=7093.3kbits/s speed=   1x    
frame= 9813 fps= 60 q=-0.0 size=  141635KiB time=00:02:43.55 bitrate=7094.3kbits/s speed=   1x    
frame= 9843 fps= 60 q=-0.0 size=  142047KiB time=00:02:44.05 bitrate=7093.3kbits/s speed=   1x    
frame= 9873 fps= 60 q=-0.0 size=  142483KiB time=00:02:44.55 bitrate=7093.4kbits/s speed=   1x    
frame= 9903 fps= 60 q=-0.0 size=  142918KiB time=00:02:45.05 bitrate=7093.5kbits/s speed=   1x    
frame= 9933 fps= 60 q=-0.0 size=  143355KiB time=00:02:45.55 bitrate=7093.7kbits/s speed=   1x    
frame= 9963 fps= 60 q=-0.0 size=  143792KiB time=00:02:46.05 bitrate=7093.9kbits/s speed=   1x    
frame= 9993 fps= 60 q=-0.0 size=  144230KiB time=00:02:46.55 bitrate=7094.2kbits/s speed=   1x    
frame=10023 fps= 60 q=-0.0 size=  144646KiB time=00:02:47.05 bitrate=7093.3kbits/s speed=   1x    
frame=10053 fps= 60 q=-0.0 size=  145097KiB time=00:02:47.55 bitrate=7094.2kbits/s speed=   1x    
frame=10083 fps= 60 q=-0.0 size=  145514KiB time=00:02:48.05 bitrate=7093.4kbits/s speed=   1x    
frame=10113 fps= 60 q=-0.0 size=  145969KiB time=00:02:48.55 bitrate=7094.5kbits/s speed=   1x    
frame=10143 fps= 60 q=-0.0 size=  146382KiB time=00:02:49.05 bitrate=7093.5kbits/s speed=   1x    
frame=10173 fps= 60 q=-0.0 size=  146807KiB time=00:02:49.55 bitrate=7093.1kbits/s speed=   1x    
frame=10203 fps= 60 q=-0.0 size=  147244KiB time=00:02:50.05 bitrate=7093.3kbits/s speed=   1x    
frame=10233 fps= 60 q=-0.0 size=  147659KiB time=00:02:50.55 bitrate=7092.5kbits/s speed=   1x    
frame=10263 fps= 60 q=-0.0 size=  148096KiB time=00:02:51.05 bitrate=7092.7kbits/s speed=   1x    
frame=10293 fps= 60 q=-0.0 size=  148565KiB time=00:02:51.55 bitrate=7094.4kbits/s speed=   1x    
frame=10323 fps= 60 q=-0.0 size=  149001KiB time=00:02:52.05 bitrate=7094.6kbits/s speed=   1x    
frame=10353 fps= 60 q=-0.0 size=  149319KiB time=00:02:52.55 bitrate=7089.1kbits/s speed=   1x    
frame=10383 fps= 60 q=-0.0 size=  149643KiB time=00:02:53.05 bitrate=7083.9kbits/s speed=   1x    
frame=10413 fps= 60 q=-0.0 size=  150076KiB time=00:02:53.55 bitrate=7084.0kbits/s speed=   1x    
frame=10443 fps= 60 q=-0.0 size=  150509KiB time=00:02:54.05 bitrate=7084.0kbits/s speed=   1x    
frame=10473 fps= 60 q=-0.0 size=  151355KiB time=00:02:54.55 bitrate=7103.4kbits/s speed=   1x    
frame=10503 fps= 60 q=-0.0 size=  151542KiB time=00:02:55.05 bitrate=7091.9kbits/s speed=   1x    
frame=10533 fps= 60 q=-0.0 size=  152017KiB time=00:02:55.55 bitrate=7093.9kbits/s speed=   1x    
frame=10563 fps= 60 q=-0.0 size=  152447KiB time=00:02:56.05 bitrate=7093.7kbits/s speed=   1x    
frame=10593 fps= 60 q=-0.0 size=  152902KiB time=00:02:56.55 bitrate=7094.7kbits/s speed=   1x    
frame=10623 fps= 60 q=-0.0 size=  153320KiB time=00:02:57.05 bitrate=7094.0kbits/s speed=   1x    
frame=10653 fps= 60 q=-0.0 size=  153777KiB time=00:02:57.55 bitrate=7095.1kbits/s speed=   1x    
frame=10683 fps= 60 q=-0.0 size=  154182KiB time=00:02:58.05 bitrate=7093.8kbits/s speed=   1x    
frame=10713 fps= 60 q=-0.0 size=  154626KiB time=00:02:58.55 bitrate=7094.3kbits/s speed=   1x    
frame=10743 fps= 60 q=-0.0 size=  155061KiB time=00:02:59.05 bitrate=7094.4kbits/s speed=   1x    
frame=10773 fps= 60 q=-0.0 size=  155495KiB time=00:02:59.55 bitrate=7094.5kbits/s speed=   1x    
frame=10803 fps= 60 q=-0.0 size=  155923KiB time=00:03:00.05 bitrate=7094.3kbits/s speed=   1x    
frame=10833 fps= 60 q=-0.0 size=  156355KiB time=00:03:00.55 bitrate=7094.2kbits/s speed=   1x    
frame=10863 fps= 60 q=-0.0 size=  156788KiB time=00:03:01.05 bitrate=7094.2kbits/s speed=   1x    
frame=10893 fps= 60 q=-0.0 size=  157246KiB time=00:03:01.55 bitrate=7095.3kbits/s speed=   1x    
frame=10923 fps= 60 q=-0.0 size=  157438KiB time=00:03:02.05 bitrate=7084.5kbits/s speed=   1x    
frame=10953 fps= 60 q=-0.0 size=  157871KiB time=00:03:02.55 bitrate=7084.5kbits/s speed=   1x    
frame=10983 fps= 60 q=-0.0 size=  158304KiB time=00:03:03.05 bitrate=7084.6kbits/s speed=   1x    
frame=11013 fps= 60 q=-0.0 size=  158738KiB time=00:03:03.55 bitrate=7084.6kbits/s speed=   1x    
frame=11043 fps= 60 q=-0.0 size=  159171KiB time=00:03:04.05 bitrate=7084.6kbits/s speed=   1x    
frame=11073 fps= 60 q=-0.0 size=  159604KiB time=00:03:04.55 bitrate=7084.7kbits/s speed=   1x    
frame=11103 fps= 60 q=-0.0 size=  160037KiB time=00:03:05.05 bitrate=7084.7kbits/s speed=   1x    
frame=11133 fps= 60 q=-0.0 size=  160470KiB time=00:03:05.55 bitrate=7084.7kbits/s speed=   1x    
frame=11164 fps= 60 q=-0.0 size=  160918KiB time=00:03:06.06 bitrate=7084.8kbits/s speed=   1x    
frame=11193 fps= 60 q=-0.0 size=  161336KiB time=00:03:06.55 bitrate=7084.8kbits/s speed=   1x    
frame=11223 fps= 60 q=-0.0 size=  161769KiB time=00:03:07.05 bitrate=7084.8kbits/s speed=   1x    
frame=11253 fps= 60 q=-0.0 size=  162203KiB time=00:03:07.55 bitrate=7084.9kbits/s speed=   1x    
frame=11283 fps= 60 q=-0.0 size=  162829KiB time=00:03:08.05 bitrate=7093.3kbits/s speed=   1x    
frame=11314 fps= 60 q=-0.0 size=  163276KiB time=00:03:08.56 bitrate=7093.3kbits/s speed=   1x    
frame=11344 fps= 60 q=-0.0 size=  163723KiB time=00:03:09.06 bitrate=7093.9kbits/s speed=   1x    
frame=11374 fps= 60 q=-0.0 size=  164153KiB time=00:03:09.56 bitrate=7093.8kbits/s speed=   1x    
frame=11404 fps= 60 q=-0.0 size=  164581KiB time=00:03:10.06 bitrate=7093.6kbits/s speed=   1x    
frame=11434 fps= 60 q=-0.0 size=  165011KiB time=00:03:10.56 bitrate=7093.4kbits/s speed=   1x    
frame=11464 fps= 60 q=-0.0 size=  165437KiB time=00:03:11.06 bitrate=7093.1kbits/s speed=   1x    
frame=11494 fps= 60 q=-0.0 size=  165866KiB time=00:03:11.56 bitrate=7093.0kbits/s speed=   1x    
[out#0/rtp @ 0x5619beedfbc0] video:164287KiB audio:0KiB subtitle:0KiB other streams:0KiB global headers:0KiB muxing overhead: 1.244892%
frame=11525 fps= 60 q=-0.0 Lsize=  166332KiB time=00:03:12.08 bitrate=7093.7kbits/s speed=   1x    
Exiting normally, received signal 15.
