18:41:07 === arm C ===
18:41:10 launch http 200 active=True paused=True pid=5909
18:41:10 pid 5909 window found; RA status 'GET_STATUS PAUSED playstation,Tekken 3 (USA)'
18:41:10 unpause -> 'GET_STATUS PLAYING playstation,Tekken 3 (USA)'
18:41:42 grab: frames 1800 distinct 460 pts 1..1 per_s [60, 53, 1, 1, 1, 1, 1, 1, 1, 1, 11, 21, 1, 31, 17, 21, 21, 21, 21, 21, 21, 21, 21, 21, 21, 21, 21, 21, 21, 21] top5 [575, 108, 4, 4, 4]
18:41:44 stopped=True recovery unchanged=True
18:41:44 === arm P ===
18:41:46 launch http 200 active=True paused=True pid=6065
18:41:46 pid 6065 window found; RA status 'GET_STATUS PAUSED playstation,Tekken 3 (USA)'
18:41:50 recovery-resume http 200 {"ok": true, "action": "load_recovery_state", "accepted": true, "retroarch_response": "LOAD_STATE_SLOT 0", "paused": true, "message": "A PrivyHub-managed game is running on the companion."}
18:41:50 unpause -> 'GET_STATUS PLAYING playstation,Tekken 3 (USA)'
18:42:22 grab: frames 1800 distinct 22 pts 1..1 per_s [21, 2, 2, 2, 2, 2, 2, 2, 2, 2, 2, 2, 2, 2, 2, 2, 2, 2, 2, 2, 2, 2, 2, 2, 2, 2, 2, 2, 2, 2] top5 [926, 816, 21, 19, 1]
18:42:24 stopped=True recovery unchanged=True
18:42:24 === arm R ===
18:42:26 launch http 200 active=True paused=True pid=6212
18:42:26 pid 6212 window found; RA status 'GET_STATUS PAUSED playstation,Tekken 3 (USA)'
18:42:26 unpause -> 'GET_STATUS PLAYING playstation,Tekken 3 (USA)'; running 20 s before the load
18:42:46 slot-0 scratch == recovery: True
18:42:47 LOAD_STATE_SLOT 0 while 'GET_STATUS PLAYING playstation,Tekken 3 (USA)' -> 'LOAD_STATE_SLOT 0', now 'GET_STATUS PLAYING playstation,Tekken 3 (USA)'
18:43:19 grab: frames 1800 distinct 615 pts 1..1 per_s [34, 21, 21, 21, 21, 21, 21, 20, 20, 20, 20, 20, 20, 20, 20, 20, 20, 20, 20, 20, 20, 20, 21, 20, 20, 20, 21, 21, 21, 21] top5 [4, 4, 4, 4, 4]
18:43:21 stopped=True recovery unchanged=True
18:43:57 === arm C2 ===
18:44:00 launch http 200 active=True paused=True pid=6412
18:44:00 pid 6412 window found; RA status 'GET_STATUS PAUSED playstation,Tekken 3 (USA)'
18:44:01 unpause -> 'GET_STATUS PLAYING playstation,Tekken 3 (USA)'
18:44:33 grab: frames 1800 distinct 458 pts 1..1 per_s [60, 50, 1, 1, 1, 1, 1, 1, 1, 1, 14, 18, 1, 31, 18, 20, 20, 20, 20, 20, 21, 21, 21, 21, 21, 21, 21, 21, 21, 21] top5 [575, 108, 4, 4, 4]
18:44:35 stopped=True recovery unchanged=True
18:44:35 === arm P2 ===
18:44:37 launch http 200 active=True paused=True pid=6639
18:44:37 pid 6639 window found; RA status 'GET_STATUS PAUSED playstation,Tekken 3 (USA)'
18:44:41 recovery-resume http 200 {"ok": true, "action": "load_recovery_state", "accepted": true, "retroarch_response": "LOAD_STATE_SLOT 0", "paused": true, "message": "A PrivyHub-managed game is running on the companion."}
18:44:41 unpause -> 'GET_STATUS PLAYING playstation,Tekken 3 (USA)'
18:45:13 grab: frames 1800 distinct 22 pts 1..1 per_s [22, 2, 2, 2, 2, 2, 2, 2, 2, 2, 2, 2, 2, 2, 2, 2, 2, 2, 2, 2, 2, 2, 2, 2, 2, 2, 2, 2, 2, 2] top5 [933, 817, 17, 15, 1]
18:45:15 stopped=True recovery unchanged=True
18:45:15 === arm R2 ===
18:45:18 launch http 200 active=True paused=True pid=6872
18:45:18 pid 6872 window found; RA status 'GET_STATUS PAUSED playstation,Tekken 3 (USA)'
18:45:18 unpause -> 'GET_STATUS PLAYING playstation,Tekken 3 (USA)'; running 20 s before the load
18:45:38 slot-0 scratch == recovery: True
18:45:39 LOAD_STATE_SLOT 0 while 'GET_STATUS PLAYING playstation,Tekken 3 (USA)' -> 'LOAD_STATE_SLOT 0', now 'GET_STATUS PLAYING playstation,Tekken 3 (USA)'
18:46:11 grab: frames 1800 distinct 614 pts 1..1 per_s [33, 20, 20, 20, 20, 20, 20, 20, 20, 20, 21, 21, 21, 21, 21, 21, 21, 21, 21, 21, 21, 21, 21, 21, 21, 21, 21, 21, 21, 21] top5 [4, 4, 4, 4, 4]
18:46:13 stopped=True recovery unchanged=True
18:47:09 === arm Q ===
18:47:12 launch http 200 active=True paused=True pid=7260
18:47:12 pid 7260 window found; RA status 'GET_STATUS PAUSED playstation,Tekken 3 (USA)'
18:47:32 ran 20 s, re-paused -> 'GET_STATUS PAUSED playstation,Tekken 3 (USA)'
18:47:33 recovery-resume http 200 {"ok": true, "action": "load_recovery_state", "accepted": true, "retroarch_response": "LOAD_STATE_SLOT 0"}
18:47:33 unpause -> 'GET_STATUS PLAYING playstation,Tekken 3 (USA)'
18:48:05 grab: frames 1800 distinct 22 pts 1..1 per_s [22, 2, 2, 2, 2, 2, 2, 2, 2, 2, 2, 2, 2, 2, 2, 2, 2, 2, 2, 2, 2, 2, 2, 2, 2, 2, 2, 2, 2, 2] top5 [939, 823, 11, 9, 1]
18:48:07 stopped=True recovery unchanged=True
18:48:07 === arm G ===
18:48:10 launch http 200 active=True paused=True pid=7507
18:48:10 pid 7507 window found; RA status 'GET_STATUS PAUSED playstation,Tekken 3 (USA)'
18:50:30 60 fps motion after 140 s (unique>100 per 2 s, twice)
18:50:31 SAVE_STATE_SLOT 0 -> 'SAVE_STATE_SLOT 0', scratch sha 830a6020a7295b1b
18:50:47 LOAD_STATE_SLOT 0 while 'GET_STATUS PAUSED playstation,Tekken 3 (USA)' -> 'LOAD_STATE_SLOT 0'
18:50:47 unpause -> 'GET_STATUS PLAYING playstation,Tekken 3 (USA)'
18:51:20 grab: frames 1800 distinct 1640 pts 1..1 per_s [60, 60, 60, 60, 60, 60, 60, 60, 60, 60, 60, 60, 60, 60, 60, 60, 60, 60, 60, 57, 1, 2, 23, 60, 60, 60, 60, 60, 60, 60] top5 [82, 80, 1, 1, 1]
18:51:22 slot-0 scratch restored to the recovery bytes: True
18:51:22 stopped=True recovery unchanged=True
