[night 00:40:11Z] sampler started (10 s)
[night 00:40:11Z] device APK hash at start: de072762e55122c3060086f6f10b1bff54633d9165d0c475f17699127841835e
[night 00:40:11Z] holds: H3:
[night 00:40:11Z] last session_ended 2026-09-30T21:01:01.944Z; the first hold not before 21:31:01Z
[night 00:40:11Z] H3 begins (profile adopted, 1200 s)
[H3 00:40:11Z] mode=H hold/timeout=1200s probe_args=none heartbeat_ms=default
[H3 00:40:12Z] ARM_PROFILE adopted; PRIVYHUB_* in the user manager: ''
[H3 00:40:16Z] companion MainPID 1300905 serving 8765; PRIVYHUB_* in its environ: ''
[H3] before launch: ARM_PROFILE adopted profile ('native_game_720p60_reference', 1280, 720, 7000, 90000) bitrate_kbps 7000 selection default None any_override False fec xor8_1 cushion 12 17 profile redundancy 2 4 profile adaptive off -> AS EXPECTED FOR THE ARM
[H3] at PLAYING: ARM_PROFILE adopted profile ('native_game_720p60_reference', 1280, 720, 7000, 90000) bitrate_kbps 7000 selection default None any_override False fec xor8_1 cushion 12 17 profile redundancy 2 4 profile adaptive off -> AS EXPECTED FOR THE ARM
[H3 00:40:55Z] SurfaceFlinger stream-surface lines: 11
[H3 00:40:55Z] PLAYING at 2026-10-01T00:40:55Z; holding 1200s, zero input
[H3 01:01:00Z] adb client processes seen during hold: 33 (# polls 2320)
[H3 01:01:01Z] report: native_decoder_20261001_010101_556.json
[frames] 1201 seconds in the session window
[heartbeat] 598 lines
[H3 01:01:23Z] game active after stop: False
[H3 01:01:23Z] done
[night 01:01:23Z] H3 harness exit 0
[night 01:01:57Z] selector unset: manager PRIVYHUB_* 0; MainPID 1313112; 8765 1313112; PRIVYHUB_* in its environ 0
[night] profile native_game_720p60_reference 1280 720 default | fec xor8_1 | bitrate 7000 cap 90000 profile cushion 12 17 profile redundancy 2 4 profile any_override False active False adaptive off
[night 01:01:58Z] APK UNDER TEST CONFIRMED (device hash de072762e55122c3060086f6f10b1bff54633d9165d0c475f17699127841835e)
[night 01:02:07Z] teardown: game active False; NOW PLAYING on the launcher: 1
[night 01:02:18Z] stale banner: force-stop + relaunch; NOW PLAYING now: 0
[night 01:02:19Z] night done
