[night 08:40:13Z] sampler started (10 s)
[night 08:40:13Z] device APK hash at start: de072762e55122c3060086f6f10b1bff54633d9165d0c475f17699127841835e
[night 08:40:13Z] holds: H5:
[night 08:40:13Z] last session_ended 2026-10-01T05:01:06.465Z; the first hold not before 05:31:06Z
[night 08:40:13Z] H5 begins (profile adopted, 1200 s)
[H5 08:40:13Z] mode=H hold/timeout=1200s probe_args=none heartbeat_ms=default
[H5 08:40:13Z] ARM_PROFILE adopted; PRIVYHUB_* in the user manager: ''
[H5 08:40:18Z] companion MainPID 1334438 serving 8765; PRIVYHUB_* in its environ: ''
[H5] before launch: ARM_PROFILE adopted profile ('native_game_720p60_reference', 1280, 720, 7000, 90000) bitrate_kbps 7000 selection default None any_override False fec xor8_1 cushion 12 17 profile redundancy 2 4 profile adaptive off -> AS EXPECTED FOR THE ARM
[H5] at PLAYING: ARM_PROFILE adopted profile ('native_game_720p60_reference', 1280, 720, 7000, 90000) bitrate_kbps 7000 selection default None any_override False fec xor8_1 cushion 12 17 profile redundancy 2 4 profile adaptive off -> AS EXPECTED FOR THE ARM
[H5 08:40:59Z] SurfaceFlinger stream-surface lines: 11
[H5 08:40:59Z] PLAYING at 2026-10-01T08:40:59Z; holding 1200s, zero input
[H5 09:00:59Z] adb client processes seen during hold: 43 (# polls 2320)
[H5 09:01:01Z] report: native_decoder_20261001_090100_895.json
[frames] 1201 seconds in the session window
[heartbeat] 597 lines
[H5 09:01:24Z] game active after stop: False
[H5 09:01:24Z] done
[night 09:01:24Z] H5 harness exit 0
[night 09:01:58Z] selector unset: manager PRIVYHUB_* 0; MainPID 1346744; 8765 1346744; PRIVYHUB_* in its environ 0
[night] profile native_game_720p60_reference 1280 720 default | fec xor8_1 | bitrate 7000 cap 90000 profile cushion 12 17 profile redundancy 2 4 profile any_override False active False adaptive off
[night 09:01:58Z] APK UNDER TEST CONFIRMED (device hash de072762e55122c3060086f6f10b1bff54633d9165d0c475f17699127841835e)
[night 09:02:08Z] teardown: game active False; NOW PLAYING on the launcher: 1
[night 09:02:19Z] stale banner: force-stop + relaunch; NOW PLAYING now: 0
[night 09:02:19Z] night done
