[night 04:40:12Z] sampler started (10 s)
[night 04:40:12Z] device APK hash at start: de072762e55122c3060086f6f10b1bff54633d9165d0c475f17699127841835e
[night 04:40:12Z] holds: H4:
[night 04:40:12Z] last session_ended 2026-10-01T01:01:01.583Z; the first hold not before 01:31:01Z
[night 04:40:12Z] H4 begins (profile adopted, 1200 s)
[H4 04:40:12Z] mode=H hold/timeout=1200s probe_args=none heartbeat_ms=default
[H4 04:40:13Z] ARM_PROFILE adopted; PRIVYHUB_* in the user manager: ''
[H4 04:40:17Z] companion MainPID 1317718 serving 8765; PRIVYHUB_* in its environ: ''
[H4] before launch: ARM_PROFILE adopted profile ('native_game_720p60_reference', 1280, 720, 7000, 90000) bitrate_kbps 7000 selection default None any_override False fec xor8_1 cushion 12 17 profile redundancy 2 4 profile adaptive off -> AS EXPECTED FOR THE ARM
[H4] at PLAYING: ARM_PROFILE adopted profile ('native_game_720p60_reference', 1280, 720, 7000, 90000) bitrate_kbps 7000 selection default None any_override False fec xor8_1 cushion 12 17 profile redundancy 2 4 profile adaptive off -> AS EXPECTED FOR THE ARM
[H4 04:40:59Z] SurfaceFlinger stream-surface lines: 11
[H4 04:40:59Z] PLAYING at 2026-10-01T04:40:59Z; holding 1200s, zero input
[H4 05:01:05Z] adb client processes seen during hold: 39 (# polls 2320)
[H4 05:01:07Z] report: native_decoder_20261001_050106_437.json
[frames] 1201 seconds in the session window
[heartbeat] 598 lines
[H4 05:01:31Z] game active after stop: False
[H4 05:01:31Z] done
[night 05:01:31Z] H4 harness exit 0
[night 05:02:05Z] selector unset: manager PRIVYHUB_* 0; MainPID 1329959; 8765 1329959; PRIVYHUB_* in its environ 0
[night] profile native_game_720p60_reference 1280 720 default | fec xor8_1 | bitrate 7000 cap 90000 profile cushion 12 17 profile redundancy 2 4 profile any_override False active False adaptive off
[night 05:02:05Z] APK UNDER TEST CONFIRMED (device hash de072762e55122c3060086f6f10b1bff54633d9165d0c475f17699127841835e)
[night 05:02:15Z] teardown: game active False; NOW PLAYING on the launcher: 1
[night 05:02:26Z] stale banner: force-stop + relaunch; NOW PLAYING now: 0
[night 05:02:26Z] night done
