[night 12:40:13Z] sampler started (10 s)
[night 12:40:14Z] device APK hash at start: de072762e55122c3060086f6f10b1bff54633d9165d0c475f17699127841835e
[night 12:40:14Z] holds: H6:
[night 12:40:14Z] last session_ended 2026-10-01T09:01:00.917Z; the first hold not before 09:31:00Z
[night 12:40:14Z] H6 begins (profile adopted, 1200 s)
[H6 12:40:14Z] mode=H hold/timeout=1200s probe_args=none heartbeat_ms=default
[H6 12:40:14Z] ARM_PROFILE adopted; PRIVYHUB_* in the user manager: ''
[H6 12:40:18Z] companion MainPID 1351275 serving 8765; PRIVYHUB_* in its environ: ''
[H6] before launch: ARM_PROFILE adopted profile ('native_game_720p60_reference', 1280, 720, 7000, 90000) bitrate_kbps 7000 selection default None any_override False fec xor8_1 cushion 12 17 profile redundancy 2 4 profile adaptive off -> AS EXPECTED FOR THE ARM
[H6] at PLAYING: ARM_PROFILE adopted profile ('native_game_720p60_reference', 1280, 720, 7000, 90000) bitrate_kbps 7000 selection default None any_override False fec xor8_1 cushion 12 17 profile redundancy 2 4 profile adaptive off -> AS EXPECTED FOR THE ARM
[H6 12:41:01Z] SurfaceFlinger stream-surface lines: 11
[H6 12:41:01Z] PLAYING at 2026-10-01T12:41:01Z; holding 1200s, zero input
[H6 13:01:06Z] adb client processes seen during hold: 41 (# polls 2320)
[H6 13:01:07Z] report: native_decoder_20261001_130107_882.json
[frames] 1201 seconds in the session window
[heartbeat] 598 lines
[H6 13:01:29Z] game active after stop: False
[H6 13:01:29Z] done
[night 13:01:29Z] H6 harness exit 0
[night 13:02:04Z] selector unset: manager PRIVYHUB_* 0; MainPID 1363536; 8765 1363536; PRIVYHUB_* in its environ 0
[night] profile native_game_720p60_reference 1280 720 default | fec xor8_1 | bitrate 7000 cap 90000 profile cushion 12 17 profile redundancy 2 4 profile any_override False active False adaptive off
[night 13:02:04Z] APK UNDER TEST CONFIRMED (device hash de072762e55122c3060086f6f10b1bff54633d9165d0c475f17699127841835e)
[night 13:02:14Z] teardown: game active False; NOW PLAYING on the launcher: 1
[night 13:02:25Z] stale banner: force-stop + relaunch; NOW PLAYING now: 0
[night 13:02:25Z] night done
