[night 16:40:10Z] sampler started (10 s)
[night 16:40:10Z] device APK hash at start: de072762e55122c3060086f6f10b1bff54633d9165d0c475f17699127841835e
[night 16:40:10Z] holds: H1:
[night 16:40:10Z] last session_ended 2026-09-30T15:05:01.102Z; the first hold not before 15:35:01Z
[night 16:40:10Z] H1 begins (profile adopted, 1200 s)
[H1 16:40:10Z] mode=H hold/timeout=1200s probe_args=none heartbeat_ms=default
[H1 16:40:10Z] ARM_PROFILE adopted; PRIVYHUB_* in the user manager: ''
[H1 16:40:15Z] companion MainPID 1266143 serving 8765; PRIVYHUB_* in its environ: ''
[H1] before launch: ARM_PROFILE adopted profile ('native_game_720p60_reference', 1280, 720, 7000, 90000) bitrate_kbps 7000 selection default None any_override False fec xor8_1 cushion 12 17 profile redundancy 2 4 profile adaptive off -> AS EXPECTED FOR THE ARM
[H1] at PLAYING: ARM_PROFILE adopted profile ('native_game_720p60_reference', 1280, 720, 7000, 90000) bitrate_kbps 7000 selection default None any_override False fec xor8_1 cushion 12 17 profile redundancy 2 4 profile adaptive off -> AS EXPECTED FOR THE ARM
[H1 16:40:54Z] SurfaceFlinger stream-surface lines: 11
[H1 16:40:54Z] PLAYING at 2026-09-30T16:40:54Z; holding 1200s, zero input
[H1 17:00:55Z] adb client processes seen during hold: 38 (# polls 2316)
[H1 17:00:57Z] report: native_decoder_20260930_170056_734.json
[frames] 1201 seconds in the session window
[heartbeat] 598 lines
[H1 17:01:19Z] game active after stop: False
[H1 17:01:19Z] done
[night 17:01:19Z] H1 harness exit 0
[night 17:01:54Z] selector unset: manager PRIVYHUB_* 0; MainPID 1278554; 8765 1278554; PRIVYHUB_* in its environ 0
[night] profile native_game_720p60_reference 1280 720 default | fec xor8_1 | bitrate 7000 cap 90000 profile cushion 12 17 profile redundancy 2 4 profile any_override False active False adaptive off
[night 17:01:54Z] APK UNDER TEST CONFIRMED (device hash de072762e55122c3060086f6f10b1bff54633d9165d0c475f17699127841835e)
[night 17:02:04Z] teardown: game active False; NOW PLAYING on the launcher: 1
[night 17:02:15Z] stale banner: force-stop + relaunch; NOW PLAYING now: 0
[night 17:02:15Z] night done
