[night 20:40:10Z] sampler started (10 s)
[night 20:40:11Z] device APK hash at start: de072762e55122c3060086f6f10b1bff54633d9165d0c475f17699127841835e
[night 20:40:11Z] holds: H2:
[night 20:40:11Z] last session_ended 2026-09-30T17:00:56.758Z; the first hold not before 17:30:56Z
[night 20:40:11Z] H2 begins (profile adopted, 1200 s)
[H2 20:40:11Z] mode=H hold/timeout=1200s probe_args=none heartbeat_ms=default
[H2 20:40:11Z] ARM_PROFILE adopted; PRIVYHUB_* in the user manager: ''
[H2 20:40:15Z] companion MainPID 1284011 serving 8765; PRIVYHUB_* in its environ: ''
[H2] before launch: ARM_PROFILE adopted profile ('native_game_720p60_reference', 1280, 720, 7000, 90000) bitrate_kbps 7000 selection default None any_override False fec xor8_1 cushion 12 17 profile redundancy 2 4 profile adaptive off -> AS EXPECTED FOR THE ARM
[H2] at PLAYING: ARM_PROFILE adopted profile ('native_game_720p60_reference', 1280, 720, 7000, 90000) bitrate_kbps 7000 selection default None any_override False fec xor8_1 cushion 12 17 profile redundancy 2 4 profile adaptive off -> AS EXPECTED FOR THE ARM
[H2 20:40:55Z] SurfaceFlinger stream-surface lines: 11
[H2 20:40:55Z] PLAYING at 2026-09-30T20:40:55Z; holding 1200s, zero input
[H2 21:01:00Z] adb client processes seen during hold: 39 (# polls 2320)
[H2 21:01:02Z] report: native_decoder_20260930_210101_921.json
[frames] 1201 seconds in the session window
[heartbeat] 598 lines
[H2 21:01:25Z] game active after stop: False
[H2 21:01:25Z] done
[night 21:01:25Z] H2 harness exit 0
[night 21:01:59Z] selector unset: manager PRIVYHUB_* 0; MainPID 1296276; 8765 1296276; PRIVYHUB_* in its environ 0
[night] profile native_game_720p60_reference 1280 720 default | fec xor8_1 | bitrate 7000 cap 90000 profile cushion 12 17 profile redundancy 2 4 profile any_override False active False adaptive off
[night 21:01:59Z] APK UNDER TEST CONFIRMED (device hash de072762e55122c3060086f6f10b1bff54633d9165d0c475f17699127841835e)
[night 21:02:09Z] teardown: game active False; NOW PLAYING on the launcher: 1
[night 21:02:20Z] stale banner: force-stop + relaunch; NOW PLAYING now: 0
[night 21:02:20Z] night done
