[table 16:40:08Z] last session_ended 2026-10-02T13:01:05.833Z; H5 not before 13:31:05Z
[table 16:40:08Z] start: manager PRIVYHUB_* ''; MainPID 1536600; 8765 1536600; environ PRIVYHUB_* 'PRIVYHUB_ADAPTIVE_BITRATE_MODE=live'
[table] adaptive_bitrate mode live configured live acts True | bitrate 7000 profile native_game_720p60_reference 1280 720 any_override False profile_id_override None fec_scheme_override None active False
[table 16:40:08Z] T2 sampler started (10 s); one hold, 1200s
[table 16:40:08Z] H5 begins (adopted 7000, the adopted 4x PS1 source, adaptive to shadow after PLAYING)
[H5 16:40:08Z] mode=H hold/timeout=1200s probe_args=none heartbeat_ms=default
[H5 16:40:08Z] ARM_PROFILE adopted; PRIVYHUB_* in the user manager: ''
[H5 16:40:12Z] companion MainPID 1541248 serving 8765; PRIVYHUB_* in its environ: 'PRIVYHUB_ADAPTIVE_BITRATE_MODE=live'
[H5] before launch: ARM_PROFILE adopted profile ('native_game_720p60_reference', 1280, 720, 7000, 90000) bitrate_kbps 7000 selection default None any_override False fec xor8_1 cushion 12 17 profile redundancy 2 4 profile adaptive live -> AS EXPECTED FOR THE ARM
[H5] at PLAYING: ARM_PROFILE adopted profile ('native_game_720p60_reference', 1280, 720, 7000, 90000) bitrate_kbps 7000 selection default None any_override False fec xor8_1 cushion 12 17 profile redundancy 2 4 profile adaptive live -> AS EXPECTED FOR THE ARM
[H5] adaptive at PLAYING: mode live configured live acts True | disable route: ok True already_disabled False effective shadow | after: mode shadow configured live acts False disabled True transitions 0 -> SHADOW CONFIRMED
[H5 16:40:56Z] SurfaceFlinger stream-surface lines: 11
[H5 16:40:56Z] PLAYING at 2026-10-02T16:40:56Z; holding 1200s, zero input
[H5 17:00:57Z] adb client processes seen during hold: 38 (# polls 2317)
[H5 17:00:59Z] report: native_decoder_20261002_170058_747.json
[frames] 1201 seconds in the session window
[heartbeat] 597 lines
[H5 17:01:20Z] decision log lines in the hold: 751
[H5 17:01:21Z] game active after stop: False
[H5 17:01:21Z] done
[table 17:01:21Z] H5 exit 0
[table 17:01:26Z] teardown: manager PRIVYHUB_* ''; MainPID 1554116; 8765 1554116; environ PRIVYHUB_* 'PRIVYHUB_ADAPTIVE_BITRATE_MODE=live'
[table] adaptive_bitrate mode live configured live acts True | bitrate 7000 profile native_game_720p60_reference 1280 720 any_override False profile_id_override None fec_scheme_override None active False
[table 17:01:26Z] measurement files: 0 (want 0)
[table 17:01:26Z] ADOPTED APK CONFIRMED (device hash de072762e55122c3060086f6f10b1bff54633d9165d0c475f17699127841835e)
[table 17:01:35Z] teardown: game active False; NOW PLAYING on the launcher: 1
[table 17:01:46Z] stale banner: force-stop + relaunch; NOW PLAYING now: 0
[table 17:01:46Z] table done
