[table 20:40:19Z] last session_ended 2026-10-02T17:00:58.770Z; H6 not before 17:30:58Z
[table 20:40:19Z] start: manager PRIVYHUB_* ''; MainPID 1554116; 8765 1554116; environ PRIVYHUB_* 'PRIVYHUB_ADAPTIVE_BITRATE_MODE=live'
[table] adaptive_bitrate mode live configured live acts True | bitrate 7000 profile native_game_720p60_reference 1280 720 any_override False profile_id_override None fec_scheme_override None active False
[table 20:40:19Z] T2 sampler started (10 s); one hold, 1200s
[table 20:40:19Z] H6 begins (adopted 7000, the adopted 4x PS1 source, adaptive to shadow after PLAYING)
[H6 20:40:19Z] mode=H hold/timeout=1200s probe_args=none heartbeat_ms=default
[H6 20:40:19Z] ARM_PROFILE adopted; PRIVYHUB_* in the user manager: ''
[H6 20:40:23Z] companion MainPID 1558780 serving 8765; PRIVYHUB_* in its environ: 'PRIVYHUB_ADAPTIVE_BITRATE_MODE=live'
[H6] before launch: ARM_PROFILE adopted profile ('native_game_720p60_reference', 1280, 720, 7000, 90000) bitrate_kbps 7000 selection default None any_override False fec xor8_1 cushion 12 17 profile redundancy 2 4 profile adaptive live -> AS EXPECTED FOR THE ARM
[H6] at PLAYING: ARM_PROFILE adopted profile ('native_game_720p60_reference', 1280, 720, 7000, 90000) bitrate_kbps 7000 selection default None any_override False fec xor8_1 cushion 12 17 profile redundancy 2 4 profile adaptive live -> AS EXPECTED FOR THE ARM
[H6] adaptive at PLAYING: mode live configured live acts True | disable route: ok True already_disabled False effective shadow | after: mode shadow configured live acts False disabled True transitions 0 -> SHADOW CONFIRMED
[H6 20:41:05Z] SurfaceFlinger stream-surface lines: 11
[H6 20:41:05Z] PLAYING at 2026-10-02T20:41:05Z; holding 1200s, zero input
[H6 21:01:06Z] adb client processes seen during hold: 37 (# polls 2316)
[H6 21:01:08Z] report: native_decoder_20261002_210108_292.json
[frames] 1201 seconds in the session window
[heartbeat] 597 lines
[H6 21:01:29Z] decision log lines in the hold: 712
[H6 21:01:31Z] game active after stop: False
[H6 21:01:31Z] done
[table 21:01:31Z] H6 exit 0
[table 21:01:35Z] teardown: manager PRIVYHUB_* ''; MainPID 1571595; 8765 1571595; environ PRIVYHUB_* 'PRIVYHUB_ADAPTIVE_BITRATE_MODE=live'
[table] adaptive_bitrate mode live configured live acts True | bitrate 7000 profile native_game_720p60_reference 1280 720 any_override False profile_id_override None fec_scheme_override None active False
[table 21:01:35Z] measurement files: 0 (want 0)
[table 21:01:35Z] ADOPTED APK CONFIRMED (device hash de072762e55122c3060086f6f10b1bff54633d9165d0c475f17699127841835e)
[table 21:01:45Z] teardown: game active False; NOW PLAYING on the launcher: 1
[table 21:01:56Z] stale banner: force-stop + relaunch; NOW PLAYING now: 0
[table 21:01:56Z] table done
