[table 04:40:15Z] last session_ended 2026-10-02T01:01:12.270Z; H2 not before 01:31:12Z
[table 04:40:15Z] start: manager PRIVYHUB_* ''; MainPID 1483675; 8765 1483675; environ PRIVYHUB_* 'PRIVYHUB_ADAPTIVE_BITRATE_MODE=live'
[table] adaptive_bitrate mode live configured live acts True | bitrate 7000 profile native_game_720p60_reference 1280 720 any_override False profile_id_override None fec_scheme_override None active False
[table 04:40:16Z] T2 sampler started (10 s); one hold, 1200s
[table 04:40:16Z] H2 begins (adopted 7000, the adopted 4x PS1 source, adaptive to shadow after PLAYING)
[H2 04:40:16Z] mode=H hold/timeout=1200s probe_args=none heartbeat_ms=default
[H2 04:40:16Z] ARM_PROFILE adopted; PRIVYHUB_* in the user manager: ''
[H2 04:40:20Z] companion MainPID 1488519 serving 8765; PRIVYHUB_* in its environ: 'PRIVYHUB_ADAPTIVE_BITRATE_MODE=live'
[H2] before launch: ARM_PROFILE adopted profile ('native_game_720p60_reference', 1280, 720, 7000, 90000) bitrate_kbps 7000 selection default None any_override False fec xor8_1 cushion 12 17 profile redundancy 2 4 profile adaptive live -> AS EXPECTED FOR THE ARM
[H2] at PLAYING: ARM_PROFILE adopted profile ('native_game_720p60_reference', 1280, 720, 7000, 90000) bitrate_kbps 7000 selection default None any_override False fec xor8_1 cushion 12 17 profile redundancy 2 4 profile adaptive live -> AS EXPECTED FOR THE ARM
[H2] adaptive at PLAYING: mode live configured live acts True | disable route: ok True already_disabled False effective shadow | after: mode shadow configured live acts False disabled True transitions 0 -> SHADOW CONFIRMED
[H2 04:40:59Z] SurfaceFlinger stream-surface lines: 11
[H2 04:40:59Z] PLAYING at 2026-10-02T04:40:59Z; holding 1200s, zero input
[H2 05:01:00Z] adb client processes seen during hold: 40 (# polls 2317)
[H2 05:01:02Z] report: native_decoder_20261002_050102_049.json
[frames] 1201 seconds in the session window
[heartbeat] 598 lines
[H2 05:01:23Z] decision log lines in the hold: 691
[H2 05:01:25Z] game active after stop: False
[H2 05:01:25Z] done
[table 05:01:25Z] H2 exit 0
[table 05:01:29Z] teardown: manager PRIVYHUB_* ''; MainPID 1501378; 8765 1501378; environ PRIVYHUB_* 'PRIVYHUB_ADAPTIVE_BITRATE_MODE=live'
[table] adaptive_bitrate mode live configured live acts True | bitrate 7000 profile native_game_720p60_reference 1280 720 any_override False profile_id_override None fec_scheme_override None active False
[table 05:01:29Z] measurement files: 0 (want 0)
[table 05:01:29Z] ADOPTED APK CONFIRMED (device hash de072762e55122c3060086f6f10b1bff54633d9165d0c475f17699127841835e)
[table 05:01:39Z] teardown: game active False; NOW PLAYING on the launcher: 1
[table 05:01:50Z] stale banner: force-stop + relaunch; NOW PLAYING now: 0
[table 05:01:50Z] table done
