[table 00:40:05Z] last session_ended 2026-10-01T22:24:10.729Z; H1 not before 22:54:10Z
[table 00:40:05Z] start: manager PRIVYHUB_* ''; MainPID 1467746; 8765 1467746; environ PRIVYHUB_* 'PRIVYHUB_ADAPTIVE_BITRATE_MODE=live'
[table] adaptive_bitrate mode live configured live acts True | bitrate 7000 profile native_game_720p60_reference 1280 720 any_override False profile_id_override None fec_scheme_override None active False
[table 00:40:05Z] T2 sampler started (10 s); one hold, 1200s
[table 00:40:05Z] H1 begins (adopted 7000, the adopted 4x PS1 source, adaptive to shadow after PLAYING)
[H1 00:40:05Z] mode=H hold/timeout=1200s probe_args=none heartbeat_ms=default
[H1 00:40:05Z] ARM_PROFILE adopted; PRIVYHUB_* in the user manager: ''
[H1 00:40:10Z] companion MainPID 1470839 serving 8765; PRIVYHUB_* in its environ: 'PRIVYHUB_ADAPTIVE_BITRATE_MODE=live'
[H1] before launch: ARM_PROFILE adopted profile ('native_game_720p60_reference', 1280, 720, 7000, 90000) bitrate_kbps 7000 selection default None any_override False fec xor8_1 cushion 12 17 profile redundancy 2 4 profile adaptive live -> AS EXPECTED FOR THE ARM
[H1] at PLAYING: ARM_PROFILE adopted profile ('native_game_720p60_reference', 1280, 720, 7000, 90000) bitrate_kbps 7000 selection default None any_override False fec xor8_1 cushion 12 17 profile redundancy 2 4 profile adaptive live -> AS EXPECTED FOR THE ARM
[H1] adaptive at PLAYING: mode live configured live acts True | disable route: ok True already_disabled False effective shadow | after: mode shadow configured live acts False disabled True transitions 0 -> SHADOW CONFIRMED
[H1 00:41:09Z] SurfaceFlinger stream-surface lines: 11
[H1 00:41:09Z] PLAYING at 2026-10-02T00:41:09Z; holding 1200s, zero input
[H1 01:01:10Z] adb client processes seen during hold: 40 (# polls 2317)
[H1 01:01:13Z] report: native_decoder_20261002_010112_209.json
[frames] 1201 seconds in the session window
[heartbeat] 598 lines
[H1 01:01:35Z] decision log lines in the hold: 690
[H1 01:01:37Z] game active after stop: False
[H1 01:01:37Z] done
[table 01:01:37Z] H1 exit 0
[table 01:01:41Z] teardown: manager PRIVYHUB_* ''; MainPID 1483675; 8765 1483675; environ PRIVYHUB_* 'PRIVYHUB_ADAPTIVE_BITRATE_MODE=live'
[table] adaptive_bitrate mode live configured live acts True | bitrate 7000 profile native_game_720p60_reference 1280 720 any_override False profile_id_override None fec_scheme_override None active False
[table 01:01:41Z] measurement files: 0 (want 0)
[table 01:01:41Z] ADOPTED APK CONFIRMED (device hash de072762e55122c3060086f6f10b1bff54633d9165d0c475f17699127841835e)
[table 01:01:51Z] teardown: game active False; NOW PLAYING on the launcher: 1
[table 01:02:02Z] stale banner: force-stop + relaunch; NOW PLAYING now: 0
[table 01:02:02Z] table done
