[night 03:08:11Z] sampler started (10 s)
[night 03:08:11Z] last session_ended 2026-09-25T03:07:31.339Z; B1 not before 03:48:31Z
[night 03:48:31Z] B1 begins (arm B, 1200 s)
[B1 03:48:31Z] mode=H hold/timeout=1200s probe_args=none heartbeat_ms=default
[B1 03:48:31Z] FEC_ARM B; PRIVYHUB_* in the user manager: ''
[B1 03:48:36Z] companion MainPID 492109 serving 8765; PRIVYHUB_* in its environ: ''
[B1] before launch: FEC_ARM B fec.version xor8_1 q_parity_packets 0 any_override False cap 90000 profile cushion 12 17 profile redundancy 2 4 profile -> AS EXPECTED FOR THE ARM
[B1] at PLAYING: FEC_ARM B fec.version xor8_1 q_parity_packets 0 any_override False cap 90000 profile cushion 12 17 profile redundancy 2 4 profile -> AS EXPECTED FOR THE ARM
[B1 03:49:15Z] PLAYING at 2026-09-25T03:49:15Z; holding 1200s, zero input
[B1 04:09:15Z] adb client processes seen during hold: 41 (# polls 2321)
[B1 04:09:17Z] report: native_decoder_20260925_040917_159.json
[frames] 1201 seconds in the session window
[heartbeat] 597 lines
[B1 04:09:41Z] game active after stop: False
[B1 04:09:41Z] done
[night 04:09:41Z] B1 harness exit 0
[night 04:09:41Z] A1 begins (arm A, 1200 s)
[A1 04:09:41Z] mode=H hold/timeout=1200s probe_args=none heartbeat_ms=default
[A1 04:09:41Z] FEC_ARM A; PRIVYHUB_* in the user manager: 'PRIVYHUB_FEC_SCHEME=xor8_2'
[A1 04:09:46Z] companion MainPID 504318 serving 8765; PRIVYHUB_* in its environ: 'PRIVYHUB_FEC_SCHEME=xor8_2'
[A1] before launch: FEC_ARM A fec.version xor8_2 q_parity_packets 0 any_override True cap 90000 profile cushion 12 17 profile redundancy 2 4 profile -> AS EXPECTED FOR THE ARM
[A1] at PLAYING: FEC_ARM A fec.version xor8_2 q_parity_packets 944 any_override True cap 90000 profile cushion 12 17 profile redundancy 2 4 profile -> AS EXPECTED FOR THE ARM
[A1 04:10:27Z] PLAYING at 2026-09-25T04:10:27Z; holding 1200s, zero input
[A1 04:30:27Z] adb client processes seen during hold: 36 (# polls 2321)
[A1 04:30:30Z] report: native_decoder_20260925_043029_529.json
[frames] 1201 seconds in the session window
[heartbeat] 597 lines
[A1 04:30:52Z] game active after stop: False
[A1 04:30:52Z] done
[night 04:30:52Z] A1 harness exit 0
[night 04:30:52Z] B2 begins (arm B, 1200 s)
[B2 04:30:52Z] mode=H hold/timeout=1200s probe_args=none heartbeat_ms=default
[B2 04:30:52Z] FEC_ARM B; PRIVYHUB_* in the user manager: ''
[B2 04:30:57Z] companion MainPID 516490 serving 8765; PRIVYHUB_* in its environ: ''
[B2] before launch: FEC_ARM B fec.version xor8_1 q_parity_packets 0 any_override False cap 90000 profile cushion 12 17 profile redundancy 2 4 profile -> AS EXPECTED FOR THE ARM
[B2] at PLAYING: FEC_ARM B fec.version xor8_1 q_parity_packets 0 any_override False cap 90000 profile cushion 12 17 profile redundancy 2 4 profile -> AS EXPECTED FOR THE ARM
[B2 04:31:36Z] PLAYING at 2026-09-25T04:31:36Z; holding 1200s, zero input
[B2 04:51:36Z] adb client processes seen during hold: 33 (# polls 2320)
[B2 04:51:38Z] report: native_decoder_20260925_045138_171.json
[frames] 1201 seconds in the session window
[heartbeat] 597 lines
[B2 04:52:01Z] game active after stop: False
[B2 04:52:01Z] done
[night 04:52:01Z] B2 harness exit 0
[night 04:52:01Z] A2 begins (arm A, 1200 s)
[A2 04:52:01Z] mode=H hold/timeout=1200s probe_args=none heartbeat_ms=default
[A2 04:52:01Z] FEC_ARM A; PRIVYHUB_* in the user manager: 'PRIVYHUB_FEC_SCHEME=xor8_2'
[A2 04:52:05Z] companion MainPID 528664 serving 8765; PRIVYHUB_* in its environ: 'PRIVYHUB_FEC_SCHEME=xor8_2'
[A2] before launch: FEC_ARM A fec.version xor8_2 q_parity_packets 0 any_override True cap 90000 profile cushion 12 17 profile redundancy 2 4 profile -> AS EXPECTED FOR THE ARM
[A2] at PLAYING: FEC_ARM A fec.version xor8_2 q_parity_packets 706 any_override True cap 90000 profile cushion 12 17 profile redundancy 2 4 profile -> AS EXPECTED FOR THE ARM
[A2 04:52:44Z] PLAYING at 2026-09-25T04:52:44Z; holding 1200s, zero input
[A2 05:12:45Z] adb client processes seen during hold: 36 (# polls 2321)
[A2 05:12:47Z] report: native_decoder_20260925_051246_669.json
[frames] 1201 seconds in the session window
[heartbeat] 597 lines
[A2 05:13:09Z] game active after stop: False
[A2 05:13:09Z] done
[night 05:13:09Z] A2 harness exit 0
[night 05:13:09Z] B3 begins (arm B, 1200 s)
[B3 05:13:09Z] mode=H hold/timeout=1200s probe_args=none heartbeat_ms=default
[B3 05:13:10Z] FEC_ARM B; PRIVYHUB_* in the user manager: ''
[B3 05:13:14Z] companion MainPID 540821 serving 8765; PRIVYHUB_* in its environ: ''
[B3] before launch: FEC_ARM B fec.version xor8_1 q_parity_packets 0 any_override False cap 90000 profile cushion 12 17 profile redundancy 2 4 profile -> AS EXPECTED FOR THE ARM
[B3] at PLAYING: FEC_ARM B fec.version xor8_1 q_parity_packets 0 any_override False cap 90000 profile cushion 12 17 profile redundancy 2 4 profile -> AS EXPECTED FOR THE ARM
[B3 05:13:53Z] PLAYING at 2026-09-25T05:13:53Z; holding 1200s, zero input
[B3 05:33:53Z] adb client processes seen during hold: 34 (# polls 2320)
[B3 05:33:55Z] report: native_decoder_20260925_053354_905.json
[frames] 1201 seconds in the session window
[heartbeat] 597 lines
[B3 05:34:18Z] game active after stop: False
[B3 05:34:18Z] done
[night 05:34:18Z] B3 harness exit 0
[night 05:34:18Z] A3 begins (arm A, 1200 s)
[A3 05:34:18Z] mode=H hold/timeout=1200s probe_args=none heartbeat_ms=default
[A3 05:34:18Z] FEC_ARM A; PRIVYHUB_* in the user manager: 'PRIVYHUB_FEC_SCHEME=xor8_2'
[A3 05:34:22Z] companion MainPID 552976 serving 8765; PRIVYHUB_* in its environ: 'PRIVYHUB_FEC_SCHEME=xor8_2'
[A3] before launch: FEC_ARM A fec.version xor8_2 q_parity_packets 0 any_override True cap 90000 profile cushion 12 17 profile redundancy 2 4 profile -> AS EXPECTED FOR THE ARM
[A3] at PLAYING: FEC_ARM A fec.version xor8_2 q_parity_packets 816 any_override True cap 90000 profile cushion 12 17 profile redundancy 2 4 profile -> AS EXPECTED FOR THE ARM
[A3 05:35:02Z] PLAYING at 2026-09-25T05:35:02Z; holding 1200s, zero input
[A3 05:55:02Z] adb client processes seen during hold: 39 (# polls 2320)
[A3 05:55:04Z] report: native_decoder_20260925_055503_642.json
[frames] 1201 seconds in the session window
[heartbeat] 598 lines
[A3 05:55:26Z] game active after stop: False
[A3 05:55:26Z] done
[night 05:55:26Z] A3 harness exit 0
[night 05:56:00Z] override unset: manager PRIVYHUB_* 0; MainPID 565174; 8765 565174; PRIVYHUB_* in its environ 0
[night] fec xor8_1 profile | bitrate 7000 cap 90000 profile cushion 12 17 profile redundancy 2 4 profile any_override False active False adaptive off
[night 05:56:04Z] adopted APK reinstall try 1: Success; device hash f31b1c180c5d0849230860d2f5b7ab1b4a8637f7be56a7dcf1f71aba77668ae7
[night 05:56:04Z] ADOPTED APK CONFIRMED
[night 05:56:14Z] teardown: game active False; NOW PLAYING on the launcher: 0
[night 05:56:14Z] night done
