
========================================================================
Starting PrivyHub Linux native-video backend v0.7
Profile: native_game_1080p60_candidate 1920x1080@60, 15750/15750 kbps H.264 VAAPI, GOP=15, BF=0
Capture backend: exact X11 window via x11grab
Capture: managed RetroArch window (pid=634822, window_id=60817410, discovered=879x720)
Window title: RetroArch Beetle PSX HW <ipv4> 82d8e05
Video FEC: XOR 8+1; FFmpeg RTP -> loopback relay -> onn; encoder=15750 kbps
========================================================================
encoder argv: /usr/bin/ffmpeg -hide_banner -loglevel info -nostdin -vaapi_device /dev/dri/renderD128 -f x11grab -framerate 60 -window_id 60817410 -i :0 -vf scale=1920:1080:force_original_aspect_ratio=decrease:flags=fast_bilinear,pad=1920:1080:(ow-iw)/2:(oh-ih)/2:black,format=nv12,hwupload -an -c:v h264_vaapi -profile:v high -b:v 15750k -maxrate 15750k -bufsize 15750k -max_frame_size 200000 -g 15 -bf 0 -payload_type 96 -f rtp rtp://<ipv4>:48110?pkt_size=1200
[x11grab @ 0x55628b940c80] Stream #0: not enough frames to estimate rate; consider increasing probesize
Input #0, x11grab, from ':0':
  Duration: N/A, start: 1790616147.836585, bitrate: 1215129 kb/s
  Stream #0:0: Video: rawvideo (BGR[0] / 0x524742), bgr0, 879x720, 1215129 kb/s, 60 fps, 1000k tbr, 1000k tbn
Stream mapping:
  Stream #0:0 -> #0:0 (rawvideo (native) -> h264 (h264_vaapi))
Output #0, rtp, to 'rtp://<ipv4>:48110?pkt_size=1200':
  Metadata:
    encoder         : Lavf61.7.103
  Stream #0:0: Video: h264 (High), vaapi(tv, progressive), 1920x1080, q=2-31, 15750 kb/s, 60 fps, 90k tbn
      Metadata:
        encoder         : Lavc61.19.101 h264_vaapi
SDP:
v=0
o=- 0 0 IN IP4 <ipv4>
s=No Name
c=IN IP4 <ipv4>
t=0 0
a=tool:libavformat 61.7.103
m=video 48110 RTP/AVP 96
b=AS:15750
a=rtpmap:96 H264/90000
a=fmtp:96 packetization-mode=1

frame=   31 fps=0.0 q=-0.0 size=     487KiB time=00:00:00.51 bitrate=7725.7kbits/s speed=1.03x    
frame=   61 fps= 61 q=-0.0 size=    1460KiB time=00:00:01.01 bitrate=11768.2kbits/s speed=1.02x    
frame=   91 fps= 61 q=-0.0 size=    2434KiB time=00:00:01.51 bitrate=13146.4kbits/s speed=1.01x    
frame=  121 fps= 60 q=-0.0 size=    3407KiB time=00:00:02.01 bitrate=13841.2kbits/s speed=1.01x    
frame=  151 fps= 60 q=-0.0 size=    4381KiB time=00:00:02.51 bitrate=14259.5kbits/s speed=1.01x    
frame=  181 fps= 60 q=-0.0 size=    5354KiB time=00:00:03.01 bitrate=14538.5kbits/s speed=1.01x    
frame=  211 fps= 60 q=-0.0 size=    6327KiB time=00:00:03.51 bitrate=14738.2kbits/s speed=   1x    
frame=  241 fps= 60 q=-0.0 size=    7300KiB time=00:00:04.01 bitrate=14888.6kbits/s speed=   1x    
frame=  271 fps= 60 q=-0.0 size=    8274KiB time=00:00:04.51 bitrate=15006.0kbits/s speed=   1x    
frame=  301 fps= 60 q=-0.0 size=    9247KiB time=00:00:05.01 bitrate=15100.1kbits/s speed=   1x    
frame=  331 fps= 60 q=-0.0 size=   10221KiB time=00:00:05.51 bitrate=15177.1kbits/s speed=   1x    
frame=  361 fps= 60 q=-0.0 size=   11194KiB time=00:00:06.01 bitrate=15241.3kbits/s speed=   1x    
frame=  391 fps= 60 q=-0.0 size=   12168KiB time=00:00:06.51 bitrate=15295.7kbits/s speed=   1x    
frame=  421 fps= 60 q=-0.0 size=   13141KiB time=00:00:07.01 bitrate=15341.8kbits/s speed=   1x    
frame=  451 fps= 60 q=-0.0 size=   14114KiB time=00:00:07.51 bitrate=15382.1kbits/s speed=   1x    
frame=  481 fps= 60 q=-0.0 size=   15087KiB time=00:00:08.01 bitrate=15417.2kbits/s speed=   1x    
frame=  511 fps= 60 q=-0.0 size=   16060KiB time=00:00:08.51 bitrate=15448.1kbits/s speed=   1x    
frame=  541 fps= 60 q=-0.0 size=   17034KiB time=00:00:09.01 bitrate=15475.6kbits/s speed=   1x    
frame=  571 fps= 60 q=-0.0 size=   18007KiB time=00:00:09.51 bitrate=15500.4kbits/s speed=   1x    
frame=  601 fps= 60 q=-0.0 size=   18980KiB time=00:00:10.01 bitrate=15522.7kbits/s speed=   1x    
frame=  631 fps= 60 q=-0.0 size=   19954KiB time=00:00:10.51 bitrate=15543.0kbits/s speed=   1x    
frame=  661 fps= 60 q=-0.0 size=   20927KiB time=00:00:11.01 bitrate=15561.4kbits/s speed=   1x    
frame=  691 fps= 60 q=-0.0 size=   21901KiB time=00:00:11.51 bitrate=15578.2kbits/s speed=   1x    
frame=  721 fps= 60 q=-0.0 size=   22874KiB time=00:00:12.01 bitrate=15593.7kbits/s speed=   1x    
frame=  751 fps= 60 q=-0.0 size=   23848KiB time=00:00:12.51 bitrate=15607.9kbits/s speed=   1x    
frame=  781 fps= 60 q=-0.0 size=   24821KiB time=00:00:13.01 bitrate=15621.0kbits/s speed=   1x    
frame=  811 fps= 60 q=-0.0 size=   25794KiB time=00:00:13.51 bitrate=15633.1kbits/s speed=   1x    
frame=  841 fps= 60 q=-0.0 size=   26768KiB time=00:00:14.01 bitrate=15644.3kbits/s speed=   1x    
frame=  871 fps= 60 q=-0.0 size=   27741KiB time=00:00:14.51 bitrate=15654.7kbits/s speed=   1x    
frame=  901 fps= 60 q=-0.0 size=   28714KiB time=00:00:15.01 bitrate=15664.5kbits/s speed=   1x    
frame=  931 fps= 60 q=-0.0 size=   29688KiB time=00:00:15.51 bitrate=15673.6kbits/s speed=   1x    
frame=  961 fps= 60 q=-0.0 size=   30661KiB time=00:00:16.01 bitrate=15682.2kbits/s speed=   1x    
frame=  991 fps= 60 q=-0.0 size=   31635KiB time=00:00:16.51 bitrate=15690.2kbits/s speed=   1x    
frame= 1021 fps= 60 q=-0.0 size=   32608KiB time=00:00:17.01 bitrate=15697.8kbits/s speed=   1x    
frame= 1051 fps= 60 q=-0.0 size=   33581KiB time=00:00:17.51 bitrate=15704.9kbits/s speed=   1x    
frame= 1081 fps= 60 q=-0.0 size=   34555KiB time=00:00:18.01 bitrate=15711.6kbits/s speed=   1x    
frame= 1111 fps= 60 q=-0.0 size=   35528KiB time=00:00:18.51 bitrate=15718.0kbits/s speed=   1x    
frame= 1141 fps= 60 q=-0.0 size=   36501KiB time=00:00:19.01 bitrate=15724.1kbits/s speed=   1x    
frame= 1171 fps= 60 q=-0.0 size=   37475KiB time=00:00:19.51 bitrate=15729.8kbits/s speed=   1x    
frame= 1201 fps= 60 q=-0.0 size=   38448KiB time=00:00:20.01 bitrate=15735.2kbits/s speed=   1x    
frame= 1231 fps= 60 q=-0.0 size=   39421KiB time=00:00:20.51 bitrate=15740.4kbits/s speed=   1x    
frame= 1261 fps= 60 q=-0.0 size=   40395KiB time=00:00:21.01 bitrate=15745.3kbits/s speed=   1x    
frame= 1291 fps= 60 q=-0.0 size=   41368KiB time=00:00:21.51 bitrate=15750.0kbits/s speed=   1x    
frame= 1321 fps= 60 q=-0.0 size=   42342KiB time=00:00:22.01 bitrate=15754.5kbits/s speed=   1x    
frame= 1351 fps= 60 q=-0.0 size=   43315KiB time=00:00:22.51 bitrate=15758.8kbits/s speed=   1x    
frame= 1381 fps= 60 q=-0.0 size=   44288KiB time=00:00:23.01 bitrate=15762.9kbits/s speed=   1x    
frame= 1411 fps= 60 q=-0.0 size=   45262KiB time=00:00:23.51 bitrate=15766.9kbits/s speed=   1x    
frame= 1441 fps= 60 q=-0.0 size=   46235KiB time=00:00:24.01 bitrate=15770.6kbits/s speed=   1x    
frame= 1471 fps= 60 q=-0.0 size=   47209KiB time=00:00:24.51 bitrate=15774.3kbits/s speed=   1x    
frame= 1501 fps= 60 q=-0.0 size=   48182KiB time=00:00:25.01 bitrate=15777.7kbits/s speed=   1x    
frame= 1531 fps= 60 q=-0.0 size=   49155KiB time=00:00:25.51 bitrate=15781.1kbits/s speed=   1x    
frame= 1561 fps= 60 q=-0.0 size=   50129KiB time=00:00:26.01 bitrate=15784.3kbits/s speed=   1x    
frame= 1591 fps= 60 q=-0.0 size=   51102KiB time=00:00:26.51 bitrate=15787.4kbits/s speed=   1x    
frame= 1621 fps= 60 q=-0.0 size=   52076KiB time=00:00:27.01 bitrate=15790.4kbits/s speed=   1x    
frame= 1651 fps= 60 q=-0.0 size=   53049KiB time=00:00:27.51 bitrate=15793.2kbits/s speed=   1x    
frame= 1681 fps= 60 q=-0.0 size=   54022KiB time=00:00:28.01 bitrate=15796.0kbits/s speed=   1x    
frame= 1711 fps= 60 q=-0.0 size=   55009KiB time=00:00:28.51 bitrate=15802.5kbits/s speed=   1x    
frame= 1741 fps= 60 q=-0.0 size=   55969KiB time=00:00:29.01 bitrate=15801.3kbits/s speed=   1x    
frame= 1771 fps= 60 q=-0.0 size=   56943KiB time=00:00:29.51 bitrate=15803.8kbits/s speed=   1x    
frame= 1801 fps= 60 q=-0.0 size=   57967KiB time=00:00:30.01 bitrate=15820.0kbits/s speed=   1x    
frame= 1831 fps= 60 q=-0.0 size=   59009KiB time=00:00:30.51 bitrate=15840.6kbits/s speed=   1x    
frame= 1861 fps= 60 q=-0.0 size=   60017KiB time=00:00:31.01 bitrate=15851.5kbits/s speed=   1x    
frame= 1891 fps= 60 q=-0.0 size=   61051KiB time=00:00:31.51 bitrate=15868.8kbits/s speed=   1x    
frame= 1921 fps= 60 q=-0.0 size=   61966KiB time=00:00:32.01 bitrate=15855.1kbits/s speed=   1x    
frame= 1951 fps= 60 q=-0.0 size=   62990KiB time=00:00:32.51 bitrate=15869.1kbits/s speed=   1x    
frame= 1981 fps= 60 q=-0.0 size=   63918KiB time=00:00:33.01 bitrate=15859.1kbits/s speed=   1x    
frame= 2011 fps= 60 q=-0.0 size=   64890KiB time=00:00:33.51 bitrate=15860.1kbits/s speed=   1x    
frame= 2041 fps= 60 q=-0.0 size=   65938KiB time=00:00:34.01 bitrate=15879.3kbits/s speed=   1x    
frame= 2071 fps= 60 q=-0.0 size=   66845KiB time=00:00:34.51 bitrate=15864.7kbits/s speed=   1x    
frame= 2101 fps= 60 q=-0.0 size=   67835KiB time=00:00:35.01 bitrate=15869.6kbits/s speed=   1x    
frame= 2131 fps= 60 q=-0.0 size=   68874KiB time=00:00:35.51 bitrate=15885.9kbits/s speed=   1x    
frame= 2161 fps= 60 q=-0.0 size=   69842KiB time=00:00:36.01 bitrate=15885.7kbits/s speed=   1x    
frame= 2191 fps= 60 q=-0.0 size=   70825KiB time=00:00:36.51 bitrate=15888.5kbits/s speed=   1x    
frame= 2221 fps= 60 q=-0.0 size=   71684KiB time=00:00:37.01 bitrate=15864.1kbits/s speed=   1x    
frame= 2251 fps= 60 q=-0.0 size=   72780KiB time=00:00:37.51 bitrate=15892.0kbits/s speed=   1x    
frame= 2281 fps= 60 q=-0.0 size=   73758KiB time=00:00:38.01 bitrate=15893.7kbits/s speed=   1x    
frame= 2311 fps= 60 q=-0.0 size=   74753KiB time=00:00:38.51 bitrate=15898.9kbits/s speed=   1x    
frame= 2341 fps= 60 q=-0.0 size=   75804KiB time=00:00:39.01 bitrate=15916.0kbits/s speed=   1x    
frame= 2371 fps= 60 q=-0.0 size=   76803KiB time=00:00:39.51 bitrate=15921.6kbits/s speed=   1x    
frame= 2401 fps= 60 q=-0.0 size=   77757KiB time=00:00:40.01 bitrate=15917.9kbits/s speed=   1x    
frame= 2431 fps= 60 q=-0.0 size=   78727KiB time=00:00:40.51 bitrate=15917.6kbits/s speed=   1x    
frame= 2461 fps= 60 q=-0.0 size=   79692KiB time=00:00:41.01 bitrate=15916.5kbits/s speed=   1x    
frame= 2491 fps= 60 q=-0.0 size=   80685KiB time=00:00:41.51 bitrate=15920.7kbits/s speed=   1x    
frame= 2521 fps= 60 q=-0.0 size=   81658KiB time=00:00:42.01 bitrate=15920.8kbits/s speed=   1x    
frame= 2551 fps= 60 q=-0.0 size=   82604KiB time=00:00:42.51 bitrate=15915.9kbits/s speed=   1x    
frame= 2581 fps= 60 q=-0.0 size=   83616KiB time=00:00:43.01 bitrate=15923.7kbits/s speed=   1x    
frame= 2611 fps= 60 q=-0.0 size=   84608KiB time=00:00:43.51 bitrate=15927.4kbits/s speed=   1x    
frame= 2641 fps= 60 q=-0.0 size=   85571KiB time=00:00:44.01 bitrate=15925.8kbits/s speed=   1x    
frame= 2671 fps= 60 q=-0.0 size=   86519KiB time=00:00:44.51 bitrate=15921.2kbits/s speed=   1x    
frame= 2701 fps= 60 q=-0.0 size=   87473KiB time=00:00:45.01 bitrate=15918.1kbits/s speed=   1x    
frame= 2731 fps= 60 q=-0.0 size=   88461KiB time=00:00:45.51 bitrate=15921.1kbits/s speed=   1x    
frame= 2761 fps= 60 q=-0.0 size=   89433KiB time=00:00:46.01 bitrate=15921.0kbits/s speed=   1x    
frame= 2791 fps= 60 q=-0.0 size=   90369KiB time=00:00:46.51 bitrate=15914.8kbits/s speed=   1x    
frame= 2821 fps= 60 q=-0.0 size=   91253KiB time=00:00:47.01 bitrate=15899.6kbits/s speed=   1x    
frame= 2851 fps= 60 q=-0.0 size=   92173KiB time=00:00:47.51 bitrate=15890.9kbits/s speed=   1x    
frame= 2881 fps= 60 q=-0.0 size=   93219KiB time=00:00:48.01 bitrate=15903.9kbits/s speed=   1x    
frame= 2911 fps= 60 q=-0.0 size=   94334KiB time=00:00:48.51 bitrate=15928.2kbits/s speed=   1x    
frame= 2941 fps= 60 q=-0.0 size=   95314KiB time=00:00:49.01 bitrate=15929.5kbits/s speed=   1x    
frame= 2971 fps= 60 q=-0.0 size=   96332KiB time=00:00:49.51 bitrate=15937.2kbits/s speed=   1x    
frame= 3001 fps= 60 q=-0.0 size=   97303KiB time=00:00:50.01 bitrate=15936.8kbits/s speed=   1x    
frame= 3031 fps= 60 q=-0.0 size=   98283KiB time=00:00:50.51 bitrate=15937.9kbits/s speed=   1x    
frame= 3061 fps= 60 q=-0.0 size=   99214KiB time=00:00:51.01 bitrate=15931.2kbits/s speed=   1x    
frame= 3091 fps= 60 q=-0.0 size=  100225KiB time=00:00:51.51 bitrate=15937.4kbits/s speed=   1x    
frame= 3121 fps= 60 q=-0.0 size=  101133KiB time=00:00:52.01 bitrate=15927.3kbits/s speed=   1x    
frame= 3151 fps= 60 q=-0.0 size=  102144KiB time=00:00:52.51 bitrate=15933.3kbits/s speed=   1x    
frame= 3181 fps= 60 q=-0.0 size=  103093KiB time=00:00:53.01 bitrate=15929.6kbits/s speed=   1x    
frame= 3211 fps= 60 q=-0.0 size=  104053KiB time=00:00:53.51 bitrate=15927.8kbits/s speed=   1x    
frame= 3241 fps= 60 q=-0.0 size=  105124KiB time=00:00:54.01 bitrate=15942.8kbits/s speed=   1x    
frame= 3271 fps= 60 q=-0.0 size=  105979KiB time=00:00:54.51 bitrate=15925.1kbits/s speed=   1x    
frame= 3301 fps= 60 q=-0.0 size=  106990KiB time=00:00:55.01 bitrate=15930.9kbits/s speed=   1x    
frame= 3331 fps= 60 q=-0.0 size=  107987KiB time=00:00:55.51 bitrate=15934.5kbits/s speed=   1x    
frame= 3361 fps= 60 q=-0.0 size=  108913KiB time=00:00:56.01 bitrate=15927.7kbits/s speed=   1x    
frame= 3391 fps= 60 q=-0.0 size=  109923KiB time=00:00:56.51 bitrate=15933.1kbits/s speed=   1x    
frame= 3421 fps= 60 q=-0.0 size=  110886KiB time=00:00:57.01 bitrate=15931.8kbits/s speed=   1x    
frame= 3451 fps= 60 q=-0.0 size=  111857KiB time=00:00:57.51 bitrate=15931.6kbits/s speed=   1x    
frame= 3481 fps= 60 q=-0.0 size=  112834KiB time=00:00:58.01 bitrate=15932.2kbits/s speed=   1x    
frame= 3511 fps= 60 q=-0.0 size=  113784KiB time=00:00:58.51 bitrate=15929.1kbits/s speed=   1x    
frame= 3541 fps= 60 q=-0.0 size=  114724KiB time=00:00:59.01 bitrate=15924.6kbits/s speed=   1x    
frame= 3571 fps= 60 q=-0.0 size=  115720KiB time=00:00:59.51 bitrate=15928.0kbits/s speed=   1x    
frame= 3601 fps= 60 q=-0.0 size=  116728KiB time=00:01:00.01 bitrate=15932.8kbits/s speed=   1x    
frame= 3631 fps= 60 q=-0.0 size=  117601KiB time=00:01:00.51 bitrate=15919.4kbits/s speed=   1x    
frame= 3661 fps= 60 q=-0.0 size=  118489KiB time=00:01:01.01 bitrate=15908.1kbits/s speed=   1x    
frame= 3691 fps= 60 q=-0.0 size=  119455KiB time=00:01:01.51 bitrate=15907.5kbits/s speed=   1x    
frame= 3721 fps= 60 q=-0.0 size=  120485KiB time=00:01:02.01 bitrate=15915.3kbits/s speed=   1x    
frame= 3751 fps= 60 q=-0.0 size=  121456KiB time=00:01:02.51 bitrate=15915.2kbits/s speed=   1x    
frame= 3781 fps= 60 q=-0.0 size=  122558KiB time=00:01:03.01 bitrate=15932.2kbits/s speed=   1x    
frame= 3811 fps= 60 q=-0.0 size=  123540KiB time=00:01:03.51 bitrate=15933.5kbits/s speed=   1x    
frame= 3841 fps= 60 q=-0.0 size=  124525KiB time=00:01:04.01 bitrate=15935.1kbits/s speed=   1x    
frame= 3871 fps= 60 q=-0.0 size=  125440KiB time=00:01:04.51 bitrate=15927.7kbits/s speed=   1x    
frame= 3901 fps= 60 q=-0.0 size=  126439KiB time=00:01:05.01 bitrate=15931.1kbits/s speed=   1x    
frame= 3931 fps= 60 q=-0.0 size=  127405KiB time=00:01:05.51 bitrate=15930.3kbits/s speed=   1x    
frame= 3961 fps= 60 q=-0.0 size=  128384KiB time=00:01:06.01 bitrate=15931.2kbits/s speed=   1x    
frame= 3991 fps= 60 q=-0.0 size=  129369KiB time=00:01:06.51 bitrate=15932.7kbits/s speed=   1x    
frame= 4021 fps= 60 q=-0.0 size=  130364KiB time=00:01:07.01 bitrate=15935.5kbits/s speed=   1x    
frame= 4051 fps= 60 q=-0.0 size=  131314KiB time=00:01:07.51 bitrate=15932.8kbits/s speed=   1x    
frame= 4081 fps= 60 q=-0.0 size=  132347KiB time=00:01:08.01 bitrate=15940.0kbits/s speed=   1x    
frame= 4112 fps= 60 q=-0.0 size=  133348KiB time=00:01:08.53 bitrate=15939.5kbits/s speed=   1x    
frame= 4141 fps= 60 q=-0.0 size=  134253KiB time=00:01:09.01 bitrate=15935.3kbits/s speed=   1x    
frame= 4171 fps= 60 q=-0.0 size=  135210KiB time=00:01:09.51 bitrate=15933.5kbits/s speed=   1x    
frame= 4202 fps= 60 q=-0.0 size=  136275KiB time=00:01:10.03 bitrate=15940.5kbits/s speed=   1x    
frame= 4232 fps= 60 q=-0.0 size=  137279KiB time=00:01:10.53 bitrate=15944.0kbits/s speed=   1x    
frame= 4262 fps= 60 q=-0.0 size=  138222KiB time=00:01:11.03 bitrate=15940.7kbits/s speed=   1x    
frame= 4292 fps= 60 q=-0.0 size=  139190KiB time=00:01:11.53 bitrate=15940.0kbits/s speed=   1x    
frame= 4322 fps= 60 q=-0.0 size=  140173KiB time=00:01:12.03 bitrate=15941.2kbits/s speed=   1x    
frame= 4352 fps= 60 q=-0.0 size=  141089KiB time=00:01:12.53 bitrate=15934.8kbits/s speed=   1x    
frame= 4382 fps= 60 q=-0.0 size=  142122KiB time=00:01:13.03 bitrate=15941.5kbits/s speed=   1x    
frame= 4412 fps= 60 q=-0.0 size=  142948KiB time=00:01:13.53 bitrate=15925.2kbits/s speed=   1x    
frame= 4442 fps= 60 q=-0.0 size=  143801KiB time=00:01:14.03 bitrate=15912.0kbits/s speed=   1x    
frame= 4472 fps= 60 q=-0.0 size=  145037KiB time=00:01:14.53 bitrate=15941.1kbits/s speed=   1x    
frame= 4502 fps= 60 q=-0.0 size=  145993KiB time=00:01:15.03 bitrate=15939.2kbits/s speed=   1x    
frame= 4532 fps= 60 q=-0.0 size=  146974KiB time=00:01:15.53 bitrate=15940.2kbits/s speed=   1x    
frame= 4562 fps= 60 q=-0.0 size=  147805KiB time=00:01:16.03 bitrate=15924.8kbits/s speed=   1x    
frame= 4592 fps= 60 q=-0.0 size=  148956KiB time=00:01:16.53 bitrate=15944.0kbits/s speed=   1x    
frame= 4622 fps= 60 q=-0.0 size=  149666KiB time=00:01:17.03 bitrate=15916.0kbits/s speed=   1x    
frame= 4652 fps= 60 q=-0.0 size=  150881KiB time=00:01:17.53 bitrate=15941.8kbits/s speed=   1x    
frame= 4682 fps= 60 q=-0.0 size=  151765KiB time=00:01:18.03 bitrate=15932.4kbits/s speed=   1x    
frame= 4712 fps= 60 q=-0.0 size=  152775KiB time=00:01:18.53 bitrate=15936.3kbits/s speed=   1x    
frame= 4742 fps= 60 q=-0.0 size=  153795KiB time=00:01:19.03 bitrate=15941.3kbits/s speed=   1x    
frame= 4772 fps= 60 q=-0.0 size=  154756KiB time=00:01:19.53 bitrate=15940.0kbits/s speed=   1x    
frame= 4802 fps= 60 q=-0.0 size=  155744KiB time=00:01:20.03 bitrate=15941.6kbits/s speed=   1x    
frame= 4832 fps= 60 q=-0.0 size=  156703KiB time=00:01:20.53 bitrate=15940.1kbits/s speed=   1x    
frame= 4862 fps= 60 q=-0.0 size=  157691KiB time=00:01:21.03 bitrate=15941.7kbits/s speed=   1x    
frame= 4892 fps= 60 q=-0.0 size=  158612KiB time=00:01:21.53 bitrate=15936.4kbits/s speed=   1x    
frame= 4922 fps= 60 q=-0.0 size=  159711KiB time=00:01:22.03 bitrate=15949.0kbits/s speed=   1x    
frame= 4952 fps= 60 q=-0.0 size=  160597KiB time=00:01:22.53 bitrate=15940.4kbits/s speed=   1x    
frame= 4982 fps= 60 q=-0.0 size=  161536KiB time=00:01:23.03 bitrate=15937.0kbits/s speed=   1x    
frame= 5012 fps= 60 q=-0.0 size=  162516KiB time=00:01:23.53 bitrate=15937.7kbits/s speed=   1x    
frame= 5042 fps= 60 q=-0.0 size=  163532KiB time=00:01:24.03 bitrate=15942.0kbits/s speed=   1x    
frame= 5072 fps= 60 q=-0.0 size=  164548KiB time=00:01:24.53 bitrate=15946.1kbits/s speed=   1x    
frame= 5102 fps= 60 q=-0.0 size=  165507KiB time=00:01:25.03 bitrate=15944.7kbits/s speed=   1x    
frame= 5132 fps= 60 q=-0.0 size=  166515KiB time=00:01:25.53 bitrate=15948.1kbits/s speed=   1x    
frame= 5162 fps= 60 q=-0.0 size=  167483KiB time=00:01:26.03 bitrate=15947.6kbits/s speed=   1x    
frame= 5192 fps= 60 q=-0.0 size=  168388KiB time=00:01:26.53 bitrate=15941.1kbits/s speed=   1x    
frame= 5222 fps= 60 q=-0.0 size=  169398KiB time=00:01:27.03 bitrate=15944.6kbits/s speed=   1x    
frame= 5252 fps= 60 q=-0.0 size=  170381KiB time=00:01:27.53 bitrate=15945.5kbits/s speed=   1x    
frame= 5282 fps= 60 q=-0.0 size=  171362KiB time=00:01:28.03 bitrate=15946.2kbits/s speed=   1x    
frame= 5312 fps= 60 q=-0.0 size=  172325KiB time=00:01:28.53 bitrate=15945.3kbits/s speed=   1x    
frame= 5342 fps= 60 q=-0.0 size=  173259KiB time=00:01:29.03 bitrate=15941.7kbits/s speed=   1x    
frame= 5372 fps= 60 q=-0.0 size=  174488KiB time=00:01:29.53 bitrate=15965.0kbits/s speed=   1x    
frame= 5402 fps= 60 q=-0.0 size=  175191KiB time=00:01:30.03 bitrate=15940.4kbits/s speed=   1x    
frame= 5432 fps= 60 q=-0.0 size=  176206KiB time=00:01:30.53 bitrate=15944.2kbits/s speed=   1x    
frame= 5462 fps= 60 q=-0.0 size=  177146KiB time=00:01:31.03 bitrate=15941.2kbits/s speed=   1x    
frame= 5492 fps= 60 q=-0.0 size=  178130KiB time=00:01:31.53 bitrate=15942.2kbits/s speed=   1x    
frame= 5522 fps= 60 q=-0.0 size=  179165KiB time=00:01:32.03 bitrate=15947.7kbits/s speed=   1x    
frame= 5552 fps= 60 q=-0.0 size=  180188KiB time=00:01:32.53 bitrate=15952.1kbits/s speed=   1x    
frame= 5582 fps= 60 q=-0.0 size=  181062KiB time=00:01:33.03 bitrate=15943.3kbits/s speed=   1x    
frame= 5612 fps= 60 q=-0.0 size=  182067KiB time=00:01:33.53 bitrate=15946.1kbits/s speed=   1x    
frame= 5642 fps= 60 q=-0.0 size=  183009KiB time=00:01:34.03 bitrate=15943.4kbits/s speed=   1x    
frame= 5672 fps= 60 q=-0.0 size=  183998KiB time=00:01:34.53 bitrate=15944.7kbits/s speed=   1x    
frame= 5702 fps= 60 q=-0.0 size=  184982KiB time=00:01:35.03 bitrate=15945.7kbits/s speed=   1x    
frame= 5732 fps= 60 q=-0.0 size=  185985KiB time=00:01:35.53 bitrate=15948.3kbits/s speed=   1x    
frame= 5762 fps= 60 q=-0.0 size=  186926KiB time=00:01:36.03 bitrate=15945.5kbits/s speed=   1x    
frame= 5792 fps= 60 q=-0.0 size=  187878KiB time=00:01:36.53 bitrate=15943.7kbits/s speed=   1x    
frame= 5822 fps= 60 q=-0.0 size=  188886KiB time=00:01:37.03 bitrate=15946.7kbits/s speed=   1x    
frame= 5852 fps= 60 q=-0.0 size=  189816KiB time=00:01:37.53 bitrate=15943.0kbits/s speed=   1x    
frame= 5882 fps= 60 q=-0.0 size=  190801KiB time=00:01:38.03 bitrate=15944.0kbits/s speed=   1x    
frame= 5912 fps= 60 q=-0.0 size=  191764KiB time=00:01:38.53 bitrate=15943.1kbits/s speed=   1x    
frame= 5942 fps= 60 q=-0.0 size=  192742KiB time=00:01:39.03 bitrate=15943.5kbits/s speed=   1x    
frame= 5972 fps= 60 q=-0.0 size=  193719KiB time=00:01:39.53 bitrate=15943.9kbits/s speed=   1x    
frame= 6002 fps= 60 q=-0.0 size=  194726KiB time=00:01:40.03 bitrate=15946.6kbits/s speed=   1x    
frame= 6032 fps= 60 q=-0.0 size=  195680KiB time=00:01:40.53 bitrate=15945.1kbits/s speed=   1x    
frame= 6062 fps= 60 q=-0.0 size=  196593KiB time=00:01:41.03 bitrate=15940.2kbits/s speed=   1x    
frame= 6092 fps= 60 q=-0.0 size=  197609KiB time=00:01:41.53 bitrate=15943.7kbits/s speed=   1x    
frame= 6122 fps= 60 q=-0.0 size=  198534KiB time=00:01:42.03 bitrate=15939.8kbits/s speed=   1x    
frame= 6152 fps= 60 q=-0.0 size=  199548KiB time=00:01:42.53 bitrate=15943.1kbits/s speed=   1x    
frame= 6182 fps= 60 q=-0.0 size=  200530KiB time=00:01:43.03 bitrate=15943.8kbits/s speed=   1x    
frame= 6212 fps= 60 q=-0.0 size=  201524KiB time=00:01:43.53 bitrate=15945.5kbits/s speed=   1x    
frame= 6242 fps= 60 q=-0.0 size=  202484KiB time=00:01:44.03 bitrate=15944.4kbits/s speed=   1x    
frame= 6272 fps= 60 q=-0.0 size=  203359KiB time=00:01:44.53 bitrate=15936.7kbits/s speed=   1x    
frame= 6302 fps= 60 q=-0.0 size=  204410KiB time=00:01:45.03 bitrate=15942.8kbits/s speed=   1x    
frame= 6332 fps= 60 q=-0.0 size=  205401KiB time=00:01:45.53 bitrate=15944.2kbits/s speed=   1x    
frame= 6362 fps= 60 q=-0.0 size=  206352KiB time=00:01:46.03 bitrate=15942.5kbits/s speed=   1x    
frame= 6392 fps= 60 q=-0.0 size=  207340KiB time=00:01:46.53 bitrate=15943.7kbits/s speed=   1x    
frame= 6422 fps= 60 q=-0.0 size=  208302KiB time=00:01:47.03 bitrate=15942.8kbits/s speed=   1x    
frame= 6452 fps= 60 q=-0.0 size=  209272KiB time=00:01:47.53 bitrate=15942.5kbits/s speed=   1x    
frame= 6482 fps= 60 q=-0.0 size=  210236KiB time=00:01:48.03 bitrate=15941.9kbits/s speed=   1x    
frame= 6512 fps= 60 q=-0.0 size=  211208KiB time=00:01:48.53 bitrate=15941.8kbits/s speed=   1x    
frame= 6542 fps= 60 q=-0.0 size=  212116KiB time=00:01:49.03 bitrate=15936.9kbits/s speed=   1x    
frame= 6572 fps= 60 q=-0.0 size=  213145KiB time=00:01:49.53 bitrate=15941.1kbits/s speed=   1x    
frame= 6602 fps= 60 q=-0.0 size=  214122KiB time=00:01:50.03 bitrate=15941.4kbits/s speed=   1x    
frame= 6632 fps= 60 q=-0.0 size=  215156KiB time=00:01:50.53 bitrate=15946.0kbits/s speed=   1x    
frame= 6662 fps= 60 q=-0.0 size=  216080KiB time=00:01:51.03 bitrate=15942.3kbits/s speed=   1x    
frame= 6692 fps= 60 q=-0.0 size=  217222KiB time=00:01:51.53 bitrate=15954.7kbits/s speed=   1x    
frame= 6722 fps= 60 q=-0.0 size=  218012KiB time=00:01:52.03 bitrate=15941.3kbits/s speed=   1x    
frame= 6752 fps= 60 q=-0.0 size=  218996KiB time=00:01:52.53 bitrate=15942.1kbits/s speed=   1x    
frame= 6782 fps= 60 q=-0.0 size=  220041KiB time=00:01:53.03 bitrate=15947.3kbits/s speed=   1x    
frame= 6812 fps= 60 q=-0.0 size=  220977KiB time=00:01:53.53 bitrate=15944.6kbits/s speed=   1x    
frame= 6842 fps= 60 q=-0.0 size=  221915KiB time=00:01:54.03 bitrate=15942.1kbits/s speed=   1x    
frame= 6872 fps= 60 q=-0.0 size=  222912KiB time=00:01:54.53 bitrate=15943.8kbits/s speed=   1x    
frame= 6902 fps= 60 q=-0.0 size=  223930KiB time=00:01:55.03 bitrate=15947.0kbits/s speed=   1x    
frame= 6932 fps= 60 q=-0.0 size=  224873KiB time=00:01:55.53 bitrate=15944.9kbits/s speed=   1x    
frame= 6962 fps= 60 q=-0.0 size=  225851KiB time=00:01:56.03 bitrate=15945.2kbits/s speed=   1x    
frame= 6992 fps= 60 q=-0.0 size=  226798KiB time=00:01:56.53 bitrate=15943.3kbits/s speed=   1x    
frame= 7022 fps= 60 q=-0.0 size=  227767KiB time=00:01:57.03 bitrate=15943.0kbits/s speed=   1x    
frame= 7052 fps= 60 q=-0.0 size=  228763KiB time=00:01:57.53 bitrate=15944.6kbits/s speed=   1x    
frame= 7082 fps= 60 q=-0.0 size=  229711KiB time=00:01:58.03 bitrate=15942.9kbits/s speed=   1x    
frame= 7112 fps= 60 q=-0.0 size=  230701KiB time=00:01:58.53 bitrate=15944.0kbits/s speed=   1x    
frame= 7142 fps= 60 q=-0.0 size=  231634KiB time=00:01:59.03 bitrate=15941.3kbits/s speed=   1x    
frame= 7172 fps= 60 q=-0.0 size=  232408KiB time=00:01:59.53 bitrate=15927.7kbits/s speed=   1x    
frame= 7202 fps= 60 q=-0.0 size=  233167KiB time=00:02:00.03 bitrate=15913.1kbits/s speed=   1x    
frame= 7232 fps= 60 q=-0.0 size=  234187KiB time=00:02:00.53 bitrate=15916.4kbits/s speed=   1x    
frame= 7262 fps= 60 q=-0.0 size=  235359KiB time=00:02:01.03 bitrate=15930.0kbits/s speed=   1x    
frame= 7292 fps= 60 q=-0.0 size=  236323KiB time=00:02:01.53 bitrate=15929.5kbits/s speed=   1x    
frame= 7322 fps= 60 q=-0.0 size=  237304KiB time=00:02:02.03 bitrate=15930.0kbits/s speed=   1x    
frame= 7352 fps= 60 q=-0.0 size=  238033KiB time=00:02:02.53 bitrate=15913.8kbits/s speed=   1x    
frame= 7382 fps= 60 q=-0.0 size=  239001KiB time=00:02:03.03 bitrate=15913.5kbits/s speed=   1x    
frame= 7412 fps= 60 q=-0.0 size=  240288KiB time=00:02:03.53 bitrate=15934.5kbits/s speed=   1x    
frame= 7442 fps= 60 q=-0.0 size=  241418KiB time=00:02:04.03 bitrate=15944.9kbits/s speed=   1x    
frame= 7472 fps= 60 q=-0.0 size=  242405KiB time=00:02:04.53 bitrate=15945.8kbits/s speed=   1x    
frame= 7502 fps= 60 q=-0.0 size=  243326KiB time=00:02:05.03 bitrate=15942.3kbits/s speed=   1x    
frame= 7532 fps= 60 q=-0.0 size=  244227KiB time=00:02:05.53 bitrate=15937.6kbits/s speed=   1x    
frame= 7562 fps= 60 q=-0.0 size=  245144KiB time=00:02:06.03 bitrate=15934.0kbits/s speed=   1x    
frame= 7592 fps= 60 q=-0.0 size=  246022KiB time=00:02:06.53 bitrate=15927.9kbits/s speed=   1x    
frame= 7622 fps= 60 q=-0.0 size=  246942KiB time=00:02:07.03 bitrate=15924.5kbits/s speed=   1x    
frame= 7652 fps= 60 q=-0.0 size=  247919KiB time=00:02:07.53 bitrate=15924.9kbits/s speed=   1x    
frame= 7682 fps= 60 q=-0.0 size=  248890KiB time=00:02:08.03 bitrate=15924.8kbits/s speed=   1x    
frame= 7712 fps= 60 q=-0.0 size=  249886KiB time=00:02:08.53 bitrate=15926.3kbits/s speed=   1x    
frame= 7742 fps= 60 q=-0.0 size=  250856KiB time=00:02:09.03 bitrate=15926.2kbits/s speed=   1x    
frame= 7772 fps= 60 q=-0.0 size=  251810KiB time=00:02:09.53 bitrate=15925.1kbits/s speed=   1x    
frame= 7802 fps= 60 q=-0.0 size=  253093KiB time=00:02:10.03 bitrate=15944.7kbits/s speed=   1x    
frame= 7832 fps= 60 q=-0.0 size=  253602KiB time=00:02:10.53 bitrate=15915.5kbits/s speed=   1x    
frame= 7862 fps= 60 q=-0.0 size=  254575KiB time=00:02:11.03 bitrate=15915.7kbits/s speed=   1x    
frame= 7892 fps= 60 q=-0.0 size=  256299KiB time=00:02:11.53 bitrate=15962.5kbits/s speed=   1x    
frame= 7922 fps= 60 q=-0.0 size=  256964KiB time=00:02:12.03 bitrate=15943.3kbits/s speed=   1x    
frame= 7952 fps= 60 q=-0.0 size=  258006KiB time=00:02:12.53 bitrate=15947.6kbits/s speed=   1x    
frame= 7982 fps= 60 q=-0.0 size=  258941KiB time=00:02:13.03 bitrate=15945.2kbits/s speed=   1x    
frame= 8012 fps= 60 q=-0.0 size=  259962KiB time=00:02:13.53 bitrate=15948.1kbits/s speed=   1x    
frame= 8042 fps= 60 q=-0.0 size=  260873KiB time=00:02:14.03 bitrate=15944.4kbits/s speed=   1x    
frame= 8073 fps= 60 q=-0.0 size=  261921KiB time=00:02:14.55 bitrate=15946.9kbits/s speed=   1x    
frame= 8103 fps= 60 q=-0.0 size=  262889KiB time=00:02:15.05 bitrate=15946.6kbits/s speed=   1x    
frame= 8133 fps= 60 q=-0.0 size=  263872KiB time=00:02:15.55 bitrate=15947.2kbits/s speed=   1x    
frame= 8163 fps= 60 q=-0.0 size=  264840KiB time=00:02:16.05 bitrate=15946.8kbits/s speed=   1x    
frame= 8192 fps= 60 q=-0.0 size=  265782KiB time=00:02:16.53 bitrate=15946.9kbits/s speed=   1x    
frame= 8223 fps= 60 q=-0.0 size=  266790KiB time=00:02:17.05 bitrate=15947.1kbits/s speed=   1x    
frame= 8253 fps= 60 q=-0.0 size=  267758KiB time=00:02:17.55 bitrate=15946.7kbits/s speed=   1x    
frame= 8283 fps= 60 q=-0.0 size=  268824KiB time=00:02:18.05 bitrate=15952.2kbits/s speed=   1x    
frame= 8312 fps= 60 q=-0.0 size=  269655KiB time=00:02:18.55 bitrate=15943.8kbits/s speed=   1x    
frame= 8343 fps= 60 q=-0.0 size=  270630KiB time=00:02:19.05 bitrate=15943.9kbits/s speed=   1x    
frame= 8373 fps= 60 q=-0.0 size=  271614KiB time=00:02:19.55 bitrate=15944.5kbits/s speed=   1x    
frame= 8403 fps= 60 q=-0.0 size=  272634KiB time=00:02:20.05 bitrate=15947.3kbits/s speed=   1x    
frame= 8433 fps= 60 q=-0.0 size=  273559KiB time=00:02:20.55 bitrate=15944.5kbits/s speed=   1x    
frame= 8463 fps= 60 q=-0.0 size=  274528KiB time=00:02:21.05 bitrate=15944.2kbits/s speed=   1x    
frame= 8493 fps= 60 q=-0.0 size=  275537KiB time=00:02:21.55 bitrate=15946.3kbits/s speed=   1x    
frame= 8523 fps= 60 q=-0.0 size=  276455KiB time=00:02:22.05 bitrate=15943.1kbits/s speed=   1x    
frame= 8553 fps= 60 q=-0.0 size=  277472KiB time=00:02:22.55 bitrate=15945.6kbits/s speed=   1x    
frame= 8583 fps= 60 q=-0.0 size=  278450KiB time=00:02:23.05 bitrate=15945.9kbits/s speed=   1x    
frame= 8613 fps= 60 q=-0.0 size=  279412KiB time=00:02:23.55 bitrate=15945.3kbits/s speed=   1x    
frame= 8643 fps= 60 q=-0.0 size=  280356KiB time=00:02:24.05 bitrate=15943.6kbits/s speed=   1x    
frame= 8673 fps= 60 q=-0.0 size=  281383KiB time=00:02:24.55 bitrate=15946.7kbits/s speed=   1x    
frame= 8703 fps= 60 q=-0.0 size=  282319KiB time=00:02:25.05 bitrate=15944.6kbits/s speed=   1x    
frame= 8733 fps= 60 q=-0.0 size=  283298KiB time=00:02:25.55 bitrate=15944.9kbits/s speed=   1x    
frame= 8763 fps= 60 q=-0.0 size=  284261KiB time=00:02:26.05 bitrate=15944.3kbits/s speed=   1x    
frame= 8793 fps= 60 q=-0.0 size=  285232KiB time=00:02:26.55 bitrate=15944.2kbits/s speed=   1x    
frame= 8823 fps= 60 q=-0.0 size=  286177KiB time=00:02:27.05 bitrate=15942.6kbits/s speed=   1x    
frame= 8853 fps= 60 q=-0.0 size=  287215KiB time=00:02:27.55 bitrate=15946.2kbits/s speed=   1x    
frame= 8883 fps= 60 q=-0.0 size=  288148KiB time=00:02:28.05 bitrate=15944.0kbits/s speed=   1x    
frame= 8913 fps= 60 q=-0.0 size=  289152KiB time=00:02:28.55 bitrate=15945.7kbits/s speed=   1x    
frame= 8943 fps= 60 q=-0.0 size=  290081KiB time=00:02:29.05 bitrate=15943.2kbits/s speed=   1x    
frame= 8973 fps= 60 q=-0.0 size=  291090KiB time=00:02:29.55 bitrate=15945.2kbits/s speed=   1x    
frame= 9003 fps= 60 q=-0.0 size=  292052KiB time=00:02:30.05 bitrate=15944.6kbits/s speed=   1x    
frame= 9033 fps= 60 q=-0.0 size=  293035KiB time=00:02:30.55 bitrate=15945.2kbits/s speed=   1x    
frame= 9063 fps= 60 q=-0.0 size=  294057KiB time=00:02:31.05 bitrate=15947.8kbits/s speed=   1x    
frame= 9093 fps= 60 q=-0.0 size=  294937KiB time=00:02:31.55 bitrate=15942.7kbits/s speed=   1x    
frame= 9123 fps= 60 q=-0.0 size=  295959KiB time=00:02:32.05 bitrate=15945.4kbits/s speed=   1x    
frame= 9153 fps= 60 q=-0.0 size=  296945KiB time=00:02:32.55 bitrate=15946.1kbits/s speed=   1x    
frame= 9183 fps= 60 q=-0.0 size=  297902KiB time=00:02:33.05 bitrate=15945.2kbits/s speed=   1x    
frame= 9213 fps= 60 q=-0.0 size=  298864KiB time=00:02:33.55 bitrate=15944.6kbits/s speed=   1x    
frame= 9243 fps= 60 q=-0.0 size=  299847KiB time=00:02:34.05 bitrate=15945.1kbits/s speed=   1x    
frame= 9273 fps= 60 q=-0.0 size=  300791KiB time=00:02:34.55 bitrate=15943.6kbits/s speed=   1x    
frame= 9303 fps= 60 q=-0.0 size=  301778KiB time=00:02:35.05 bitrate=15944.3kbits/s speed=   1x    
frame= 9333 fps= 60 q=-0.0 size=  302737KiB time=00:02:35.55 bitrate=15943.6kbits/s speed=   1x    
frame= 9363 fps= 60 q=-0.0 size=  303717KiB time=00:02:36.05 bitrate=15943.9kbits/s speed=   1x    
frame= 9393 fps= 60 q=-0.0 size=  304725KiB time=00:02:36.55 bitrate=15945.8kbits/s speed=   1x    
frame= 9423 fps= 60 q=-0.0 size=  305688KiB time=00:02:37.05 bitrate=15945.2kbits/s speed=   1x    
frame= 9453 fps= 60 q=-0.0 size=  306628KiB time=00:02:37.55 bitrate=15943.5kbits/s speed=   1x    
frame= 9483 fps= 60 q=-0.0 size=  307663KiB time=00:02:38.05 bitrate=15946.7kbits/s speed=   1x    
frame= 9513 fps= 60 q=-0.0 size=  308632KiB time=00:02:38.55 bitrate=15946.5kbits/s speed=   1x    
frame= 9543 fps= 60 q=-0.0 size=  309574KiB time=00:02:39.05 bitrate=15944.9kbits/s speed=   1x    
frame= 9573 fps= 60 q=-0.0 size=  310521KiB time=00:02:39.55 bitrate=15943.5kbits/s speed=   1x    
frame= 9603 fps= 60 q=-0.0 size=  311518KiB time=00:02:40.05 bitrate=15944.7kbits/s speed=   1x    
frame= 9633 fps= 60 q=-0.0 size=  312500KiB time=00:02:40.55 bitrate=15945.2kbits/s speed=   1x    
frame= 9663 fps= 60 q=-0.0 size=  313453KiB time=00:02:41.05 bitrate=15944.2kbits/s speed=   1x    
frame= 9693 fps= 60 q=-0.0 size=  314501KiB time=00:02:41.55 bitrate=15948.0kbits/s speed=   1x    
frame= 9723 fps= 60 q=-0.0 size=  315425KiB time=00:02:42.05 bitrate=15945.5kbits/s speed=   1x    
frame= 9753 fps= 60 q=-0.0 size=  316399KiB time=00:02:42.55 bitrate=15945.5kbits/s speed=   1x    
frame= 9783 fps= 60 q=-0.0 size=  317383KiB time=00:02:43.05 bitrate=15946.0kbits/s speed=   1x    
frame= 9813 fps= 60 q=-0.0 size=  318324KiB time=00:02:43.55 bitrate=15944.4kbits/s speed=   1x    
frame= 9843 fps= 60 q=-0.0 size=  319313KiB time=00:02:44.05 bitrate=15945.2kbits/s speed=   1x    
frame= 9873 fps= 60 q=-0.0 size=  320333KiB time=00:02:44.55 bitrate=15947.5kbits/s speed=   1x    
frame= 9903 fps= 60 q=-0.0 size=  321208KiB time=00:02:45.05 bitrate=15942.7kbits/s speed=   1x    
frame= 9933 fps= 60 q=-0.0 size=  322219KiB time=00:02:45.55 bitrate=15944.5kbits/s speed=   1x    
frame= 9963 fps= 60 q=-0.0 size=  323186KiB time=00:02:46.05 bitrate=15944.2kbits/s speed=   1x    
frame= 9993 fps= 60 q=-0.0 size=  324183KiB time=00:02:46.55 bitrate=15945.4kbits/s speed=   1x    
frame=10023 fps= 60 q=-0.0 size=  325148KiB time=00:02:47.05 bitrate=15945.0kbits/s speed=   1x    
frame=10053 fps= 60 q=-0.0 size=  326138KiB time=00:02:47.55 bitrate=15945.8kbits/s speed=   1x    
frame=10083 fps= 60 q=-0.0 size=  327085KiB time=00:02:48.05 bitrate=15944.5kbits/s speed=   1x    
frame=10113 fps= 60 q=-0.0 size=  328089KiB time=00:02:48.55 bitrate=15946.1kbits/s speed=   1x    
frame=10143 fps= 60 q=-0.0 size=  329068KiB time=00:02:49.05 bitrate=15946.3kbits/s speed=   1x    
frame=10173 fps= 60 q=-0.0 size=  330007KiB time=00:02:49.55 bitrate=15944.6kbits/s speed=   1x    
frame=10203 fps= 60 q=-0.0 size=  330984KiB time=00:02:50.05 bitrate=15944.8kbits/s speed=   1x    
frame=10233 fps= 60 q=-0.0 size=  331967KiB time=00:02:50.55 bitrate=15945.3kbits/s speed=   1x    
frame=10263 fps= 60 q=-0.0 size=  332919KiB time=00:02:51.05 bitrate=15944.3kbits/s speed=   1x    
frame=10293 fps= 60 q=-0.0 size=  333902KiB time=00:02:51.55 bitrate=15944.8kbits/s speed=   1x    
frame=10323 fps= 60 q=-0.0 size=  334869KiB time=00:02:52.05 bitrate=15944.5kbits/s speed=   1x    
frame=10353 fps= 60 q=-0.0 size=  335832KiB time=00:02:52.55 bitrate=15944.0kbits/s speed=   1x    
frame=10383 fps= 60 q=-0.0 size=  336816KiB time=00:02:53.05 bitrate=15944.5kbits/s speed=   1x    
frame=10413 fps= 60 q=-0.0 size=  337347KiB time=00:02:53.55 bitrate=15923.6kbits/s speed=   1x    
frame=10443 fps= 60 q=-0.0 size=  338320KiB time=00:02:54.05 bitrate=15923.7kbits/s speed=   1x    
frame=10473 fps= 60 q=-0.0 size=  339294KiB time=00:02:54.55 bitrate=15923.8kbits/s speed=   1x    
frame=10503 fps= 60 q=-0.0 size=  341260KiB time=00:02:55.05 bitrate=15970.3kbits/s speed=   1x    
frame=10533 fps= 60 q=-0.0 size=  341773KiB time=00:02:55.55 bitrate=15948.7kbits/s speed=   1x    
frame=10563 fps= 60 q=-0.0 size=  342651KiB time=00:02:56.05 bitrate=15944.3kbits/s speed=   1x    
frame=10593 fps= 60 q=-0.0 size=  343668KiB time=00:02:56.55 bitrate=15946.3kbits/s speed=   1x    
frame=10623 fps= 60 q=-0.0 size=  344634KiB time=00:02:57.05 bitrate=15946.0kbits/s speed=   1x    
frame=10653 fps= 60 q=-0.0 size=  345616KiB time=00:02:57.55 bitrate=15946.4kbits/s speed=   1x    
frame=10683 fps= 60 q=-0.0 size=  346567KiB time=00:02:58.05 bitrate=15945.4kbits/s speed=   1x    
frame=10713 fps= 60 q=-0.0 size=  347574KiB time=00:02:58.55 bitrate=15947.0kbits/s speed=   1x    
frame=10743 fps= 60 q=-0.0 size=  348539KiB time=00:02:59.05 bitrate=15946.6kbits/s speed=   1x    
frame=10773 fps= 60 q=-0.0 size=  349505KiB time=00:02:59.55 bitrate=15946.2kbits/s speed=   1x    
frame=10803 fps= 60 q=-0.0 size=  350473KiB time=00:03:00.05 bitrate=15946.0kbits/s speed=   1x    
frame=10833 fps= 60 q=-0.0 size=  351430KiB time=00:03:00.55 bitrate=15945.2kbits/s speed=   1x    
frame=10863 fps= 60 q=-0.0 size=  352411KiB time=00:03:01.05 bitrate=15945.6kbits/s speed=   1x    
frame=10893 fps= 60 q=-0.0 size=  353388KiB time=00:03:01.55 bitrate=15945.8kbits/s speed=   1x    
frame=10923 fps= 60 q=-0.0 size=  354357KiB time=00:03:02.05 bitrate=15945.6kbits/s speed=   1x    
frame=10953 fps= 60 q=-0.0 size=  355097KiB time=00:03:02.55 bitrate=15935.1kbits/s speed=   1x    
frame=10983 fps= 60 q=-0.0 size=  355842KiB time=00:03:03.05 bitrate=15924.9kbits/s speed=   1x    
frame=11013 fps= 60 q=-0.0 size=  356815KiB time=00:03:03.55 bitrate=15925.0kbits/s speed=   1x    
frame=11043 fps= 60 q=-0.0 size=  357789KiB time=00:03:04.05 bitrate=15925.0kbits/s speed=   1x    
frame=11073 fps= 60 q=-0.0 size=  358762KiB time=00:03:04.55 bitrate=15925.1kbits/s speed=   1x    
frame=11103 fps= 60 q=-0.0 size=  359735KiB time=00:03:05.05 bitrate=15925.2kbits/s speed=   1x    
frame=11133 fps= 60 q=-0.0 size=  360709KiB time=00:03:05.55 bitrate=15925.2kbits/s speed=   1x    
frame=11163 fps= 60 q=-0.0 size=  361682KiB time=00:03:06.05 bitrate=15925.3kbits/s speed=   1x    
frame=11193 fps= 60 q=-0.0 size=  362656KiB time=00:03:06.55 bitrate=15925.4kbits/s speed=   1x    
frame=11223 fps= 60 q=-0.0 size=  363629KiB time=00:03:07.05 bitrate=15925.4kbits/s speed=   1x    
frame=11253 fps= 60 q=-0.0 size=  364602KiB time=00:03:07.55 bitrate=15925.5kbits/s speed=   1x    
frame=11283 fps= 60 q=-0.0 size=  365576KiB time=00:03:08.05 bitrate=15925.5kbits/s speed=   1x    
frame=11313 fps= 60 q=-0.0 size=  367003KiB time=00:03:08.55 bitrate=15945.3kbits/s speed=   1x    
frame=11343 fps= 60 q=-0.0 size=  368008KiB time=00:03:09.05 bitrate=15946.7kbits/s speed=   1x    
frame=11373 fps= 60 q=-0.0 size=  368930KiB time=00:03:09.55 bitrate=15944.5kbits/s speed=   1x    
frame=11403 fps= 60 q=-0.0 size=  369901KiB time=00:03:10.05 bitrate=15944.4kbits/s speed=   1x    
frame=11433 fps= 60 q=-0.0 size=  370874KiB time=00:03:10.55 bitrate=15944.4kbits/s speed=   1x    
frame=11463 fps= 60 q=-0.0 size=  371813KiB time=00:03:11.05 bitrate=15942.9kbits/s speed=   1x    
frame=11493 fps= 60 q=-0.0 size=  372835KiB time=00:03:11.55 bitrate=15945.0kbits/s speed=   1x    
frame=11523 fps= 60 q=-0.0 size=  373801KiB time=00:03:12.05 bitrate=15944.7kbits/s speed=   1x    
frame=11553 fps= 60 q=-0.0 size=  374779KiB time=00:03:12.55 bitrate=15944.9kbits/s speed=   1x    
frame=11583 fps= 60 q=-0.0 size=  375757KiB time=00:03:13.05 bitrate=15945.1kbits/s speed=   1x    
frame=11613 fps= 60 q=-0.0 size=  376725KiB time=00:03:13.55 bitrate=15944.9kbits/s speed=   1x    
frame=11643 fps= 60 q=-0.0 size=  377678KiB time=00:03:14.05 bitrate=15944.0kbits/s speed=   1x    
frame=11673 fps= 60 q=-0.0 size=  378650KiB time=00:03:14.55 bitrate=15944.0kbits/s speed=   1x    
frame=11703 fps= 60 q=-0.0 size=  379655KiB time=00:03:15.05 bitrate=15945.3kbits/s speed=   1x    
frame=11733 fps= 60 q=-0.0 size=  380647KiB time=00:03:15.55 bitrate=15946.1kbits/s speed=   1x    
frame=11763 fps= 60 q=-0.0 size=  381635KiB time=00:03:16.05 bitrate=15946.7kbits/s speed=   1x    
frame=11793 fps= 60 q=-0.0 size=  382566KiB time=00:03:16.55 bitrate=15944.9kbits/s speed=   1x    
frame=11823 fps= 60 q=-0.0 size=  383556KiB time=00:03:17.05 bitrate=15945.7kbits/s speed=   1x    
frame=11853 fps= 60 q=-0.0 size=  384470KiB time=00:03:17.55 bitrate=15943.2kbits/s speed=   1x    
[out#0/rtp @ 0x55628b949180] video:380884KiB audio:0KiB subtitle:0KiB other streams:0KiB global headers:0KiB muxing overhead: 1.208483%
frame=11884 fps= 60 q=-0.0 Lsize=  385487KiB time=00:03:18.06 bitrate=15943.7kbits/s speed=   1x    
Exiting normally, received signal 15.
