
========================================================================
Starting PrivyHub Linux native-video backend v0.7
Profile: native_game_720p60_reference 1280x720@60, 7000/7000 kbps H.264 VAAPI, GOP=15, BF=0
Capture backend: exact X11 window via x11grab
Capture: managed RetroArch window (pid=632678, window_id=60817410, discovered=879x720)
Window title: RetroArch Beetle PSX HW <ipv4> 82d8e05
Video FEC: XOR 8+1; FFmpeg RTP -> loopback relay -> onn; encoder=7000 kbps
========================================================================
encoder argv: /usr/bin/ffmpeg -hide_banner -loglevel info -nostdin -vaapi_device /dev/dri/renderD128 -f x11grab -framerate 60 -window_id 60817410 -i :0 -vf scale=1280:720:force_original_aspect_ratio=decrease:flags=fast_bilinear,pad=1280:720:(ow-iw)/2:(oh-ih)/2:black,format=nv12,hwupload -an -c:v h264_vaapi -profile:v high -b:v 7000k -maxrate 7000k -bufsize 7000k -max_frame_size 90000 -g 15 -bf 0 -payload_type 96 -f rtp rtp://<ipv4>:48110?pkt_size=1200
[x11grab @ 0x5622884f6c80] Stream #0: not enough frames to estimate rate; consider increasing probesize
Input #0, x11grab, from ':0':
  Duration: N/A, start: 1790615892.006896, bitrate: 1215129 kb/s
  Stream #0:0: Video: rawvideo (BGR[0] / 0x524742), bgr0, 879x720, 1215129 kb/s, 60 fps, 1000k tbr, 1000k tbn
Stream mapping:
  Stream #0:0 -> #0:0 (rawvideo (native) -> h264 (h264_vaapi))
Output #0, rtp, to 'rtp://<ipv4>:48110?pkt_size=1200':
  Metadata:
    encoder         : Lavf61.7.103
  Stream #0:0: Video: h264 (High), vaapi(tv, progressive), 1280x720, q=2-31, 7000 kb/s, 60 fps, 90k tbn
      Metadata:
        encoder         : Lavc61.19.101 h264_vaapi
SDP:
v=0
o=- 0 0 IN IP4 <ipv4>
s=No Name
c=IN IP4 <ipv4>
t=0 0
a=tool:libavformat 61.7.103
m=video 48110 RTP/AVP 96
b=AS:7000
a=rtpmap:96 H264/90000
a=fmtp:96 packetization-mode=1

frame=   31 fps=0.0 q=-0.0 size=     217KiB time=00:00:00.51 bitrate=3442.0kbits/s speed=1.03x    
frame=   61 fps= 61 q=-0.0 size=     650KiB time=00:00:01.01 bitrate=5239.4kbits/s speed=1.02x    
frame=   91 fps= 61 q=-0.0 size=    1083KiB time=00:00:01.51 bitrate=5851.3kbits/s speed=1.01x    
frame=  121 fps= 60 q=-0.0 size=    1516KiB time=00:00:02.01 bitrate=6159.3kbits/s speed=1.01x    
frame=  151 fps= 60 q=-0.0 size=    1949KiB time=00:00:02.51 bitrate=6345.5kbits/s speed=1.01x    
frame=  181 fps= 60 q=-0.0 size=    2383KiB time=00:00:03.01 bitrate=6470.1kbits/s speed=1.01x    
frame=  211 fps= 60 q=-0.0 size=    2816KiB time=00:00:03.51 bitrate=6559.3kbits/s speed=   1x    
frame=  241 fps= 60 q=-0.0 size=    3249KiB time=00:00:04.01 bitrate=6626.2kbits/s speed=   1x    
frame=  271 fps= 60 q=-0.0 size=    3682KiB time=00:00:04.51 bitrate=6678.1kbits/s speed=   1x    
frame=  301 fps= 60 q=-0.0 size=    4115KiB time=00:00:05.01 bitrate=6719.6kbits/s speed=   1x    
frame=  331 fps= 60 q=-0.0 size=    4548KiB time=00:00:05.51 bitrate=6753.7kbits/s speed=   1x    
frame=  361 fps= 60 q=-0.0 size=    4981KiB time=00:00:06.01 bitrate=6782.2kbits/s speed=   1x    
frame=  391 fps= 60 q=-0.0 size=    5414KiB time=00:00:06.51 bitrate=6806.3kbits/s speed=   1x    
frame=  421 fps= 60 q=-0.0 size=    5849KiB time=00:00:07.01 bitrate=6828.7kbits/s speed=   1x    
frame=  451 fps= 60 q=-0.0 size=    6280KiB time=00:00:07.51 bitrate=6844.7kbits/s speed=   1x    
frame=  481 fps= 60 q=-0.0 size=    6714KiB time=00:00:08.01 bitrate=6860.9kbits/s speed=   1x    
frame=  511 fps= 60 q=-0.0 size=    7147KiB time=00:00:08.51 bitrate=6874.2kbits/s speed=   1x    
frame=  541 fps= 60 q=-0.0 size=    7580KiB time=00:00:09.01 bitrate=6886.6kbits/s speed=   1x    
frame=  571 fps= 60 q=-0.0 size=    8013KiB time=00:00:09.51 bitrate=6897.5kbits/s speed=   1x    
frame=  601 fps= 60 q=-0.0 size=    8446KiB time=00:00:10.01 bitrate=6907.3kbits/s speed=   1x    
frame=  631 fps= 60 q=-0.0 size=    8879KiB time=00:00:10.51 bitrate=6916.3kbits/s speed=   1x    
frame=  661 fps= 60 q=-0.0 size=    9312KiB time=00:00:11.01 bitrate=6924.5kbits/s speed=   1x    
frame=  691 fps= 60 q=-0.0 size=    9745KiB time=00:00:11.51 bitrate=6932.0kbits/s speed=   1x    
frame=  721 fps= 60 q=-0.0 size=   10178KiB time=00:00:12.01 bitrate=6938.9kbits/s speed=   1x    
frame=  751 fps= 60 q=-0.0 size=   10612KiB time=00:00:12.51 bitrate=6945.2kbits/s speed=   1x    
frame=  781 fps= 60 q=-0.0 size=   11045KiB time=00:00:13.01 bitrate=6951.0kbits/s speed=   1x    
frame=  811 fps= 60 q=-0.0 size=   11478KiB time=00:00:13.51 bitrate=6956.4kbits/s speed=   1x    
frame=  841 fps= 60 q=-0.0 size=   11911KiB time=00:00:14.01 bitrate=6961.4kbits/s speed=   1x    
frame=  871 fps= 60 q=-0.0 size=   12344KiB time=00:00:14.51 bitrate=6966.1kbits/s speed=   1x    
frame=  901 fps= 60 q=-0.0 size=   12777KiB time=00:00:15.01 bitrate=6970.4kbits/s speed=   1x    
frame=  931 fps= 60 q=-0.0 size=   13211KiB time=00:00:15.51 bitrate=6974.5kbits/s speed=   1x    
frame=  961 fps= 60 q=-0.0 size=   13644KiB time=00:00:16.01 bitrate=6978.3kbits/s speed=   1x    
frame=  991 fps= 60 q=-0.0 size=   14077KiB time=00:00:16.51 bitrate=6981.9kbits/s speed=   1x    
frame= 1021 fps= 60 q=-0.0 size=   14510KiB time=00:00:17.01 bitrate=6985.3kbits/s speed=   1x    
frame= 1051 fps= 60 q=-0.0 size=   14943KiB time=00:00:17.51 bitrate=6988.5kbits/s speed=   1x    
frame= 1081 fps= 60 q=-0.0 size=   15376KiB time=00:00:18.01 bitrate=6991.5kbits/s speed=   1x    
frame= 1111 fps= 60 q=-0.0 size=   15810KiB time=00:00:18.51 bitrate=6994.3kbits/s speed=   1x    
frame= 1141 fps= 60 q=-0.0 size=   16243KiB time=00:00:19.01 bitrate=6997.0kbits/s speed=   1x    
frame= 1171 fps= 60 q=-0.0 size=   16676KiB time=00:00:19.51 bitrate=6999.5kbits/s speed=   1x    
frame= 1201 fps= 60 q=-0.0 size=   17109KiB time=00:00:20.01 bitrate=7002.0kbits/s speed=   1x    
frame= 1231 fps= 60 q=-0.0 size=   17542KiB time=00:00:20.51 bitrate=7004.3kbits/s speed=   1x    
frame= 1261 fps= 60 q=-0.0 size=   17975KiB time=00:00:21.01 bitrate=7006.5kbits/s speed=   1x    
frame= 1291 fps= 60 q=-0.0 size=   18408KiB time=00:00:21.51 bitrate=7008.6kbits/s speed=   1x    
frame= 1321 fps= 60 q=-0.0 size=   18841KiB time=00:00:22.01 bitrate=7010.5kbits/s speed=   1x    
frame= 1351 fps= 60 q=-0.0 size=   19275KiB time=00:00:22.51 bitrate=7012.4kbits/s speed=   1x    
frame= 1381 fps= 60 q=-0.0 size=   19707KiB time=00:00:23.01 bitrate=7014.2kbits/s speed=   1x    
frame= 1411 fps= 60 q=-0.0 size=   20140KiB time=00:00:23.51 bitrate=7015.9kbits/s speed=   1x    
frame= 1441 fps= 60 q=-0.0 size=   20573KiB time=00:00:24.01 bitrate=7017.5kbits/s speed=   1x    
frame= 1471 fps= 60 q=-0.0 size=   21006KiB time=00:00:24.51 bitrate=7019.1kbits/s speed=   1x    
frame= 1501 fps= 60 q=-0.0 size=   21440KiB time=00:00:25.01 bitrate=7020.6kbits/s speed=   1x    
frame= 1531 fps= 60 q=-0.0 size=   21873KiB time=00:00:25.51 bitrate=7022.1kbits/s speed=   1x    
frame= 1561 fps= 60 q=-0.0 size=   22389KiB time=00:00:26.01 bitrate=7049.8kbits/s speed=   1x    
frame= 1591 fps= 60 q=-0.0 size=   22822KiB time=00:00:26.51 bitrate=7050.7kbits/s speed=   1x    
frame= 1621 fps= 60 q=-0.0 size=   23278KiB time=00:00:27.01 bitrate=7058.4kbits/s speed=   1x    
frame= 1651 fps= 60 q=-0.0 size=   23742KiB time=00:00:27.51 bitrate=7068.2kbits/s speed=   1x    
frame= 1681 fps= 60 q=-0.0 size=   24195KiB time=00:00:28.01 bitrate=7074.6kbits/s speed=   1x    
frame= 1711 fps= 60 q=-0.0 size=   24640KiB time=00:00:28.51 bitrate=7078.3kbits/s speed=   1x    
frame= 1741 fps= 60 q=-0.0 size=   25084KiB time=00:00:29.01 bitrate=7081.7kbits/s speed=   1x    
frame= 1771 fps= 60 q=-0.0 size=   25509KiB time=00:00:29.51 bitrate=7079.6kbits/s speed=   1x    
frame= 1801 fps= 60 q=-0.0 size=   25938KiB time=00:00:30.01 bitrate=7078.8kbits/s speed=   1x    
frame= 1831 fps= 60 q=-0.0 size=   26364KiB time=00:00:30.51 bitrate=7077.2kbits/s speed=   1x    
frame= 1861 fps= 60 q=-0.0 size=   26808KiB time=00:00:31.01 bitrate=7080.5kbits/s speed=   1x    
frame= 1891 fps= 60 q=-0.0 size=   27245KiB time=00:00:31.51 bitrate=7081.7kbits/s speed=   1x    
frame= 1921 fps= 60 q=-0.0 size=   27679KiB time=00:00:32.01 bitrate=7082.0kbits/s speed=   1x    
frame= 1951 fps= 60 q=-0.0 size=   28102KiB time=00:00:32.51 bitrate=7079.8kbits/s speed=   1x    
frame= 1981 fps= 60 q=-0.0 size=   28537KiB time=00:00:33.01 bitrate=7080.4kbits/s speed=   1x    
frame= 2011 fps= 60 q=-0.0 size=   28967KiB time=00:00:33.51 bitrate=7079.9kbits/s speed=   1x    
frame= 2041 fps= 60 q=-0.0 size=   29408KiB time=00:00:34.01 bitrate=7082.2kbits/s speed=   1x    
frame= 2071 fps= 60 q=-0.0 size=   29842KiB time=00:00:34.51 bitrate=7082.6kbits/s speed=   1x    
frame= 2101 fps= 60 q=-0.0 size=   30283KiB time=00:00:35.01 bitrate=7084.6kbits/s speed=   1x    
frame= 2131 fps= 60 q=-0.0 size=   30707KiB time=00:00:35.51 bitrate=7082.7kbits/s speed=   1x    
frame= 2161 fps= 60 q=-0.0 size=   31128KiB time=00:00:36.01 bitrate=7080.2kbits/s speed=   1x    
frame= 2191 fps= 60 q=-0.0 size=   31579KiB time=00:00:36.51 bitrate=7084.3kbits/s speed=   1x    
frame= 2221 fps= 60 q=-0.0 size=   32007KiB time=00:00:37.01 bitrate=7083.4kbits/s speed=   1x    
frame= 2251 fps= 60 q=-0.0 size=   32467KiB time=00:00:37.51 bitrate=7089.5kbits/s speed=   1x    
frame= 2281 fps= 60 q=-0.0 size=   32861KiB time=00:00:38.01 bitrate=7081.0kbits/s speed=   1x    
frame= 2311 fps= 60 q=-0.0 size=   33313KiB time=00:00:38.51 bitrate=7085.3kbits/s speed=   1x    
frame= 2341 fps= 60 q=-0.0 size=   33741KiB time=00:00:39.01 bitrate=7084.3kbits/s speed=   1x    
frame= 2371 fps= 60 q=-0.0 size=   34174KiB time=00:00:39.51 bitrate=7084.4kbits/s speed=   1x    
frame= 2401 fps= 60 q=-0.0 size=   34597KiB time=00:00:40.01 bitrate=7082.4kbits/s speed=   1x    
frame= 2431 fps= 60 q=-0.0 size=   35037KiB time=00:00:40.51 bitrate=7084.0kbits/s speed=   1x    
frame= 2461 fps= 60 q=-0.0 size=   35465KiB time=00:00:41.01 bitrate=7083.2kbits/s speed=   1x    
frame= 2491 fps= 60 q=-0.0 size=   35938KiB time=00:00:41.51 bitrate=7091.2kbits/s speed=   1x    
frame= 2521 fps= 60 q=-0.0 size=   36339KiB time=00:00:42.01 bitrate=7085.0kbits/s speed=   1x    
frame= 2551 fps= 60 q=-0.0 size=   36762KiB time=00:00:42.51 bitrate=7083.1kbits/s speed=   1x    
frame= 2581 fps= 60 q=-0.0 size=   37214KiB time=00:00:43.01 bitrate=7086.9kbits/s speed=   1x    
frame= 2611 fps= 60 q=-0.0 size=   37643KiB time=00:00:43.51 bitrate=7086.2kbits/s speed=   1x    
frame= 2641 fps= 60 q=-0.0 size=   38068KiB time=00:00:44.01 bitrate=7084.8kbits/s speed=   1x    
frame= 2671 fps= 60 q=-0.0 size=   38541KiB time=00:00:44.51 bitrate=7092.3kbits/s speed=   1x    
frame= 2701 fps= 60 q=-0.0 size=   38964KiB time=00:00:45.01 bitrate=7090.5kbits/s speed=   1x    
frame= 2731 fps= 60 q=-0.0 size=   39405KiB time=00:00:45.51 bitrate=7092.1kbits/s speed=   1x    
frame= 2761 fps= 60 q=-0.0 size=   39832KiB time=00:00:46.01 bitrate=7091.1kbits/s speed=   1x    
frame= 2791 fps= 60 q=-0.0 size=   40260KiB time=00:00:46.51 bitrate=7090.2kbits/s speed=   1x    
frame= 2821 fps= 60 q=-0.0 size=   40692KiB time=00:00:47.01 bitrate=7090.0kbits/s speed=   1x    
frame= 2851 fps= 60 q=-0.0 size=   41125KiB time=00:00:47.51 bitrate=7090.1kbits/s speed=   1x    
frame= 2881 fps= 60 q=-0.0 size=   41552KiB time=00:00:48.01 bitrate=7089.1kbits/s speed=   1x    
frame= 2911 fps= 60 q=-0.0 size=   41974KiB time=00:00:48.51 bitrate=7087.3kbits/s speed=   1x    
frame= 2941 fps= 60 q=-0.0 size=   42431KiB time=00:00:49.01 bitrate=7091.3kbits/s speed=   1x    
frame= 2971 fps= 60 q=-0.0 size=   42843KiB time=00:00:49.51 bitrate=7088.0kbits/s speed=   1x    
frame= 3001 fps= 60 q=-0.0 size=   43280KiB time=00:00:50.01 bitrate=7088.6kbits/s speed=   1x    
frame= 3031 fps= 60 q=-0.0 size=   43723KiB time=00:00:50.51 bitrate=7090.3kbits/s speed=   1x    
frame= 3061 fps= 60 q=-0.0 size=   44130KiB time=00:00:51.01 bitrate=7086.2kbits/s speed=   1x    
frame= 3091 fps= 60 q=-0.0 size=   44576KiB time=00:00:51.51 bitrate=7088.4kbits/s speed=   1x    
frame= 3121 fps= 60 q=-0.0 size=   45000KiB time=00:00:52.01 bitrate=7087.0kbits/s speed=   1x    
frame= 3151 fps= 60 q=-0.0 size=   45448KiB time=00:00:52.51 bitrate=7089.4kbits/s speed=   1x    
frame= 3181 fps= 60 q=-0.0 size=   45872KiB time=00:00:53.01 bitrate=7088.0kbits/s speed=   1x    
frame= 3211 fps= 60 q=-0.0 size=   46303KiB time=00:00:53.51 bitrate=7087.7kbits/s speed=   1x    
frame= 3241 fps= 60 q=-0.0 size=   46741KiB time=00:00:54.01 bitrate=7088.7kbits/s speed=   1x    
frame= 3271 fps= 60 q=-0.0 size=   47151KiB time=00:00:54.51 bitrate=7085.2kbits/s speed=   1x    
frame= 3301 fps= 60 q=-0.0 size=   47595KiB time=00:00:55.01 bitrate=7086.9kbits/s speed=   1x    
frame= 3331 fps= 60 q=-0.0 size=   48042KiB time=00:00:55.51 bitrate=7089.1kbits/s speed=   1x    
frame= 3361 fps= 60 q=-0.0 size=   48472KiB time=00:00:56.01 bitrate=7088.6kbits/s speed=   1x    
frame= 3391 fps= 60 q=-0.0 size=   48904KiB time=00:00:56.51 bitrate=7088.6kbits/s speed=   1x    
frame= 3421 fps= 60 q=-0.0 size=   49347KiB time=00:00:57.01 bitrate=7090.1kbits/s speed=   1x    
frame= 3451 fps= 60 q=-0.0 size=   49768KiB time=00:00:57.51 bitrate=7088.4kbits/s speed=   1x    
frame= 3481 fps= 60 q=-0.0 size=   50211KiB time=00:00:58.01 bitrate=7089.9kbits/s speed=   1x    
frame= 3511 fps= 60 q=-0.0 size=   50629KiB time=00:00:58.51 bitrate=7087.7kbits/s speed=   1x    
frame= 3542 fps= 60 q=-0.0 size=   51119KiB time=00:00:59.03 bitrate=7093.8kbits/s speed=   1x    
frame= 3572 fps= 60 q=-0.0 size=   51564KiB time=00:00:59.53 bitrate=7095.5kbits/s speed=   1x    
frame= 3602 fps= 60 q=-0.0 size=   51975KiB time=00:01:00.03 bitrate=7092.4kbits/s speed=   1x    
frame= 3632 fps= 60 q=-0.0 size=   52417KiB time=00:01:00.53 bitrate=7093.6kbits/s speed=   1x    
frame= 3662 fps= 60 q=-0.0 size=   52883KiB time=00:01:01.03 bitrate=7098.0kbits/s speed=   1x    
frame= 3692 fps= 60 q=-0.0 size=   53254KiB time=00:01:01.53 bitrate=7089.7kbits/s speed=   1x    
frame= 3722 fps= 60 q=-0.0 size=   53728KiB time=00:01:02.03 bitrate=7095.3kbits/s speed=   1x    
frame= 3752 fps= 60 q=-0.0 size=   54140KiB time=00:01:02.53 bitrate=7092.4kbits/s speed=   1x    
frame= 3782 fps= 60 q=-0.0 size=   54568KiB time=00:01:03.03 bitrate=7091.8kbits/s speed=   1x    
frame= 3812 fps= 60 q=-0.0 size=   55023KiB time=00:01:03.53 bitrate=7094.6kbits/s speed=   1x    
frame= 3842 fps= 60 q=-0.0 size=   55460KiB time=00:01:04.03 bitrate=7095.2kbits/s speed=   1x    
frame= 3872 fps= 60 q=-0.0 size=   55862KiB time=00:01:04.53 bitrate=7091.3kbits/s speed=   1x    
frame= 3902 fps= 60 q=-0.0 size=   56310KiB time=00:01:05.03 bitrate=7093.2kbits/s speed=   1x    
frame= 3932 fps= 60 q=-0.0 size=   56736KiB time=00:01:05.53 bitrate=7092.3kbits/s speed=   1x    
frame= 3962 fps= 60 q=-0.0 size=   57161KiB time=00:01:06.03 bitrate=7091.3kbits/s speed=   1x    
frame= 3992 fps= 60 q=-0.0 size=   57607KiB time=00:01:06.53 bitrate=7093.0kbits/s speed=   1x    
frame= 4022 fps= 60 q=-0.0 size=   58036KiB time=00:01:07.03 bitrate=7092.5kbits/s speed=   1x    
frame= 4052 fps= 60 q=-0.0 size=   58472KiB time=00:01:07.53 bitrate=7092.9kbits/s speed=   1x    
frame= 4082 fps= 60 q=-0.0 size=   58897KiB time=00:01:08.03 bitrate=7091.9kbits/s speed=   1x    
frame= 4112 fps= 60 q=-0.0 size=   59332KiB time=00:01:08.53 bitrate=7092.1kbits/s speed=   1x    
frame= 4142 fps= 60 q=-0.0 size=   59752KiB time=00:01:09.03 bitrate=7090.6kbits/s speed=   1x    
frame= 4172 fps= 60 q=-0.0 size=   60233KiB time=00:01:09.53 bitrate=7096.3kbits/s speed=   1x    
frame= 4202 fps= 60 q=-0.0 size=   60564KiB time=00:01:10.03 bitrate=7084.4kbits/s speed=   1x    
frame= 4232 fps= 60 q=-0.0 size=   61119KiB time=00:01:10.53 bitrate=7098.6kbits/s speed=   1x    
frame= 4262 fps= 60 q=-0.0 size=   61475KiB time=00:01:11.03 bitrate=7089.7kbits/s speed=   1x    
frame= 4292 fps= 60 q=-0.0 size=   61933KiB time=00:01:11.53 bitrate=7092.6kbits/s speed=   1x    
frame= 4322 fps= 60 q=-0.0 size=   62355KiB time=00:01:12.03 bitrate=7091.4kbits/s speed=   1x    
frame= 4352 fps= 60 q=-0.0 size=   62827KiB time=00:01:12.53 bitrate=7095.8kbits/s speed=   1x    
frame= 4382 fps= 60 q=-0.0 size=   63212KiB time=00:01:13.03 bitrate=7090.3kbits/s speed=   1x    
frame= 4412 fps= 60 q=-0.0 size=   63632KiB time=00:01:13.53 bitrate=7088.9kbits/s speed=   1x    
frame= 4442 fps= 60 q=-0.0 size=   64099KiB time=00:01:14.03 bitrate=7092.8kbits/s speed=   1x    
frame= 4472 fps= 60 q=-0.0 size=   64621KiB time=00:01:14.53 bitrate=7102.5kbits/s speed=   1x    
frame= 4502 fps= 60 q=-0.0 size=   64937KiB time=00:01:15.03 bitrate=7089.7kbits/s speed=   1x    
frame= 4532 fps= 60 q=-0.0 size=   65410KiB time=00:01:15.53 bitrate=7094.1kbits/s speed=   1x    
frame= 4562 fps= 60 q=-0.0 size=   65824KiB time=00:01:16.03 bitrate=7092.0kbits/s speed=   1x    
frame= 4592 fps= 60 q=-0.0 size=   66259KiB time=00:01:16.53 bitrate=7092.2kbits/s speed=   1x    
frame= 4622 fps= 60 q=-0.0 size=   66705KiB time=00:01:17.03 bitrate=7093.6kbits/s speed=   1x    
frame= 4652 fps= 60 q=-0.0 size=   67107KiB time=00:01:17.53 bitrate=7090.4kbits/s speed=   1x    
frame= 4682 fps= 60 q=-0.0 size=   67584KiB time=00:01:18.03 bitrate=7095.0kbits/s speed=   1x    
frame= 4712 fps= 60 q=-0.0 size=   67969KiB time=00:01:18.53 bitrate=7090.0kbits/s speed=   1x    
frame= 4742 fps= 60 q=-0.0 size=   68416KiB time=00:01:19.03 bitrate=7091.5kbits/s speed=   1x    
frame= 4772 fps= 60 q=-0.0 size=   68881KiB time=00:01:19.53 bitrate=7094.8kbits/s speed=   1x    
frame= 4802 fps= 60 q=-0.0 size=   69298KiB time=00:01:20.03 bitrate=7093.2kbits/s speed=   1x    
frame= 4832 fps= 60 q=-0.0 size=   69733KiB time=00:01:20.53 bitrate=7093.4kbits/s speed=   1x    
frame= 4862 fps= 60 q=-0.0 size=   70167KiB time=00:01:21.03 bitrate=7093.5kbits/s speed=   1x    
frame= 4892 fps= 60 q=-0.0 size=   70589KiB time=00:01:21.53 bitrate=7092.4kbits/s speed=   1x    
frame= 4922 fps= 60 q=-0.0 size=   71021KiB time=00:01:22.03 bitrate=7092.3kbits/s speed=   1x    
frame= 4952 fps= 60 q=-0.0 size=   71453KiB time=00:01:22.53 bitrate=7092.2kbits/s speed=   1x    
frame= 4982 fps= 60 q=-0.0 size=   71887KiB time=00:01:23.03 bitrate=7092.3kbits/s speed=   1x    
frame= 5012 fps= 60 q=-0.0 size=   72325KiB time=00:01:23.53 bitrate=7092.8kbits/s speed=   1x    
frame= 5042 fps= 60 q=-0.0 size=   72758KiB time=00:01:24.03 bitrate=7092.9kbits/s speed=   1x    
frame= 5072 fps= 60 q=-0.0 size=   73168KiB time=00:01:24.53 bitrate=7090.6kbits/s speed=   1x    
frame= 5102 fps= 60 q=-0.0 size=   73620KiB time=00:01:25.03 bitrate=7092.5kbits/s speed=   1x    
frame= 5132 fps= 60 q=-0.0 size=   74053KiB time=00:01:25.53 bitrate=7092.5kbits/s speed=   1x    
frame= 5162 fps= 60 q=-0.0 size=   74555KiB time=00:01:26.03 bitrate=7099.1kbits/s speed=   1x    
frame= 5192 fps= 60 q=-0.0 size=   74910KiB time=00:01:26.53 bitrate=7091.6kbits/s speed=   1x    
frame= 5222 fps= 60 q=-0.0 size=   75333KiB time=00:01:27.03 bitrate=7090.7kbits/s speed=   1x    
frame= 5252 fps= 60 q=-0.0 size=   75762KiB time=00:01:27.53 bitrate=7090.4kbits/s speed=   1x    
frame= 5282 fps= 60 q=-0.0 size=   76213KiB time=00:01:28.03 bitrate=7092.1kbits/s speed=   1x    
frame= 5312 fps= 60 q=-0.0 size=   76650KiB time=00:01:28.53 bitrate=7092.4kbits/s speed=   1x    
frame= 5342 fps= 60 q=-0.0 size=   77140KiB time=00:01:29.03 bitrate=7097.7kbits/s speed=   1x    
frame= 5372 fps= 60 q=-0.0 size=   77529KiB time=00:01:29.53 bitrate=7093.6kbits/s speed=   1x    
frame= 5402 fps= 60 q=-0.0 size=   77962KiB time=00:01:30.03 bitrate=7093.6kbits/s speed=   1x    
frame= 5432 fps= 60 q=-0.0 size=   78383KiB time=00:01:30.53 bitrate=7092.6kbits/s speed=   1x    
frame= 5462 fps= 60 q=-0.0 size=   78826KiB time=00:01:31.03 bitrate=7093.5kbits/s speed=   1x    
frame= 5492 fps= 60 q=-0.0 size=   79258KiB time=00:01:31.53 bitrate=7093.4kbits/s speed=   1x    
frame= 5522 fps= 60 q=-0.0 size=   79684KiB time=00:01:32.03 bitrate=7092.8kbits/s speed=   1x    
frame= 5552 fps= 60 q=-0.0 size=   80117KiB time=00:01:32.53 bitrate=7092.8kbits/s speed=   1x    
frame= 5582 fps= 60 q=-0.0 size=   80545KiB time=00:01:33.03 bitrate=7092.3kbits/s speed=   1x    
frame= 5612 fps= 60 q=-0.0 size=   80992KiB time=00:01:33.53 bitrate=7093.5kbits/s speed=   1x    
frame= 5642 fps= 60 q=-0.0 size=   81410KiB time=00:01:34.03 bitrate=7092.3kbits/s speed=   1x    
frame= 5672 fps= 60 q=-0.0 size=   81838KiB time=00:01:34.53 bitrate=7091.9kbits/s speed=   1x    
frame= 5702 fps= 60 q=-0.0 size=   82275KiB time=00:01:35.03 bitrate=7092.2kbits/s speed=   1x    
frame= 5732 fps= 60 q=-0.0 size=   82703KiB time=00:01:35.53 bitrate=7091.8kbits/s speed=   1x    
frame= 5762 fps= 60 q=-0.0 size=   83115KiB time=00:01:36.03 bitrate=7090.0kbits/s speed=   1x    
frame= 5792 fps= 60 q=-0.0 size=   83574KiB time=00:01:36.53 bitrate=7092.3kbits/s speed=   1x    
frame= 5822 fps= 60 q=-0.0 size=   84038KiB time=00:01:37.03 bitrate=7094.8kbits/s speed=   1x    
frame= 5852 fps= 60 q=-0.0 size=   84444KiB time=00:01:37.53 bitrate=7092.6kbits/s speed=   1x    
frame= 5882 fps= 60 q=-0.0 size=   84940KiB time=00:01:38.03 bitrate=7097.9kbits/s speed=   1x    
frame= 5912 fps= 60 q=-0.0 size=   85297KiB time=00:01:38.53 bitrate=7091.6kbits/s speed=   1x    
frame= 5942 fps= 60 q=-0.0 size=   85755KiB time=00:01:39.03 bitrate=7093.6kbits/s speed=   1x    
frame= 5972 fps= 60 q=-0.0 size=   86194KiB time=00:01:39.53 bitrate=7094.2kbits/s speed=   1x    
frame= 6002 fps= 60 q=-0.0 size=   86617KiB time=00:01:40.03 bitrate=7093.3kbits/s speed=   1x    
frame= 6032 fps= 60 q=-0.0 size=   87035KiB time=00:01:40.53 bitrate=7092.1kbits/s speed=   1x    
frame= 6062 fps= 60 q=-0.0 size=   87485KiB time=00:01:41.03 bitrate=7093.5kbits/s speed=   1x    
frame= 6092 fps= 60 q=-0.0 size=   87930KiB time=00:01:41.53 bitrate=7094.5kbits/s speed=   1x    
frame= 6122 fps= 60 q=-0.0 size=   88357KiB time=00:01:42.03 bitrate=7093.9kbits/s speed=   1x    
frame= 6152 fps= 60 q=-0.0 size=   88774KiB time=00:01:42.53 bitrate=7092.7kbits/s speed=   1x    
frame= 6182 fps= 60 q=-0.0 size=   89226KiB time=00:01:43.03 bitrate=7094.2kbits/s speed=   1x    
frame= 6212 fps= 60 q=-0.0 size=   89646KiB time=00:01:43.53 bitrate=7093.2kbits/s speed=   1x    
frame= 6242 fps= 60 q=-0.0 size=   90080KiB time=00:01:44.03 bitrate=7093.3kbits/s speed=   1x    
frame= 6272 fps= 60 q=-0.0 size=   90512KiB time=00:01:44.53 bitrate=7093.2kbits/s speed=   1x    
frame= 6302 fps= 60 q=-0.0 size=   91019KiB time=00:01:45.03 bitrate=7099.0kbits/s speed=   1x    
frame= 6332 fps= 60 q=-0.0 size=   91326KiB time=00:01:45.53 bitrate=7089.2kbits/s speed=   1x    
frame= 6362 fps= 60 q=-0.0 size=   91815KiB time=00:01:46.03 bitrate=7093.5kbits/s speed=   1x    
frame= 6392 fps= 60 q=-0.0 size=   92253KiB time=00:01:46.53 bitrate=7093.9kbits/s speed=   1x    
frame= 6422 fps= 60 q=-0.0 size=   92676KiB time=00:01:47.03 bitrate=7093.1kbits/s speed=   1x    
frame= 6452 fps= 60 q=-0.0 size=   93113KiB time=00:01:47.53 bitrate=7093.5kbits/s speed=   1x    
frame= 6482 fps= 60 q=-0.0 size=   93563KiB time=00:01:48.03 bitrate=7094.7kbits/s speed=   1x    
frame= 6512 fps= 60 q=-0.0 size=   93955KiB time=00:01:48.53 bitrate=7091.7kbits/s speed=   1x    
frame= 6542 fps= 60 q=-0.0 size=   94416KiB time=00:01:49.03 bitrate=7093.8kbits/s speed=   1x    
frame= 6572 fps= 60 q=-0.0 size=   94824KiB time=00:01:49.53 bitrate=7091.9kbits/s speed=   1x    
frame= 6602 fps= 60 q=-0.0 size=   95286KiB time=00:01:50.03 bitrate=7094.1kbits/s speed=   1x    
frame= 6632 fps= 60 q=-0.0 size=   95695KiB time=00:01:50.53 bitrate=7092.3kbits/s speed=   1x    
frame= 6662 fps= 60 q=-0.0 size=   96132KiB time=00:01:51.03 bitrate=7092.6kbits/s speed=   1x    
frame= 6692 fps= 60 q=-0.0 size=   96586KiB time=00:01:51.53 bitrate=7094.2kbits/s speed=   1x    
frame= 6722 fps= 60 q=-0.0 size=   97009KiB time=00:01:52.03 bitrate=7093.4kbits/s speed=   1x    
frame= 6752 fps= 60 q=-0.0 size=   97444KiB time=00:01:52.53 bitrate=7093.6kbits/s speed=   1x    
frame= 6782 fps= 60 q=-0.0 size=   97881KiB time=00:01:53.03 bitrate=7093.8kbits/s speed=   1x    
frame= 6812 fps= 60 q=-0.0 size=   98279KiB time=00:01:53.53 bitrate=7091.3kbits/s speed=   1x    
frame= 6842 fps= 60 q=-0.0 size=   98733KiB time=00:01:54.03 bitrate=7092.9kbits/s speed=   1x    
frame= 6872 fps= 60 q=-0.0 size=   99161KiB time=00:01:54.53 bitrate=7092.5kbits/s speed=   1x    
frame= 6902 fps= 60 q=-0.0 size=   99578KiB time=00:01:55.03 bitrate=7091.4kbits/s speed=   1x    
frame= 6932 fps= 60 q=-0.0 size=  100010KiB time=00:01:55.53 bitrate=7091.3kbits/s speed=   1x    
frame= 6962 fps= 60 q=-0.0 size=  100367KiB time=00:01:56.03 bitrate=7085.9kbits/s speed=   1x    
frame= 6992 fps= 60 q=-0.0 size=  100807KiB time=00:01:56.53 bitrate=7086.5kbits/s speed=   1x    
frame= 7022 fps= 60 q=-0.0 size=  101250KiB time=00:01:57.03 bitrate=7087.2kbits/s speed=   1x    
frame= 7052 fps= 60 q=-0.0 size=  101753KiB time=00:01:57.53 bitrate=7092.1kbits/s speed=   1x    
frame= 7082 fps= 60 q=-0.0 size=  102186KiB time=00:01:58.03 bitrate=7092.1kbits/s speed=   1x    
frame= 7112 fps= 60 q=-0.0 size=  102593KiB time=00:01:58.53 bitrate=7090.3kbits/s speed=   1x    
frame= 7142 fps= 60 q=-0.0 size=  102866KiB time=00:01:59.03 bitrate=7079.3kbits/s speed=   1x    
frame= 7172 fps= 60 q=-0.0 size=  103314KiB time=00:01:59.53 bitrate=7080.4kbits/s speed=   1x    
frame= 7202 fps= 60 q=-0.0 size=  103928KiB time=00:02:00.03 bitrate=7092.8kbits/s speed=   1x    
frame= 7232 fps= 60 q=-0.0 size=  104362KiB time=00:02:00.53 bitrate=7093.0kbits/s speed=   1x    
frame= 7262 fps= 60 q=-0.0 size=  104807KiB time=00:02:01.03 bitrate=7093.7kbits/s speed=   1x    
frame= 7292 fps= 60 q=-0.0 size=  105214KiB time=00:02:01.53 bitrate=7092.0kbits/s speed=   1x    
frame= 7322 fps= 60 q=-0.0 size=  105633KiB time=00:02:02.03 bitrate=7091.1kbits/s speed=   1x    
frame= 7352 fps= 60 q=-0.0 size=  106034KiB time=00:02:02.53 bitrate=7088.9kbits/s speed=   1x    
frame= 7382 fps= 60 q=-0.0 size=  106453KiB time=00:02:03.03 bitrate=7088.0kbits/s speed=   1x    
frame= 7412 fps= 60 q=-0.0 size=  106883KiB time=00:02:03.53 bitrate=7087.8kbits/s speed=   1x    
frame= 7442 fps= 60 q=-0.0 size=  107318KiB time=00:02:04.03 bitrate=7088.0kbits/s speed=   1x    
frame= 7472 fps= 60 q=-0.0 size=  107742KiB time=00:02:04.53 bitrate=7087.4kbits/s speed=   1x    
frame= 7502 fps= 60 q=-0.0 size=  108177KiB time=00:02:05.03 bitrate=7087.6kbits/s speed=   1x    
frame= 7532 fps= 60 q=-0.0 size=  108605KiB time=00:02:05.53 bitrate=7087.3kbits/s speed=   1x    
frame= 7562 fps= 60 q=-0.0 size=  109108KiB time=00:02:06.03 bitrate=7091.9kbits/s speed=   1x    
frame= 7593 fps= 60 q=-0.0 size=  109457KiB time=00:02:06.55 bitrate=7085.5kbits/s speed=   1x    
frame= 7623 fps= 60 q=-0.0 size=  109803KiB time=00:02:07.05 bitrate=7079.9kbits/s speed=   1x    
frame= 7653 fps= 60 q=-0.0 size=  110236KiB time=00:02:07.55 bitrate=7080.0kbits/s speed=   1x    
frame= 7683 fps= 60 q=-0.0 size=  110862KiB time=00:02:08.05 bitrate=7092.4kbits/s speed=   1x    
frame= 7713 fps= 60 q=-0.0 size=  111301KiB time=00:02:08.55 bitrate=7092.8kbits/s speed=   1x    
frame= 7743 fps= 60 q=-0.0 size=  111768KiB time=00:02:09.05 bitrate=7094.9kbits/s speed=   1x    
frame= 7773 fps= 60 q=-0.0 size=  112206KiB time=00:02:09.55 bitrate=7095.3kbits/s speed=   1x    
frame= 7803 fps= 60 q=-0.0 size=  112635KiB time=00:02:10.05 bitrate=7095.0kbits/s speed=   1x    
frame= 7833 fps= 60 q=-0.0 size=  113059KiB time=00:02:10.55 bitrate=7094.4kbits/s speed=   1x    
frame= 7863 fps= 60 q=-0.0 size=  113489KiB time=00:02:11.05 bitrate=7094.2kbits/s speed=   1x    
frame= 7893 fps= 60 q=-0.0 size=  113931KiB time=00:02:11.55 bitrate=7094.8kbits/s speed=   1x    
frame= 7923 fps= 60 q=-0.0 size=  114358KiB time=00:02:12.05 bitrate=7094.4kbits/s speed=   1x    
frame= 7953 fps= 60 q=-0.0 size=  114801KiB time=00:02:12.55 bitrate=7095.0kbits/s speed=   1x    
frame= 7983 fps= 60 q=-0.0 size=  115226KiB time=00:02:13.05 bitrate=7094.6kbits/s speed=   1x    
frame= 8013 fps= 60 q=-0.0 size=  115631KiB time=00:02:13.55 bitrate=7092.8kbits/s speed=   1x    
frame= 8043 fps= 60 q=-0.0 size=  116083KiB time=00:02:14.05 bitrate=7094.0kbits/s speed=   1x    
frame= 8073 fps= 60 q=-0.0 size=  116573KiB time=00:02:14.55 bitrate=7097.5kbits/s speed=   1x    
frame= 8103 fps= 60 q=-0.0 size=  116947KiB time=00:02:15.05 bitrate=7093.9kbits/s speed=   1x    
frame= 8133 fps= 60 q=-0.0 size=  117372KiB time=00:02:15.55 bitrate=7093.4kbits/s speed=   1x    
frame= 8163 fps= 60 q=-0.0 size=  117809KiB time=00:02:16.05 bitrate=7093.7kbits/s speed=   1x    
frame= 8193 fps= 60 q=-0.0 size=  118242KiB time=00:02:16.55 bitrate=7093.6kbits/s speed=   1x    
frame= 8223 fps= 60 q=-0.0 size=  118688KiB time=00:02:17.05 bitrate=7094.4kbits/s speed=   1x    
frame= 8253 fps= 60 q=-0.0 size=  119105KiB time=00:02:17.55 bitrate=7093.5kbits/s speed=   1x    
frame= 8283 fps= 60 q=-0.0 size=  119551KiB time=00:02:18.05 bitrate=7094.3kbits/s speed=   1x    
frame= 8313 fps= 60 q=-0.0 size=  119975KiB time=00:02:18.55 bitrate=7093.7kbits/s speed=   1x    
frame= 8343 fps= 60 q=-0.0 size=  120395KiB time=00:02:19.05 bitrate=7093.0kbits/s speed=   1x    
frame= 8373 fps= 60 q=-0.0 size=  120824KiB time=00:02:19.55 bitrate=7092.8kbits/s speed=   1x    
frame= 8403 fps= 60 q=-0.0 size=  121268KiB time=00:02:20.05 bitrate=7093.4kbits/s speed=   1x    
frame= 8433 fps= 60 q=-0.0 size=  121698KiB time=00:02:20.55 bitrate=7093.2kbits/s speed=   1x    
frame= 8463 fps= 60 q=-0.0 size=  122121KiB time=00:02:21.05 bitrate=7092.6kbits/s speed=   1x    
frame= 8493 fps= 60 q=-0.0 size=  122554KiB time=00:02:21.55 bitrate=7092.6kbits/s speed=   1x    
frame= 8523 fps= 60 q=-0.0 size=  123003KiB time=00:02:22.05 bitrate=7093.6kbits/s speed=   1x    
frame= 8553 fps= 60 q=-0.0 size=  123430KiB time=00:02:22.55 bitrate=7093.2kbits/s speed=   1x    
frame= 8583 fps= 60 q=-0.0 size=  123871KiB time=00:02:23.05 bitrate=7093.7kbits/s speed=   1x    
frame= 8613 fps= 60 q=-0.0 size=  124292KiB time=00:02:23.55 bitrate=7093.0kbits/s speed=   1x    
frame= 8643 fps= 60 q=-0.0 size=  124732KiB time=00:02:24.05 bitrate=7093.4kbits/s speed=   1x    
frame= 8673 fps= 60 q=-0.0 size=  125168KiB time=00:02:24.55 bitrate=7093.6kbits/s speed=   1x    
frame= 8703 fps= 60 q=-0.0 size=  125614KiB time=00:02:25.05 bitrate=7094.3kbits/s speed=   1x    
frame= 8733 fps= 60 q=-0.0 size=  126042KiB time=00:02:25.55 bitrate=7094.0kbits/s speed=   1x    
frame= 8763 fps= 60 q=-0.0 size=  126464KiB time=00:02:26.05 bitrate=7093.4kbits/s speed=   1x    
frame= 8793 fps= 60 q=-0.0 size=  126891KiB time=00:02:26.55 bitrate=7093.1kbits/s speed=   1x    
frame= 8823 fps= 60 q=-0.0 size=  127329KiB time=00:02:27.05 bitrate=7093.3kbits/s speed=   1x    
frame= 8853 fps= 60 q=-0.0 size=  127755KiB time=00:02:27.55 bitrate=7093.0kbits/s speed=   1x    
frame= 8883 fps= 60 q=-0.0 size=  128209KiB time=00:02:28.05 bitrate=7094.1kbits/s speed=   1x    
frame= 8913 fps= 60 q=-0.0 size=  128624KiB time=00:02:28.55 bitrate=7093.2kbits/s speed=   1x    
frame= 8943 fps= 60 q=-0.0 size=  129055KiB time=00:02:29.05 bitrate=7093.0kbits/s speed=   1x    
frame= 8973 fps= 60 q=-0.0 size=  129489KiB time=00:02:29.55 bitrate=7093.1kbits/s speed=   1x    
frame= 9003 fps= 60 q=-0.0 size=  129937KiB time=00:02:30.05 bitrate=7093.9kbits/s speed=   1x    
frame= 9033 fps= 60 q=-0.0 size=  130360KiB time=00:02:30.55 bitrate=7093.4kbits/s speed=   1x    
frame= 9063 fps= 60 q=-0.0 size=  130794KiB time=00:02:31.05 bitrate=7093.4kbits/s speed=   1x    
frame= 9093 fps= 60 q=-0.0 size=  131212KiB time=00:02:31.55 bitrate=7092.6kbits/s speed=   1x    
frame= 9123 fps= 60 q=-0.0 size=  131667KiB time=00:02:32.05 bitrate=7093.8kbits/s speed=   1x    
frame= 9153 fps= 60 q=-0.0 size=  132084KiB time=00:02:32.55 bitrate=7093.0kbits/s speed=   1x    
frame= 9183 fps= 60 q=-0.0 size=  132518KiB time=00:02:33.05 bitrate=7093.0kbits/s speed=   1x    
frame= 9213 fps= 60 q=-0.0 size=  132956KiB time=00:02:33.55 bitrate=7093.3kbits/s speed=   1x    
frame= 9243 fps= 60 q=-0.0 size=  133393KiB time=00:02:34.05 bitrate=7093.5kbits/s speed=   1x    
frame= 9273 fps= 60 q=-0.0 size=  133834KiB time=00:02:34.55 bitrate=7093.9kbits/s speed=   1x    
frame= 9303 fps= 60 q=-0.0 size=  134258KiB time=00:02:35.05 bitrate=7093.5kbits/s speed=   1x    
frame= 9333 fps= 60 q=-0.0 size=  134688KiB time=00:02:35.55 bitrate=7093.3kbits/s speed=   1x    
frame= 9363 fps= 60 q=-0.0 size=  135116KiB time=00:02:36.05 bitrate=7093.0kbits/s speed=   1x    
frame= 9393 fps= 60 q=-0.0 size=  135556KiB time=00:02:36.55 bitrate=7093.4kbits/s speed=   1x    
frame= 9423 fps= 60 q=-0.0 size=  135984KiB time=00:02:37.05 bitrate=7093.2kbits/s speed=   1x    
frame= 9453 fps= 60 q=-0.0 size=  136427KiB time=00:02:37.55 bitrate=7093.7kbits/s speed=   1x    
frame= 9483 fps= 60 q=-0.0 size=  136846KiB time=00:02:38.05 bitrate=7092.9kbits/s speed=   1x    
frame= 9513 fps= 60 q=-0.0 size=  137290KiB time=00:02:38.55 bitrate=7093.5kbits/s speed=   1x    
frame= 9543 fps= 60 q=-0.0 size=  137728KiB time=00:02:39.05 bitrate=7093.8kbits/s speed=   1x    
frame= 9573 fps= 60 q=-0.0 size=  138152KiB time=00:02:39.55 bitrate=7093.3kbits/s speed=   1x    
frame= 9603 fps= 60 q=-0.0 size=  138575KiB time=00:02:40.05 bitrate=7092.8kbits/s speed=   1x    
frame= 9633 fps= 60 q=-0.0 size=  139033KiB time=00:02:40.55 bitrate=7094.1kbits/s speed=   1x    
frame= 9663 fps= 60 q=-0.0 size=  139446KiB time=00:02:41.05 bitrate=7093.1kbits/s speed=   1x    
frame= 9693 fps= 60 q=-0.0 size=  139894KiB time=00:02:41.55 bitrate=7093.8kbits/s speed=   1x    
frame= 9723 fps= 60 q=-0.0 size=  140312KiB time=00:02:42.05 bitrate=7093.1kbits/s speed=   1x    
frame= 9753 fps= 60 q=-0.0 size=  140749KiB time=00:02:42.55 bitrate=7093.3kbits/s speed=   1x    
frame= 9783 fps= 60 q=-0.0 size=  141175KiB time=00:02:43.05 bitrate=7093.0kbits/s speed=   1x    
frame= 9813 fps= 60 q=-0.0 size=  141625KiB time=00:02:43.55 bitrate=7093.8kbits/s speed=   1x    
frame= 9843 fps= 60 q=-0.0 size=  142054KiB time=00:02:44.05 bitrate=7093.6kbits/s speed=   1x    
frame= 9873 fps= 60 q=-0.0 size=  142474KiB time=00:02:44.55 bitrate=7093.0kbits/s speed=   1x    
frame= 9903 fps= 60 q=-0.0 size=  142910KiB time=00:02:45.05 bitrate=7093.1kbits/s speed=   1x    
frame= 9933 fps= 60 q=-0.0 size=  143366KiB time=00:02:45.55 bitrate=7094.2kbits/s speed=   1x    
frame= 9963 fps= 60 q=-0.0 size=  143794KiB time=00:02:46.05 bitrate=7094.0kbits/s speed=   1x    
frame= 9993 fps= 60 q=-0.0 size=  144203KiB time=00:02:46.55 bitrate=7092.8kbits/s speed=   1x    
frame=10023 fps= 60 q=-0.0 size=  144652KiB time=00:02:47.05 bitrate=7093.6kbits/s speed=   1x    
frame=10053 fps= 60 q=-0.0 size=  145081KiB time=00:02:47.55 bitrate=7093.4kbits/s speed=   1x    
frame=10083 fps= 60 q=-0.0 size=  145528KiB time=00:02:48.05 bitrate=7094.1kbits/s speed=   1x    
frame=10113 fps= 60 q=-0.0 size=  145944KiB time=00:02:48.55 bitrate=7093.3kbits/s speed=   1x    
frame=10143 fps= 60 q=-0.0 size=  146413KiB time=00:02:49.05 bitrate=7095.0kbits/s speed=   1x    
frame=10173 fps= 60 q=-0.0 size=  146682KiB time=00:02:49.55 bitrate=7087.1kbits/s speed=   1x    
frame=10203 fps= 60 q=-0.0 size=  147045KiB time=00:02:50.05 bitrate=7083.7kbits/s speed=   1x    
frame=10233 fps= 60 q=-0.0 size=  147478KiB time=00:02:50.55 bitrate=7083.8kbits/s speed=   1x    
frame=10263 fps= 60 q=-0.0 size=  147911KiB time=00:02:51.05 bitrate=7083.8kbits/s speed=   1x    
frame=10293 fps= 60 q=-0.0 size=  148764KiB time=00:02:51.55 bitrate=7103.9kbits/s speed=   1x    
frame=10323 fps= 60 q=-0.0 size=  148957KiB time=00:02:52.05 bitrate=7092.5kbits/s speed=   1x    
frame=10353 fps= 60 q=-0.0 size=  149412KiB time=00:02:52.55 bitrate=7093.5kbits/s speed=   1x    
frame=10383 fps= 60 q=-0.0 size=  149853KiB time=00:02:53.05 bitrate=7093.9kbits/s speed=   1x    
frame=10413 fps= 60 q=-0.0 size=  150297KiB time=00:02:53.55 bitrate=7094.4kbits/s speed=   1x    
frame=10443 fps= 60 q=-0.0 size=  150743KiB time=00:02:54.05 bitrate=7095.0kbits/s speed=   1x    
frame=10473 fps= 60 q=-0.0 size=  151152KiB time=00:02:54.55 bitrate=7093.9kbits/s speed=   1x    
frame=10503 fps= 60 q=-0.0 size=  151569KiB time=00:02:55.05 bitrate=7093.1kbits/s speed=   1x    
frame=10533 fps= 60 q=-0.0 size=  152032KiB time=00:02:55.55 bitrate=7094.5kbits/s speed=   1x    
frame=10563 fps= 60 q=-0.0 size=  152456KiB time=00:02:56.05 bitrate=7094.1kbits/s speed=   1x    
frame=10593 fps= 60 q=-0.0 size=  152893KiB time=00:02:56.55 bitrate=7094.3kbits/s speed=   1x    
frame=10623 fps= 60 q=-0.0 size=  153322KiB time=00:02:57.05 bitrate=7094.1kbits/s speed=   1x    
frame=10653 fps= 60 q=-0.0 size=  153756KiB time=00:02:57.55 bitrate=7094.1kbits/s speed=   1x    
frame=10683 fps= 60 q=-0.0 size=  154185KiB time=00:02:58.05 bitrate=7094.0kbits/s speed=   1x    
frame=10713 fps= 60 q=-0.0 size=  154630KiB time=00:02:58.55 bitrate=7094.5kbits/s speed=   1x    
frame=10743 fps= 60 q=-0.0 size=  154840KiB time=00:02:59.05 bitrate=7084.3kbits/s speed=   1x    
frame=10773 fps= 60 q=-0.0 size=  155273KiB time=00:02:59.55 bitrate=7084.3kbits/s speed=   1x    
frame=10803 fps= 60 q=-0.0 size=  155706KiB time=00:03:00.05 bitrate=7084.4kbits/s speed=   1x    
frame=10833 fps= 60 q=-0.0 size=  156139KiB time=00:03:00.55 bitrate=7084.4kbits/s speed=   1x    
frame=10863 fps= 60 q=-0.0 size=  156572KiB time=00:03:01.05 bitrate=7084.5kbits/s speed=   1x    
frame=10893 fps= 60 q=-0.0 size=  157005KiB time=00:03:01.55 bitrate=7084.5kbits/s speed=   1x    
frame=10923 fps= 60 q=-0.0 size=  157439KiB time=00:03:02.05 bitrate=7084.5kbits/s speed=   1x    
frame=10953 fps= 60 q=-0.0 size=  157872KiB time=00:03:02.55 bitrate=7084.6kbits/s speed=   1x    
frame=10983 fps= 60 q=-0.0 size=  158305KiB time=00:03:03.05 bitrate=7084.6kbits/s speed=   1x    
frame=11013 fps= 60 q=-0.0 size=  158738KiB time=00:03:03.55 bitrate=7084.6kbits/s speed=   1x    
frame=11043 fps= 60 q=-0.0 size=  159171KiB time=00:03:04.05 bitrate=7084.6kbits/s speed=   1x    
frame=11073 fps= 60 q=-0.0 size=  159678KiB time=00:03:04.55 bitrate=7088.0kbits/s speed=   1x    
frame=11103 fps= 60 q=-0.0 size=  160227KiB time=00:03:05.05 bitrate=7093.1kbits/s speed=   1x    
frame=11133 fps= 60 q=-0.0 size=  160681KiB time=00:03:05.55 bitrate=7094.0kbits/s speed=   1x    
frame=11163 fps= 60 q=-0.0 size=  161115KiB time=00:03:06.05 bitrate=7094.1kbits/s speed=   1x    
frame=11193 fps= 60 q=-0.0 size=  161542KiB time=00:03:06.55 bitrate=7093.8kbits/s speed=   1x    
frame=11223 fps= 60 q=-0.0 size=  161966KiB time=00:03:07.05 bitrate=7093.4kbits/s speed=   1x    
frame=11253 fps= 60 q=-0.0 size=  162415KiB time=00:03:07.55 bitrate=7094.1kbits/s speed=   1x    
frame=11283 fps= 60 q=-0.0 size=  162842KiB time=00:03:08.05 bitrate=7093.9kbits/s speed=   1x    
frame=11313 fps= 60 q=-0.0 size=  163296KiB time=00:03:08.55 bitrate=7094.8kbits/s speed=   1x    
frame=11343 fps= 60 q=-0.0 size=  163707KiB time=00:03:09.05 bitrate=7093.8kbits/s speed=   1x    
frame=11373 fps= 60 q=-0.0 size=  164124KiB time=00:03:09.55 bitrate=7093.2kbits/s speed=   1x    
frame=11403 fps= 60 q=-0.0 size=  164574KiB time=00:03:10.05 bitrate=7093.9kbits/s speed=   1x    
frame=11433 fps= 60 q=-0.0 size=  165008KiB time=00:03:10.55 bitrate=7093.9kbits/s speed=   1x    
frame=11463 fps= 60 q=-0.0 size=  165432KiB time=00:03:11.05 bitrate=7093.5kbits/s speed=   1x    
frame=11493 fps= 60 q=-0.0 size=  165870KiB time=00:03:11.55 bitrate=7093.7kbits/s speed=   1x    
frame=11523 fps= 60 q=-0.0 size=  166324KiB time=00:03:12.05 bitrate=7094.6kbits/s speed=   1x    
frame=11553 fps= 60 q=-0.0 size=  166752KiB time=00:03:12.55 bitrate=7094.4kbits/s speed=   1x    
frame=11583 fps= 60 q=-0.0 size=  167163KiB time=00:03:13.05 bitrate=7093.5kbits/s speed=   1x    
frame=11613 fps= 60 q=-0.0 size=  167588KiB time=00:03:13.55 bitrate=7093.2kbits/s speed=   1x    
frame=11643 fps= 60 q=-0.0 size=  168067KiB time=00:03:14.05 bitrate=7095.1kbits/s speed=   1x    
frame=11673 fps= 60 q=-0.0 size=  168466KiB time=00:03:14.55 bitrate=7093.7kbits/s speed=   1x    
frame=11703 fps= 60 q=-0.0 size=  168927KiB time=00:03:15.05 bitrate=7094.8kbits/s speed=   1x    
[out#0/rtp @ 0x5622884ffb00] video:167278KiB audio:0KiB subtitle:0KiB other streams:0KiB global headers:0KiB muxing overhead: 1.244828%
frame=11735 fps= 60 q=-0.0 Lsize=  169360KiB time=00:03:15.58 bitrate=7093.7kbits/s speed=   1x    
Exiting normally, received signal 15.
