[night 05:43:10Z] sampler already running
[night 05:43:10Z] last session_ended 2026-09-24T05:42:27.448Z; T1 not before 06:23:27Z
[night 06:23:30Z] T1 (T) begins
[T1 06:23:30Z] mode=T hold/timeout=1500s probe_args=--traversals 10 --no-park heartbeat_ms=default
[T1 06:23:35Z] companion MainPID 284812 serving 8765; PRIVYHUB_* in its environ: 0
[T1] before launch: any_override False cap 90000 profile cushion 12 17 profile redundancy 2 4 profile -> ADOPTED
[T1] at PLAYING: any_override False cap 90000 profile cushion 12 17 profile redundancy 2 4 profile -> ADOPTED
[T1 06:24:17Z] telemetry fresh before the probe: True
[T1 06:24:17Z] PLAYING; probe starts at 2026-09-24T06:24:17Z (timeout 1500s, SIGINT), zero input
[T1 06:38:43Z] probe exit 0; state copied (1ccda436a77fbd51...)
[T1 06:38:43Z] bitrate before BACK: 7000
[T1 06:38:43Z] adb client processes seen during hold: 27 (# polls 1672)
[T1 06:38:46Z] report: native_decoder_20260924_063845_903.json
[frames] 867 seconds in the session window
[heartbeat] 431 lines
[T1 06:39:10Z] game active after stop: False
[T1 06:39:10Z] done
[night 06:39:10Z] T1 (T) harness exit 0
[night 06:39:11Z] T1 finalize exit 0 (run 20260924_022417)
[night 06:39:11Z] T1 c3_l3a_runs files left: 0
[night 06:39:11Z] H1 (H) begins
[H1 06:39:11Z] mode=H hold/timeout=866s probe_args=none heartbeat_ms=default
[H1 06:39:15Z] companion MainPID 294718 serving 8765; PRIVYHUB_* in its environ: 0
[H1] before launch: any_override False cap 90000 profile cushion 12 17 profile redundancy 2 4 profile -> ADOPTED
[H1] at PLAYING: any_override False cap 90000 profile cushion 12 17 profile redundancy 2 4 profile -> ADOPTED
[H1 06:39:54Z] PLAYING at 2026-09-24T06:39:54Z; holding 866s, zero input
[H1 06:54:20Z] adb client processes seen during hold: 29 (# polls 1674)
[H1 06:54:22Z] report: native_decoder_20260924_065422_311.json
[frames] 867 seconds in the session window
[heartbeat] 431 lines
[H1 06:54:45Z] game active after stop: False
[H1 06:54:45Z] done
[night 06:54:45Z] H1 (H) harness exit 0
[night 06:54:45Z] T2 (T) begins
[T2 06:54:45Z] mode=T hold/timeout=1500s probe_args=--traversals 10 --no-park heartbeat_ms=default
[T2 06:54:49Z] companion MainPID 303577 serving 8765; PRIVYHUB_* in its environ: 0
[T2] before launch: any_override False cap 90000 profile cushion 12 17 profile redundancy 2 4 profile -> ADOPTED
[T2] at PLAYING: any_override False cap 90000 profile cushion 12 17 profile redundancy 2 4 profile -> ADOPTED
[T2 06:55:29Z] telemetry fresh before the probe: True
[T2 06:55:29Z] PLAYING; probe starts at 2026-09-24T06:55:29Z (timeout 1500s, SIGINT), zero input
[T2 07:09:00Z] probe exit 0; state copied (716250c4c81bd548...)
[T2 07:09:00Z] bitrate before BACK: 7000
[T2 07:09:00Z] adb client processes seen during hold: 28 (# polls 1567)
[T2 07:09:02Z] report: native_decoder_20260924_070901_991.json
[frames] 812 seconds in the session window
[heartbeat] 404 lines
[T2 07:09:24Z] game active after stop: False
[T2 07:09:24Z] done
[night 07:09:24Z] T2 (T) harness exit 0
[night 07:09:25Z] T2 finalize exit 0 (run 20260924_025529)
[night 07:09:25Z] T2 c3_l3a_runs files left: 0
[night 07:09:25Z] H2 (H) begins
[H2 07:09:25Z] mode=H hold/timeout=811s probe_args=none heartbeat_ms=default
[H2 07:09:29Z] companion MainPID 312805 serving 8765; PRIVYHUB_* in its environ: 0
[H2] before launch: any_override False cap 90000 profile cushion 12 17 profile redundancy 2 4 profile -> ADOPTED
[H2] at PLAYING: any_override False cap 90000 profile cushion 12 17 profile redundancy 2 4 profile -> ADOPTED
[H2 07:10:08Z] PLAYING at 2026-09-24T07:10:08Z; holding 811s, zero input
[H2 07:23:39Z] adb client processes seen during hold: 27 (# polls 1568)
[H2 07:23:41Z] report: native_decoder_20260924_072341_344.json
[frames] 812 seconds in the session window
[heartbeat] 404 lines
[H2 07:24:04Z] game active after stop: False
[H2 07:24:04Z] done
[night 07:24:04Z] H2 (H) harness exit 0
[night 07:24:04Z] T3 (T) begins
[T3 07:24:04Z] mode=T hold/timeout=1500s probe_args=--traversals 10 --no-park heartbeat_ms=default
[T3 07:24:08Z] companion MainPID 321143 serving 8765; PRIVYHUB_* in its environ: 0
[T3] before launch: any_override False cap 90000 profile cushion 12 17 profile redundancy 2 4 profile -> ADOPTED
[T3] at PLAYING: any_override False cap 90000 profile cushion 12 17 profile redundancy 2 4 profile -> ADOPTED
[T3 07:24:48Z] telemetry fresh before the probe: True
[T3 07:24:48Z] PLAYING; probe starts at 2026-09-24T07:24:48Z (timeout 1500s, SIGINT), zero input
[T3 07:38:11Z] probe exit 0; state copied (c998a0761e716dd7...)
[T3 07:38:11Z] bitrate before BACK: 7000
[T3 07:38:12Z] adb client processes seen during hold: 27 (# polls 1552)
[T3 07:38:14Z] report: native_decoder_20260924_073814_029.json
[frames] 804 seconds in the session window
[heartbeat] 400 lines
[T3 07:38:38Z] game active after stop: False
[T3 07:38:38Z] done
[night 07:38:38Z] T3 (T) harness exit 0
[night 07:38:39Z] T3 finalize exit 0 (run 20260924_032449)
[night 07:38:39Z] T3 c3_l3a_runs files left: 0
[night 07:38:39Z] H3 (H) begins
[H3 07:38:39Z] mode=H hold/timeout=803s probe_args=none heartbeat_ms=default
[H3 07:38:43Z] companion MainPID 330296 serving 8765; PRIVYHUB_* in its environ: 0
[H3] before launch: any_override False cap 90000 profile cushion 12 17 profile redundancy 2 4 profile -> ADOPTED
[H3] at PLAYING: any_override False cap 90000 profile cushion 12 17 profile redundancy 2 4 profile -> ADOPTED
[H3 07:39:24Z] PLAYING at 2026-09-24T07:39:24Z; holding 803s, zero input
[H3 07:52:47Z] adb client processes seen during hold: 25 (# polls 1552)
[H3 07:52:49Z] report: native_decoder_20260924_075248_964.json
[frames] 804 seconds in the session window
[heartbeat] 400 lines
[H3 07:53:13Z] game active after stop: False
[H3 07:53:13Z] done
[night 07:53:13Z] H3 (H) harness exit 0
[night 07:53:55Z] sampler rows 804
[night 07:54:06Z] teardown: game active False; NOW PLAYING on the launcher: 0; MainPID 330296; 8765 330296; PRIVYHUB_* environ 0 manager 0
[night] bitrate 7000 cap 90000 profile cushion 12 17 profile redundancy 2 4 profile any_override False
[night 07:54:06Z] night done
