[night 05:39:49Z] sampler started (10 s)
[night 05:39:49Z] T0 (T) begins
[T0 05:39:49Z] mode=T hold/timeout=600s probe_args=--traversals 2 --dwell-min 40 --dwell-max 50 --no-park heartbeat_ms=default
[T0 05:39:54Z] companion MainPID 280219 serving 8765; PRIVYHUB_* in its environ: 0
[T0] before launch: any_override False cap 90000 profile cushion 12 17 profile redundancy 2 4 profile -> ADOPTED
[T0] at PLAYING: any_override False cap 90000 profile cushion 12 17 profile redundancy 2 4 profile -> ADOPTED
[T0 05:40:45Z] telemetry fresh before the probe: True
[T0 05:40:45Z] PLAYING; probe starts at 2026-09-24T05:40:45Z (timeout 600s, SIGINT), zero input
[T0 05:42:25Z] probe exit 0; state copied (ee77dc405b32d230...)
[T0 05:42:25Z] bitrate before BACK: 7000
[T0 05:42:25Z] adb client processes seen during hold: 4 (# polls 194)
[T0 05:42:27Z] report: native_decoder_20260924_054227_412.json
[frames] 101 seconds in the session window
[heartbeat] 50 lines
[T0 05:42:52Z] game active after stop: False
[T0 05:42:52Z] done
[night 05:42:52Z] T0 (T) harness exit 0
[night 05:42:52Z] T0 finalize exit 0 (run 20260924_014045)
[night 05:42:52Z] T0 c3_l3a_runs files left: 0
[night 05:42:52Z] T0 step done
