{"schema": "privyhub_native_stream_recovery_v1", "at_utc": "2026-09-20T19:43:58.359Z", "event": "session_started", "state": "PLAYING"}
{"schema": "privyhub_native_stream_recovery_v1", "at_utc": "2026-09-20T19:44:46.399Z", "event": "session_ended", "state": "PLAYING"}
{"schema": "privyhub_native_stream_recovery_v1", "at_utc": "2026-09-20T19:47:03.558Z", "event": "session_started", "state": "PLAYING"}
{"schema": "privyhub_native_stream_recovery_v1", "at_utc": "2026-09-20T19:47:30.208Z", "event": "desync_pause", "state": "PAUSED_RECOVERING", "trigger": "client_output_silence", "age_ms": 1101.0, "pause_error": null}
{"schema": "privyhub_native_stream_recovery_v1", "at_utc": "2026-09-20T19:47:33.445Z", "event": "encoder_restart", "state": "PAUSED_RECOVERING", "attempt": 1, "backoff_ms": 5000, "last_output_age_ms": 2635, "cycle": {"capture_restarted": false, "capture_process_present": false, "encoder_restarted": true, "source_width": 879, "source_height": 720, "ffmpeg_spawn_ms": 216.759, "encoder_down_ms": 215.914, "first_rtp_resume_ms": 368.808, "rtp_silence_after_spawn_ms": 152.049, "rtp_baseline_residual_packets": 70, "host_verified_ms": 1121.102}, "restart_error": null}
{"schema": "privyhub_native_stream_recovery_v1", "at_utc": "2026-09-20T19:47:34.817Z", "event": "resumed", "state": "PLAYING", "from_state": "PAUSED_RECOVERING", "recovering_ms": 4700, "restarts": 1}
{"schema": "privyhub_native_stream_recovery_v1", "at_utc": "2026-09-20T19:47:53.098Z", "event": "session_ended", "state": "PLAYING"}
{"schema": "privyhub_native_stream_recovery_v1", "at_utc": "2026-09-20T19:48:35.872Z", "event": "session_started", "state": "PLAYING"}
{"schema": "privyhub_native_stream_recovery_v1", "at_utc": "2026-09-20T19:49:02.482Z", "event": "desync_pause", "state": "PAUSED_RECOVERING", "trigger": "client_output_silence", "age_ms": 1079.0, "pause_error": null}
{"schema": "privyhub_native_stream_recovery_v1", "at_utc": "2026-09-20T19:49:16.398Z", "event": "encoder_restart", "state": "PAUSED_RECOVERING", "attempt": 1, "backoff_ms": 5000, "last_output_age_ms": 2609, "cycle": null, "restart_error": "NativeStreamError: C3 actuator continuity diagnostic failed: RuntimeError"}
{"schema": "privyhub_native_stream_recovery_v1", "at_utc": "2026-09-20T19:49:26.403Z", "event": "encoder_restart", "state": "PAUSED_RECOVERING", "attempt": 2, "backoff_ms": 10000, "last_output_age_ms": 24982, "cycle": null, "restart_error": "NativeStreamError: C3 actuator continuity diagnostic failed: RuntimeError"}
{"schema": "privyhub_native_stream_recovery_v1", "at_utc": "2026-09-20T19:49:37.352Z", "event": "session_ended", "state": "PAUSED_RECOVERING"}
{"schema": "privyhub_native_stream_recovery_v1", "at_utc": "2026-09-20T19:51:04.731Z", "event": "session_started", "state": "PLAYING"}
{"schema": "privyhub_native_stream_recovery_v1", "at_utc": "2026-09-20T19:51:31.363Z", "event": "desync_pause", "state": "PAUSED_RECOVERING", "trigger": "client_output_silence", "age_ms": 1018.0, "pause_error": null}
{"schema": "privyhub_native_stream_recovery_v1", "at_utc": "2026-09-20T19:51:45.501Z", "event": "encoder_restart", "state": "PAUSED_RECOVERING", "attempt": 1, "backoff_ms": 5000, "last_output_age_ms": 2555, "cycle": null, "restart_error": "NativeStreamError: C3 actuator continuity diagnostic failed: RuntimeError"}
{"schema": "privyhub_native_stream_recovery_v1", "at_utc": "2026-09-20T19:51:55.505Z", "event": "encoder_restart", "state": "PAUSED_RECOVERING", "attempt": 2, "backoff_ms": 10000, "last_output_age_ms": 24899, "cycle": null, "restart_error": "NativeStreamError: C3 actuator continuity diagnostic failed: RuntimeError"}
{"schema": "privyhub_native_stream_recovery_v1", "at_utc": "2026-09-20T19:52:15.514Z", "event": "encoder_restart", "state": "PAUSED_RECOVERING", "attempt": 3, "backoff_ms": 20000, "last_output_age_ms": 45226, "cycle": null, "restart_error": "NativeStreamError: C3 actuator continuity diagnostic failed: RuntimeError"}
{"schema": "privyhub_native_stream_recovery_v1", "at_utc": "2026-09-20T19:52:45.527Z", "event": "encoder_restart", "state": "PAUSED_RECOVERING", "attempt": 4, "backoff_ms": 30000, "last_output_age_ms": 73633, "cycle": null, "restart_error": "NativeStreamError: C3 actuator continuity diagnostic failed: RuntimeError"}
{"schema": "privyhub_native_stream_recovery_v1", "at_utc": "2026-09-20T19:53:15.541Z", "event": "encoder_restart", "state": "PAUSED_RECOVERING", "attempt": 5, "backoff_ms": 30000, "last_output_age_ms": 104049, "cycle": null, "restart_error": "NativeStreamError: C3 actuator continuity diagnostic failed: RuntimeError"}
{"schema": "privyhub_native_stream_recovery_v1", "at_utc": "2026-09-20T19:53:31.573Z", "event": "gave_up_saved", "state": "PAUSED_SAVED", "restarts": 5, "state_file": "data/games/retroarch/states/Beetle PSX HW/Tekken 3 (USA).state.recovery", "save_error": null}
{"schema": "privyhub_native_stream_recovery_v1", "at_utc": "2026-09-20T19:54:40.034Z", "event": "session_ended", "state": "PAUSED_SAVED"}
