{"schema": "privyhub_native_stream_recovery_v1", "at_utc": "2026-09-20T20:02:34.412Z", "event": "session_started", "state": "PLAYING"}
{"schema": "privyhub_native_stream_recovery_v1", "at_utc": "2026-09-20T20:03:22.360Z", "event": "session_ended", "state": "PLAYING"}
{"schema": "privyhub_native_stream_recovery_v1", "at_utc": "2026-09-20T20:03:48.975Z", "event": "session_started", "state": "PLAYING"}
{"schema": "privyhub_native_stream_recovery_v1", "at_utc": "2026-09-20T20:04:15.658Z", "event": "desync_pause", "state": "PAUSED_RECOVERING", "trigger": "client_output_silence", "age_ms": 1095.0, "pause_error": null}
{"schema": "privyhub_native_stream_recovery_v1", "at_utc": "2026-09-20T20:04:18.916Z", "event": "encoder_restart", "state": "PAUSED_RECOVERING", "attempt": 1, "backoff_ms": 5000, "last_output_age_ms": 1614, "cycle": {"capture_restarted": false, "capture_process_present": false, "encoder_restarted": true, "source_width": 879, "source_height": 720, "ffmpeg_spawn_ms": 266.814, "encoder_down_ms": 266.187, "first_rtp_resume_ms": 419.607, "rtp_silence_after_spawn_ms": 152.793, "rtp_baseline_residual_packets": 157, "host_verified_ms": 1172.632}, "restart_error": null}
{"schema": "privyhub_native_stream_recovery_v1", "at_utc": "2026-09-20T20:04:20.820Z", "event": "resumed", "state": "PLAYING", "from_state": "PAUSED_RECOVERING", "recovering_ms": 5251, "restarts": 1}
{"schema": "privyhub_native_stream_recovery_v1", "at_utc": "2026-09-20T20:04:43.404Z", "event": "session_ended", "state": "PLAYING"}
{"schema": "privyhub_native_stream_recovery_v1", "at_utc": "2026-09-20T20:05:12.934Z", "event": "session_started", "state": "PLAYING"}
{"schema": "privyhub_native_stream_recovery_v1", "at_utc": "2026-09-20T20:05:40.068Z", "event": "desync_pause", "state": "PAUSED_RECOVERING", "trigger": "client_output_silence", "age_ms": 1492.0, "pause_error": null}
{"schema": "privyhub_native_stream_recovery_v1", "at_utc": "2026-09-20T20:05:53.629Z", "event": "encoder_restart", "state": "PAUSED_RECOVERING", "attempt": 1, "backoff_ms": 5000, "last_output_age_ms": 3030, "cycle": null, "restart_error": "NativeStreamError: C3 actuator continuity diagnostic failed: RuntimeError"}
{"schema": "privyhub_native_stream_recovery_v1", "at_utc": "2026-09-20T20:06:03.635Z", "event": "encoder_restart", "state": "PAUSED_RECOVERING", "attempt": 2, "backoff_ms": 10000, "last_output_age_ms": 23417, "cycle": null, "restart_error": "NativeStreamError: C3 actuator continuity diagnostic failed: RuntimeError"}
{"schema": "privyhub_native_stream_recovery_v1", "at_utc": "2026-09-20T20:06:23.645Z", "event": "encoder_restart", "state": "PAUSED_RECOVERING", "attempt": 3, "backoff_ms": 20000, "last_output_age_ms": 43783, "cycle": null, "restart_error": "NativeStreamError: C3 actuator continuity diagnostic failed: RuntimeError"}
{"schema": "privyhub_native_stream_recovery_v1", "at_utc": "2026-09-20T20:06:24.473Z", "event": "session_ended", "state": "PAUSED_RECOVERING"}
{"schema": "privyhub_native_stream_recovery_v1", "at_utc": "2026-09-20T20:06:51.252Z", "event": "session_started", "state": "PLAYING"}
{"schema": "privyhub_native_stream_recovery_v1", "at_utc": "2026-09-20T20:07:18.369Z", "event": "desync_pause", "state": "PAUSED_RECOVERING", "trigger": "client_output_silence", "age_ms": 1418.0, "pause_error": null}
{"schema": "privyhub_native_stream_recovery_v1", "at_utc": "2026-09-20T20:07:32.524Z", "event": "encoder_restart", "state": "PAUSED_RECOVERING", "attempt": 1, "backoff_ms": 5000, "last_output_age_ms": 2440, "cycle": null, "restart_error": "NativeStreamError: C3 actuator continuity diagnostic failed: RuntimeError"}
{"schema": "privyhub_native_stream_recovery_v1", "at_utc": "2026-09-20T20:07:42.529Z", "event": "encoder_restart", "state": "PAUSED_RECOVERING", "attempt": 2, "backoff_ms": 10000, "last_output_age_ms": 24810, "cycle": null, "restart_error": "NativeStreamError: C3 actuator continuity diagnostic failed: RuntimeError"}
{"schema": "privyhub_native_stream_recovery_v1", "at_utc": "2026-09-20T20:08:02.538Z", "event": "encoder_restart", "state": "PAUSED_RECOVERING", "attempt": 3, "backoff_ms": 20000, "last_output_age_ms": 45135, "cycle": null, "restart_error": "NativeStreamError: C3 actuator continuity diagnostic failed: RuntimeError"}
{"schema": "privyhub_native_stream_recovery_v1", "at_utc": "2026-09-20T20:08:32.554Z", "event": "encoder_restart", "state": "PAUSED_RECOVERING", "attempt": 4, "backoff_ms": 30000, "last_output_age_ms": 75596, "cycle": null, "restart_error": "NativeStreamError: C3 actuator continuity diagnostic failed: RuntimeError"}
{"schema": "privyhub_native_stream_recovery_v1", "at_utc": "2026-09-20T20:09:02.570Z", "event": "encoder_restart", "state": "PAUSED_RECOVERING", "attempt": 5, "backoff_ms": 30000, "last_output_age_ms": 104008, "cycle": null, "restart_error": "NativeStreamError: C3 actuator continuity diagnostic failed: RuntimeError"}
{"schema": "privyhub_native_stream_recovery_v1", "at_utc": "2026-09-20T20:09:18.612Z", "event": "gave_up_saved", "state": "PAUSED_SAVED", "restarts": 5, "state_file": "data/games/retroarch/states/Beetle PSX HW/Tekken 3 (USA).state.recovery", "save_error": null}
{"schema": "privyhub_native_stream_recovery_v1", "at_utc": "2026-09-20T20:10:17.759Z", "event": "session_ended", "state": "PAUSED_SAVED"}
