[day 2026-09-30T16:01:02Z / 12:01EDT] LINK-L1 day driver; H1 at 2026-09-30 12:40 EDT; first hold H1
[day 2026-09-30T16:01:06Z / 12:01EDT] air snapshot B0_before_H1
[day 2026-09-30T16:40:10Z / 12:40EDT] H1 try 0 begins (local hour 12)
[day 2026-09-30T17:02:15Z / 13:02EDT] H1 try 0 night exit 0
[day 2026-09-30T18:40:05Z / 14:40EDT] air snapshot between_H1_H2
[day 2026-09-30T20:40:10Z / 16:40EDT] H2 try 0 begins (local hour 16)
[day 2026-09-30T21:02:20Z / 17:02EDT] H2 try 0 night exit 0
[day 2026-09-30T22:40:05Z / 18:40EDT] air snapshot between_H2_H3
[day 2026-10-01T00:40:11Z / 20:40EDT] H3 try 0 begins (local hour 20)
[day 2026-10-01T01:02:19Z / 21:02EDT] H3 try 0 night exit 0
[day 2026-10-01T02:40:06Z / 22:40EDT] air snapshot between_H3_H4
[day 2026-10-01T04:40:12Z / 00:40EDT] H4 try 0 begins (local hour 00)
[day 2026-10-01T05:02:26Z / 01:02EDT] H4 try 0 night exit 0
[day 2026-10-01T06:40:07Z / 02:40EDT] air snapshot between_H4_H5
[day 2026-10-01T08:40:13Z / 04:40EDT] H5 try 0 begins (local hour 04)
[day 2026-10-01T09:02:19Z / 05:02EDT] H5 try 0 night exit 0
[day 2026-10-01T10:40:08Z / 06:40EDT] air snapshot between_H5_H6
[day 2026-10-01T12:40:13Z / 08:40EDT] H6 try 0 begins (local hour 08)
[day 2026-10-01T13:02:25Z / 09:02EDT] H6 try 0 night exit 0
[day 2026-10-01T13:02:47Z / 09:02EDT] day done
