[ctrl 20:19:49Z] last session_ended 2026-09-24T19:36:59.037Z; C not before 20:17:59Z
[C] sampler=off heartbeat_ms=default cushion=profile/profile
[C] env: MAX_FRAME_SIZE=unset BUFSIZE_K=unset BYTE_CAP=unset
[C] env | grep PRIVYHUB_ENC ->
    (nothing, as the validating run requires)
[C] companion MainPID 358864 serving 8765
[C] cushion env in companion environ: 
[C] audio_cushion {'queue_target_packets': 12, 'queue_capacity_packets': 17, 'packet_ms': 5, 'target_ms': 60, 'capacity_ms': 85, 'source': 'profile', 'env_ignored': False, 'default_queue_target_packets': 12, 'default_queue_capacity_packets': 17}
[C] encoder argv: ... 7000k -bufsize 7000k -max_frame_size 90000 -g 15 -bf 0 -payload_type 96 -f rtp rtp://<ipv4>:48110?pkt_size=1200
[C] overrides: max_frame_size=90000 bufsize_kbits=None
[C] relay byte cap under test: None
[C] audio_cushion at PLAYING: {'queue_target_packets': 12, 'queue_capacity_packets': 17, 'packet_ms': 5, 'target_ms': 60, 'capacity_ms': 85, 'source': 'profile', 'env_ignored': False, 'default_queue_target_packets': 12, 'default_queue_capacity_packets': 17}
[C] any_override False max_frame_size 90000 profile
[C] PLAYING at 2026-09-24T20:20:41Z; holding 1200s, zero input
[C] adb client processes seen during hold: 37 (# polls 2314)
[C] report: native_decoder_20260924_204042_818.json
[frames] 1201 seconds in the session window
[heartbeat] 597 lines
[C] game active after stop: False
[C] done
[W1] sampler=off heartbeat_ms=default cushion=profile/profile
[W1] env: MAX_FRAME_SIZE=unset BUFSIZE_K=unset BYTE_CAP=unset
[W1] env | grep PRIVYHUB_ENC ->
    (nothing, as the validating run requires)
[W1] companion MainPID 374264 serving 8765
[W1] cushion env in companion environ: 
[W1] audio_cushion {'queue_target_packets': 12, 'queue_capacity_packets': 17, 'packet_ms': 5, 'target_ms': 60, 'capacity_ms': 85, 'source': 'profile', 'env_ignored': False, 'default_queue_target_packets': 12, 'default_queue_capacity_packets': 17}
[W1] encoder argv: ... 7000k -bufsize 7000k -max_frame_size 90000 -g 15 -bf 0 -payload_type 96 -f rtp rtp://<ipv4>:48110?pkt_size=1200
[W1] overrides: max_frame_size=90000 bufsize_kbits=None
[W1] relay byte cap under test: None
[W1] audio_cushion at PLAYING: {'queue_target_packets': 12, 'queue_capacity_packets': 17, 'packet_ms': 5, 'target_ms': 60, 'capacity_ms': 85, 'source': 'profile', 'env_ignored': False, 'default_queue_target_packets': 12, 'default_queue_capacity_packets': 17}
[W1] any_override False max_frame_size 90000 profile
[W1] PLAYING at 2026-09-24T20:41:55Z; holding 1200s, zero input
[W1] adb client processes seen during hold: 38 (# polls 2314)
[W1] report: native_decoder_20260924_210157_157.json
[frames] 1201 seconds in the session window
[heartbeat] 598 lines
[W1] game active after stop: False
[W1] done
[W2] sampler=off heartbeat_ms=default cushion=profile/profile
[W2] env: MAX_FRAME_SIZE=unset BUFSIZE_K=unset BYTE_CAP=unset
[W2] env | grep PRIVYHUB_ENC ->
    (nothing, as the validating run requires)
[W2] companion MainPID 388913 serving 8765
[W2] cushion env in companion environ: 
[W2] audio_cushion {'queue_target_packets': 12, 'queue_capacity_packets': 17, 'packet_ms': 5, 'target_ms': 60, 'capacity_ms': 85, 'source': 'profile', 'env_ignored': False, 'default_queue_target_packets': 12, 'default_queue_capacity_packets': 17}
[W2] encoder argv: ... 7000k -bufsize 7000k -max_frame_size 90000 -g 15 -bf 0 -payload_type 96 -f rtp rtp://<ipv4>:48110?pkt_size=1200
[W2] overrides: max_frame_size=90000 bufsize_kbits=None
[W2] relay byte cap under test: None
[W2] audio_cushion at PLAYING: {'queue_target_packets': 12, 'queue_capacity_packets': 17, 'packet_ms': 5, 'target_ms': 60, 'capacity_ms': 85, 'source': 'profile', 'env_ignored': False, 'default_queue_target_packets': 12, 'default_queue_capacity_packets': 17}
[W2] any_override False max_frame_size 90000 profile
[W2] PLAYING at 2026-09-24T21:03:06Z; holding 1200s, zero input
[W2] adb client processes seen during hold: 41 (# polls 2313)
[W2] report: native_decoder_20260924_212308_223.json
[frames] 1201 seconds in the session window
[heartbeat] 597 lines
[W2] game active after stop: False
[W2] done
[ctrl 21:24:18Z] sampler rows t2 386 host 386; MainPID 388913; 8765 388913; PRIVYHUB_* environ 0 manager 0
[ctrl] cap 90000 profile cushion 12 17 profile redundancy 2 4 profile any_override False bitrate 7000
[ctrl] game active False
[ctrl 21:24:18Z] done
