[p10 19:43:54Z] W copies=1 onn cpu before start 55.4 C
[W] sampler=off heartbeat_ms=default cushion=profile/profile
[W] env: MAX_FRAME_SIZE=unset BUFSIZE_K=unset BYTE_CAP=unset
[W] env | grep PRIVYHUB_ENC ->
    (nothing, as the validating run requires)
[W] companion MainPID 194524 serving 8765
[W] cushion env in companion environ: 
[W] audio_cushion {'queue_target_packets': 12, 'queue_capacity_packets': 17, 'packet_ms': 5, 'target_ms': 60, 'capacity_ms': 85, 'source': 'profile', 'env_ignored': False, 'default_queue_target_packets': 12, 'default_queue_capacity_packets': 17}
[W] encoder argv: ... 7000k -bufsize 7000k -max_frame_size 90000 -g 15 -bf 0 -payload_type 96 -f rtp rtp://127.0.0.1:48110?pkt_size=1200
[W] overrides: max_frame_size=90000 bufsize_kbits=None
[W] relay byte cap under test: None
[W] audio_cushion at PLAYING: {'queue_target_packets': 12, 'queue_capacity_packets': 17, 'packet_ms': 5, 'target_ms': 60, 'capacity_ms': 85, 'source': 'profile', 'env_ignored': False, 'default_queue_target_packets': 12, 'default_queue_capacity_packets': 17}
[W] any_override False max_frame_size 90000 profile
[W] PLAYING at 2026-09-23T19:44:35Z; holding 720s, zero input
[W] adb client processes seen during hold: 24 (# polls 1389)
[W] report: native_decoder_20260923_195637_825.json
[frames] 721 seconds in the session window
[heartbeat] 358 lines
[W] game active after stop: False
[W] done
[p10 19:57:05Z] onn 65.6 C < 67 after warm-up: extending (W1, 300 s)
[p10 19:57:05Z] W1 copies=1 onn cpu before start 65.6 C
[W1] sampler=off heartbeat_ms=default cushion=profile/profile
[W1] env: MAX_FRAME_SIZE=unset BUFSIZE_K=unset BYTE_CAP=unset
[W1] env | grep PRIVYHUB_ENC ->
    (nothing, as the validating run requires)
[W1] companion MainPID 203352 serving 8765
[W1] cushion env in companion environ: 
[W1] audio_cushion {'queue_target_packets': 12, 'queue_capacity_packets': 17, 'packet_ms': 5, 'target_ms': 60, 'capacity_ms': 85, 'source': 'profile', 'env_ignored': False, 'default_queue_target_packets': 12, 'default_queue_capacity_packets': 17}
[W1] encoder argv: ... 7000k -bufsize 7000k -max_frame_size 90000 -g 15 -bf 0 -payload_type 96 -f rtp rtp://127.0.0.1:48110?pkt_size=1200
[W1] overrides: max_frame_size=90000 bufsize_kbits=None
[W1] relay byte cap under test: None
[W1] audio_cushion at PLAYING: {'queue_target_packets': 12, 'queue_capacity_packets': 17, 'packet_ms': 5, 'target_ms': 60, 'capacity_ms': 85, 'source': 'profile', 'env_ignored': False, 'default_queue_target_packets': 12, 'default_queue_capacity_packets': 17}
[W1] any_override False max_frame_size 90000 profile
[W1] PLAYING at 2026-09-23T19:57:46Z; holding 300s, zero input
[W1] adb client processes seen during hold: 8 (# polls 577)
[W1] report: native_decoder_20260923_200248_311.json
[frames] 301 seconds in the session window
[heartbeat] 149 lines
[W1] game active after stop: False
[W1] done
[p10 20:03:18Z] onn 66.2 C < 67 after warm-up: extending (W2, 300 s)
[p10 20:03:18Z] W2 copies=1 onn cpu before start 66.2 C
[W2] sampler=off heartbeat_ms=default cushion=profile/profile
[W2] env: MAX_FRAME_SIZE=unset BUFSIZE_K=unset BYTE_CAP=unset
[W2] env | grep PRIVYHUB_ENC ->
    (nothing, as the validating run requires)
[W2] companion MainPID 207318 serving 8765
[W2] cushion env in companion environ: 
[W2] audio_cushion {'queue_target_packets': 12, 'queue_capacity_packets': 17, 'packet_ms': 5, 'target_ms': 60, 'capacity_ms': 85, 'source': 'profile', 'env_ignored': False, 'default_queue_target_packets': 12, 'default_queue_capacity_packets': 17}
[W2] encoder argv: ... 7000k -bufsize 7000k -max_frame_size 90000 -g 15 -bf 0 -payload_type 96 -f rtp rtp://127.0.0.1:48110?pkt_size=1200
[W2] overrides: max_frame_size=90000 bufsize_kbits=None
[W2] relay byte cap under test: None
[W2] audio_cushion at PLAYING: {'queue_target_packets': 12, 'queue_capacity_packets': 17, 'packet_ms': 5, 'target_ms': 60, 'capacity_ms': 85, 'source': 'profile', 'env_ignored': False, 'default_queue_target_packets': 12, 'default_queue_capacity_packets': 17}
[W2] any_override False max_frame_size 90000 profile
[W2] PLAYING at 2026-09-23T20:04:03Z; holding 300s, zero input
[W2] adb client processes seen during hold: 9 (# polls 579)
[W2] report: native_decoder_20260923_200904_976.json
[frames] 301 seconds in the session window
[heartbeat] 149 lines
[W2] game active after stop: False
[W2] done
[p10 20:09:32Z] A1 copies=1 onn cpu before start 63.7 C
[A1] sampler=off heartbeat_ms=default cushion=profile/profile
[A1] env: MAX_FRAME_SIZE=unset BUFSIZE_K=unset BYTE_CAP=unset
[A1] env | grep PRIVYHUB_ENC ->
    (nothing, as the validating run requires)
[A1] companion MainPID 211304 serving 8765
[A1] cushion env in companion environ: 
[A1] audio_cushion {'queue_target_packets': 12, 'queue_capacity_packets': 17, 'packet_ms': 5, 'target_ms': 60, 'capacity_ms': 85, 'source': 'profile', 'env_ignored': False, 'default_queue_target_packets': 12, 'default_queue_capacity_packets': 17}
[A1] encoder argv: ... 7000k -bufsize 7000k -max_frame_size 90000 -g 15 -bf 0 -payload_type 96 -f rtp rtp://127.0.0.1:48110?pkt_size=1200
[A1] overrides: max_frame_size=90000 bufsize_kbits=None
[A1] relay byte cap under test: None
[A1] audio_cushion at PLAYING: {'queue_target_packets': 12, 'queue_capacity_packets': 17, 'packet_ms': 5, 'target_ms': 60, 'capacity_ms': 85, 'source': 'profile', 'env_ignored': False, 'default_queue_target_packets': 12, 'default_queue_capacity_packets': 17}
[A1] any_override False max_frame_size 90000 profile
[A1] PLAYING at 2026-09-23T20:10:13Z; holding 600s, zero input
[A1] adb client processes seen during hold: 23 (# polls 1156)
[A1] report: native_decoder_20260923_202015_609.json
[frames] 601 seconds in the session window
[heartbeat] 298 lines
[A1] game active after stop: False
[A1] done
[p10 20:20:43Z] B1 copies=2 onn cpu before start 64.2 C
[B1] sampler=off heartbeat_ms=default cushion=profile/profile
[B1] env: MAX_FRAME_SIZE=unset BUFSIZE_K=unset BYTE_CAP=unset
[B1] env | grep PRIVYHUB_ENC ->
    (nothing, as the validating run requires)
[B1] companion MainPID 218741 serving 8765
[B1] cushion env in companion environ: 
[B1] audio_cushion {'queue_target_packets': 12, 'queue_capacity_packets': 17, 'packet_ms': 5, 'target_ms': 60, 'capacity_ms': 85, 'source': 'profile', 'env_ignored': False, 'default_queue_target_packets': 12, 'default_queue_capacity_packets': 17}
[B1] encoder argv: ... 7000k -bufsize 7000k -max_frame_size 90000 -g 15 -bf 0 -payload_type 96 -f rtp rtp://127.0.0.1:48110?pkt_size=1200
[B1] overrides: max_frame_size=90000 bufsize_kbits=None
[B1] relay byte cap under test: None
[B1] audio_cushion at PLAYING: {'queue_target_packets': 12, 'queue_capacity_packets': 17, 'packet_ms': 5, 'target_ms': 60, 'capacity_ms': 85, 'source': 'profile', 'env_ignored': False, 'default_queue_target_packets': 12, 'default_queue_capacity_packets': 17}
[B1] any_override False max_frame_size 90000 profile
[B1] PLAYING at 2026-09-23T20:21:24Z; holding 600s, zero input
[B1] adb client processes seen during hold: 21 (# polls 1157)
[B1] report: native_decoder_20260923_203126_086.json
[frames] 601 seconds in the session window
[heartbeat] 299 lines
[B1] game active after stop: False
[B1] done
[p10 20:31:53Z] A2 copies=1 onn cpu before start 64.7 C
[A2] sampler=off heartbeat_ms=default cushion=profile/profile
[A2] env: MAX_FRAME_SIZE=unset BUFSIZE_K=unset BYTE_CAP=unset
[A2] env | grep PRIVYHUB_ENC ->
    (nothing, as the validating run requires)
[A2] companion MainPID 226167 serving 8765
[A2] cushion env in companion environ: 
[A2] audio_cushion {'queue_target_packets': 12, 'queue_capacity_packets': 17, 'packet_ms': 5, 'target_ms': 60, 'capacity_ms': 85, 'source': 'profile', 'env_ignored': False, 'default_queue_target_packets': 12, 'default_queue_capacity_packets': 17}
[A2] encoder argv: ... 7000k -bufsize 7000k -max_frame_size 90000 -g 15 -bf 0 -payload_type 96 -f rtp rtp://127.0.0.1:48110?pkt_size=1200
[A2] overrides: max_frame_size=90000 bufsize_kbits=None
[A2] relay byte cap under test: None
[A2] audio_cushion at PLAYING: {'queue_target_packets': 12, 'queue_capacity_packets': 17, 'packet_ms': 5, 'target_ms': 60, 'capacity_ms': 85, 'source': 'profile', 'env_ignored': False, 'default_queue_target_packets': 12, 'default_queue_capacity_packets': 17}
[A2] any_override False max_frame_size 90000 profile
[A2] PLAYING at 2026-09-23T20:32:35Z; holding 600s, zero input
[A2] adb client processes seen during hold: 17 (# polls 1158)
[A2] report: native_decoder_20260923_204237_021.json
[frames] 601 seconds in the session window
[heartbeat] 299 lines
[A2] game active after stop: False
[A2] done
[p10 20:43:05Z] B2 copies=2 onn cpu before start 65.5 C
[B2] sampler=off heartbeat_ms=default cushion=profile/profile
[B2] env: MAX_FRAME_SIZE=unset BUFSIZE_K=unset BYTE_CAP=unset
[B2] env | grep PRIVYHUB_ENC ->
    (nothing, as the validating run requires)
[B2] companion MainPID 233623 serving 8765
[B2] cushion env in companion environ: 
[B2] audio_cushion {'queue_target_packets': 12, 'queue_capacity_packets': 17, 'packet_ms': 5, 'target_ms': 60, 'capacity_ms': 85, 'source': 'profile', 'env_ignored': False, 'default_queue_target_packets': 12, 'default_queue_capacity_packets': 17}
[B2] encoder argv: ... 7000k -bufsize 7000k -max_frame_size 90000 -g 15 -bf 0 -payload_type 96 -f rtp rtp://127.0.0.1:48110?pkt_size=1200
[B2] overrides: max_frame_size=90000 bufsize_kbits=None
[B2] relay byte cap under test: None
[B2] audio_cushion at PLAYING: {'queue_target_packets': 12, 'queue_capacity_packets': 17, 'packet_ms': 5, 'target_ms': 60, 'capacity_ms': 85, 'source': 'profile', 'env_ignored': False, 'default_queue_target_packets': 12, 'default_queue_capacity_packets': 17}
[B2] any_override False max_frame_size 90000 profile
[B2] PLAYING at 2026-09-23T20:43:47Z; holding 600s, zero input
[B2] adb client processes seen during hold: 20 (# polls 1157)
[B2] report: native_decoder_20260923_205349_174.json
[frames] 601 seconds in the session window
[heartbeat] 299 lines
[B2] game active after stop: False
[B2] done
[p10 20:54:49Z] sampler rows 428
[p10 20:54:49Z] done
[p10 20:54:59Z] restore: MainPID 241042; 8765 241042; PRIVYHUB_* environ 0 manager 0
[p10] cushion 12 17 profile redundancy 1 4 profile any_override False
