
========================================================================
Starting PrivyHub Linux native-video backend v0.7
Profile: native_game_1080p60_c3_80pct_cap90 1920x1080@60, 12600/12600 kbps H.264 VAAPI, GOP=15, BF=0
Capture backend: exact X11 window via x11grab
Capture: managed RetroArch window (pid=1413308, window_id=60817410, discovered=1920x1080)
Window title: RetroArch Beetle PSX HW <ipv4> 82d8e05 || FPS:  61.27 || Frames: 512
Video FEC: XOR 8+1; FFmpeg RTP -> loopback relay -> onn; encoder=12600 kbps
========================================================================
encoder argv: /usr/bin/ffmpeg -hide_banner -loglevel info -nostdin -vaapi_device /dev/dri/renderD128 -f x11grab -framerate 60 -window_id 60817410 -i :0 -vf scale=1920:1080:force_original_aspect_ratio=decrease:flags=fast_bilinear,pad=1920:1080:(ow-iw)/2:(oh-ih)/2:black,format=nv12,hwupload -an -c:v h264_vaapi -profile:v high -b:v 12600k -maxrate 12600k -bufsize 12600k -max_frame_size 90000 -g 15 -bf 0 -payload_type 96 -f rtp rtp://<ipv4>:48110?pkt_size=1200
[x11grab @ 0x55bc531fdc80] Stream #0: not enough frames to estimate rate; consider increasing probesize
Input #0, x11grab, from ':0':
  Duration: N/A, start: 1790873451.390883, bitrate: 3981312 kb/s
  Stream #0:0: Video: rawvideo (BGR[0] / 0x524742), bgr0, 1920x1080, 3981312 kb/s, 60 fps, 1000k tbr, 1000k tbn
Stream mapping:
  Stream #0:0 -> #0:0 (rawvideo (native) -> h264 (h264_vaapi))
Output #0, rtp, to 'rtp://<ipv4>:48110?pkt_size=1200':
  Metadata:
    encoder         : Lavf61.7.103
  Stream #0:0: Video: h264 (High), vaapi(tv, progressive), 1920x1080, q=2-31, 12600 kb/s, 60 fps, 90k tbn
      Metadata:
        encoder         : Lavc61.19.101 h264_vaapi
SDP:
v=0
o=- 0 0 IN IP4 <ipv4>
s=No Name
c=IN IP4 <ipv4>
t=0 0
a=tool:libavformat 61.7.103
m=video 48110 RTP/AVP 96
b=AS:12600
a=rtpmap:96 H264/90000
a=fmtp:96 packetization-mode=1

frame=   30 fps=0.0 q=-0.0 size=     364KiB time=00:00:00.50 bitrate=5965.2kbits/s speed=   1x    
frame=   60 fps= 60 q=-0.0 size=    1143KiB time=00:00:01.00 bitrate=9364.4kbits/s speed=   1x    
frame=   90 fps= 60 q=-0.0 size=    1922KiB time=00:00:01.50 bitrate=10497.5kbits/s speed=   1x    
frame=  120 fps= 60 q=-0.0 size=    2701KiB time=00:00:02.00 bitrate=11064.0kbits/s speed=   1x    
frame=  150 fps= 60 q=-0.0 size=    3480KiB time=00:00:02.50 bitrate=11403.9kbits/s speed=   1x    
frame=  180 fps= 60 q=-0.0 size=    4259KiB time=00:00:03.00 bitrate=11630.6kbits/s speed=   1x    
frame=  210 fps= 60 q=-0.0 size=    5038KiB time=00:00:03.50 bitrate=11792.4kbits/s speed=   1x    
frame=  240 fps= 60 q=-0.0 size=    5817KiB time=00:00:04.00 bitrate=11913.8kbits/s speed=   1x    
frame=  270 fps= 60 q=-0.0 size=    6596KiB time=00:00:04.50 bitrate=12008.2kbits/s speed=   1x    
frame=  300 fps= 60 q=-0.0 size=    7375KiB time=00:00:05.00 bitrate=12083.8kbits/s speed=   1x    
frame=  330 fps= 60 q=-0.0 size=    8154KiB time=00:00:05.50 bitrate=12145.6kbits/s speed=   1x    
frame=  360 fps= 60 q=-0.0 size=    8933KiB time=00:00:06.00 bitrate=12197.1kbits/s speed=   1x    
frame=  390 fps= 60 q=-0.0 size=    9712KiB time=00:00:06.50 bitrate=12240.7kbits/s speed=   1x    
frame=  420 fps= 60 q=-0.0 size=   10491KiB time=00:00:07.00 bitrate=12278.0kbits/s speed=   1x    
frame=  450 fps= 60 q=-0.0 size=   11271KiB time=00:00:07.50 bitrate=12310.4kbits/s speed=   1x    
frame=  480 fps= 60 q=-0.0 size=   12049KiB time=00:00:08.00 bitrate=12338.7kbits/s speed=   1x    
frame=  510 fps= 60 q=-0.0 size=   12828KiB time=00:00:08.50 bitrate=12363.6kbits/s speed=   1x    
frame=  540 fps= 60 q=-0.0 size=   13607KiB time=00:00:09.00 bitrate=12385.8kbits/s speed=   1x    
frame=  570 fps= 60 q=-0.0 size=   14386KiB time=00:00:09.50 bitrate=12405.6kbits/s speed=   1x    
frame=  600 fps= 60 q=-0.0 size=   15165KiB time=00:00:10.00 bitrate=12423.4kbits/s speed=   1x    
frame=  630 fps= 60 q=-0.0 size=   15944KiB time=00:00:10.50 bitrate=12439.5kbits/s speed=   1x    
frame=  660 fps= 60 q=-0.0 size=   16723KiB time=00:00:11.00 bitrate=12454.2kbits/s speed=   1x    
frame=  690 fps= 60 q=-0.0 size=   17502KiB time=00:00:11.50 bitrate=12467.4kbits/s speed=   1x    
frame=  720 fps= 60 q=-0.0 size=   18281KiB time=00:00:12.00 bitrate=12479.5kbits/s speed=   1x    
frame=  750 fps= 60 q=-0.0 size=   19059KiB time=00:00:12.50 bitrate=12490.8kbits/s speed=   1x    
frame=  780 fps= 60 q=-0.0 size=   19838KiB time=00:00:13.00 bitrate=12501.2kbits/s speed=   1x    
frame=  810 fps= 60 q=-0.0 size=   20617KiB time=00:00:13.50 bitrate=12511.0kbits/s speed=   1x    
frame=  840 fps= 60 q=-0.0 size=   21396KiB time=00:00:14.00 bitrate=12520.0kbits/s speed=   1x    
frame=  870 fps= 60 q=-0.0 size=   22175KiB time=00:00:14.50 bitrate=12528.4kbits/s speed=   1x    
frame=  900 fps= 60 q=-0.0 size=   22955KiB time=00:00:15.00 bitrate=12536.2kbits/s speed=   1x    
frame=  930 fps= 60 q=-0.0 size=   23734KiB time=00:00:15.50 bitrate=12543.6kbits/s speed=   1x    
frame=  960 fps= 60 q=-0.0 size=   24513KiB time=00:00:16.00 bitrate=12550.5kbits/s speed=   1x    
frame=  990 fps= 60 q=-0.0 size=   25292KiB time=00:00:16.50 bitrate=12556.9kbits/s speed=   1x    
frame= 1020 fps= 60 q=-0.0 size=   26071KiB time=00:00:17.00 bitrate=12563.0kbits/s speed=   1x    
frame= 1050 fps= 60 q=-0.0 size=   26850KiB time=00:00:17.50 bitrate=12568.7kbits/s speed=   1x    
frame= 1080 fps= 60 q=-0.0 size=   27629KiB time=00:00:18.00 bitrate=12574.1kbits/s speed=   1x    
frame= 1110 fps= 60 q=-0.0 size=   28408KiB time=00:00:18.50 bitrate=12579.3kbits/s speed=   1x    
frame= 1140 fps= 60 q=-0.0 size=   29187KiB time=00:00:19.00 bitrate=12584.1kbits/s speed=   1x    
frame= 1170 fps= 60 q=-0.0 size=   29966KiB time=00:00:19.50 bitrate=12588.7kbits/s speed=   1x    
frame= 1200 fps= 60 q=-0.0 size=   30745KiB time=00:00:20.00 bitrate=12593.1kbits/s speed=   1x    
frame= 1230 fps= 60 q=-0.0 size=   31524KiB time=00:00:20.50 bitrate=12597.3kbits/s speed=   1x    
frame= 1260 fps= 60 q=-0.0 size=   32303KiB time=00:00:21.00 bitrate=12601.2kbits/s speed=   1x    
frame= 1290 fps= 60 q=-0.0 size=   33082KiB time=00:00:21.50 bitrate=12605.0kbits/s speed=   1x    
frame= 1320 fps= 60 q=-0.0 size=   33861KiB time=00:00:22.00 bitrate=12608.5kbits/s speed=   1x    
frame= 1350 fps= 60 q=-0.0 size=   34639KiB time=00:00:22.50 bitrate=12611.8kbits/s speed=   1x    
frame= 1380 fps= 60 q=-0.0 size=   35418KiB time=00:00:23.00 bitrate=12615.0kbits/s speed=   1x    
frame= 1410 fps= 60 q=-0.0 size=   36197KiB time=00:00:23.50 bitrate=12618.0kbits/s speed=   1x    
frame= 1440 fps= 60 q=-0.0 size=   36976KiB time=00:00:24.00 bitrate=12621.0kbits/s speed=   1x    
frame= 1470 fps= 60 q=-0.0 size=   37755KiB time=00:00:24.50 bitrate=12624.0kbits/s speed=   1x    
frame= 1500 fps= 60 q=-0.0 size=   38534KiB time=00:00:25.00 bitrate=12626.7kbits/s speed=   1x    
frame= 1530 fps= 60 q=-0.0 size=   39313KiB time=00:00:25.50 bitrate=12629.3kbits/s speed=   1x    
frame= 1560 fps= 60 q=-0.0 size=   40091KiB time=00:00:26.00 bitrate=12631.9kbits/s speed=   1x    
frame= 1590 fps= 60 q=-0.0 size=   40870KiB time=00:00:26.50 bitrate=12634.3kbits/s speed=   1x    
frame= 1620 fps= 60 q=-0.0 size=   41649KiB time=00:00:27.00 bitrate=12636.7kbits/s speed=   1x    
frame= 1650 fps= 60 q=-0.0 size=   42428KiB time=00:00:27.50 bitrate=12639.0kbits/s speed=   1x    
frame= 1680 fps= 60 q=-0.0 size=   43259KiB time=00:00:28.00 bitrate=12656.4kbits/s speed=   1x    
frame= 1710 fps= 60 q=-0.0 size=   44018KiB time=00:00:28.50 bitrate=12652.4kbits/s speed=   1x    
frame= 1740 fps= 60 q=-0.0 size=   44838KiB time=00:00:29.00 bitrate=12665.9kbits/s speed=   1x    
frame= 1770 fps= 60 q=-0.0 size=   45692KiB time=00:00:29.50 bitrate=12688.4kbits/s speed=   1x    
frame= 1800 fps= 60 q=-0.0 size=   46478KiB time=00:00:30.00 bitrate=12691.7kbits/s speed=   1x    
frame= 1830 fps= 60 q=-0.0 size=   47238KiB time=00:00:30.50 bitrate=12687.7kbits/s speed=   1x    
frame= 1860 fps= 60 q=-0.0 size=   48043KiB time=00:00:31.00 bitrate=12695.8kbits/s speed=   1x    
frame= 1890 fps= 60 q=-0.0 size=   48797KiB time=00:00:31.50 bitrate=12690.3kbits/s speed=   1x    
frame= 1920 fps= 60 q=-0.0 size=   49619KiB time=00:00:32.00 bitrate=12702.5kbits/s speed=   1x    
frame= 1950 fps= 60 q=-0.0 size=   50363KiB time=00:00:32.50 bitrate=12694.5kbits/s speed=   1x    
frame= 1980 fps= 60 q=-0.0 size=   51154KiB time=00:00:33.00 bitrate=12698.5kbits/s speed=   1x    
frame= 2010 fps= 60 q=-0.0 size=   51924KiB time=00:00:33.50 bitrate=12697.3kbits/s speed=   1x    
frame= 2040 fps= 60 q=-0.0 size=   52726KiB time=00:00:34.00 bitrate=12703.8kbits/s speed=   1x    
frame= 2071 fps= 60 q=-0.0 size=   53555KiB time=00:00:34.51 bitrate=12710.6kbits/s speed=   1x    
frame= 2100 fps= 60 q=-0.0 size=   54269KiB time=00:00:35.01 bitrate=12696.1kbits/s speed=   1x    
frame= 2131 fps= 60 q=-0.0 size=   55048KiB time=00:00:35.51 bitrate=12697.0kbits/s speed=   1x    
frame= 2161 fps= 60 q=-0.0 size=   55892KiB time=00:00:36.01 bitrate=12712.5kbits/s speed=   1x    
frame= 2191 fps= 60 q=-0.0 size=   56697KiB time=00:00:36.51 bitrate=12719.2kbits/s speed=   1x    
frame= 2221 fps= 60 q=-0.0 size=   57521KiB time=00:00:37.01 bitrate=12729.7kbits/s speed=   1x    
frame= 2251 fps= 60 q=-0.0 size=   58335KiB time=00:00:37.51 bitrate=12737.7kbits/s speed=   1x    
frame= 2281 fps= 60 q=-0.0 size=   59102KiB time=00:00:38.01 bitrate=12735.5kbits/s speed=   1x    
frame= 2311 fps= 60 q=-0.0 size=   59885KiB time=00:00:38.51 bitrate=12736.8kbits/s speed=   1x    
frame= 2340 fps= 60 q=-0.0 size=   60559KiB time=00:00:39.00 bitrate=12720.4kbits/s speed=   1x    
frame= 2371 fps= 60 q=-0.0 size=   61392KiB time=00:00:39.51 bitrate=12726.9kbits/s speed=   1x    
frame= 2401 fps= 60 q=-0.0 size=   62171KiB time=00:00:40.01 bitrate=12727.2kbits/s speed=   1x    
frame= 2431 fps= 60 q=-0.0 size=   62963KiB time=00:00:40.51 bitrate=12730.4kbits/s speed=   1x    
frame= 2461 fps= 60 q=-0.0 size=   63734KiB time=00:00:41.01 bitrate=12729.2kbits/s speed=   1x    
frame= 2491 fps= 60 q=-0.0 size=   64528KiB time=00:00:41.51 bitrate=12732.6kbits/s speed=   1x    
frame= 2521 fps= 60 q=-0.0 size=   65321KiB time=00:00:42.01 bitrate=12735.6kbits/s speed=   1x    
frame= 2551 fps= 60 q=-0.0 size=   66101KiB time=00:00:42.51 bitrate=12736.1kbits/s speed=   1x    
frame= 2581 fps= 60 q=-0.0 size=   66897KiB time=00:00:43.01 bitrate=12739.6kbits/s speed=   1x    
frame= 2611 fps= 60 q=-0.0 size=   67655KiB time=00:00:43.51 bitrate=12736.0kbits/s speed=   1x    
frame= 2641 fps= 60 q=-0.0 size=   68434KiB time=00:00:44.01 bitrate=12736.4kbits/s speed=   1x    
frame= 2671 fps= 60 q=-0.0 size=   69164KiB time=00:00:44.51 bitrate=12727.7kbits/s speed=   1x    
frame= 2701 fps= 60 q=-0.0 size=   69917KiB time=00:00:45.01 bitrate=12723.3kbits/s speed=   1x    
frame= 2731 fps= 60 q=-0.0 size=   70680KiB time=00:00:45.51 bitrate=12720.8kbits/s speed=   1x    
frame= 2761 fps= 60 q=-0.0 size=   71373KiB time=00:00:46.01 bitrate=12706.1kbits/s speed=   1x    
frame= 2791 fps= 60 q=-0.0 size=   72264KiB time=00:00:46.51 bitrate=12726.3kbits/s speed=   1x    
frame= 2821 fps= 60 q=-0.0 size=   73044KiB time=00:00:47.01 bitrate=12726.9kbits/s speed=   1x    
frame= 2851 fps= 60 q=-0.0 size=   73829KiB time=00:00:47.51 bitrate=12728.4kbits/s speed=   1x    
frame= 2881 fps= 60 q=-0.0 size=   74615KiB time=00:00:48.01 bitrate=12729.9kbits/s speed=   1x    
frame= 2911 fps= 60 q=-0.0 size=   75454KiB time=00:00:48.51 bitrate=12740.4kbits/s speed=   1x    
frame= 2941 fps= 60 q=-0.0 size=   76238KiB time=00:00:49.01 bitrate=12741.4kbits/s speed=   1x    
frame= 2971 fps= 60 q=-0.0 size=   76990KiB time=00:00:49.51 bitrate=12737.1kbits/s speed=   1x    
frame= 3001 fps= 60 q=-0.0 size=   77804KiB time=00:00:50.01 bitrate=12743.1kbits/s speed=   1x    
frame= 3031 fps= 60 q=-0.0 size=   78576KiB time=00:00:50.51 bitrate=12742.1kbits/s speed=   1x    
frame= 3061 fps= 60 q=-0.0 size=   79354KiB time=00:00:51.01 bitrate=12742.3kbits/s speed=   1x    
frame= 3091 fps= 60 q=-0.0 size=   80120KiB time=00:00:51.51 bitrate=12740.3kbits/s speed=   1x    
frame= 3121 fps= 60 q=-0.0 size=   80894KiB time=00:00:52.01 bitrate=12739.9kbits/s speed=   1x    
frame= 3151 fps= 60 q=-0.0 size=   81727KiB time=00:00:52.51 bitrate=12748.4kbits/s speed=   1x    
frame= 3181 fps= 60 q=-0.0 size=   82453KiB time=00:00:53.01 bitrate=12740.4kbits/s speed=   1x    
frame= 3211 fps= 60 q=-0.0 size=   83244KiB time=00:00:53.51 bitrate=12742.5kbits/s speed=   1x    
frame= 3241 fps= 60 q=-0.0 size=   84027KiB time=00:00:54.01 bitrate=12743.3kbits/s speed=   1x    
frame= 3271 fps= 60 q=-0.0 size=   84786KiB time=00:00:54.51 bitrate=12740.4kbits/s speed=   1x    
frame= 3301 fps= 60 q=-0.0 size=   85538KiB time=00:00:55.01 bitrate=12736.6kbits/s speed=   1x    
frame= 3331 fps= 60 q=-0.0 size=   86329KiB time=00:00:55.51 bitrate=12738.6kbits/s speed=   1x    
frame= 3361 fps= 60 q=-0.0 size=   87129KiB time=00:00:56.01 bitrate=12741.9kbits/s speed=   1x    
frame= 3391 fps= 60 q=-0.0 size=   87927KiB time=00:00:56.51 bitrate=12744.9kbits/s speed=   1x    
frame= 3421 fps= 60 q=-0.0 size=   88689KiB time=00:00:57.01 bitrate=12742.5kbits/s speed=   1x    
frame= 3451 fps= 60 q=-0.0 size=   89461KiB time=00:00:57.51 bitrate=12741.8kbits/s speed=   1x    
frame= 3481 fps= 60 q=-0.0 size=   90240KiB time=00:00:58.01 bitrate=12742.0kbits/s speed=   1x    
frame= 3511 fps= 60 q=-0.0 size=   91020KiB time=00:00:58.51 bitrate=12742.2kbits/s speed=   1x    
frame= 3541 fps= 60 q=-0.0 size=   91783KiB time=00:00:59.01 bitrate=12740.2kbits/s speed=   1x    
frame= 3571 fps= 60 q=-0.0 size=   92506KiB time=00:00:59.51 bitrate=12732.8kbits/s speed=   1x    
frame= 3601 fps= 60 q=-0.0 size=   93249KiB time=00:01:00.01 bitrate=12728.1kbits/s speed=   1x    
frame= 3631 fps= 60 q=-0.0 size=   94032KiB time=00:01:00.51 bitrate=12728.9kbits/s speed=   1x    
frame= 3661 fps= 60 q=-0.0 size=   94801KiB time=00:01:01.01 bitrate=12727.8kbits/s speed=   1x    
frame= 3691 fps= 60 q=-0.0 size=   95602KiB time=00:01:01.51 bitrate=12731.0kbits/s speed=   1x    
frame= 3721 fps= 60 q=-0.0 size=   96392KiB time=00:01:02.01 bitrate=12732.7kbits/s speed=   1x    
frame= 3751 fps= 60 q=-0.0 size=   97138KiB time=00:01:02.51 bitrate=12728.7kbits/s speed=   1x    
frame= 3781 fps= 60 q=-0.0 size=   97900KiB time=00:01:03.01 bitrate=12726.7kbits/s speed=   1x    
frame= 3811 fps= 60 q=-0.0 size=   98713KiB time=00:01:03.51 bitrate=12731.4kbits/s speed=   1x    
frame= 3841 fps= 60 q=-0.0 size=   99444KiB time=00:01:04.01 bitrate=12725.5kbits/s speed=   1x    
frame= 3871 fps= 60 q=-0.0 size=  100246KiB time=00:01:04.51 bitrate=12728.8kbits/s speed=   1x    
frame= 3901 fps= 60 q=-0.0 size=  101004KiB time=00:01:05.01 bitrate=12726.3kbits/s speed=   1x    
frame= 3931 fps= 60 q=-0.0 size=  101866KiB time=00:01:05.51 bitrate=12737.1kbits/s speed=   1x    
frame= 3961 fps= 60 q=-0.0 size=  102625KiB time=00:01:06.01 bitrate=12734.8kbits/s speed=   1x    
frame= 3991 fps= 60 q=-0.0 size=  103421KiB time=00:01:06.51 bitrate=12737.1kbits/s speed=   1x    
frame= 4021 fps= 60 q=-0.0 size=  104200KiB time=00:01:07.01 bitrate=12737.2kbits/s speed=   1x    
frame= 4051 fps= 60 q=-0.0 size=  105003KiB time=00:01:07.51 bitrate=12740.4kbits/s speed=   1x    
frame= 4081 fps= 60 q=-0.0 size=  105778KiB time=00:01:08.01 bitrate=12740.0kbits/s speed=   1x    
frame= 4111 fps= 60 q=-0.0 size=  106567KiB time=00:01:08.51 bitrate=12741.4kbits/s speed=   1x    
frame= 4141 fps= 60 q=-0.0 size=  107361KiB time=00:01:09.01 bitrate=12743.3kbits/s speed=   1x    
frame= 4171 fps= 60 q=-0.0 size=  108150KiB time=00:01:09.51 bitrate=12744.6kbits/s speed=   1x    
frame= 4201 fps= 60 q=-0.0 size=  108933KiB time=00:01:10.01 bitrate=12745.2kbits/s speed=   1x    
frame= 4231 fps= 60 q=-0.0 size=  109734KiB time=00:01:10.51 bitrate=12747.9kbits/s speed=   1x    
frame= 4261 fps= 60 q=-0.0 size=  110465KiB time=00:01:11.01 bitrate=12742.5kbits/s speed=   1x    
frame= 4291 fps= 60 q=-0.0 size=  111255KiB time=00:01:11.51 bitrate=12743.9kbits/s speed=   1x    
frame= 4321 fps= 60 q=-0.0 size=  111974KiB time=00:01:12.01 bitrate=12737.2kbits/s speed=   1x    
frame= 4351 fps= 60 q=-0.0 size=  112712KiB time=00:01:12.51 bitrate=12732.7kbits/s speed=   1x    
frame= 4381 fps= 60 q=-0.0 size=  113542KiB time=00:01:13.01 bitrate=12738.7kbits/s speed=   1x    
frame= 4411 fps= 60 q=-0.0 size=  114324KiB time=00:01:13.51 bitrate=12739.2kbits/s speed=   1x    
frame= 4441 fps= 60 q=-0.0 size=  115158KiB time=00:01:14.01 bitrate=12745.4kbits/s speed=   1x    
frame= 4471 fps= 60 q=-0.0 size=  115788KiB time=00:01:14.51 bitrate=12729.2kbits/s speed=   1x    
frame= 4501 fps= 60 q=-0.0 size=  116638KiB time=00:01:15.01 bitrate=12737.1kbits/s speed=   1x    
frame= 4531 fps= 60 q=-0.0 size=  117255KiB time=00:01:15.51 bitrate=12719.7kbits/s speed=   1x    
frame= 4561 fps= 60 q=-0.0 size=  118134KiB time=00:01:16.01 bitrate=12730.8kbits/s speed=   1x    
frame= 4591 fps= 60 q=-0.0 size=  118840KiB time=00:01:16.51 bitrate=12723.2kbits/s speed=   1x    
frame= 4621 fps= 60 q=-0.0 size=  119699KiB time=00:01:17.01 bitrate=12732.0kbits/s speed=   1x    
frame= 4651 fps= 60 q=-0.0 size=  120539KiB time=00:01:17.51 bitrate=12738.6kbits/s speed=   1x    
frame= 4681 fps= 60 q=-0.0 size=  121403KiB time=00:01:18.01 bitrate=12747.7kbits/s speed=   1x    
frame= 4711 fps= 60 q=-0.0 size=  122126KiB time=00:01:18.51 bitrate=12741.9kbits/s speed=   1x    
frame= 4741 fps= 60 q=-0.0 size=  122881KiB time=00:01:19.01 bitrate=12739.6kbits/s speed=   1x    
frame= 4771 fps= 60 q=-0.0 size=  123668KiB time=00:01:19.51 bitrate=12740.5kbits/s speed=   1x    
frame= 4801 fps= 60 q=-0.0 size=  124571KiB time=00:01:20.01 bitrate=12753.4kbits/s speed=   1x    
frame= 4831 fps= 60 q=-0.0 size=  125311KiB time=00:01:20.51 bitrate=12749.5kbits/s speed=   1x    
frame= 4861 fps= 60 q=-0.0 size=  126073KiB time=00:01:21.01 bitrate=12747.9kbits/s speed=   1x    
frame= 4891 fps= 60 q=-0.0 size=  126922KiB time=00:01:21.51 bitrate=12755.0kbits/s speed=   1x    
frame= 4921 fps= 60 q=-0.0 size=  127663KiB time=00:01:22.01 bitrate=12751.2kbits/s speed=   1x    
frame= 4951 fps= 60 q=-0.0 size=  128474KiB time=00:01:22.51 bitrate=12754.5kbits/s speed=   1x    
frame= 4981 fps= 60 q=-0.0 size=  129253KiB time=00:01:23.01 bitrate=12754.6kbits/s speed=   1x    
frame= 5011 fps= 60 q=-0.0 size=  130013KiB time=00:01:23.51 bitrate=12752.8kbits/s speed=   1x    
frame= 5041 fps= 60 q=-0.0 size=  130794KiB time=00:01:24.01 bitrate=12753.0kbits/s speed=   1x    
frame= 5071 fps= 60 q=-0.0 size=  131589KiB time=00:01:24.51 bitrate=12754.6kbits/s speed=   1x    
frame= 5101 fps= 60 q=-0.0 size=  132325KiB time=00:01:25.01 bitrate=12750.5kbits/s speed=   1x    
frame= 5131 fps= 60 q=-0.0 size=  133075KiB time=00:01:25.51 bitrate=12747.8kbits/s speed=   1x    
frame= 5161 fps= 60 q=-0.0 size=  133840KiB time=00:01:26.01 bitrate=12746.6kbits/s speed=   1x    
frame= 5191 fps= 60 q=-0.0 size=  134602KiB time=00:01:26.51 bitrate=12745.0kbits/s speed=   1x    
frame= 5221 fps= 60 q=-0.0 size=  135361KiB time=00:01:27.01 bitrate=12743.2kbits/s speed=   1x    
frame= 5251 fps= 60 q=-0.0 size=  136138KiB time=00:01:27.51 bitrate=12743.2kbits/s speed=   1x    
frame= 5281 fps= 60 q=-0.0 size=  137007KiB time=00:01:28.01 bitrate=12751.7kbits/s speed=   1x    
frame= 5311 fps= 60 q=-0.0 size=  137779KiB time=00:01:28.51 bitrate=12751.1kbits/s speed=   1x    
frame= 5341 fps= 60 q=-0.0 size=  138555KiB time=00:01:29.01 bitrate=12750.9kbits/s speed=   1x    
frame= 5371 fps= 60 q=-0.0 size=  139271KiB time=00:01:29.51 bitrate=12745.2kbits/s speed=   1x    
frame= 5401 fps= 60 q=-0.0 size=  140012KiB time=00:01:30.01 bitrate=12741.8kbits/s speed=   1x    
frame= 5431 fps= 60 q=-0.0 size=  140838KiB time=00:01:30.51 bitrate=12746.2kbits/s speed=   1x    
frame= 5461 fps= 60 q=-0.0 size=  141650KiB time=00:01:31.01 bitrate=12749.3kbits/s speed=   1x    
frame= 5491 fps= 60 q=-0.0 size=  142423KiB time=00:01:31.51 bitrate=12748.8kbits/s speed=   1x    
frame= 5521 fps= 60 q=-0.0 size=  143235KiB time=00:01:32.01 bitrate=12751.9kbits/s speed=   1x    
frame= 5551 fps= 60 q=-0.0 size=  144012KiB time=00:01:32.51 bitrate=12751.7kbits/s speed=   1x    
frame= 5581 fps= 60 q=-0.0 size=  144779KiB time=00:01:33.01 bitrate=12750.8kbits/s speed=   1x    
frame= 5611 fps= 60 q=-0.0 size=  145571KiB time=00:01:33.51 bitrate=12751.9kbits/s speed=   1x    
frame= 5641 fps= 60 q=-0.0 size=  146352KiB time=00:01:34.01 bitrate=12752.2kbits/s speed=   1x    
frame= 5671 fps= 60 q=-0.0 size=  147133KiB time=00:01:34.51 bitrate=12752.4kbits/s speed=   1x    
frame= 5701 fps= 60 q=-0.0 size=  147901KiB time=00:01:35.01 bitrate=12751.5kbits/s speed=   1x    
frame= 5731 fps= 60 q=-0.0 size=  148707KiB time=00:01:35.51 bitrate=12753.9kbits/s speed=   1x    
frame= 5761 fps= 60 q=-0.0 size=  149463KiB time=00:01:36.01 bitrate=12752.0kbits/s speed=   1x    
frame= 5791 fps= 60 q=-0.0 size=  150226KiB time=00:01:36.51 bitrate=12750.7kbits/s speed=   1x    
frame= 5821 fps= 60 q=-0.0 size=  151006KiB time=00:01:37.01 bitrate=12750.8kbits/s speed=   1x    
frame= 5851 fps= 60 q=-0.0 size=  151781KiB time=00:01:37.51 bitrate=12750.6kbits/s speed=   1x    
frame= 5881 fps= 60 q=-0.0 size=  152558KiB time=00:01:38.01 bitrate=12750.4kbits/s speed=   1x    
frame= 5911 fps= 60 q=-0.0 size=  153396KiB time=00:01:38.51 bitrate=12755.4kbits/s speed=   1x    
frame= 5941 fps= 60 q=-0.0 size=  154128KiB time=00:01:39.01 bitrate=12751.6kbits/s speed=   1x    
frame= 5971 fps= 60 q=-0.0 size=  154911KiB time=00:01:39.51 bitrate=12752.0kbits/s speed=   1x    
frame= 6001 fps= 60 q=-0.0 size=  155669KiB time=00:01:40.01 bitrate=12750.2kbits/s speed=   1x    
frame= 6031 fps= 60 q=-0.0 size=  156470KiB time=00:01:40.51 bitrate=12752.2kbits/s speed=   1x    
frame= 6061 fps= 60 q=-0.0 size=  157242KiB time=00:01:41.01 bitrate=12751.7kbits/s speed=   1x    
frame= 6091 fps= 60 q=-0.0 size=  157941KiB time=00:01:41.51 bitrate=12745.2kbits/s speed=   1x    
frame= 6121 fps= 60 q=-0.0 size=  158734KiB time=00:01:42.01 bitrate=12746.4kbits/s speed=   1x    
frame= 6151 fps= 60 q=-0.0 size=  159521KiB time=00:01:42.51 bitrate=12747.2kbits/s speed=   1x    
frame= 6181 fps= 60 q=-0.0 size=  160235KiB time=00:01:43.01 bitrate=12742.1kbits/s speed=   1x    
frame= 6211 fps= 60 q=-0.0 size=  161061KiB time=00:01:43.51 bitrate=12745.9kbits/s speed=   1x    
frame= 6241 fps= 60 q=-0.0 size=  161890KiB time=00:01:44.01 bitrate=12749.9kbits/s speed=   1x    
frame= 6271 fps= 60 q=-0.0 size=  162639KiB time=00:01:44.51 bitrate=12747.6kbits/s speed=   1x    
frame= 6301 fps= 60 q=-0.0 size=  163421KiB time=00:01:45.01 bitrate=12747.9kbits/s speed=   1x    
frame= 6332 fps= 60 q=-0.0 size=  164235KiB time=00:01:45.53 bitrate=12748.7kbits/s speed=   1x    
frame= 6362 fps= 60 q=-0.0 size=  164991KiB time=00:01:46.03 bitrate=12747.0kbits/s speed=   1x    
frame= 6392 fps= 60 q=-0.0 size=  165775KiB time=00:01:46.53 bitrate=12747.5kbits/s speed=   1x    
frame= 6421 fps= 60 q=-0.0 size=  166496KiB time=00:01:47.01 bitrate=12745.1kbits/s speed=   1x    
frame= 6451 fps= 60 q=-0.0 size=  167244KiB time=00:01:47.51 bitrate=12742.8kbits/s speed=   1x    
frame= 6482 fps= 60 q=-0.0 size=  168101KiB time=00:01:48.03 bitrate=12746.9kbits/s speed=   1x    
frame= 6511 fps= 60 q=-0.0 size=  168835KiB time=00:01:48.51 bitrate=12745.4kbits/s speed=   1x    
frame= 6542 fps= 60 q=-0.0 size=  169678KiB time=00:01:49.03 bitrate=12748.4kbits/s speed=   1x    
frame= 6571 fps= 60 q=-0.0 size=  170392KiB time=00:01:49.51 bitrate=12745.6kbits/s speed=   1x    
frame= 6602 fps= 60 q=-0.0 size=  171286KiB time=00:01:50.03 bitrate=12752.3kbits/s speed=   1x    
frame= 6632 fps= 60 q=-0.0 size=  172036KiB time=00:01:50.53 bitrate=12750.2kbits/s speed=   1x    
frame= 6662 fps= 60 q=-0.0 size=  172797KiB time=00:01:51.03 bitrate=12748.9kbits/s speed=   1x    
frame= 6692 fps= 60 q=-0.0 size=  173621KiB time=00:01:51.53 bitrate=12752.3kbits/s speed=   1x    
frame= 6722 fps= 60 q=-0.0 size=  174404KiB time=00:01:52.03 bitrate=12752.6kbits/s speed=   1x    
frame= 6752 fps= 60 q=-0.0 size=  175196KiB time=00:01:52.53 bitrate=12753.6kbits/s speed=   1x    
frame= 6782 fps= 60 q=-0.0 size=  175904KiB time=00:01:53.03 bitrate=12748.5kbits/s speed=   1x    
frame= 6812 fps= 60 q=-0.0 size=  176746KiB time=00:01:53.53 bitrate=12753.1kbits/s speed=   1x    
frame= 6842 fps= 60 q=-0.0 size=  177504KiB time=00:01:54.03 bitrate=12751.7kbits/s speed=   1x    
frame= 6872 fps= 60 q=-0.0 size=  178301KiB time=00:01:54.53 bitrate=12753.0kbits/s speed=   1x    
frame= 6902 fps= 60 q=-0.0 size=  179087KiB time=00:01:55.03 bitrate=12753.6kbits/s speed=   1x    
frame= 6932 fps= 60 q=-0.0 size=  179860KiB time=00:01:55.53 bitrate=12753.1kbits/s speed=   1x    
frame= 6962 fps= 60 q=-0.0 size=  180671KiB time=00:01:56.03 bitrate=12755.4kbits/s speed=   1x    
frame= 6992 fps= 60 q=-0.0 size=  181431KiB time=00:01:56.53 bitrate=12754.1kbits/s speed=   1x    
frame= 7022 fps= 60 q=-0.0 size=  182207KiB time=00:01:57.03 bitrate=12754.0kbits/s speed=   1x    
frame= 7052 fps= 60 q=-0.0 size=  182937KiB time=00:01:57.53 bitrate=12750.6kbits/s speed=   1x    
frame= 7082 fps= 60 q=-0.0 size=  183560KiB time=00:01:58.03 bitrate=12739.9kbits/s speed=   1x    
frame= 7112 fps= 60 q=-0.0 size=  184239KiB time=00:01:58.53 bitrate=12733.0kbits/s speed=   1x    
frame= 7142 fps= 60 q=-0.0 size=  185086KiB time=00:01:59.03 bitrate=12737.8kbits/s speed=   1x    
frame= 7172 fps= 60 q=-0.0 size=  185960KiB time=00:01:59.53 bitrate=12744.4kbits/s speed=   1x    
frame= 7202 fps= 60 q=-0.0 size=  186772KiB time=00:02:00.03 bitrate=12746.8kbits/s speed=   1x    
frame= 7232 fps= 60 q=-0.0 size=  187569KiB time=00:02:00.53 bitrate=12748.1kbits/s speed=   1x    
frame= 7262 fps= 60 q=-0.0 size=  188155KiB time=00:02:01.03 bitrate=12735.0kbits/s speed=   1x    
frame= 7292 fps= 60 q=-0.0 size=  188909KiB time=00:02:01.53 bitrate=12733.5kbits/s speed=   1x    
frame= 7322 fps= 60 q=-0.0 size=  189785KiB time=00:02:02.03 bitrate=12740.1kbits/s speed=   1x    
frame= 7352 fps= 60 q=-0.0 size=  190625KiB time=00:02:02.53 bitrate=12744.3kbits/s speed=   1x    
frame= 7382 fps= 60 q=-0.0 size=  191399KiB time=00:02:03.03 bitrate=12744.0kbits/s speed=   1x    
frame= 7412 fps= 60 q=-0.0 size=  192104KiB time=00:02:03.53 bitrate=12739.2kbits/s speed=   1x    
frame= 7442 fps= 60 q=-0.0 size=  192866KiB time=00:02:04.03 bitrate=12738.2kbits/s speed=   1x    
frame= 7472 fps= 60 q=-0.0 size=  193661KiB time=00:02:04.53 bitrate=12739.3kbits/s speed=   1x    
frame= 7502 fps= 60 q=-0.0 size=  194420KiB time=00:02:05.03 bitrate=12738.1kbits/s speed=   1x    
frame= 7532 fps= 60 q=-0.0 size=  195204KiB time=00:02:05.53 bitrate=12738.5kbits/s speed=   1x    
frame= 7562 fps= 60 q=-0.0 size=  195999KiB time=00:02:06.03 bitrate=12739.7kbits/s speed=   1x    
frame= 7592 fps= 60 q=-0.0 size=  196756KiB time=00:02:06.53 bitrate=12738.3kbits/s speed=   1x    
frame= 7622 fps= 60 q=-0.0 size=  197565KiB time=00:02:07.03 bitrate=12740.4kbits/s speed=   1x    
frame= 7652 fps= 60 q=-0.0 size=  198312KiB time=00:02:07.53 bitrate=12738.4kbits/s speed=   1x    
frame= 7682 fps= 60 q=-0.0 size=  199093KiB time=00:02:08.03 bitrate=12738.6kbits/s speed=   1x    
frame= 7712 fps= 60 q=-0.0 size=  199941KiB time=00:02:08.53 bitrate=12743.1kbits/s speed=   1x    
frame= 7742 fps= 60 q=-0.0 size=  200592KiB time=00:02:09.03 bitrate=12735.1kbits/s speed=   1x    
frame= 7772 fps= 60 q=-0.0 size=  201371KiB time=00:02:09.53 bitrate=12735.2kbits/s speed=   1x    
frame= 7802 fps= 60 q=-0.0 size=  202447KiB time=00:02:10.03 bitrate=12754.0kbits/s speed=   1x    
frame= 7832 fps= 60 q=-0.0 size=  203141KiB time=00:02:10.53 bitrate=12748.7kbits/s speed=   1x    
frame= 7862 fps= 60 q=-0.0 size=  203817KiB time=00:02:11.03 bitrate=12742.3kbits/s speed=   1x    
frame= 7892 fps= 60 q=-0.0 size=  204582KiB time=00:02:11.53 bitrate=12741.5kbits/s speed=   1x    
frame= 7922 fps= 60 q=-0.0 size=  205330KiB time=00:02:12.03 bitrate=12739.7kbits/s speed=   1x    
frame= 7952 fps= 60 q=-0.0 size=  206140KiB time=00:02:12.53 bitrate=12741.7kbits/s speed=   1x    
frame= 7982 fps= 60 q=-0.0 size=  206885KiB time=00:02:13.03 bitrate=12739.7kbits/s speed=   1x    
frame= 8012 fps= 60 q=-0.0 size=  207696KiB time=00:02:13.53 bitrate=12741.7kbits/s speed=   1x    
frame= 8042 fps= 60 q=-0.0 size=  208448KiB time=00:02:14.03 bitrate=12740.1kbits/s speed=   1x    
frame= 8072 fps= 60 q=-0.0 size=  209242KiB time=00:02:14.53 bitrate=12741.2kbits/s speed=   1x    
frame= 8102 fps= 60 q=-0.0 size=  210049KiB time=00:02:15.03 bitrate=12742.9kbits/s speed=   1x    
frame= 8132 fps= 60 q=-0.0 size=  210782KiB time=00:02:15.53 bitrate=12740.2kbits/s speed=   1x    
frame= 8162 fps= 60 q=-0.0 size=  211592KiB time=00:02:16.03 bitrate=12742.2kbits/s speed=   1x    
frame= 8192 fps= 60 q=-0.0 size=  212426KiB time=00:02:16.53 bitrate=12745.6kbits/s speed=   1x    
frame= 8222 fps= 60 q=-0.0 size=  213217KiB time=00:02:17.03 bitrate=12746.3kbits/s speed=   1x    
frame= 8252 fps= 60 q=-0.0 size=  214004KiB time=00:02:17.53 bitrate=12746.9kbits/s speed=   1x    
frame= 8282 fps= 60 q=-0.0 size=  214787KiB time=00:02:18.03 bitrate=12747.2kbits/s speed=   1x    
frame= 8312 fps= 60 q=-0.0 size=  215598KiB time=00:02:18.53 bitrate=12749.1kbits/s speed=   1x    
frame= 8342 fps= 60 q=-0.0 size=  216416KiB time=00:02:19.03 bitrate=12751.5kbits/s speed=   1x    
frame= 8372 fps= 60 q=-0.0 size=  217171KiB time=00:02:19.53 bitrate=12750.1kbits/s speed=   1x    
frame= 8402 fps= 60 q=-0.0 size=  217943KiB time=00:02:20.03 bitrate=12749.8kbits/s speed=   1x    
frame= 8432 fps= 60 q=-0.0 size=  218689KiB time=00:02:20.53 bitrate=12747.9kbits/s speed=   1x    
frame= 8462 fps= 60 q=-0.0 size=  219485KiB time=00:02:21.03 bitrate=12748.9kbits/s speed=   1x    
frame= 8492 fps= 60 q=-0.0 size=  220253KiB time=00:02:21.53 bitrate=12748.3kbits/s speed=   1x    
frame= 8522 fps= 60 q=-0.0 size=  221052KiB time=00:02:22.03 bitrate=12749.5kbits/s speed=   1x    
frame= 8552 fps= 60 q=-0.0 size=  221833KiB time=00:02:22.53 bitrate=12749.7kbits/s speed=   1x    
frame= 8582 fps= 60 q=-0.0 size=  222608KiB time=00:02:23.03 bitrate=12749.5kbits/s speed=   1x    
frame= 8612 fps= 60 q=-0.0 size=  223378KiB time=00:02:23.53 bitrate=12749.0kbits/s speed=   1x    
frame= 8642 fps= 60 q=-0.0 size=  224159KiB time=00:02:24.03 bitrate=12749.2kbits/s speed=   1x    
frame= 8672 fps= 60 q=-0.0 size=  224920KiB time=00:02:24.53 bitrate=12748.2kbits/s speed=   1x    
frame= 8702 fps= 60 q=-0.0 size=  225724KiB time=00:02:25.03 bitrate=12749.7kbits/s speed=   1x    
frame= 8732 fps= 60 q=-0.0 size=  226521KiB time=00:02:25.53 bitrate=12750.8kbits/s speed=   1x    
frame= 8762 fps= 60 q=-0.0 size=  227278KiB time=00:02:26.03 bitrate=12749.6kbits/s speed=   1x    
frame= 8792 fps= 60 q=-0.0 size=  228043KiB time=00:02:26.53 bitrate=12748.8kbits/s speed=   1x    
frame= 8822 fps= 60 q=-0.0 size=  228853KiB time=00:02:27.03 bitrate=12750.6kbits/s speed=   1x    
frame= 8852 fps= 60 q=-0.0 size=  229598KiB time=00:02:27.53 bitrate=12748.7kbits/s speed=   1x    
frame= 8882 fps= 60 q=-0.0 size=  230392KiB time=00:02:28.03 bitrate=12749.6kbits/s speed=   1x    
frame= 8912 fps= 60 q=-0.0 size=  231159KiB time=00:02:28.53 bitrate=12749.0kbits/s speed=   1x    
frame= 8942 fps= 60 q=-0.0 size=  231937KiB time=00:02:29.03 bitrate=12749.0kbits/s speed=   1x    
frame= 8972 fps= 60 q=-0.0 size=  232770KiB time=00:02:29.53 bitrate=12752.0kbits/s speed=   1x    
frame= 9002 fps= 60 q=-0.0 size=  233510KiB time=00:02:30.03 bitrate=12749.9kbits/s speed=   1x    
frame= 9032 fps= 60 q=-0.0 size=  234277KiB time=00:02:30.53 bitrate=12749.3kbits/s speed=   1x    
frame= 9062 fps= 60 q=-0.0 size=  235069KiB time=00:02:31.03 bitrate=12750.0kbits/s speed=   1x    
frame= 9092 fps= 60 q=-0.0 size=  235864KiB time=00:02:31.53 bitrate=12751.0kbits/s speed=   1x    
frame= 9122 fps= 60 q=-0.0 size=  236604KiB time=00:02:32.03 bitrate=12748.9kbits/s speed=   1x    
frame= 9152 fps= 60 q=-0.0 size=  237403KiB time=00:02:32.53 bitrate=12750.0kbits/s speed=   1x    
frame= 9182 fps= 60 q=-0.0 size=  238158KiB time=00:02:33.03 bitrate=12748.8kbits/s speed=   1x    
frame= 9212 fps= 60 q=-0.0 size=  238949KiB time=00:02:33.53 bitrate=12749.5kbits/s speed=   1x    
frame= 9242 fps= 60 q=-0.0 size=  239709KiB time=00:02:34.03 bitrate=12748.5kbits/s speed=   1x    
frame= 9272 fps= 60 q=-0.0 size=  240519KiB time=00:02:34.53 bitrate=12750.2kbits/s speed=   1x    
frame= 9302 fps= 60 q=-0.0 size=  241262KiB time=00:02:35.03 bitrate=12748.3kbits/s speed=   1x    
frame= 9332 fps= 60 q=-0.0 size=  242103KiB time=00:02:35.53 bitrate=12751.7kbits/s speed=   1x    
frame= 9362 fps= 60 q=-0.0 size=  242892KiB time=00:02:36.03 bitrate=12752.2kbits/s speed=   1x    
frame= 9392 fps= 60 q=-0.0 size=  243663KiB time=00:02:36.53 bitrate=12751.9kbits/s speed=   1x    
frame= 9422 fps= 60 q=-0.0 size=  244475KiB time=00:02:37.03 bitrate=12753.6kbits/s speed=   1x    
frame= 9452 fps= 60 q=-0.0 size=  245273KiB time=00:02:37.53 bitrate=12754.6kbits/s speed=   1x    
frame= 9482 fps= 60 q=-0.0 size=  246059KiB time=00:02:38.03 bitrate=12755.0kbits/s speed=   1x    
frame= 9512 fps= 60 q=-0.0 size=  246862KiB time=00:02:38.53 bitrate=12756.2kbits/s speed=   1x    
frame= 9542 fps= 60 q=-0.0 size=  247615KiB time=00:02:39.03 bitrate=12755.0kbits/s speed=   1x    
frame= 9572 fps= 60 q=-0.0 size=  248367KiB time=00:02:39.53 bitrate=12753.6kbits/s speed=   1x    
frame= 9602 fps= 60 q=-0.0 size=  249140KiB time=00:02:40.03 bitrate=12753.3kbits/s speed=   1x    
frame= 9632 fps= 60 q=-0.0 size=  249961KiB time=00:02:40.53 bitrate=12755.5kbits/s speed=   1x    
frame= 9662 fps= 60 q=-0.0 size=  250748KiB time=00:02:41.03 bitrate=12755.9kbits/s speed=   1x    
frame= 9692 fps= 60 q=-0.0 size=  251534KiB time=00:02:41.53 bitrate=12756.3kbits/s speed=   1x    
frame= 9722 fps= 60 q=-0.0 size=  252319KiB time=00:02:42.03 bitrate=12756.6kbits/s speed=   1x    
frame= 9752 fps= 60 q=-0.0 size=  253098KiB time=00:02:42.53 bitrate=12756.7kbits/s speed=   1x    
frame= 9782 fps= 60 q=-0.0 size=  253854KiB time=00:02:43.03 bitrate=12755.5kbits/s speed=   1x    
frame= 9812 fps= 60 q=-0.0 size=  254623KiB time=00:02:43.53 bitrate=12755.0kbits/s speed=   1x    
frame= 9842 fps= 60 q=-0.0 size=  255363KiB time=00:02:44.03 bitrate=12753.1kbits/s speed=   1x    
frame= 9872 fps= 60 q=-0.0 size=  256137KiB time=00:02:44.53 bitrate=12752.9kbits/s speed=   1x    
frame= 9902 fps= 60 q=-0.0 size=  256898KiB time=00:02:45.03 bitrate=12752.0kbits/s speed=   1x    
frame= 9932 fps= 60 q=-0.0 size=  257652KiB time=00:02:45.53 bitrate=12750.8kbits/s speed=   1x    
frame= 9962 fps= 60 q=-0.0 size=  258440KiB time=00:02:46.03 bitrate=12751.3kbits/s speed=   1x    
frame= 9992 fps= 60 q=-0.0 size=  259203KiB time=00:02:46.53 bitrate=12750.5kbits/s speed=   1x    
frame=10022 fps= 60 q=-0.0 size=  259993KiB time=00:02:47.03 bitrate=12751.1kbits/s speed=   1x    
frame=10052 fps= 60 q=-0.0 size=  260780KiB time=00:02:47.53 bitrate=12751.6kbits/s speed=   1x    
frame=10082 fps= 60 q=-0.0 size=  261528KiB time=00:02:48.03 bitrate=12750.1kbits/s speed=   1x    
frame=10112 fps= 60 q=-0.0 size=  262340KiB time=00:02:48.53 bitrate=12751.7kbits/s speed=   1x    
frame=10142 fps= 60 q=-0.0 size=  263102KiB time=00:02:49.03 bitrate=12750.9kbits/s speed=   1x    
frame=10173 fps= 60 q=-0.0 size=  263884KiB time=00:02:49.55 bitrate=12749.9kbits/s speed=   1x    
frame=10203 fps= 60 q=-0.0 size=  264695KiB time=00:02:50.05 bitrate=12751.4kbits/s speed=   1x    
frame=10233 fps= 60 q=-0.0 size=  265440KiB time=00:02:50.55 bitrate=12749.9kbits/s speed=   1x    
frame=10263 fps= 60 q=-0.0 size=  266159KiB time=00:02:51.05 bitrate=12747.0kbits/s speed=   1x    
frame=10293 fps= 60 q=-0.0 size=  266913KiB time=00:02:51.55 bitrate=12745.9kbits/s speed=   1x    
frame=10323 fps= 60 q=-0.0 size=  267602KiB time=00:02:52.05 bitrate=12741.6kbits/s speed=   1x    
frame=10352 fps= 60 q=-0.0 size=  268355KiB time=00:02:52.53 bitrate=12741.7kbits/s speed=   1x    
frame=10383 fps= 60 q=-0.0 size=  269160KiB time=00:02:53.05 bitrate=12741.7kbits/s speed=   1x    
frame=10413 fps= 60 q=-0.0 size=  270484KiB time=00:02:53.55 bitrate=12767.5kbits/s speed=   1x    
frame=10443 fps= 60 q=-0.0 size=  270981KiB time=00:02:54.05 bitrate=12754.3kbits/s speed=   1x    
frame=10473 fps= 60 q=-0.0 size=  271727KiB time=00:02:54.55 bitrate=12752.7kbits/s speed=   1x    
frame=10503 fps= 60 q=-0.0 size=  272479KiB time=00:02:55.05 bitrate=12751.5kbits/s speed=   1x    
frame=10532 fps= 60 q=-0.0 size=  273234KiB time=00:02:55.53 bitrate=12751.6kbits/s speed=   1x    
frame=10563 fps= 60 q=-0.0 size=  274025KiB time=00:02:56.05 bitrate=12751.0kbits/s speed=   1x    
frame=10593 fps= 60 q=-0.0 size=  274829KiB time=00:02:56.55 bitrate=12752.2kbits/s speed=   1x    
frame=10622 fps= 60 q=-0.0 size=  275576KiB time=00:02:57.05 bitrate=12750.8kbits/s speed=   1x    
frame=10653 fps= 60 q=-0.0 size=  276371KiB time=00:02:57.55 bitrate=12751.5kbits/s speed=   1x    
frame=10683 fps= 60 q=-0.0 size=  277131KiB time=00:02:58.05 bitrate=12750.7kbits/s speed=   1x    
frame=10713 fps= 60 q=-0.0 size=  277894KiB time=00:02:58.55 bitrate=12750.0kbits/s speed=   1x    
frame=10743 fps= 60 q=-0.0 size=  278697KiB time=00:02:59.05 bitrate=12751.1kbits/s speed=   1x    
frame=10773 fps= 60 q=-0.0 size=  279466KiB time=00:02:59.55 bitrate=12750.7kbits/s speed=   1x    
frame=10803 fps= 60 q=-0.0 size=  280245KiB time=00:03:00.05 bitrate=12750.7kbits/s speed=   1x    
frame=10833 fps= 60 q=-0.0 size=  281060KiB time=00:03:00.55 bitrate=12752.4kbits/s speed=   1x    
frame=10863 fps= 60 q=-0.0 size=  281622KiB time=00:03:01.05 bitrate=12742.6kbits/s speed=   1x    
frame=10893 fps= 60 q=-0.0 size=  282401KiB time=00:03:01.55 bitrate=12742.7kbits/s speed=   1x    
frame=10923 fps= 60 q=-0.0 size=  283180KiB time=00:03:02.05 bitrate=12742.7kbits/s speed=   1x    
frame=10953 fps= 60 q=-0.0 size=  283959KiB time=00:03:02.55 bitrate=12742.8kbits/s speed=   1x    
frame=10983 fps= 60 q=-0.0 size=  284737KiB time=00:03:03.05 bitrate=12742.8kbits/s speed=   1x    
frame=11013 fps= 60 q=-0.0 size=  285516KiB time=00:03:03.55 bitrate=12742.8kbits/s speed=   1x    
frame=11043 fps= 60 q=-0.0 size=  286295KiB time=00:03:04.05 bitrate=12742.9kbits/s speed=   1x    
frame=11073 fps= 60 q=-0.0 size=  287073KiB time=00:03:04.55 bitrate=12742.9kbits/s speed=   1x    
frame=11103 fps= 60 q=-0.0 size=  287852KiB time=00:03:05.05 bitrate=12743.0kbits/s speed=   1x    
frame=11133 fps= 60 q=-0.0 size=  288631KiB time=00:03:05.55 bitrate=12743.0kbits/s speed=   1x    
frame=11163 fps= 60 q=-0.0 size=  289410KiB time=00:03:06.05 bitrate=12743.0kbits/s speed=   1x    
frame=11193 fps= 60 q=-0.0 size=  290189KiB time=00:03:06.55 bitrate=12743.1kbits/s speed=   1x    
frame=11223 fps= 60 q=-0.0 size=  291116KiB time=00:03:07.05 bitrate=12749.7kbits/s speed=   1x    
frame=11253 fps= 60 q=-0.0 size=  291939KiB time=00:03:07.55 bitrate=12751.6kbits/s speed=   1x    
frame=11283 fps= 60 q=-0.0 size=  292703KiB time=00:03:08.05 bitrate=12751.0kbits/s speed=   1x    
frame=11313 fps= 60 q=-0.0 size=  293486KiB time=00:03:08.55 bitrate=12751.2kbits/s speed=   1x    
frame=11343 fps= 60 q=-0.0 size=  294243KiB time=00:03:09.05 bitrate=12750.3kbits/s speed=   1x    
frame=11373 fps= 60 q=-0.0 size=  295053KiB time=00:03:09.55 bitrate=12751.7kbits/s speed=   1x    
frame=11403 fps= 60 q=-0.0 size=  295891KiB time=00:03:10.05 bitrate=12754.2kbits/s speed=   1x    
frame=11433 fps= 60 q=-0.0 size=  296670KiB time=00:03:10.55 bitrate=12754.2kbits/s speed=   1x    
frame=11463 fps= 60 q=-0.0 size=  297442KiB time=00:03:11.05 bitrate=12754.0kbits/s speed=   1x    
frame=11493 fps= 60 q=-0.0 size=  298217KiB time=00:03:11.55 bitrate=12753.8kbits/s speed=   1x    
frame=11523 fps= 60 q=-0.0 size=  299001KiB time=00:03:12.05 bitrate=12754.1kbits/s speed=   1x    
frame=11553 fps= 60 q=-0.0 size=  299788KiB time=00:03:12.55 bitrate=12754.4kbits/s speed=   1x    
frame=11583 fps= 60 q=-0.0 size=  300617KiB time=00:03:13.05 bitrate=12756.5kbits/s speed=   1x    
frame=11613 fps= 60 q=-0.0 size=  301379KiB time=00:03:13.55 bitrate=12755.9kbits/s speed=   1x    
frame=11643 fps= 60 q=-0.0 size=  302134KiB time=00:03:14.05 bitrate=12754.9kbits/s speed=   1x    
frame=11673 fps= 60 q=-0.0 size=  302911KiB time=00:03:14.55 bitrate=12754.8kbits/s speed=   1x    
frame=11703 fps= 60 q=-0.0 size=  303703KiB time=00:03:15.05 bitrate=12755.4kbits/s speed=   1x    
frame=11733 fps= 60 q=-0.0 size=  304464KiB time=00:03:15.55 bitrate=12754.7kbits/s speed=   1x    
frame=11763 fps= 60 q=-0.0 size=  305246KiB time=00:03:16.05 bitrate=12754.8kbits/s speed=   1x    
frame=11793 fps= 60 q=-0.0 size=  306046KiB time=00:03:16.55 bitrate=12755.7kbits/s speed=   1x    
frame=11823 fps= 60 q=-0.0 size=  306793KiB time=00:03:17.05 bitrate=12754.4kbits/s speed=   1x    
frame=11853 fps= 60 q=-0.0 size=  307565KiB time=00:03:17.55 bitrate=12754.1kbits/s speed=   1x    
frame=11883 fps= 60 q=-0.0 size=  308359KiB time=00:03:18.05 bitrate=12754.7kbits/s speed=   1x    
frame=11913 fps= 60 q=-0.0 size=  309130KiB time=00:03:18.55 bitrate=12754.4kbits/s speed=   1x    
frame=11943 fps= 60 q=-0.0 size=  309892KiB time=00:03:19.05 bitrate=12753.8kbits/s speed=   1x    
frame=11973 fps= 60 q=-0.0 size=  310753KiB time=00:03:19.55 bitrate=12757.1kbits/s speed=   1x    
frame=12003 fps= 60 q=-0.0 size=  311513KiB time=00:03:20.05 bitrate=12756.4kbits/s speed=   1x    
frame=12033 fps= 60 q=-0.0 size=  312313KiB time=00:03:20.55 bitrate=12757.3kbits/s speed=   1x    
frame=12063 fps= 60 q=-0.0 size=  313098KiB time=00:03:21.05 bitrate=12757.5kbits/s speed=   1x    
frame=12093 fps= 60 q=-0.0 size=  313834KiB time=00:03:21.55 bitrate=12755.8kbits/s speed=   1x    
frame=12123 fps= 60 q=-0.0 size=  314602KiB time=00:03:22.05 bitrate=12755.4kbits/s speed=   1x    
frame=12153 fps= 60 q=-0.0 size=  315372KiB time=00:03:22.55 bitrate=12755.0kbits/s speed=   1x    
frame=12183 fps= 60 q=-0.0 size=  316150KiB time=00:03:23.05 bitrate=12755.0kbits/s speed=   1x    
frame=12213 fps= 60 q=-0.0 size=  316909KiB time=00:03:23.55 bitrate=12754.2kbits/s speed=   1x    
frame=12243 fps= 60 q=-0.0 size=  317703KiB time=00:03:24.05 bitrate=12754.8kbits/s speed=   1x    
frame=12273 fps= 60 q=-0.0 size=  318490KiB time=00:03:24.55 bitrate=12755.2kbits/s speed=   1x    
frame=12303 fps= 60 q=-0.0 size=  319253KiB time=00:03:25.05 bitrate=12754.6kbits/s speed=   1x    
frame=12333 fps= 60 q=-0.0 size=  320041KiB time=00:03:25.55 bitrate=12754.9kbits/s speed=   1x    
frame=12363 fps= 60 q=-0.0 size=  320788KiB time=00:03:26.05 bitrate=12753.7kbits/s speed=   1x    
frame=12393 fps= 60 q=-0.0 size=  321542KiB time=00:03:26.55 bitrate=12752.7kbits/s speed=   1x    
frame=12423 fps= 60 q=-0.0 size=  322319KiB time=00:03:27.05 bitrate=12752.7kbits/s speed=   1x    
frame=12453 fps= 60 q=-0.0 size=  323109KiB time=00:03:27.55 bitrate=12753.1kbits/s speed=   1x    
frame=12483 fps= 60 q=-0.0 size=  323884KiB time=00:03:28.05 bitrate=12753.0kbits/s speed=   1x    
frame=12513 fps= 60 q=-0.0 size=  324661KiB time=00:03:28.55 bitrate=12752.9kbits/s speed=   1x    
frame=12543 fps= 60 q=-0.0 size=  325442KiB time=00:03:29.05 bitrate=12753.0kbits/s speed=   1x    
frame=12573 fps= 60 q=-0.0 size=  326248KiB time=00:03:29.55 bitrate=12754.1kbits/s speed=   1x    
frame=12603 fps= 60 q=-0.0 size=  327060KiB time=00:03:30.05 bitrate=12755.4kbits/s speed=   1x    
frame=12633 fps= 60 q=-0.0 size=  327812KiB time=00:03:30.55 bitrate=12754.4kbits/s speed=   1x    
frame=12663 fps= 60 q=-0.0 size=  328603KiB time=00:03:31.05 bitrate=12754.9kbits/s speed=   1x    
frame=12693 fps= 60 q=-0.0 size=  329407KiB time=00:03:31.55 bitrate=12755.8kbits/s speed=   1x    
frame=12723 fps= 60 q=-0.0 size=  330170KiB time=00:03:32.05 bitrate=12755.3kbits/s speed=   1x    
frame=12753 fps= 60 q=-0.0 size=  330983KiB time=00:03:32.55 bitrate=12756.6kbits/s speed=   1x    
frame=12783 fps= 60 q=-0.0 size=  331747KiB time=00:03:33.05 bitrate=12756.0kbits/s speed=   1x    
frame=12813 fps= 60 q=-0.0 size=  332522KiB time=00:03:33.55 bitrate=12755.9kbits/s speed=   1x    
frame=12843 fps= 60 q=-0.0 size=  333312KiB time=00:03:34.05 bitrate=12756.3kbits/s speed=   1x    
frame=12873 fps= 60 q=-0.0 size=  334085KiB time=00:03:34.55 bitrate=12756.1kbits/s speed=   1x    
frame=12903 fps= 60 q=-0.0 size=  334875KiB time=00:03:35.05 bitrate=12756.5kbits/s speed=   1x    
frame=12933 fps= 60 q=-0.0 size=  335642KiB time=00:03:35.55 bitrate=12756.1kbits/s speed=   1x    
frame=12963 fps= 60 q=-0.0 size=  336402KiB time=00:03:36.05 bitrate=12755.4kbits/s speed=   1x    
frame=12993 fps= 60 q=-0.0 size=  337173KiB time=00:03:36.55 bitrate=12755.1kbits/s speed=   1x    
frame=13023 fps= 60 q=-0.0 size=  337956KiB time=00:03:37.05 bitrate=12755.3kbits/s speed=   1x    
frame=13053 fps= 60 q=-0.0 size=  338742KiB time=00:03:37.55 bitrate=12755.6kbits/s speed=   1x    
frame=13083 fps= 60 q=-0.0 size=  339522KiB time=00:03:38.05 bitrate=12755.6kbits/s speed=   1x    
frame=13113 fps= 60 q=-0.0 size=  340309KiB time=00:03:38.55 bitrate=12755.9kbits/s speed=   1x    
frame=13143 fps= 60 q=-0.0 size=  341089KiB time=00:03:39.05 bitrate=12756.0kbits/s speed=   1x    
frame=13173 fps= 60 q=-0.0 size=  341864KiB time=00:03:39.55 bitrate=12755.9kbits/s speed=   1x    
frame=13203 fps= 60 q=-0.0 size=  342658KiB time=00:03:40.05 bitrate=12756.4kbits/s speed=   1x    
frame=13233 fps= 60 q=-0.0 size=  343428KiB time=00:03:40.55 bitrate=12756.1kbits/s speed=   1x    
frame=13263 fps= 60 q=-0.0 size=  344181KiB time=00:03:41.05 bitrate=12755.2kbits/s speed=   1x    
frame=13293 fps= 60 q=-0.0 size=  344971KiB time=00:03:41.55 bitrate=12755.6kbits/s speed=   1x    
frame=13323 fps= 60 q=-0.0 size=  345739KiB time=00:03:42.05 bitrate=12755.2kbits/s speed=   1x    
frame=13353 fps= 60 q=-0.0 size=  346523KiB time=00:03:42.55 bitrate=12755.4kbits/s speed=   1x    
frame=13383 fps= 60 q=-0.0 size=  347333KiB time=00:03:43.05 bitrate=12756.5kbits/s speed=   1x    
frame=13413 fps= 60 q=-0.0 size=  348127KiB time=00:03:43.55 bitrate=12757.1kbits/s speed=   1x    
frame=13443 fps= 60 q=-0.0 size=  348918KiB time=00:03:44.05 bitrate=12757.6kbits/s speed=   1x    
frame=13473 fps= 60 q=-0.0 size=  349691KiB time=00:03:44.55 bitrate=12757.4kbits/s speed=   1x    
frame=13503 fps= 60 q=-0.0 size=  350470KiB time=00:03:45.05 bitrate=12757.4kbits/s speed=   1x    
frame=13533 fps= 60 q=-0.0 size=  351257KiB time=00:03:45.55 bitrate=12757.7kbits/s speed=   1x    
frame=13563 fps= 60 q=-0.0 size=  352040KiB time=00:03:46.05 bitrate=12757.8kbits/s speed=   1x    
frame=13593 fps= 60 q=-0.0 size=  352785KiB time=00:03:46.55 bitrate=12756.6kbits/s speed=   1x    
frame=13623 fps= 60 q=-0.0 size=  353567KiB time=00:03:47.05 bitrate=12756.8kbits/s speed=   1x    
frame=13653 fps= 60 q=-0.0 size=  354338KiB time=00:03:47.55 bitrate=12756.5kbits/s speed=   1x    
frame=13683 fps= 60 q=-0.0 size=  355084KiB time=00:03:48.05 bitrate=12755.3kbits/s speed=   1x    
frame=13713 fps= 60 q=-0.0 size=  355867KiB time=00:03:48.55 bitrate=12755.5kbits/s speed=   1x    
frame=13743 fps= 60 q=-0.0 size=  356652KiB time=00:03:49.05 bitrate=12755.7kbits/s speed=   1x    
frame=13773 fps= 60 q=-0.0 size=  357482KiB time=00:03:49.55 bitrate=12757.5kbits/s speed=   1x    
frame=13803 fps= 60 q=-0.0 size=  358260KiB time=00:03:50.05 bitrate=12757.5kbits/s speed=   1x    
frame=13833 fps= 60 q=-0.0 size=  359031KiB time=00:03:50.55 bitrate=12757.2kbits/s speed=   1x    
frame=13863 fps= 60 q=-0.0 size=  359794KiB time=00:03:51.05 bitrate=12756.7kbits/s speed=   1x    
frame=13893 fps= 60 q=-0.0 size=  360563KiB time=00:03:51.55 bitrate=12756.3kbits/s speed=   1x    
frame=13923 fps= 60 q=-0.0 size=  361326KiB time=00:03:52.05 bitrate=12755.8kbits/s speed=   1x    
frame=13953 fps= 60 q=-0.0 size=  362098KiB time=00:03:52.55 bitrate=12755.6kbits/s speed=   1x    
frame=13983 fps= 60 q=-0.0 size=  362909KiB time=00:03:53.05 bitrate=12756.7kbits/s speed=   1x    
frame=14013 fps= 60 q=-0.0 size=  363679KiB time=00:03:53.55 bitrate=12756.4kbits/s speed=   1x    
frame=14043 fps= 60 q=-0.0 size=  364470KiB time=00:03:54.05 bitrate=12756.8kbits/s speed=   1x    
frame=14073 fps= 60 q=-0.0 size=  365261KiB time=00:03:54.55 bitrate=12757.3kbits/s speed=   1x    
frame=14103 fps= 60 q=-0.0 size=  366033KiB time=00:03:55.05 bitrate=12757.1kbits/s speed=   1x    
frame=14133 fps= 60 q=-0.0 size=  366800KiB time=00:03:55.55 bitrate=12756.6kbits/s speed=   1x    
frame=14163 fps= 60 q=-0.0 size=  367582KiB time=00:03:56.05 bitrate=12756.7kbits/s speed=   1x    
frame=14193 fps= 60 q=-0.0 size=  368367KiB time=00:03:56.55 bitrate=12757.0kbits/s speed=   1x    
frame=14223 fps= 60 q=-0.0 size=  369151KiB time=00:03:57.05 bitrate=12757.2kbits/s speed=   1x    
frame=14253 fps= 60 q=-0.0 size=  369927KiB time=00:03:57.55 bitrate=12757.1kbits/s speed=   1x    
frame=14283 fps= 60 q=-0.0 size=  370709KiB time=00:03:58.05 bitrate=12757.2kbits/s speed=   1x    
frame=14313 fps= 60 q=-0.0 size=  371503KiB time=00:03:58.55 bitrate=12757.7kbits/s speed=   1x    
frame=14343 fps= 60 q=-0.0 size=  372285KiB time=00:03:59.05 bitrate=12757.8kbits/s speed=   1x    
frame=14373 fps= 60 q=-0.0 size=  373048KiB time=00:03:59.55 bitrate=12757.3kbits/s speed=   1x    
frame=14403 fps= 60 q=-0.0 size=  373839KiB time=00:04:00.05 bitrate=12757.7kbits/s speed=   1x    
frame=14433 fps= 60 q=-0.0 size=  374626KiB time=00:04:00.55 bitrate=12758.0kbits/s speed=   1x    
frame=14463 fps= 60 q=-0.0 size=  375397KiB time=00:04:01.05 bitrate=12757.7kbits/s speed=   1x    
frame=14493 fps= 60 q=-0.0 size=  376124KiB time=00:04:01.55 bitrate=12756.0kbits/s speed=   1x    
frame=14523 fps= 60 q=-0.0 size=  377042KiB time=00:04:02.05 bitrate=12760.7kbits/s speed=   1x    
frame=14553 fps= 60 q=-0.0 size=  377711KiB time=00:04:02.55 bitrate=12757.0kbits/s speed=   1x    
frame=14583 fps= 60 q=-0.0 size=  378488KiB time=00:04:03.05 bitrate=12757.0kbits/s speed=   1x    
frame=14613 fps= 60 q=-0.0 size=  379325KiB time=00:04:03.55 bitrate=12758.9kbits/s speed=   1x    
frame=14643 fps= 60 q=-0.0 size=  380053KiB time=00:04:04.05 bitrate=12757.2kbits/s speed=   1x    
frame=14673 fps= 60 q=-0.0 size=  380834KiB time=00:04:04.55 bitrate=12757.3kbits/s speed=   1x    
frame=14703 fps= 60 q=-0.0 size=  381619KiB time=00:04:05.05 bitrate=12757.5kbits/s speed=   1x    
frame=14733 fps= 60 q=-0.0 size=  382329KiB time=00:04:05.55 bitrate=12755.2kbits/s speed=   1x    
frame=14763 fps= 60 q=-0.0 size=  382953KiB time=00:04:06.05 bitrate=12750.0kbits/s speed=   1x    
frame=14793 fps= 60 q=-0.0 size=  383775KiB time=00:04:06.55 bitrate=12751.5kbits/s speed=   1x    
frame=14823 fps= 60 q=-0.0 size=  384582KiB time=00:04:07.05 bitrate=12752.5kbits/s speed=   1x    
frame=14853 fps= 60 q=-0.0 size=  385268KiB time=00:04:07.55 bitrate=12749.4kbits/s speed=   1x    
frame=14883 fps= 60 q=-0.0 size=  386037KiB time=00:04:08.05 bitrate=12749.1kbits/s speed=   1x    
frame=14913 fps= 60 q=-0.0 size=  386828KiB time=00:04:08.55 bitrate=12749.5kbits/s speed=   1x    
frame=14943 fps= 60 q=-0.0 size=  387589KiB time=00:04:09.05 bitrate=12749.0kbits/s speed=   1x    
frame=14973 fps= 60 q=-0.0 size=  388367KiB time=00:04:09.56 bitrate=12748.1kbits/s speed=   1x    
frame=15004 fps= 60 q=-0.0 size=  389155KiB time=00:04:10.06 bitrate=12748.4kbits/s speed=   1x    
frame=15034 fps= 60 q=-0.0 size=  389928KiB time=00:04:10.56 bitrate=12748.3kbits/s speed=   1x    
frame=15064 fps= 60 q=-0.0 size=  390713KiB time=00:04:11.06 bitrate=12748.5kbits/s speed=   1x    
frame=15094 fps= 60 q=-0.0 size=  391483KiB time=00:04:11.56 bitrate=12748.2kbits/s speed=   1x    
frame=15124 fps= 60 q=-0.0 size=  392266KiB time=00:04:12.06 bitrate=12748.4kbits/s speed=   1x    
frame=15154 fps= 60 q=-0.0 size=  393046KiB time=00:04:12.56 bitrate=12748.5kbits/s speed=   1x    
frame=15184 fps= 60 q=-0.0 size=  393806KiB time=00:04:13.06 bitrate=12747.9kbits/s speed=   1x    
frame=15214 fps= 60 q=-0.0 size=  394585KiB time=00:04:13.56 bitrate=12747.9kbits/s speed=   1x    
frame=15244 fps= 60 q=-0.0 size=  395569KiB time=00:04:14.06 bitrate=12754.5kbits/s speed=   1x    
frame=15274 fps= 60 q=-0.0 size=  396293KiB time=00:04:14.56 bitrate=12752.8kbits/s speed=   1x    
frame=15304 fps= 60 q=-0.0 size=  396996KiB time=00:04:15.06 bitrate=12750.3kbits/s speed=   1x    
frame=15334 fps= 60 q=-0.0 size=  397729KiB time=00:04:15.56 bitrate=12748.9kbits/s speed=   1x    
frame=15364 fps= 60 q=-0.0 size=  398521KiB time=00:04:16.06 bitrate=12749.4kbits/s speed=   1x    
frame=15394 fps= 60 q=-0.0 size=  399346KiB time=00:04:16.56 bitrate=12750.8kbits/s speed=   1x    
frame=15424 fps= 60 q=-0.0 size=  400071KiB time=00:04:17.06 bitrate=12749.2kbits/s speed=   1x    
frame=15454 fps= 60 q=-0.0 size=  400849KiB time=00:04:17.56 bitrate=12749.1kbits/s speed=   1x    
frame=15484 fps= 60 q=-0.0 size=  401645KiB time=00:04:18.06 bitrate=12749.7kbits/s speed=   1x    
frame=15514 fps= 60 q=-0.0 size=  402421KiB time=00:04:18.56 bitrate=12749.6kbits/s speed=   1x    
frame=15544 fps= 60 q=-0.0 size=  403229KiB time=00:04:19.06 bitrate=12750.6kbits/s speed=   1x    
frame=15574 fps= 60 q=-0.0 size=  403960KiB time=00:04:19.56 bitrate=12749.1kbits/s speed=   1x    
frame=15604 fps= 60 q=-0.0 size=  404741KiB time=00:04:20.06 bitrate=12749.2kbits/s speed=   1x    
frame=15634 fps= 60 q=-0.0 size=  405539KiB time=00:04:20.56 bitrate=12749.8kbits/s speed=   1x    
frame=15664 fps= 60 q=-0.0 size=  406431KiB time=00:04:21.06 bitrate=12753.4kbits/s speed=   1x    
frame=15694 fps= 60 q=-0.0 size=  407240KiB time=00:04:21.56 bitrate=12754.3kbits/s speed=   1x    
frame=15724 fps= 60 q=-0.0 size=  408010KiB time=00:04:22.06 bitrate=12754.1kbits/s speed=   1x    
frame=15754 fps= 60 q=-0.0 size=  408765KiB time=00:04:22.56 bitrate=12753.3kbits/s speed=   1x    
frame=15784 fps= 60 q=-0.0 size=  409562KiB time=00:04:23.06 bitrate=12753.9kbits/s speed=   1x    
frame=15814 fps= 60 q=-0.0 size=  410369KiB time=00:04:23.56 bitrate=12754.8kbits/s speed=   1x    
frame=15844 fps= 60 q=-0.0 size=  411132KiB time=00:04:24.06 bitrate=12754.3kbits/s speed=   1x    
frame=15874 fps= 60 q=-0.0 size=  411902KiB time=00:04:24.56 bitrate=12754.1kbits/s speed=   1x    
frame=15904 fps= 60 q=-0.0 size=  412686KiB time=00:04:25.06 bitrate=12754.2kbits/s speed=   1x    
frame=15934 fps= 60 q=-0.0 size=  413451KiB time=00:04:25.56 bitrate=12753.8kbits/s speed=   1x    
frame=15964 fps= 60 q=-0.0 size=  414238KiB time=00:04:26.06 bitrate=12754.1kbits/s speed=   1x    
frame=15994 fps= 60 q=-0.0 size=  415039KiB time=00:04:26.56 bitrate=12754.8kbits/s speed=   1x    
frame=16024 fps= 60 q=-0.0 size=  415799KiB time=00:04:27.06 bitrate=12754.2kbits/s speed=   1x    
frame=16054 fps= 60 q=-0.0 size=  416579KiB time=00:04:27.56 bitrate=12754.3kbits/s speed=   1x    
frame=16084 fps= 60 q=-0.0 size=  417336KiB time=00:04:28.06 bitrate=12753.6kbits/s speed=   1x    
frame=16114 fps= 60 q=-0.0 size=  418108KiB time=00:04:28.56 bitrate=12753.4kbits/s speed=   1x    
frame=16144 fps= 60 q=-0.0 size=  418926KiB time=00:04:29.06 bitrate=12754.6kbits/s speed=   1x    
frame=16174 fps= 60 q=-0.0 size=  419675KiB time=00:04:29.56 bitrate=12753.7kbits/s speed=   1x    
frame=16204 fps= 60 q=-0.0 size=  420468KiB time=00:04:30.06 bitrate=12754.2kbits/s speed=   1x    
frame=16234 fps= 60 q=-0.0 size=  421264KiB time=00:04:30.56 bitrate=12754.7kbits/s speed=   1x    
frame=16264 fps= 60 q=-0.0 size=  422039KiB time=00:04:31.06 bitrate=12754.6kbits/s speed=   1x    
frame=16294 fps= 60 q=-0.0 size=  422797KiB time=00:04:31.56 bitrate=12754.0kbits/s speed=   1x    
frame=16324 fps= 60 q=-0.0 size=  423580KiB time=00:04:32.06 bitrate=12754.1kbits/s speed=   1x    
frame=16354 fps= 60 q=-0.0 size=  424343KiB time=00:04:32.56 bitrate=12753.6kbits/s speed=   1x    
frame=16384 fps= 60 q=-0.0 size=  425157KiB time=00:04:33.06 bitrate=12754.7kbits/s speed=   1x    
frame=16414 fps= 60 q=-0.0 size=  425945KiB time=00:04:33.56 bitrate=12755.0kbits/s speed=   1x    
frame=16444 fps= 60 q=-0.0 size=  426710KiB time=00:04:34.06 bitrate=12754.6kbits/s speed=   1x    
frame=16474 fps= 60 q=-0.0 size=  427498KiB time=00:04:34.56 bitrate=12754.9kbits/s speed=   1x    
frame=16504 fps= 60 q=-0.0 size=  428258KiB time=00:04:35.06 bitrate=12754.3kbits/s speed=   1x    
frame=16534 fps= 60 q=-0.0 size=  429011KiB time=00:04:35.56 bitrate=12753.6kbits/s speed=   1x    
frame=16564 fps= 60 q=-0.0 size=  429812KiB time=00:04:36.06 bitrate=12754.2kbits/s speed=   1x    
frame=16594 fps= 60 q=-0.0 size=  430562KiB time=00:04:36.56 bitrate=12753.4kbits/s speed=   1x    
frame=16624 fps= 60 q=-0.0 size=  431388KiB time=00:04:37.06 bitrate=12754.8kbits/s speed=   1x    
frame=16654 fps= 60 q=-0.0 size=  432170KiB time=00:04:37.56 bitrate=12754.9kbits/s speed=   1x    
frame=16684 fps= 60 q=-0.0 size=  432954KiB time=00:04:38.06 bitrate=12755.1kbits/s speed=   1x    
frame=16714 fps= 60 q=-0.0 size=  433734KiB time=00:04:38.56 bitrate=12755.1kbits/s speed=   1x    
frame=16744 fps= 60 q=-0.0 size=  434495KiB time=00:04:39.06 bitrate=12754.6kbits/s speed=   1x    
frame=16774 fps= 60 q=-0.0 size=  435306KiB time=00:04:39.56 bitrate=12755.5kbits/s speed=   1x    
frame=16804 fps= 60 q=-0.0 size=  436091KiB time=00:04:40.06 bitrate=12755.7kbits/s speed=   1x    
frame=16834 fps= 60 q=-0.0 size=  436873KiB time=00:04:40.56 bitrate=12755.8kbits/s speed=   1x    
frame=16864 fps= 60 q=-0.0 size=  437660KiB time=00:04:41.06 bitrate=12756.1kbits/s speed=   1x    
frame=16894 fps= 60 q=-0.0 size=  438459KiB time=00:04:41.56 bitrate=12756.7kbits/s speed=   1x    
frame=16924 fps= 60 q=-0.0 size=  439235KiB time=00:04:42.06 bitrate=12756.6kbits/s speed=   1x    
frame=16954 fps= 60 q=-0.0 size=  439980KiB time=00:04:42.56 bitrate=12755.6kbits/s speed=   1x    
frame=16984 fps= 60 q=-0.0 size=  440763KiB time=00:04:43.06 bitrate=12755.8kbits/s speed=   1x    
frame=17014 fps= 60 q=-0.0 size=  441561KiB time=00:04:43.56 bitrate=12756.3kbits/s speed=   1x    
frame=17044 fps= 60 q=-0.0 size=  442360KiB time=00:04:44.06 bitrate=12756.9kbits/s speed=   1x    
frame=17074 fps= 60 q=-0.0 size=  443116KiB time=00:04:44.56 bitrate=12756.3kbits/s speed=   1x    
frame=17104 fps= 60 q=-0.0 size=  443886KiB time=00:04:45.06 bitrate=12756.0kbits/s speed=   1x    
frame=17134 fps= 60 q=-0.0 size=  444648KiB time=00:04:45.56 bitrate=12755.6kbits/s speed=   1x    
frame=17164 fps= 60 q=-0.0 size=  445457KiB time=00:04:46.06 bitrate=12756.4kbits/s speed=   1x    
frame=17194 fps= 60 q=-0.0 size=  446206KiB time=00:04:46.56 bitrate=12755.6kbits/s speed=   1x    
frame=17224 fps= 60 q=-0.0 size=  446963KiB time=00:04:47.06 bitrate=12754.9kbits/s speed=   1x    
frame=17254 fps= 60 q=-0.0 size=  447751KiB time=00:04:47.56 bitrate=12755.2kbits/s speed=   1x    
frame=17284 fps= 60 q=-0.0 size=  448538KiB time=00:04:48.06 bitrate=12755.5kbits/s speed=   1x    
frame=17314 fps= 60 q=-0.0 size=  449318KiB time=00:04:48.56 bitrate=12755.5kbits/s speed=   1x    
frame=17344 fps= 60 q=-0.0 size=  450081KiB time=00:04:49.06 bitrate=12755.1kbits/s speed=   1x    
frame=17374 fps= 60 q=-0.0 size=  450848KiB time=00:04:49.56 bitrate=12754.7kbits/s speed=   1x    
frame=17404 fps= 60 q=-0.0 size=  451612KiB time=00:04:50.06 bitrate=12754.3kbits/s speed=   1x    
frame=17434 fps= 60 q=-0.0 size=  452429KiB time=00:04:50.56 bitrate=12755.4kbits/s speed=   1x    
frame=17464 fps= 60 q=-0.0 size=  453191KiB time=00:04:51.06 bitrate=12755.0kbits/s speed=   1x    
frame=17494 fps= 60 q=-0.0 size=  453952KiB time=00:04:51.56 bitrate=12754.5kbits/s speed=   1x    
frame=17524 fps= 60 q=-0.0 size=  454646KiB time=00:04:52.06 bitrate=12752.1kbits/s speed=   1x    
frame=17554 fps= 60 q=-0.0 size=  455424KiB time=00:04:52.56 bitrate=12752.1kbits/s speed=   1x    
frame=17584 fps= 60 q=-0.0 size=  456205KiB time=00:04:53.06 bitrate=12752.1kbits/s speed=   1x    
frame=17614 fps= 60 q=-0.0 size=  456896KiB time=00:04:53.56 bitrate=12749.7kbits/s speed=   1x    
frame=17644 fps= 60 q=-0.0 size=  457675KiB time=00:04:54.06 bitrate=12749.7kbits/s speed=   1x    
frame=17674 fps= 60 q=-0.0 size=  458454KiB time=00:04:54.56 bitrate=12749.8kbits/s speed=   1x    
frame=17704 fps= 60 q=-0.0 size=  459918KiB time=00:04:55.06 bitrate=12768.8kbits/s speed=   1x    
frame=17734 fps= 60 q=-0.0 size=  460258KiB time=00:04:55.56 bitrate=12756.6kbits/s speed=   1x    
frame=17764 fps= 60 q=-0.0 size=  461002KiB time=00:04:56.06 bitrate=12755.7kbits/s speed=   1x    
frame=17794 fps= 60 q=-0.0 size=  461753KiB time=00:04:56.56 bitrate=12754.9kbits/s speed=   1x    
frame=17824 fps= 60 q=-0.0 size=  462530KiB time=00:04:57.06 bitrate=12754.9kbits/s speed=   1x    
frame=17854 fps= 60 q=-0.0 size=  463332KiB time=00:04:57.56 bitrate=12755.5kbits/s speed=   1x    
frame=17884 fps= 60 q=-0.0 size=  464117KiB time=00:04:58.06 bitrate=12755.7kbits/s speed=   1x    
frame=17914 fps= 60 q=-0.0 size=  464875KiB time=00:04:58.56 bitrate=12755.1kbits/s speed=   1x    
frame=17944 fps= 60 q=-0.0 size=  465648KiB time=00:04:59.06 bitrate=12755.0kbits/s speed=   1x    
frame=17974 fps= 60 q=-0.0 size=  466394KiB time=00:04:59.56 bitrate=12754.1kbits/s speed=   1x    
frame=18004 fps= 60 q=-0.0 size=  467191KiB time=00:05:00.06 bitrate=12754.6kbits/s speed=   1x    
frame=18034 fps= 60 q=-0.0 size=  467986KiB time=00:05:00.56 bitrate=12755.0kbits/s speed=   1x    
frame=18064 fps= 60 q=-0.0 size=  468761KiB time=00:05:01.06 bitrate=12755.0kbits/s speed=   1x    
frame=18094 fps= 60 q=-0.0 size=  469535KiB time=00:05:01.56 bitrate=12754.8kbits/s speed=   1x    
frame=18124 fps= 60 q=-0.0 size=  470309KiB time=00:05:02.06 bitrate=12754.7kbits/s speed=   1x    
frame=18154 fps= 60 q=-0.0 size=  470942KiB time=00:05:02.56 bitrate=12750.8kbits/s speed=   1x    
frame=18184 fps= 60 q=-0.0 size=  471695KiB time=00:05:03.06 bitrate=12750.1kbits/s speed=   1x    
frame=18214 fps= 60 q=-0.0 size=  472474KiB time=00:05:03.56 bitrate=12750.1kbits/s speed=   1x    
frame=18244 fps= 60 q=-0.0 size=  473252KiB time=00:05:04.06 bitrate=12750.1kbits/s speed=   1x    
frame=18274 fps= 60 q=-0.0 size=  474031KiB time=00:05:04.56 bitrate=12750.1kbits/s speed=   1x    
frame=18304 fps= 60 q=-0.0 size=  474810KiB time=00:05:05.06 bitrate=12750.1kbits/s speed=   1x    
frame=18334 fps= 60 q=-0.0 size=  475589KiB time=00:05:05.56 bitrate=12750.2kbits/s speed=   1x    
frame=18365 fps= 60 q=-0.0 size=  476394KiB time=00:05:06.08 bitrate=12750.2kbits/s speed=   1x    
frame=18394 fps= 60 q=-0.0 size=  477147KiB time=00:05:06.56 bitrate=12750.2kbits/s speed=   1x    
frame=18425 fps= 60 q=-0.0 size=  477954KiB time=00:05:07.08 bitrate=12750.3kbits/s speed=   1x    
frame=18455 fps= 60 q=-0.0 size=  478768KiB time=00:05:07.58 bitrate=12751.2kbits/s speed=   1x    
frame=18485 fps= 60 q=-0.0 size=  479567KiB time=00:05:08.08 bitrate=12751.8kbits/s speed=   1x    
frame=18515 fps= 60 q=-0.0 size=  480337KiB time=00:05:08.58 bitrate=12751.6kbits/s speed=   1x    
frame=18545 fps= 60 q=-0.0 size=  481175KiB time=00:05:09.08 bitrate=12753.1kbits/s speed=   1x    
frame=18575 fps= 60 q=-0.0 size=  481974KiB time=00:05:09.58 bitrate=12753.7kbits/s speed=   1x    
frame=18605 fps= 60 q=-0.0 size=  482788KiB time=00:05:10.08 bitrate=12754.6kbits/s speed=   1x    
frame=18635 fps= 60 q=-0.0 size=  483529KiB time=00:05:10.58 bitrate=12753.6kbits/s speed=   1x    
[out#0/rtp @ 0x55bc53206bc0] video:478480KiB audio:0KiB subtitle:0KiB other streams:0KiB global headers:0KiB muxing overhead: 1.218176%
frame=18666 fps= 60 q=-0.0 Lsize=  484309KiB time=00:05:11.10 bitrate=12753.0kbits/s speed=   1x    
Exiting normally, received signal 15.
