
========================================================================
Starting PrivyHub Linux native-video backend v0.7
Profile: native_game_720p60_reference 1280x720@60, 7000/7000 kbps H.264 VAAPI, GOP=15, BF=0
Capture backend: exact X11 window via x11grab
Capture: managed RetroArch window (pid=1409584, window_id=60817410, discovered=1920x1080)
Window title: RetroArch Beetle PSX HW <ipv4> 82d8e05 || FPS:  61.98 || Frames: 512
Video FEC: XOR 8+1; FFmpeg RTP -> loopback relay -> onn; encoder=7000 kbps
========================================================================
encoder argv: /usr/bin/ffmpeg -hide_banner -loglevel info -nostdin -vaapi_device /dev/dri/renderD128 -f x11grab -framerate 60 -window_id 60817410 -i :0 -vf scale=1280:720:force_original_aspect_ratio=decrease:flags=fast_bilinear,pad=1280:720:(ow-iw)/2:(oh-ih)/2:black,format=nv12,hwupload -an -c:v h264_vaapi -profile:v high -b:v 7000k -maxrate 7000k -bufsize 7000k -max_frame_size 90000 -g 15 -bf 0 -payload_type 96 -f rtp rtp://<ipv4>:48110?pkt_size=1200
[x11grab @ 0x55ff7f28fc80] Stream #0: not enough frames to estimate rate; consider increasing probesize
Input #0, x11grab, from ':0':
  Duration: N/A, start: 1790873082.801209, bitrate: 3981312 kb/s
  Stream #0:0: Video: rawvideo (BGR[0] / 0x524742), bgr0, 1920x1080, 3981312 kb/s, 60 fps, 1000k tbr, 1000k tbn
Stream mapping:
  Stream #0:0 -> #0:0 (rawvideo (native) -> h264 (h264_vaapi))
Output #0, rtp, to 'rtp://<ipv4>:48110?pkt_size=1200':
  Metadata:
    encoder         : Lavf61.7.103
  Stream #0:0: Video: h264 (High), vaapi(tv, progressive), 1280x720, q=2-31, 7000 kb/s, 60 fps, 90k tbn
      Metadata:
        encoder         : Lavc61.19.101 h264_vaapi
SDP:
v=0
o=- 0 0 IN IP4 <ipv4>
s=No Name
c=IN IP4 <ipv4>
t=0 0
a=tool:libavformat 61.7.103
m=video 48110 RTP/AVP 96
b=AS:7000
a=rtpmap:96 H264/90000
a=fmtp:96 packetization-mode=1

frame=   30 fps=0.0 q=-0.0 size=     202KiB time=00:00:00.50 bitrate=3317.4kbits/s speed=   1x    
frame=   60 fps= 60 q=-0.0 size=     635KiB time=00:00:01.00 bitrate=5203.9kbits/s speed=   1x    
frame=   90 fps= 60 q=-0.0 size=    1068KiB time=00:00:01.50 bitrate=5832.8kbits/s speed=   1x    
frame=  120 fps= 60 q=-0.0 size=    1501KiB time=00:00:02.00 bitrate=6147.2kbits/s speed=   1x    
frame=  150 fps= 60 q=-0.0 size=    1934KiB time=00:00:02.50 bitrate=6335.8kbits/s speed=   1x    
frame=  180 fps= 60 q=-0.0 size=    2366KiB time=00:00:03.00 bitrate=6461.6kbits/s speed=   1x    
frame=  210 fps= 60 q=-0.0 size=    2799KiB time=00:00:03.50 bitrate=6551.5kbits/s speed=   1x    
frame=  240 fps= 60 q=-0.0 size=    3232KiB time=00:00:04.00 bitrate=6618.8kbits/s speed=   1x    
frame=  270 fps= 60 q=-0.0 size=    3665KiB time=00:00:04.50 bitrate=6671.2kbits/s speed=   1x    
frame=  300 fps= 60 q=-0.0 size=    4097KiB time=00:00:05.00 bitrate=6713.2kbits/s speed=   1x    
frame=  330 fps= 60 q=-0.0 size=    4530KiB time=00:00:05.50 bitrate=6747.5kbits/s speed=   1x    
frame=  360 fps= 60 q=-0.0 size=    4963KiB time=00:00:06.00 bitrate=6776.5kbits/s speed=   1x    
frame=  390 fps= 60 q=-0.0 size=    5397KiB time=00:00:06.50 bitrate=6801.6kbits/s speed=   1x    
frame=  420 fps= 60 q=-0.0 size=    5829KiB time=00:00:07.00 bitrate=6822.1kbits/s speed=   1x    
frame=  450 fps= 60 q=-0.0 size=    6262KiB time=00:00:07.50 bitrate=6840.3kbits/s speed=   1x    
frame=  480 fps= 60 q=-0.0 size=    6696KiB time=00:00:08.00 bitrate=6856.2kbits/s speed=   1x    
frame=  510 fps= 60 q=-0.0 size=    7129KiB time=00:00:08.50 bitrate=6870.3kbits/s speed=   1x    
frame=  540 fps= 60 q=-0.0 size=    7562KiB time=00:00:09.00 bitrate=6882.8kbits/s speed=   1x    
frame=  570 fps= 60 q=-0.0 size=    7995KiB time=00:00:09.50 bitrate=6893.9kbits/s speed=   1x    
frame=  600 fps= 60 q=-0.0 size=    8428KiB time=00:00:10.00 bitrate=6904.0kbits/s speed=   1x    
frame=  630 fps= 60 q=-0.0 size=    8861KiB time=00:00:10.50 bitrate=6913.2kbits/s speed=   1x    
frame=  660 fps= 60 q=-0.0 size=    9294KiB time=00:00:11.00 bitrate=6921.6kbits/s speed=   1x    
frame=  690 fps= 60 q=-0.0 size=    9727KiB time=00:00:11.50 bitrate=6929.2kbits/s speed=   1x    
frame=  720 fps= 60 q=-0.0 size=   10160KiB time=00:00:12.00 bitrate=6936.2kbits/s speed=   1x    
frame=  750 fps= 60 q=-0.0 size=   10594KiB time=00:00:12.50 bitrate=6942.6kbits/s speed=   1x    
frame=  780 fps= 60 q=-0.0 size=   11027KiB time=00:00:13.00 bitrate=6948.5kbits/s speed=   1x    
frame=  810 fps= 60 q=-0.0 size=   11460KiB time=00:00:13.50 bitrate=6954.0kbits/s speed=   1x    
frame=  840 fps= 60 q=-0.0 size=   11893KiB time=00:00:14.00 bitrate=6959.1kbits/s speed=   1x    
frame=  870 fps= 60 q=-0.0 size=   12326KiB time=00:00:14.50 bitrate=6963.9kbits/s speed=   1x    
frame=  900 fps= 60 q=-0.0 size=   12759KiB time=00:00:15.00 bitrate=6968.3kbits/s speed=   1x    
frame=  930 fps= 60 q=-0.0 size=   13193KiB time=00:00:15.50 bitrate=6972.5kbits/s speed=   1x    
frame=  960 fps= 60 q=-0.0 size=   13626KiB time=00:00:16.00 bitrate=6976.3kbits/s speed=   1x    
frame=  990 fps= 60 q=-0.0 size=   14059KiB time=00:00:16.50 bitrate=6980.0kbits/s speed=   1x    
frame= 1020 fps= 60 q=-0.0 size=   14492KiB time=00:00:17.00 bitrate=6983.4kbits/s speed=   1x    
frame= 1050 fps= 60 q=-0.0 size=   14925KiB time=00:00:17.50 bitrate=6986.7kbits/s speed=   1x    
frame= 1080 fps= 60 q=-0.0 size=   15358KiB time=00:00:18.00 bitrate=6989.7kbits/s speed=   1x    
frame= 1110 fps= 60 q=-0.0 size=   15791KiB time=00:00:18.50 bitrate=6992.6kbits/s speed=   1x    
frame= 1140 fps= 60 q=-0.0 size=   16224KiB time=00:00:19.00 bitrate=6995.3kbits/s speed=   1x    
frame= 1170 fps= 60 q=-0.0 size=   16658KiB time=00:00:19.50 bitrate=6997.9kbits/s speed=   1x    
frame= 1200 fps= 60 q=-0.0 size=   17091KiB time=00:00:20.00 bitrate=7000.4kbits/s speed=   1x    
frame= 1230 fps= 60 q=-0.0 size=   17524KiB time=00:00:20.50 bitrate=7002.7kbits/s speed=   1x    
frame= 1260 fps= 60 q=-0.0 size=   17957KiB time=00:00:21.00 bitrate=7005.0kbits/s speed=   1x    
frame= 1290 fps= 60 q=-0.0 size=   18390KiB time=00:00:21.50 bitrate=7007.1kbits/s speed=   1x    
frame= 1320 fps= 60 q=-0.0 size=   18823KiB time=00:00:22.00 bitrate=7009.1kbits/s speed=   1x    
frame= 1350 fps= 60 q=-0.0 size=   19256KiB time=00:00:22.50 bitrate=7011.0kbits/s speed=   1x    
frame= 1380 fps= 60 q=-0.0 size=   19689KiB time=00:00:23.00 bitrate=7012.8kbits/s speed=   1x    
frame= 1410 fps= 60 q=-0.0 size=   20122KiB time=00:00:23.50 bitrate=7014.5kbits/s speed=   1x    
frame= 1440 fps= 60 q=-0.0 size=   20560KiB time=00:00:24.00 bitrate=7018.0kbits/s speed=   1x    
frame= 1470 fps= 60 q=-0.0 size=   20996KiB time=00:00:24.50 bitrate=7020.5kbits/s speed=   1x    
frame= 1500 fps= 60 q=-0.0 size=   21430KiB time=00:00:25.00 bitrate=7022.2kbits/s speed=   1x    
frame= 1530 fps= 60 q=-0.0 size=   21950KiB time=00:00:25.50 bitrate=7051.6kbits/s speed=   1x    
frame= 1560 fps= 60 q=-0.0 size=   22379KiB time=00:00:26.00 bitrate=7051.1kbits/s speed=   1x    
frame= 1590 fps= 60 q=-0.0 size=   22819KiB time=00:00:26.50 bitrate=7054.1kbits/s speed=   1x    
frame= 1620 fps= 60 q=-0.0 size=   23289KiB time=00:00:27.00 bitrate=7066.1kbits/s speed=   1x    
frame= 1650 fps= 60 q=-0.0 size=   23743KiB time=00:00:27.50 bitrate=7072.9kbits/s speed=   1x    
frame= 1680 fps= 60 q=-0.0 size=   24187KiB time=00:00:28.00 bitrate=7076.5kbits/s speed=   1x    
frame= 1710 fps= 60 q=-0.0 size=   24627KiB time=00:00:28.50 bitrate=7078.6kbits/s speed=   1x    
frame= 1740 fps= 60 q=-0.0 size=   25055KiB time=00:00:29.00 bitrate=7077.6kbits/s speed=   1x    
frame= 1770 fps= 60 q=-0.0 size=   25485KiB time=00:00:29.50 bitrate=7077.1kbits/s speed=   1x    
frame= 1800 fps= 60 q=-0.0 size=   25919KiB time=00:00:30.00 bitrate=7077.6kbits/s speed=   1x    
frame= 1830 fps= 60 q=-0.0 size=   26354KiB time=00:00:30.50 bitrate=7078.3kbits/s speed=   1x    
frame= 1860 fps= 60 q=-0.0 size=   26791KiB time=00:00:31.00 bitrate=7079.9kbits/s speed=   1x    
frame= 1890 fps= 60 q=-0.0 size=   27226KiB time=00:00:31.50 bitrate=7080.5kbits/s speed=   1x    
frame= 1920 fps= 60 q=-0.0 size=   27661KiB time=00:00:32.00 bitrate=7081.1kbits/s speed=   1x    
frame= 1950 fps= 60 q=-0.0 size=   28092KiB time=00:00:32.50 bitrate=7080.8kbits/s speed=   1x    
frame= 1980 fps= 60 q=-0.0 size=   28513KiB time=00:00:33.00 bitrate=7078.0kbits/s speed=   1x    
frame= 2010 fps= 60 q=-0.0 size=   28976KiB time=00:00:33.50 bitrate=7085.8kbits/s speed=   1x    
frame= 2040 fps= 60 q=-0.0 size=   29395KiB time=00:00:34.00 bitrate=7082.6kbits/s speed=   1x    
frame= 2070 fps= 60 q=-0.0 size=   29836KiB time=00:00:34.50 bitrate=7084.6kbits/s speed=   1x    
frame= 2100 fps= 60 q=-0.0 size=   30272KiB time=00:00:35.00 bitrate=7085.3kbits/s speed=   1x    
frame= 2130 fps= 60 q=-0.0 size=   30684KiB time=00:00:35.50 bitrate=7080.6kbits/s speed=   1x    
frame= 2161 fps= 60 q=-0.0 size=   31139KiB time=00:00:36.01 bitrate=7082.5kbits/s speed=   1x    
frame= 2191 fps= 60 q=-0.0 size=   31573KiB time=00:00:36.51 bitrate=7082.9kbits/s speed=   1x    
frame= 2221 fps= 60 q=-0.0 size=   32033KiB time=00:00:37.01 bitrate=7089.1kbits/s speed=   1x    
frame= 2251 fps= 60 q=-0.0 size=   32441KiB time=00:00:37.51 bitrate=7083.7kbits/s speed=   1x    
frame= 2281 fps= 60 q=-0.0 size=   32872KiB time=00:00:38.01 bitrate=7083.5kbits/s speed=   1x    
frame= 2311 fps= 60 q=-0.0 size=   33315KiB time=00:00:38.51 bitrate=7085.7kbits/s speed=   1x    
frame= 2341 fps= 60 q=-0.0 size=   33735KiB time=00:00:39.01 bitrate=7083.0kbits/s speed=   1x    
frame= 2371 fps= 60 q=-0.0 size=   34162KiB time=00:00:39.51 bitrate=7082.0kbits/s speed=   1x    
frame= 2401 fps= 60 q=-0.0 size=   34601KiB time=00:00:40.01 bitrate=7083.3kbits/s speed=   1x    
frame= 2431 fps= 60 q=-0.0 size=   35028KiB time=00:00:40.51 bitrate=7082.3kbits/s speed=   1x    
frame= 2461 fps= 60 q=-0.0 size=   35500KiB time=00:00:41.01 bitrate=7090.1kbits/s speed=   1x    
frame= 2491 fps= 60 q=-0.0 size=   35893KiB time=00:00:41.51 bitrate=7082.3kbits/s speed=   1x    
frame= 2521 fps= 60 q=-0.0 size=   36336KiB time=00:00:42.01 bitrate=7084.5kbits/s speed=   1x    
frame= 2551 fps= 60 q=-0.0 size=   36778KiB time=00:00:42.51 bitrate=7086.3kbits/s speed=   1x    
frame= 2581 fps= 60 q=-0.0 size=   37217KiB time=00:00:43.01 bitrate=7087.5kbits/s speed=   1x    
frame= 2611 fps= 60 q=-0.0 size=   37630KiB time=00:00:43.51 bitrate=7083.8kbits/s speed=   1x    
frame= 2641 fps= 60 q=-0.0 size=   38105KiB time=00:00:44.01 bitrate=7091.8kbits/s speed=   1x    
frame= 2671 fps= 60 q=-0.0 size=   38525KiB time=00:00:44.51 bitrate=7089.4kbits/s speed=   1x    
frame= 2701 fps= 60 q=-0.0 size=   38965KiB time=00:00:45.01 bitrate=7090.8kbits/s speed=   1x    
frame= 2731 fps= 60 q=-0.0 size=   39403KiB time=00:00:45.51 bitrate=7091.7kbits/s speed=   1x    
frame= 2761 fps= 60 q=-0.0 size=   39822KiB time=00:00:46.01 bitrate=7089.2kbits/s speed=   1x    
frame= 2791 fps= 60 q=-0.0 size=   40256KiB time=00:00:46.51 bitrate=7089.5kbits/s speed=   1x    
frame= 2821 fps= 60 q=-0.0 size=   40681KiB time=00:00:47.01 bitrate=7088.1kbits/s speed=   1x    
frame= 2851 fps= 60 q=-0.0 size=   41117KiB time=00:00:47.51 bitrate=7088.7kbits/s speed=   1x    
frame= 2881 fps= 60 q=-0.0 size=   41537KiB time=00:00:48.01 bitrate=7086.5kbits/s speed=   1x    
frame= 2911 fps= 60 q=-0.0 size=   41986KiB time=00:00:48.51 bitrate=7089.3kbits/s speed=   1x    
frame= 2941 fps= 60 q=-0.0 size=   42409KiB time=00:00:49.01 bitrate=7087.7kbits/s speed=   1x    
frame= 2971 fps= 60 q=-0.0 size=   42855KiB time=00:00:49.51 bitrate=7089.8kbits/s speed=   1x    
frame= 3001 fps= 60 q=-0.0 size=   43295KiB time=00:00:50.01 bitrate=7091.1kbits/s speed=   1x    
frame= 3031 fps= 60 q=-0.0 size=   43697KiB time=00:00:50.51 bitrate=7086.1kbits/s speed=   1x    
frame= 3061 fps= 60 q=-0.0 size=   44143KiB time=00:00:51.01 bitrate=7088.2kbits/s speed=   1x    
frame= 3091 fps= 60 q=-0.0 size=   44566KiB time=00:00:51.51 bitrate=7086.7kbits/s speed=   1x    
frame= 3121 fps= 60 q=-0.0 size=   45005KiB time=00:00:52.01 bitrate=7087.7kbits/s speed=   1x    
frame= 3151 fps= 60 q=-0.0 size=   45433KiB time=00:00:52.51 bitrate=7087.0kbits/s speed=   1x    
frame= 3181 fps= 60 q=-0.0 size=   45864KiB time=00:00:53.01 bitrate=7086.8kbits/s speed=   1x    
frame= 3211 fps= 60 q=-0.0 size=   46298KiB time=00:00:53.51 bitrate=7087.0kbits/s speed=   1x    
frame= 3241 fps= 60 q=-0.0 size=   46727KiB time=00:00:54.01 bitrate=7086.5kbits/s speed=   1x    
frame= 3271 fps= 60 q=-0.0 size=   47159KiB time=00:00:54.51 bitrate=7086.4kbits/s speed=   1x    
frame= 3301 fps= 60 q=-0.0 size=   47604KiB time=00:00:55.01 bitrate=7088.3kbits/s speed=   1x    
frame= 3331 fps= 60 q=-0.0 size=   48031KiB time=00:00:55.51 bitrate=7087.4kbits/s speed=   1x    
frame= 3361 fps= 60 q=-0.0 size=   48467KiB time=00:00:56.01 bitrate=7087.9kbits/s speed=   1x    
frame= 3391 fps= 60 q=-0.0 size=   48908KiB time=00:00:56.51 bitrate=7089.1kbits/s speed=   1x    
frame= 3421 fps= 60 q=-0.0 size=   49334KiB time=00:00:57.01 bitrate=7088.1kbits/s speed=   1x    
frame= 3451 fps= 60 q=-0.0 size=   49775KiB time=00:00:57.51 bitrate=7089.4kbits/s speed=   1x    
frame= 3481 fps= 60 q=-0.0 size=   50181KiB time=00:00:58.01 bitrate=7085.7kbits/s speed=   1x    
frame= 3511 fps= 60 q=-0.0 size=   50637KiB time=00:00:58.51 bitrate=7088.9kbits/s speed=   1x    
frame= 3541 fps= 60 q=-0.0 size=   51071KiB time=00:00:59.01 bitrate=7089.1kbits/s speed=   1x    
frame= 3571 fps= 60 q=-0.0 size=   51495KiB time=00:00:59.51 bitrate=7087.8kbits/s speed=   1x    
frame= 3601 fps= 60 q=-0.0 size=   51935KiB time=00:01:00.01 bitrate=7088.9kbits/s speed=   1x    
frame= 3631 fps= 60 q=-0.0 size=   52404KiB time=00:01:00.51 bitrate=7093.7kbits/s speed=   1x    
frame= 3661 fps= 60 q=-0.0 size=   52768KiB time=00:01:01.01 bitrate=7084.6kbits/s speed=   1x    
frame= 3691 fps= 60 q=-0.0 size=   53230KiB time=00:01:01.51 bitrate=7088.5kbits/s speed=   1x    
frame= 3721 fps= 60 q=-0.0 size=   53647KiB time=00:01:02.01 bitrate=7086.4kbits/s speed=   1x    
frame= 3751 fps= 60 q=-0.0 size=   54090KiB time=00:01:02.51 bitrate=7087.8kbits/s speed=   1x    
frame= 3781 fps= 60 q=-0.0 size=   54529KiB time=00:01:03.01 bitrate=7088.6kbits/s speed=   1x    
frame= 3811 fps= 60 q=-0.0 size=   54956KiB time=00:01:03.51 bitrate=7087.9kbits/s speed=   1x    
frame= 3841 fps= 60 q=-0.0 size=   55389KiB time=00:01:04.01 bitrate=7088.0kbits/s speed=   1x    
frame= 3871 fps= 60 q=-0.0 size=   55837KiB time=00:01:04.51 bitrate=7090.0kbits/s speed=   1x    
frame= 3901 fps= 60 q=-0.0 size=   56267KiB time=00:01:05.01 bitrate=7089.6kbits/s speed=   1x    
frame= 3931 fps= 60 q=-0.0 size=   56678KiB time=00:01:05.51 bitrate=7086.8kbits/s speed=   1x    
frame= 3961 fps= 60 q=-0.0 size=   57117KiB time=00:01:06.01 bitrate=7087.6kbits/s speed=   1x    
frame= 3991 fps= 60 q=-0.0 size=   57547KiB time=00:01:06.51 bitrate=7087.3kbits/s speed=   1x    
frame= 4021 fps= 60 q=-0.0 size=   58005KiB time=00:01:07.01 bitrate=7090.4kbits/s speed=   1x    
frame= 4051 fps= 60 q=-0.0 size=   58416KiB time=00:01:07.51 bitrate=7087.8kbits/s speed=   1x    
frame= 4081 fps= 60 q=-0.0 size=   58850KiB time=00:01:08.01 bitrate=7087.9kbits/s speed=   1x    
frame= 4111 fps= 60 q=-0.0 size=   59275KiB time=00:01:08.51 bitrate=7087.0kbits/s speed=   1x    
frame= 4141 fps= 60 q=-0.0 size=   59752KiB time=00:01:09.01 bitrate=7092.4kbits/s speed=   1x    
frame= 4171 fps= 60 q=-0.0 size=   60096KiB time=00:01:09.51 bitrate=7081.8kbits/s speed=   1x    
frame= 4201 fps= 60 q=-0.0 size=   60636KiB time=00:01:10.01 bitrate=7094.4kbits/s speed=   1x    
frame= 4231 fps= 60 q=-0.0 size=   60999KiB time=00:01:10.51 bitrate=7086.4kbits/s speed=   1x    
frame= 4261 fps= 60 q=-0.0 size=   61457KiB time=00:01:11.01 bitrate=7089.3kbits/s speed=   1x    
frame= 4291 fps= 60 q=-0.0 size=   61875KiB time=00:01:11.51 bitrate=7087.6kbits/s speed=   1x    
frame= 4321 fps= 60 q=-0.0 size=   62318KiB time=00:01:12.01 bitrate=7088.8kbits/s speed=   1x    
frame= 4351 fps= 60 q=-0.0 size=   62731KiB time=00:01:12.51 bitrate=7086.5kbits/s speed=   1x    
frame= 4381 fps= 60 q=-0.0 size=   63156KiB time=00:01:13.01 bitrate=7085.7kbits/s speed=   1x    
frame= 4411 fps= 60 q=-0.0 size=   63624KiB time=00:01:13.51 bitrate=7089.6kbits/s speed=   1x    
frame= 4441 fps= 60 q=-0.0 size=   64112KiB time=00:01:14.01 bitrate=7095.7kbits/s speed=   1x    
frame= 4471 fps= 60 q=-0.0 size=   64466KiB time=00:01:14.51 bitrate=7087.0kbits/s speed=   1x    
frame= 4501 fps= 60 q=-0.0 size=   64929KiB time=00:01:15.01 bitrate=7090.4kbits/s speed=   1x    
frame= 4531 fps= 60 q=-0.0 size=   65340KiB time=00:01:15.51 bitrate=7088.0kbits/s speed=   1x    
frame= 4561 fps= 60 q=-0.0 size=   65786KiB time=00:01:16.01 bitrate=7089.5kbits/s speed=   1x    
frame= 4591 fps= 60 q=-0.0 size=   66228KiB time=00:01:16.51 bitrate=7090.5kbits/s speed=   1x    
frame= 4621 fps= 60 q=-0.0 size=   66628KiB time=00:01:17.01 bitrate=7086.9kbits/s speed=   1x    
frame= 4651 fps= 60 q=-0.0 size=   67095KiB time=00:01:17.51 bitrate=7090.7kbits/s speed=   1x    
frame= 4681 fps= 60 q=-0.0 size=   67495KiB time=00:01:18.01 bitrate=7087.2kbits/s speed=   1x    
frame= 4711 fps= 60 q=-0.0 size=   67953KiB time=00:01:18.51 bitrate=7089.8kbits/s speed=   1x    
frame= 4741 fps= 60 q=-0.0 size=   68409KiB time=00:01:19.01 bitrate=7092.2kbits/s speed=   1x    
frame= 4771 fps= 60 q=-0.0 size=   68811KiB time=00:01:19.51 bitrate=7089.1kbits/s speed=   1x    
frame= 4801 fps= 60 q=-0.0 size=   69255KiB time=00:01:20.01 bitrate=7090.3kbits/s speed=   1x    
frame= 4831 fps= 60 q=-0.0 size=   69683KiB time=00:01:20.51 bitrate=7089.8kbits/s speed=   1x    
frame= 4861 fps= 60 q=-0.0 size=   70105KiB time=00:01:21.01 bitrate=7088.7kbits/s speed=   1x    
frame= 4891 fps= 60 q=-0.0 size=   70544KiB time=00:01:21.51 bitrate=7089.3kbits/s speed=   1x    
frame= 4921 fps= 60 q=-0.0 size=   70974KiB time=00:01:22.01 bitrate=7089.0kbits/s speed=   1x    
frame= 4951 fps= 60 q=-0.0 size=   71409KiB time=00:01:22.51 bitrate=7089.3kbits/s speed=   1x    
frame= 4981 fps= 60 q=-0.0 size=   71843KiB time=00:01:23.01 bitrate=7089.4kbits/s speed=   1x    
frame= 5011 fps= 60 q=-0.0 size=   72275KiB time=00:01:23.51 bitrate=7089.3kbits/s speed=   1x    
frame= 5041 fps= 60 q=-0.0 size=   72708KiB time=00:01:24.01 bitrate=7089.3kbits/s speed=   1x    
frame= 5071 fps= 60 q=-0.0 size=   73153KiB time=00:01:24.51 bitrate=7090.6kbits/s speed=   1x    
frame= 5101 fps= 60 q=-0.0 size=   73577KiB time=00:01:25.01 bitrate=7089.7kbits/s speed=   1x    
frame= 5131 fps= 60 q=-0.0 size=   74097KiB time=00:01:25.51 bitrate=7098.1kbits/s speed=   1x    
frame= 5161 fps= 60 q=-0.0 size=   74425KiB time=00:01:26.01 bitrate=7088.0kbits/s speed=   1x    
frame= 5191 fps= 60 q=-0.0 size=   74870KiB time=00:01:26.51 bitrate=7089.2kbits/s speed=   1x    
frame= 5221 fps= 60 q=-0.0 size=   75290KiB time=00:01:27.01 bitrate=7088.0kbits/s speed=   1x    
frame= 5251 fps= 60 q=-0.0 size=   75733KiB time=00:01:27.51 bitrate=7089.0kbits/s speed=   1x    
frame= 5281 fps= 60 q=-0.0 size=   76177KiB time=00:01:28.01 bitrate=7090.0kbits/s speed=   1x    
frame= 5311 fps= 60 q=-0.0 size=   76656KiB time=00:01:28.51 bitrate=7094.4kbits/s speed=   1x    
frame= 5341 fps= 60 q=-0.0 size=   77037KiB time=00:01:29.01 bitrate=7089.6kbits/s speed=   1x    
frame= 5371 fps= 60 q=-0.0 size=   77470KiB time=00:01:29.51 bitrate=7089.6kbits/s speed=   1x    
frame= 5401 fps= 60 q=-0.0 size=   77899KiB time=00:01:30.01 bitrate=7089.2kbits/s speed=   1x    
frame= 5431 fps= 60 q=-0.0 size=   78340KiB time=00:01:30.51 bitrate=7090.0kbits/s speed=   1x    
frame= 5461 fps= 60 q=-0.0 size=   78771KiB time=00:01:31.01 bitrate=7089.8kbits/s speed=   1x    
frame= 5491 fps= 60 q=-0.0 size=   79204KiB time=00:01:31.51 bitrate=7089.9kbits/s speed=   1x    
frame= 5521 fps= 60 q=-0.0 size=   79637KiB time=00:01:32.01 bitrate=7089.9kbits/s speed=   1x    
frame= 5551 fps= 60 q=-0.0 size=   80077KiB time=00:01:32.51 bitrate=7090.6kbits/s speed=   1x    
frame= 5581 fps= 60 q=-0.0 size=   80520KiB time=00:01:33.01 bitrate=7091.4kbits/s speed=   1x    
frame= 5611 fps= 60 q=-0.0 size=   80928KiB time=00:01:33.51 bitrate=7089.2kbits/s speed=   1x    
frame= 5641 fps= 60 q=-0.0 size=   81364KiB time=00:01:34.01 bitrate=7089.5kbits/s speed=   1x    
frame= 5671 fps= 60 q=-0.0 size=   81798KiB time=00:01:34.51 bitrate=7089.7kbits/s speed=   1x    
frame= 5701 fps= 60 q=-0.0 size=   82226KiB time=00:01:35.01 bitrate=7089.3kbits/s speed=   1x    
frame= 5731 fps= 60 q=-0.0 size=   82637KiB time=00:01:35.51 bitrate=7087.4kbits/s speed=   1x    
frame= 5761 fps= 60 q=-0.0 size=   83094KiB time=00:01:36.01 bitrate=7089.4kbits/s speed=   1x    
frame= 5791 fps= 60 q=-0.0 size=   83547KiB time=00:01:36.51 bitrate=7091.2kbits/s speed=   1x    
frame= 5821 fps= 60 q=-0.0 size=   83972KiB time=00:01:37.01 bitrate=7090.5kbits/s speed=   1x    
frame= 5851 fps= 60 q=-0.0 size=   84454KiB time=00:01:37.51 bitrate=7094.7kbits/s speed=   1x    
frame= 5881 fps= 60 q=-0.0 size=   84830KiB time=00:01:38.01 bitrate=7089.9kbits/s speed=   1x    
frame= 5911 fps= 60 q=-0.0 size=   85274KiB time=00:01:38.51 bitrate=7090.9kbits/s speed=   1x    
frame= 5941 fps= 60 q=-0.0 size=   85706KiB time=00:01:39.01 bitrate=7090.7kbits/s speed=   1x    
frame= 5971 fps= 60 q=-0.0 size=   86156KiB time=00:01:39.51 bitrate=7092.2kbits/s speed=   1x    
frame= 6001 fps= 60 q=-0.0 size=   86552KiB time=00:01:40.01 bitrate=7089.1kbits/s speed=   1x    
frame= 6031 fps= 60 q=-0.0 size=   87003KiB time=00:01:40.51 bitrate=7090.6kbits/s speed=   1x    
frame= 6061 fps= 60 q=-0.0 size=   87465KiB time=00:01:41.01 bitrate=7093.1kbits/s speed=   1x    
frame= 6091 fps= 60 q=-0.0 size=   87881KiB time=00:01:41.51 bitrate=7091.6kbits/s speed=   1x    
frame= 6121 fps= 60 q=-0.0 size=   88285KiB time=00:01:42.01 bitrate=7089.3kbits/s speed=   1x    
frame= 6151 fps= 60 q=-0.0 size=   88733KiB time=00:01:42.51 bitrate=7090.5kbits/s speed=   1x    
frame= 6181 fps= 60 q=-0.0 size=   89172KiB time=00:01:43.01 bitrate=7091.0kbits/s speed=   1x    
frame= 6211 fps= 60 q=-0.0 size=   89589KiB time=00:01:43.51 bitrate=7089.8kbits/s speed=   1x    
frame= 6241 fps= 60 q=-0.0 size=   90015KiB time=00:01:44.01 bitrate=7089.2kbits/s speed=   1x    
frame= 6271 fps= 60 q=-0.0 size=   90539KiB time=00:01:44.51 bitrate=7096.4kbits/s speed=   1x    
frame= 6301 fps= 60 q=-0.0 size=   90846KiB time=00:01:45.01 bitrate=7086.6kbits/s speed=   1x    
frame= 6331 fps= 60 q=-0.0 size=   91327KiB time=00:01:45.51 bitrate=7090.4kbits/s speed=   1x    
frame= 6361 fps= 60 q=-0.0 size=   91772KiB time=00:01:46.01 bitrate=7091.3kbits/s speed=   1x    
frame= 6391 fps= 60 q=-0.0 size=   92200KiB time=00:01:46.51 bitrate=7090.9kbits/s speed=   1x    
frame= 6421 fps= 60 q=-0.0 size=   92629KiB time=00:01:47.01 bitrate=7090.6kbits/s speed=   1x    
frame= 6451 fps= 60 q=-0.0 size=   93101KiB time=00:01:47.51 bitrate=7093.6kbits/s speed=   1x    
frame= 6481 fps= 60 q=-0.0 size=   93498KiB time=00:01:48.01 bitrate=7090.9kbits/s speed=   1x    
frame= 6511 fps= 60 q=-0.0 size=   93938KiB time=00:01:48.51 bitrate=7091.4kbits/s speed=   1x    
frame= 6541 fps= 60 q=-0.0 size=   94360KiB time=00:01:49.01 bitrate=7090.6kbits/s speed=   1x    
frame= 6571 fps= 60 q=-0.0 size=   94810KiB time=00:01:49.51 bitrate=7091.9kbits/s speed=   1x    
frame= 6601 fps= 60 q=-0.0 size=   95221KiB time=00:01:50.01 bitrate=7090.3kbits/s speed=   1x    
frame= 6631 fps= 60 q=-0.0 size=   95655KiB time=00:01:50.51 bitrate=7090.4kbits/s speed=   1x    
frame= 6661 fps= 60 q=-0.0 size=   96095KiB time=00:01:51.01 bitrate=7090.9kbits/s speed=   1x    
frame= 6691 fps= 60 q=-0.0 size=   96522KiB time=00:01:51.51 bitrate=7090.5kbits/s speed=   1x    
frame= 6721 fps= 60 q=-0.0 size=   96960KiB time=00:01:52.01 bitrate=7090.8kbits/s speed=   1x    
frame= 6751 fps= 60 q=-0.0 size=   97410KiB time=00:01:52.51 bitrate=7092.1kbits/s speed=   1x    
frame= 6781 fps= 60 q=-0.0 size=   97832KiB time=00:01:53.01 bitrate=7091.3kbits/s speed=   1x    
frame= 6811 fps= 60 q=-0.0 size=   98263KiB time=00:01:53.51 bitrate=7091.2kbits/s speed=   1x    
frame= 6841 fps= 60 q=-0.0 size=   98692KiB time=00:01:54.01 bitrate=7090.9kbits/s speed=   1x    
frame= 6871 fps= 60 q=-0.0 size=   99105KiB time=00:01:54.51 bitrate=7089.5kbits/s speed=   1x    
frame= 6901 fps= 60 q=-0.0 size=   99541KiB time=00:01:55.01 bitrate=7089.8kbits/s speed=   1x    
frame= 6931 fps= 60 q=-0.0 size=   99902KiB time=00:01:55.51 bitrate=7084.7kbits/s speed=   1x    
frame= 6961 fps= 60 q=-0.0 size=  100284KiB time=00:01:56.01 bitrate=7081.1kbits/s speed=   1x    
frame= 6991 fps= 60 q=-0.0 size=  100768KiB time=00:01:56.51 bitrate=7084.7kbits/s speed=   1x    
frame= 7021 fps= 60 q=-0.0 size=  101273KiB time=00:01:57.01 bitrate=7089.8kbits/s speed=   1x    
frame= 7052 fps= 60 q=-0.0 size=  101756KiB time=00:01:57.53 bitrate=7092.4kbits/s speed=   1x    
frame= 7082 fps= 60 q=-0.0 size=  102155KiB time=00:01:58.03 bitrate=7090.0kbits/s speed=   1x    
frame= 7112 fps= 60 q=-0.0 size=  102429KiB time=00:01:58.53 bitrate=7079.0kbits/s speed=   1x    
frame= 7142 fps= 60 q=-0.0 size=  102879KiB time=00:01:59.03 bitrate=7080.2kbits/s speed=   1x    
frame= 7172 fps= 60 q=-0.0 size=  103490KiB time=00:01:59.53 bitrate=7092.5kbits/s speed=   1x    
frame= 7202 fps= 60 q=-0.0 size=  103943KiB time=00:02:00.03 bitrate=7093.9kbits/s speed=   1x    
frame= 7232 fps= 60 q=-0.0 size=  104372KiB time=00:02:00.53 bitrate=7093.6kbits/s speed=   1x    
frame= 7262 fps= 60 q=-0.0 size=  104780KiB time=00:02:01.03 bitrate=7091.9kbits/s speed=   1x    
frame= 7292 fps= 60 q=-0.0 size=  105200KiB time=00:02:01.53 bitrate=7091.0kbits/s speed=   1x    
frame= 7322 fps= 60 q=-0.0 size=  105599KiB time=00:02:02.03 bitrate=7088.8kbits/s speed=   1x    
frame= 7352 fps= 60 q=-0.0 size=  106031KiB time=00:02:02.53 bitrate=7088.7kbits/s speed=   1x    
frame= 7382 fps= 60 q=-0.0 size=  106459KiB time=00:02:03.03 bitrate=7088.4kbits/s speed=   1x    
frame= 7412 fps= 60 q=-0.0 size=  106887KiB time=00:02:03.53 bitrate=7088.1kbits/s speed=   1x    
frame= 7442 fps= 60 q=-0.0 size=  107306KiB time=00:02:04.03 bitrate=7087.2kbits/s speed=   1x    
frame= 7472 fps= 60 q=-0.0 size=  107740KiB time=00:02:04.53 bitrate=7087.3kbits/s speed=   1x    
frame= 7502 fps= 60 q=-0.0 size=  108169KiB time=00:02:05.03 bitrate=7087.1kbits/s speed=   1x    
frame= 7532 fps= 60 q=-0.0 size=  108691KiB time=00:02:05.53 bitrate=7092.9kbits/s speed=   1x    
frame= 7562 fps= 60 q=-0.0 size=  109012KiB time=00:02:06.03 bitrate=7085.7kbits/s speed=   1x    
frame= 7592 fps= 60 q=-0.0 size=  109353KiB time=00:02:06.53 bitrate=7079.7kbits/s speed=   1x    
frame= 7622 fps= 60 q=-0.0 size=  109786KiB time=00:02:07.03 bitrate=7079.8kbits/s speed=   1x    
frame= 7652 fps= 60 q=-0.0 size=  110425KiB time=00:02:07.53 bitrate=7093.0kbits/s speed=   1x    
frame= 7682 fps= 60 q=-0.0 size=  110870KiB time=00:02:08.03 bitrate=7093.8kbits/s speed=   1x    
frame= 7712 fps= 60 q=-0.0 size=  111310KiB time=00:02:08.53 bitrate=7094.3kbits/s speed=   1x    
frame= 7742 fps= 60 q=-0.0 size=  111740KiB time=00:02:09.03 bitrate=7094.1kbits/s speed=   1x    
frame= 7772 fps= 60 q=-0.0 size=  112165KiB time=00:02:09.53 bitrate=7093.6kbits/s speed=   1x    
frame= 7802 fps= 60 q=-0.0 size=  112592KiB time=00:02:10.03 bitrate=7093.2kbits/s speed=   1x    
frame= 7832 fps= 60 q=-0.0 size=  113041KiB time=00:02:10.53 bitrate=7094.2kbits/s speed=   1x    
frame= 7862 fps= 60 q=-0.0 size=  113471KiB time=00:02:11.03 bitrate=7094.0kbits/s speed=   1x    
frame= 7892 fps= 60 q=-0.0 size=  113883KiB time=00:02:11.53 bitrate=7092.8kbits/s speed=   1x    
frame= 7922 fps= 60 q=-0.0 size=  114326KiB time=00:02:12.03 bitrate=7093.4kbits/s speed=   1x    
frame= 7952 fps= 60 q=-0.0 size=  114775KiB time=00:02:12.53 bitrate=7094.4kbits/s speed=   1x    
frame= 7982 fps= 60 q=-0.0 size=  115204KiB time=00:02:13.03 bitrate=7094.1kbits/s speed=   1x    
frame= 8012 fps= 60 q=-0.0 size=  115616KiB time=00:02:13.53 bitrate=7092.8kbits/s speed=   1x    
frame= 8042 fps= 60 q=-0.0 size=  116147KiB time=00:02:14.03 bitrate=7098.8kbits/s speed=   1x    
frame= 8072 fps= 60 q=-0.0 size=  116490KiB time=00:02:14.53 bitrate=7093.3kbits/s speed=   1x    
frame= 8102 fps= 60 q=-0.0 size=  116942KiB time=00:02:15.03 bitrate=7094.5kbits/s speed=   1x    
frame= 8132 fps= 60 q=-0.0 size=  117376KiB time=00:02:15.53 bitrate=7094.5kbits/s speed=   1x    
frame= 8162 fps= 60 q=-0.0 size=  117804KiB time=00:02:16.03 bitrate=7094.2kbits/s speed=   1x    
frame= 8192 fps= 60 q=-0.0 size=  118249KiB time=00:02:16.53 bitrate=7094.9kbits/s speed=   1x    
frame= 8222 fps= 60 q=-0.0 size=  118661KiB time=00:02:17.03 bitrate=7093.7kbits/s speed=   1x    
frame= 8252 fps= 60 q=-0.0 size=  119089KiB time=00:02:17.53 bitrate=7093.4kbits/s speed=   1x    
frame= 8282 fps= 60 q=-0.0 size=  119522KiB time=00:02:18.03 bitrate=7093.4kbits/s speed=   1x    
frame= 8312 fps= 60 q=-0.0 size=  119945KiB time=00:02:18.53 bitrate=7092.8kbits/s speed=   1x    
frame= 8342 fps= 60 q=-0.0 size=  120378KiB time=00:02:19.03 bitrate=7092.8kbits/s speed=   1x    
frame= 8372 fps= 60 q=-0.0 size=  120813KiB time=00:02:19.53 bitrate=7093.0kbits/s speed=   1x    
frame= 8402 fps= 60 q=-0.0 size=  121260KiB time=00:02:20.03 bitrate=7093.8kbits/s speed=   1x    
frame= 8432 fps= 60 q=-0.0 size=  121680KiB time=00:02:20.53 bitrate=7093.0kbits/s speed=   1x    
frame= 8462 fps= 60 q=-0.0 size=  122118KiB time=00:02:21.03 bitrate=7093.3kbits/s speed=   1x    
frame= 8492 fps= 60 q=-0.0 size=  122567KiB time=00:02:21.53 bitrate=7094.2kbits/s speed=   1x    
frame= 8522 fps= 60 q=-0.0 size=  122992KiB time=00:02:22.03 bitrate=7093.7kbits/s speed=   1x    
frame= 8552 fps= 60 q=-0.0 size=  123419KiB time=00:02:22.53 bitrate=7093.4kbits/s speed=   1x    
frame= 8582 fps= 60 q=-0.0 size=  123853KiB time=00:02:23.03 bitrate=7093.5kbits/s speed=   1x    
frame= 8612 fps= 60 q=-0.0 size=  124285KiB time=00:02:23.53 bitrate=7093.4kbits/s speed=   1x    
frame= 8642 fps= 60 q=-0.0 size=  124718KiB time=00:02:24.03 bitrate=7093.4kbits/s speed=   1x    
frame= 8672 fps= 60 q=-0.0 size=  125155KiB time=00:02:24.53 bitrate=7093.7kbits/s speed=   1x    
frame= 8702 fps= 60 q=-0.0 size=  125568KiB time=00:02:25.03 bitrate=7092.5kbits/s speed=   1x    
frame= 8732 fps= 60 q=-0.0 size=  126012KiB time=00:02:25.53 bitrate=7093.1kbits/s speed=   1x    
frame= 8762 fps= 60 q=-0.0 size=  126460KiB time=00:02:26.03 bitrate=7094.0kbits/s speed=   1x    
frame= 8792 fps= 60 q=-0.0 size=  126875KiB time=00:02:26.53 bitrate=7093.0kbits/s speed=   1x    
frame= 8822 fps= 60 q=-0.0 size=  127318KiB time=00:02:27.03 bitrate=7093.5kbits/s speed=   1x    
frame= 8852 fps= 60 q=-0.0 size=  127752KiB time=00:02:27.53 bitrate=7093.6kbits/s speed=   1x    
frame= 8882 fps= 60 q=-0.0 size=  128165KiB time=00:02:28.03 bitrate=7092.5kbits/s speed=   1x    
frame= 8912 fps= 60 q=-0.0 size=  128619KiB time=00:02:28.53 bitrate=7093.7kbits/s speed=   1x    
frame= 8942 fps= 60 q=-0.0 size=  129044KiB time=00:02:29.03 bitrate=7093.2kbits/s speed=   1x    
frame= 8972 fps= 60 q=-0.0 size=  129473KiB time=00:02:29.53 bitrate=7093.0kbits/s speed=   1x    
frame= 9002 fps= 60 q=-0.0 size=  129905KiB time=00:02:30.03 bitrate=7093.0kbits/s speed=   1x    
frame= 9032 fps= 60 q=-0.0 size=  130342KiB time=00:02:30.53 bitrate=7093.2kbits/s speed=   1x    
frame= 9062 fps= 60 q=-0.0 size=  130784KiB time=00:02:31.03 bitrate=7093.7kbits/s speed=   1x    
frame= 9092 fps= 60 q=-0.0 size=  131211KiB time=00:02:31.53 bitrate=7093.4kbits/s speed=   1x    
frame= 9122 fps= 60 q=-0.0 size=  131637KiB time=00:02:32.03 bitrate=7093.0kbits/s speed=   1x    
frame= 9152 fps= 60 q=-0.0 size=  132074KiB time=00:02:32.53 bitrate=7093.2kbits/s speed=   1x    
frame= 9182 fps= 60 q=-0.0 size=  132506KiB time=00:02:33.03 bitrate=7093.2kbits/s speed=   1x    
frame= 9212 fps= 60 q=-0.0 size=  132943KiB time=00:02:33.53 bitrate=7093.4kbits/s speed=   1x    
frame= 9242 fps= 60 q=-0.0 size=  133383KiB time=00:02:34.03 bitrate=7093.7kbits/s speed=   1x    
frame= 9272 fps= 60 q=-0.0 size=  133811KiB time=00:02:34.53 bitrate=7093.5kbits/s speed=   1x    
frame= 9302 fps= 60 q=-0.0 size=  134251KiB time=00:02:35.03 bitrate=7093.9kbits/s speed=   1x    
frame= 9332 fps= 60 q=-0.0 size=  134665KiB time=00:02:35.53 bitrate=7092.9kbits/s speed=   1x    
frame= 9362 fps= 60 q=-0.0 size=  135115KiB time=00:02:36.03 bitrate=7093.7kbits/s speed=   1x    
frame= 9392 fps= 60 q=-0.0 size=  135551KiB time=00:02:36.53 bitrate=7093.9kbits/s speed=   1x    
frame= 9422 fps= 60 q=-0.0 size=  135974KiB time=00:02:37.03 bitrate=7093.4kbits/s speed=   1x    
frame= 9452 fps= 60 q=-0.0 size=  136397KiB time=00:02:37.53 bitrate=7092.9kbits/s speed=   1x    
frame= 9482 fps= 60 q=-0.0 size=  136847KiB time=00:02:38.03 bitrate=7093.8kbits/s speed=   1x    
frame= 9512 fps= 60 q=-0.0 size=  137275KiB time=00:02:38.53 bitrate=7093.5kbits/s speed=   1x    
frame= 9542 fps= 60 q=-0.0 size=  137714KiB time=00:02:39.03 bitrate=7093.8kbits/s speed=   1x    
frame= 9572 fps= 60 q=-0.0 size=  138145KiB time=00:02:39.53 bitrate=7093.7kbits/s speed=   1x    
frame= 9602 fps= 60 q=-0.0 size=  138570KiB time=00:02:40.03 bitrate=7093.3kbits/s speed=   1x    
frame= 9632 fps= 60 q=-0.0 size=  138999KiB time=00:02:40.53 bitrate=7093.1kbits/s speed=   1x    
frame= 9662 fps= 60 q=-0.0 size=  139436KiB time=00:02:41.03 bitrate=7093.3kbits/s speed=   1x    
frame= 9692 fps= 60 q=-0.0 size=  139868KiB time=00:02:41.53 bitrate=7093.3kbits/s speed=   1x    
frame= 9722 fps= 60 q=-0.0 size=  140316KiB time=00:02:42.03 bitrate=7094.0kbits/s speed=   1x    
frame= 9752 fps= 60 q=-0.0 size=  140728KiB time=00:02:42.53 bitrate=7093.0kbits/s speed=   1x    
frame= 9782 fps= 60 q=-0.0 size=  141178KiB time=00:02:43.03 bitrate=7093.8kbits/s speed=   1x    
frame= 9812 fps= 60 q=-0.0 size=  141609KiB time=00:02:43.53 bitrate=7093.7kbits/s speed=   1x    
frame= 9842 fps= 60 q=-0.0 size=  142040KiB time=00:02:44.03 bitrate=7093.6kbits/s speed=   1x    
frame= 9872 fps= 60 q=-0.0 size=  142474KiB time=00:02:44.53 bitrate=7093.7kbits/s speed=   1x    
frame= 9902 fps= 60 q=-0.0 size=  142915KiB time=00:02:45.03 bitrate=7094.1kbits/s speed=   1x    
frame= 9932 fps= 60 q=-0.0 size=  143343KiB time=00:02:45.53 bitrate=7093.8kbits/s speed=   1x    
frame= 9962 fps= 60 q=-0.0 size=  143778KiB time=00:02:46.03 bitrate=7094.0kbits/s speed=   1x    
frame= 9992 fps= 60 q=-0.0 size=  144221KiB time=00:02:46.53 bitrate=7094.5kbits/s speed=   1x    
frame=10022 fps= 60 q=-0.0 size=  144631KiB time=00:02:47.03 bitrate=7093.3kbits/s speed=   1x    
frame=10052 fps= 60 q=-0.0 size=  145084KiB time=00:02:47.53 bitrate=7094.3kbits/s speed=   1x    
frame=10082 fps= 60 q=-0.0 size=  145543KiB time=00:02:48.03 bitrate=7095.6kbits/s speed=   1x    
frame=10112 fps= 60 q=-0.0 size=  145935KiB time=00:02:48.53 bitrate=7093.5kbits/s speed=   1x    
frame=10142 fps= 60 q=-0.0 size=  146255KiB time=00:02:49.03 bitrate=7088.1kbits/s speed=   1x    
frame=10172 fps= 60 q=-0.0 size=  146594KiB time=00:02:49.53 bitrate=7083.6kbits/s speed=   1x    
frame=10202 fps= 60 q=-0.0 size=  147027KiB time=00:02:50.03 bitrate=7083.6kbits/s speed=   1x    
frame=10232 fps= 60 q=-0.0 size=  147461KiB time=00:02:50.53 bitrate=7083.6kbits/s speed=   1x    
frame=10262 fps= 60 q=-0.0 size=  148280KiB time=00:02:51.03 bitrate=7102.2kbits/s speed=   1x    
frame=10292 fps= 60 q=-0.0 size=  148519KiB time=00:02:51.53 bitrate=7092.9kbits/s speed=   1x    
frame=10322 fps= 60 q=-0.0 size=  149001KiB time=00:02:52.03 bitrate=7095.2kbits/s speed=   1x    
frame=10352 fps= 60 q=-0.0 size=  149423KiB time=00:02:52.53 bitrate=7094.7kbits/s speed=   1x    
frame=10382 fps= 60 q=-0.0 size=  149842KiB time=00:02:53.03 bitrate=7094.1kbits/s speed=   1x    
frame=10412 fps= 60 q=-0.0 size=  150277KiB time=00:02:53.53 bitrate=7094.1kbits/s speed=   1x    
frame=10442 fps= 60 q=-0.0 size=  150713KiB time=00:02:54.03 bitrate=7094.3kbits/s speed=   1x    
frame=10472 fps= 60 q=-0.0 size=  151129KiB time=00:02:54.53 bitrate=7093.5kbits/s speed=   1x    
frame=10502 fps= 60 q=-0.0 size=  151588KiB time=00:02:55.03 bitrate=7094.7kbits/s speed=   1x    
frame=10532 fps= 60 q=-0.0 size=  152020KiB time=00:02:55.53 bitrate=7094.6kbits/s speed=   1x    
frame=10562 fps= 60 q=-0.0 size=  152458KiB time=00:02:56.03 bitrate=7094.9kbits/s speed=   1x    
frame=10592 fps= 60 q=-0.0 size=  152888KiB time=00:02:56.53 bitrate=7094.8kbits/s speed=   1x    
frame=10622 fps= 60 q=-0.0 size=  153318KiB time=00:02:57.03 bitrate=7094.6kbits/s speed=   1x    
frame=10652 fps= 60 q=-0.0 size=  153758KiB time=00:02:57.53 bitrate=7094.9kbits/s speed=   1x    
frame=10682 fps= 60 q=-0.0 size=  154176KiB time=00:02:58.03 bitrate=7094.2kbits/s speed=   1x    
frame=10712 fps= 60 q=-0.0 size=  154389KiB time=00:02:58.53 bitrate=7084.2kbits/s speed=   1x    
frame=10742 fps= 60 q=-0.0 size=  154822KiB time=00:02:59.03 bitrate=7084.2kbits/s speed=   1x    
frame=10772 fps= 60 q=-0.0 size=  155256KiB time=00:02:59.53 bitrate=7084.2kbits/s speed=   1x    
frame=10802 fps= 60 q=-0.0 size=  155689KiB time=00:03:00.03 bitrate=7084.3kbits/s speed=   1x    
frame=10832 fps= 60 q=-0.0 size=  156122KiB time=00:03:00.53 bitrate=7084.3kbits/s speed=   1x    
frame=10862 fps= 60 q=-0.0 size=  156555KiB time=00:03:01.03 bitrate=7084.3kbits/s speed=   1x    
frame=10893 fps= 60 q=-0.0 size=  157003KiB time=00:03:01.55 bitrate=7084.4kbits/s speed=   1x    
frame=10923 fps= 60 q=-0.0 size=  157436KiB time=00:03:02.05 bitrate=7084.4kbits/s speed=   1x    
frame=10952 fps= 60 q=-0.0 size=  157855KiB time=00:03:02.53 bitrate=7084.4kbits/s speed=   1x    
frame=10983 fps= 60 q=-0.0 size=  158302KiB time=00:03:03.05 bitrate=7084.5kbits/s speed=   1x    
frame=11013 fps= 60 q=-0.0 size=  158735KiB time=00:03:03.55 bitrate=7084.5kbits/s speed=   1x    
frame=11043 fps= 60 q=-0.0 size=  159242KiB time=00:03:04.05 bitrate=7087.8kbits/s speed=   1x    
frame=11073 fps= 60 q=-0.0 size=  159824KiB time=00:03:04.55 bitrate=7094.5kbits/s speed=   1x    
frame=11103 fps= 60 q=-0.0 size=  160251KiB time=00:03:05.05 bitrate=7094.2kbits/s speed=   1x    
frame=11133 fps= 60 q=-0.0 size=  160676KiB time=00:03:05.55 bitrate=7093.8kbits/s speed=   1x    
frame=11163 fps= 60 q=-0.0 size=  161104KiB time=00:03:06.05 bitrate=7093.6kbits/s speed=   1x    
frame=11193 fps= 60 q=-0.0 size=  161525KiB time=00:03:06.55 bitrate=7093.1kbits/s speed=   1x    
frame=11223 fps= 60 q=-0.0 size=  161975KiB time=00:03:07.05 bitrate=7093.8kbits/s speed=   1x    
frame=11253 fps= 60 q=-0.0 size=  162391KiB time=00:03:07.55 bitrate=7093.1kbits/s speed=   1x    
frame=11283 fps= 60 q=-0.0 size=  162853KiB time=00:03:08.05 bitrate=7094.4kbits/s speed=   1x    
frame=11313 fps= 60 q=-0.0 size=  163256KiB time=00:03:08.55 bitrate=7093.0kbits/s speed=   1x    
frame=11343 fps= 60 q=-0.0 size=  163707KiB time=00:03:09.05 bitrate=7093.8kbits/s speed=   1x    
frame=11373 fps= 60 q=-0.0 size=  164125KiB time=00:03:09.55 bitrate=7093.2kbits/s speed=   1x    
frame=11403 fps= 60 q=-0.0 size=  164573KiB time=00:03:10.05 bitrate=7093.8kbits/s speed=   1x    
frame=11433 fps= 60 q=-0.0 size=  165004KiB time=00:03:10.55 bitrate=7093.8kbits/s speed=   1x    
frame=11463 fps= 60 q=-0.0 size=  165429KiB time=00:03:11.05 bitrate=7093.4kbits/s speed=   1x    
frame=11493 fps= 60 q=-0.0 size=  165872KiB time=00:03:11.55 bitrate=7093.8kbits/s speed=   1x    
frame=11523 fps= 60 q=-0.0 size=  166312KiB time=00:03:12.05 bitrate=7094.1kbits/s speed=   1x    
frame=11553 fps= 60 q=-0.0 size=  166730KiB time=00:03:12.55 bitrate=7093.5kbits/s speed=   1x    
frame=11583 fps= 60 q=-0.0 size=  167182KiB time=00:03:13.05 bitrate=7094.3kbits/s speed=   1x    
frame=11613 fps= 60 q=-0.0 size=  167611KiB time=00:03:13.55 bitrate=7094.1kbits/s speed=   1x    
frame=11643 fps= 60 q=-0.0 size=  168035KiB time=00:03:14.05 bitrate=7093.8kbits/s speed=   1x    
frame=11673 fps= 60 q=-0.0 size=  168461KiB time=00:03:14.55 bitrate=7093.4kbits/s speed=   1x    
frame=11703 fps= 60 q=-0.0 size=  168884KiB time=00:03:15.05 bitrate=7093.1kbits/s speed=   1x    
frame=11733 fps= 60 q=-0.0 size=  169335KiB time=00:03:15.55 bitrate=7093.8kbits/s speed=   1x    
frame=11763 fps= 60 q=-0.0 size=  169758KiB time=00:03:16.05 bitrate=7093.4kbits/s speed=   1x    
frame=11793 fps= 60 q=-0.0 size=  170224KiB time=00:03:16.55 bitrate=7094.8kbits/s speed=   1x    
frame=11823 fps= 60 q=-0.0 size=  170646KiB time=00:03:17.05 bitrate=7094.3kbits/s speed=   1x    
frame=11853 fps= 60 q=-0.0 size=  171062KiB time=00:03:17.55 bitrate=7093.6kbits/s speed=   1x    
frame=11883 fps= 60 q=-0.0 size=  171499KiB time=00:03:18.05 bitrate=7093.8kbits/s speed=   1x    
frame=11913 fps= 60 q=-0.0 size=  171921KiB time=00:03:18.55 bitrate=7093.3kbits/s speed=   1x    
frame=11943 fps= 60 q=-0.0 size=  172354KiB time=00:03:19.05 bitrate=7093.3kbits/s speed=   1x    
frame=11973 fps= 60 q=-0.0 size=  172814KiB time=00:03:19.55 bitrate=7094.4kbits/s speed=   1x    
frame=12003 fps= 60 q=-0.0 size=  173233KiB time=00:03:20.05 bitrate=7093.9kbits/s speed=   1x    
frame=12033 fps= 60 q=-0.0 size=  173668KiB time=00:03:20.55 bitrate=7093.9kbits/s speed=   1x    
frame=12063 fps= 60 q=-0.0 size=  174098KiB time=00:03:21.05 bitrate=7093.8kbits/s speed=   1x    
frame=12093 fps= 60 q=-0.0 size=  174531KiB time=00:03:21.55 bitrate=7093.8kbits/s speed=   1x    
frame=12123 fps= 60 q=-0.0 size=  174970KiB time=00:03:22.05 bitrate=7094.1kbits/s speed=   1x    
frame=12153 fps= 60 q=-0.0 size=  175407KiB time=00:03:22.55 bitrate=7094.2kbits/s speed=   1x    
frame=12183 fps= 60 q=-0.0 size=  175805KiB time=00:03:23.05 bitrate=7092.8kbits/s speed=   1x    
frame=12213 fps= 60 q=-0.0 size=  176261KiB time=00:03:23.55 bitrate=7093.7kbits/s speed=   1x    
frame=12243 fps= 60 q=-0.0 size=  176685KiB time=00:03:24.05 bitrate=7093.4kbits/s speed=   1x    
frame=12273 fps= 60 q=-0.0 size=  177124KiB time=00:03:24.55 bitrate=7093.6kbits/s speed=   1x    
frame=12303 fps= 60 q=-0.0 size=  177563KiB time=00:03:25.05 bitrate=7093.9kbits/s speed=   1x    
frame=12333 fps= 60 q=-0.0 size=  178018KiB time=00:03:25.55 bitrate=7094.7kbits/s speed=   1x    
frame=12363 fps= 60 q=-0.0 size=  178426KiB time=00:03:26.05 bitrate=7093.7kbits/s speed=   1x    
frame=12393 fps= 60 q=-0.0 size=  178872KiB time=00:03:26.55 bitrate=7094.3kbits/s speed=   1x    
frame=12423 fps= 60 q=-0.0 size=  179294KiB time=00:03:27.05 bitrate=7093.8kbits/s speed=   1x    
frame=12453 fps= 60 q=-0.0 size=  179701KiB time=00:03:27.55 bitrate=7092.8kbits/s speed=   1x    
frame=12483 fps= 60 q=-0.0 size=  180137KiB time=00:03:28.05 bitrate=7092.9kbits/s speed=   1x    
frame=12513 fps= 60 q=-0.0 size=  180566KiB time=00:03:28.55 bitrate=7092.8kbits/s speed=   1x    
frame=12543 fps= 60 q=-0.0 size=  181013KiB time=00:03:29.05 bitrate=7093.3kbits/s speed=   1x    
frame=12573 fps= 60 q=-0.0 size=  181463KiB time=00:03:29.55 bitrate=7094.0kbits/s speed=   1x    
frame=12603 fps= 60 q=-0.0 size=  181903KiB time=00:03:30.05 bitrate=7094.2kbits/s speed=   1x    
frame=12633 fps= 60 q=-0.0 size=  182324KiB time=00:03:30.55 bitrate=7093.8kbits/s speed=   1x    
frame=12663 fps= 60 q=-0.0 size=  182772KiB time=00:03:31.05 bitrate=7094.4kbits/s speed=   1x    
frame=12693 fps= 60 q=-0.0 size=  183196KiB time=00:03:31.55 bitrate=7094.0kbits/s speed=   1x    
frame=12723 fps= 60 q=-0.0 size=  183634KiB time=00:03:32.05 bitrate=7094.2kbits/s speed=   1x    
frame=12753 fps= 60 q=-0.0 size=  184058KiB time=00:03:32.55 bitrate=7093.9kbits/s speed=   1x    
frame=12783 fps= 60 q=-0.0 size=  184495KiB time=00:03:33.05 bitrate=7094.0kbits/s speed=   1x    
frame=12813 fps= 60 q=-0.0 size=  184929KiB time=00:03:33.55 bitrate=7094.1kbits/s speed=   1x    
frame=12843 fps= 60 q=-0.0 size=  185361KiB time=00:03:34.05 bitrate=7094.0kbits/s speed=   1x    
frame=12873 fps= 60 q=-0.0 size=  185801KiB time=00:03:34.55 bitrate=7094.3kbits/s speed=   1x    
frame=12903 fps= 60 q=-0.0 size=  186222KiB time=00:03:35.05 bitrate=7093.8kbits/s speed=   1x    
frame=12933 fps= 60 q=-0.0 size=  186631KiB time=00:03:35.55 bitrate=7092.9kbits/s speed=   1x    
frame=12963 fps= 60 q=-0.0 size=  187096KiB time=00:03:36.05 bitrate=7094.2kbits/s speed=   1x    
frame=12993 fps= 60 q=-0.0 size=  187518KiB time=00:03:36.55 bitrate=7093.7kbits/s speed=   1x    
frame=13023 fps= 60 q=-0.0 size=  187967KiB time=00:03:37.05 bitrate=7094.3kbits/s speed=   1x    
frame=13053 fps= 60 q=-0.0 size=  188387KiB time=00:03:37.55 bitrate=7093.9kbits/s speed=   1x    
frame=13083 fps= 60 q=-0.0 size=  188836KiB time=00:03:38.05 bitrate=7094.5kbits/s speed=   1x    
frame=13113 fps= 60 q=-0.0 size=  189261KiB time=00:03:38.55 bitrate=7094.2kbits/s speed=   1x    
frame=13143 fps= 60 q=-0.0 size=  189686KiB time=00:03:39.05 bitrate=7093.8kbits/s speed=   1x    
frame=13173 fps= 60 q=-0.0 size=  190130KiB time=00:03:39.55 bitrate=7094.3kbits/s speed=   1x    
frame=13203 fps= 60 q=-0.0 size=  190551KiB time=00:03:40.05 bitrate=7093.8kbits/s speed=   1x    
frame=13233 fps= 60 q=-0.0 size=  190981KiB time=00:03:40.55 bitrate=7093.7kbits/s speed=   1x    
frame=13263 fps= 60 q=-0.0 size=  191418KiB time=00:03:41.05 bitrate=7093.9kbits/s speed=   1x    
frame=13293 fps= 60 q=-0.0 size=  191864KiB time=00:03:41.55 bitrate=7094.4kbits/s speed=   1x    
frame=13323 fps= 60 q=-0.0 size=  192290KiB time=00:03:42.05 bitrate=7094.1kbits/s speed=   1x    
frame=13353 fps= 60 q=-0.0 size=  192722KiB time=00:03:42.55 bitrate=7094.1kbits/s speed=   1x    
frame=13383 fps= 60 q=-0.0 size=  193160KiB time=00:03:43.05 bitrate=7094.2kbits/s speed=   1x    
frame=13413 fps= 60 q=-0.0 size=  193569KiB time=00:03:43.55 bitrate=7093.4kbits/s speed=   1x    
frame=13443 fps= 60 q=-0.0 size=  194002KiB time=00:03:44.05 bitrate=7093.3kbits/s speed=   1x    
frame=13473 fps= 60 q=-0.0 size=  194444KiB time=00:03:44.55 bitrate=7093.7kbits/s speed=   1x    
frame=13503 fps= 60 q=-0.0 size=  194891KiB time=00:03:45.05 bitrate=7094.2kbits/s speed=   1x    
frame=13533 fps= 60 q=-0.0 size=  195302KiB time=00:03:45.55 bitrate=7093.4kbits/s speed=   1x    
frame=13563 fps= 60 q=-0.0 size=  195768KiB time=00:03:46.05 bitrate=7094.6kbits/s speed=   1x    
frame=13593 fps= 60 q=-0.0 size=  196233KiB time=00:03:46.55 bitrate=7095.7kbits/s speed=   1x    
frame=13623 fps= 60 q=-0.0 size=  196628KiB time=00:03:47.05 bitrate=7094.4kbits/s speed=   1x    
frame=13653 fps= 60 q=-0.0 size=  197052KiB time=00:03:47.55 bitrate=7094.1kbits/s speed=   1x    
frame=13683 fps= 60 q=-0.0 size=  197486KiB time=00:03:48.05 bitrate=7094.1kbits/s speed=   1x    
frame=13713 fps= 60 q=-0.0 size=  197908KiB time=00:03:48.55 bitrate=7093.7kbits/s speed=   1x    
frame=13743 fps= 60 q=-0.0 size=  198351KiB time=00:03:49.05 bitrate=7094.1kbits/s speed=   1x    
frame=13773 fps= 60 q=-0.0 size=  198786KiB time=00:03:49.55 bitrate=7094.1kbits/s speed=   1x    
frame=13803 fps= 60 q=-0.0 size=  199218KiB time=00:03:50.05 bitrate=7094.1kbits/s speed=   1x    
frame=13833 fps= 60 q=-0.0 size=  199650KiB time=00:03:50.55 bitrate=7094.1kbits/s speed=   1x    
frame=13863 fps= 60 q=-0.0 size=  200081KiB time=00:03:51.05 bitrate=7094.0kbits/s speed=   1x    
frame=13893 fps= 60 q=-0.0 size=  200508KiB time=00:03:51.55 bitrate=7093.8kbits/s speed=   1x    
frame=13923 fps= 60 q=-0.0 size=  200946KiB time=00:03:52.05 bitrate=7094.0kbits/s speed=   1x    
frame=13953 fps= 60 q=-0.0 size=  201370KiB time=00:03:52.55 bitrate=7093.6kbits/s speed=   1x    
frame=13983 fps= 60 q=-0.0 size=  201806KiB time=00:03:53.05 bitrate=7093.7kbits/s speed=   1x    
frame=14013 fps= 60 q=-0.0 size=  202257KiB time=00:03:53.55 bitrate=7094.4kbits/s speed=   1x    
frame=14043 fps= 60 q=-0.0 size=  202670KiB time=00:03:54.05 bitrate=7093.7kbits/s speed=   1x    
frame=14073 fps= 60 q=-0.0 size=  203120KiB time=00:03:54.55 bitrate=7094.3kbits/s speed=   1x    
frame=14103 fps= 60 q=-0.0 size=  203537KiB time=00:03:55.05 bitrate=7093.7kbits/s speed=   1x    
frame=14133 fps= 60 q=-0.0 size=  203992KiB time=00:03:55.55 bitrate=7094.5kbits/s speed=   1x    
frame=14163 fps= 60 q=-0.0 size=  204402KiB time=00:03:56.05 bitrate=7093.7kbits/s speed=   1x    
frame=14193 fps= 60 q=-0.0 size=  204815KiB time=00:03:56.55 bitrate=7093.0kbits/s speed=   1x    
frame=14223 fps= 60 q=-0.0 size=  205279KiB time=00:03:57.05 bitrate=7094.1kbits/s speed=   1x    
frame=14253 fps= 60 q=-0.0 size=  205706KiB time=00:03:57.55 bitrate=7093.8kbits/s speed=   1x    
frame=14283 fps= 60 q=-0.0 size=  206137KiB time=00:03:58.05 bitrate=7093.8kbits/s speed=   1x    
frame=14313 fps= 60 q=-0.0 size=  206582KiB time=00:03:58.55 bitrate=7094.2kbits/s speed=   1x    
frame=14343 fps= 60 q=-0.0 size=  207002KiB time=00:03:59.05 bitrate=7093.8kbits/s speed=   1x    
frame=14373 fps= 60 q=-0.0 size=  207408KiB time=00:03:59.55 bitrate=7092.8kbits/s speed=   1x    
frame=14403 fps= 60 q=-0.0 size=  207831KiB time=00:04:00.05 bitrate=7092.5kbits/s speed=   1x    
frame=14433 fps= 60 q=-0.0 size=  208308KiB time=00:04:00.55 bitrate=7094.0kbits/s speed=   1x    
frame=14463 fps= 60 q=-0.0 size=  208729KiB time=00:04:01.05 bitrate=7093.6kbits/s speed=   1x    
frame=14493 fps= 60 q=-0.0 size=  209171KiB time=00:04:01.55 bitrate=7093.9kbits/s speed=   1x    
frame=14523 fps= 60 q=-0.0 size=  209614KiB time=00:04:02.05 bitrate=7094.2kbits/s speed=   1x    
frame=14553 fps= 60 q=-0.0 size=  210046KiB time=00:04:02.55 bitrate=7094.2kbits/s speed=   1x    
frame=14583 fps= 60 q=-0.0 size=  210354KiB time=00:04:03.05 bitrate=7090.0kbits/s speed=   1x    
frame=14613 fps= 60 q=-0.0 size=  210868KiB time=00:04:03.55 bitrate=7092.7kbits/s speed=   1x    
frame=14643 fps= 60 q=-0.0 size=  211348KiB time=00:04:04.05 bitrate=7094.3kbits/s speed=   1x    
frame=14673 fps= 60 q=-0.0 size=  211784KiB time=00:04:04.55 bitrate=7094.4kbits/s speed=   1x    
frame=14703 fps= 60 q=-0.0 size=  212188KiB time=00:04:05.05 bitrate=7093.4kbits/s speed=   1x    
frame=14733 fps= 60 q=-0.0 size=  212603KiB time=00:04:05.55 bitrate=7092.8kbits/s speed=   1x    
frame=14763 fps= 60 q=-0.0 size=  213019KiB time=00:04:06.05 bitrate=7092.3kbits/s speed=   1x    
frame=14793 fps= 60 q=-0.0 size=  213434KiB time=00:04:06.55 bitrate=7091.7kbits/s speed=   1x    
frame=14823 fps= 60 q=-0.0 size=  213861KiB time=00:04:07.05 bitrate=7091.5kbits/s speed=   1x    
frame=14853 fps= 60 q=-0.0 size=  214292KiB time=00:04:07.55 bitrate=7091.4kbits/s speed=   1x    
frame=14883 fps= 60 q=-0.0 size=  214734KiB time=00:04:08.05 bitrate=7091.7kbits/s speed=   1x    
frame=14913 fps= 60 q=-0.0 size=  215153KiB time=00:04:08.55 bitrate=7091.3kbits/s speed=   1x    
frame=14943 fps= 60 q=-0.0 size=  215592KiB time=00:04:09.05 bitrate=7091.4kbits/s speed=   1x    
frame=14973 fps= 60 q=-0.0 size=  216017KiB time=00:04:09.55 bitrate=7091.2kbits/s speed=   1x    
frame=15003 fps= 60 q=-0.0 size=  216467KiB time=00:04:10.05 bitrate=7091.8kbits/s speed=   1x    
frame=15034 fps= 60 q=-0.0 size=  216778KiB time=00:04:10.56 bitrate=7087.3kbits/s speed=   1x    
frame=15063 fps= 60 q=-0.0 size=  217197KiB time=00:04:11.06 bitrate=7086.9kbits/s speed=   1x    
frame=15093 fps= 60 q=-0.0 size=  217922KiB time=00:04:11.55 bitrate=7096.9kbits/s speed=   1x    
frame=15124 fps= 60 q=-0.0 size=  218285KiB time=00:04:12.06 bitrate=7094.1kbits/s speed=   1x    
frame=15154 fps= 60 q=-0.0 size=  218710KiB time=00:04:12.56 bitrate=7093.8kbits/s speed=   1x    
frame=15184 fps= 60 q=-0.0 size=  219136KiB time=00:04:13.06 bitrate=7093.6kbits/s speed=   1x    
frame=15214 fps= 60 q=-0.0 size=  219576KiB time=00:04:13.56 bitrate=7093.8kbits/s speed=   1x    
frame=15244 fps= 60 q=-0.0 size=  220012KiB time=00:04:14.06 bitrate=7094.0kbits/s speed=   1x    
frame=15274 fps= 60 q=-0.0 size=  220431KiB time=00:04:14.56 bitrate=7093.5kbits/s speed=   1x    
frame=15304 fps= 60 q=-0.0 size=  220876KiB time=00:04:15.06 bitrate=7093.9kbits/s speed=   1x    
frame=15334 fps= 60 q=-0.0 size=  221334KiB time=00:04:15.56 bitrate=7094.7kbits/s speed=   1x    
frame=15364 fps= 60 q=-0.0 size=  221757KiB time=00:04:16.06 bitrate=7094.4kbits/s speed=   1x    
frame=15394 fps= 60 q=-0.0 size=  222176KiB time=00:04:16.56 bitrate=7093.9kbits/s speed=   1x    
frame=15424 fps= 60 q=-0.0 size=  222603KiB time=00:04:17.06 bitrate=7093.7kbits/s speed=   1x    
frame=15454 fps= 60 q=-0.0 size=  223052KiB time=00:04:17.56 bitrate=7094.3kbits/s speed=   1x    
frame=15484 fps= 60 q=-0.0 size=  223475KiB time=00:04:18.06 bitrate=7093.9kbits/s speed=   1x    
frame=15514 fps= 60 q=-0.0 size=  223918KiB time=00:04:18.56 bitrate=7094.3kbits/s speed=   1x    
frame=15544 fps= 60 q=-0.0 size=  224336KiB time=00:04:19.06 bitrate=7093.8kbits/s speed=   1x    
frame=15574 fps= 60 q=-0.0 size=  224768KiB time=00:04:19.56 bitrate=7093.7kbits/s speed=   1x    
frame=15604 fps= 60 q=-0.0 size=  225200KiB time=00:04:20.06 bitrate=7093.7kbits/s speed=   1x    
frame=15634 fps= 60 q=-0.0 size=  225634KiB time=00:04:20.56 bitrate=7093.7kbits/s speed=   1x    
frame=15664 fps= 60 q=-0.0 size=  226057KiB time=00:04:21.06 bitrate=7093.4kbits/s speed=   1x    
frame=15694 fps= 60 q=-0.0 size=  226514KiB time=00:04:21.56 bitrate=7094.2kbits/s speed=   1x    
frame=15724 fps= 60 q=-0.0 size=  226929KiB time=00:04:22.06 bitrate=7093.6kbits/s speed=   1x    
frame=15754 fps= 60 q=-0.0 size=  227384KiB time=00:04:22.56 bitrate=7094.3kbits/s speed=   1x    
frame=15784 fps= 60 q=-0.0 size=  227792KiB time=00:04:23.06 bitrate=7093.5kbits/s speed=   1x    
frame=15814 fps= 60 q=-0.0 size=  228245KiB time=00:04:23.56 bitrate=7094.2kbits/s speed=   1x    
frame=15844 fps= 60 q=-0.0 size=  228668KiB time=00:04:24.06 bitrate=7093.8kbits/s speed=   1x    
frame=15874 fps= 60 q=-0.0 size=  229103KiB time=00:04:24.56 bitrate=7093.9kbits/s speed=   1x    
frame=15904 fps= 60 q=-0.0 size=  229538KiB time=00:04:25.06 bitrate=7094.0kbits/s speed=   1x    
frame=15934 fps= 60 q=-0.0 size=  229970KiB time=00:04:25.56 bitrate=7093.9kbits/s speed=   1x    
frame=15964 fps= 60 q=-0.0 size=  230430KiB time=00:04:26.06 bitrate=7094.8kbits/s speed=   1x    
frame=15994 fps= 60 q=-0.0 size=  230838KiB time=00:04:26.56 bitrate=7094.0kbits/s speed=   1x    
frame=16024 fps= 60 q=-0.0 size=  231256KiB time=00:04:27.06 bitrate=7093.5kbits/s speed=   1x    
frame=16054 fps= 60 q=-0.0 size=  231712KiB time=00:04:27.56 bitrate=7094.3kbits/s speed=   1x    
frame=16084 fps= 60 q=-0.0 size=  232139KiB time=00:04:28.06 bitrate=7094.1kbits/s speed=   1x    
frame=16114 fps= 60 q=-0.0 size=  232558KiB time=00:04:28.56 bitrate=7093.6kbits/s speed=   1x    
frame=16144 fps= 60 q=-0.0 size=  233009KiB time=00:04:29.06 bitrate=7094.2kbits/s speed=   1x    
frame=16174 fps= 60 q=-0.0 size=  233434KiB time=00:04:29.56 bitrate=7094.0kbits/s speed=   1x    
frame=16204 fps= 60 q=-0.0 size=  233867KiB time=00:04:30.06 bitrate=7094.0kbits/s speed=   1x    
frame=16234 fps= 60 q=-0.0 size=  234286KiB time=00:04:30.56 bitrate=7093.5kbits/s speed=   1x    
frame=16264 fps= 60 q=-0.0 size=  234755KiB time=00:04:31.06 bitrate=7094.6kbits/s speed=   1x    
frame=16294 fps= 60 q=-0.0 size=  235159KiB time=00:04:31.56 bitrate=7093.7kbits/s speed=   1x    
frame=16324 fps= 60 q=-0.0 size=  235607KiB time=00:04:32.06 bitrate=7094.2kbits/s speed=   1x    
frame=16354 fps= 60 q=-0.0 size=  236033KiB time=00:04:32.56 bitrate=7094.0kbits/s speed=   1x    
frame=16384 fps= 60 q=-0.0 size=  236487KiB time=00:04:33.06 bitrate=7094.6kbits/s speed=   1x    
frame=16414 fps= 60 q=-0.0 size=  236890KiB time=00:04:33.56 bitrate=7093.7kbits/s speed=   1x    
frame=16444 fps= 60 q=-0.0 size=  237336KiB time=00:04:34.06 bitrate=7094.1kbits/s speed=   1x    
frame=16474 fps= 60 q=-0.0 size=  237765KiB time=00:04:34.56 bitrate=7094.0kbits/s speed=   1x    
frame=16504 fps= 60 q=-0.0 size=  238193KiB time=00:04:35.06 bitrate=7093.8kbits/s speed=   1x    
frame=16534 fps= 60 q=-0.0 size=  238637KiB time=00:04:35.56 bitrate=7094.2kbits/s speed=   1x    
frame=16564 fps= 60 q=-0.0 size=  239047KiB time=00:04:36.06 bitrate=7093.5kbits/s speed=   1x    
frame=16594 fps= 60 q=-0.0 size=  239489KiB time=00:04:36.56 bitrate=7093.8kbits/s speed=   1x    
frame=16624 fps= 60 q=-0.0 size=  239934KiB time=00:04:37.06 bitrate=7094.1kbits/s speed=   1x    
frame=16654 fps= 60 q=-0.0 size=  240360KiB time=00:04:37.56 bitrate=7093.9kbits/s speed=   1x    
frame=16684 fps= 60 q=-0.0 size=  240810KiB time=00:04:38.06 bitrate=7094.4kbits/s speed=   1x    
frame=16714 fps= 60 q=-0.0 size=  241227KiB time=00:04:38.56 bitrate=7093.9kbits/s speed=   1x    
frame=16744 fps= 60 q=-0.0 size=  241654KiB time=00:04:39.06 bitrate=7093.7kbits/s speed=   1x    
frame=16774 fps= 60 q=-0.0 size=  242084KiB time=00:04:39.56 bitrate=7093.7kbits/s speed=   1x    
frame=16804 fps= 60 q=-0.0 size=  242530KiB time=00:04:40.06 bitrate=7094.1kbits/s speed=   1x    
frame=16834 fps= 60 q=-0.0 size=  242943KiB time=00:04:40.56 bitrate=7093.5kbits/s speed=   1x    
frame=16864 fps= 60 q=-0.0 size=  243396KiB time=00:04:41.06 bitrate=7094.0kbits/s speed=   1x    
frame=16894 fps= 60 q=-0.0 size=  243827KiB time=00:04:41.56 bitrate=7094.0kbits/s speed=   1x    
frame=16924 fps= 60 q=-0.0 size=  244274KiB time=00:04:42.06 bitrate=7094.4kbits/s speed=   1x    
frame=16954 fps= 60 q=-0.0 size=  244702KiB time=00:04:42.56 bitrate=7094.2kbits/s speed=   1x    
frame=16984 fps= 60 q=-0.0 size=  245133KiB time=00:04:43.06 bitrate=7094.2kbits/s speed=   1x    
frame=17014 fps= 60 q=-0.0 size=  245566KiB time=00:04:43.56 bitrate=7094.2kbits/s speed=   1x    
frame=17044 fps= 60 q=-0.0 size=  245994KiB time=00:04:44.06 bitrate=7094.0kbits/s speed=   1x    
frame=17074 fps= 60 q=-0.0 size=  246420KiB time=00:04:44.56 bitrate=7093.8kbits/s speed=   1x    
frame=17104 fps= 60 q=-0.0 size=  246851KiB time=00:04:45.06 bitrate=7093.8kbits/s speed=   1x    
frame=17134 fps= 60 q=-0.0 size=  247286KiB time=00:04:45.56 bitrate=7093.8kbits/s speed=   1x    
frame=17164 fps= 60 q=-0.0 size=  247721KiB time=00:04:46.06 bitrate=7093.9kbits/s speed=   1x    
frame=17194 fps= 60 q=-0.0 size=  248165KiB time=00:04:46.56 bitrate=7094.2kbits/s speed=   1x    
frame=17224 fps= 60 q=-0.0 size=  248584KiB time=00:04:47.06 bitrate=7093.8kbits/s speed=   1x    
frame=17254 fps= 60 q=-0.0 size=  249028KiB time=00:04:47.56 bitrate=7094.1kbits/s speed=   1x    
frame=17284 fps= 60 q=-0.0 size=  249439KiB time=00:04:48.06 bitrate=7093.5kbits/s speed=   1x    
frame=17314 fps= 60 q=-0.0 size=  249882KiB time=00:04:48.56 bitrate=7093.8kbits/s speed=   1x    
frame=17344 fps= 60 q=-0.0 size=  250331KiB time=00:04:49.06 bitrate=7094.2kbits/s speed=   1x    
frame=17374 fps= 60 q=-0.0 size=  250773KiB time=00:04:49.56 bitrate=7094.5kbits/s speed=   1x    
frame=17404 fps= 60 q=-0.0 size=  251203KiB time=00:04:50.06 bitrate=7094.4kbits/s speed=   1x    
frame=17434 fps= 60 q=-0.0 size=  251625KiB time=00:04:50.56 bitrate=7094.1kbits/s speed=   1x    
frame=17464 fps= 60 q=-0.0 size=  251855KiB time=00:04:51.06 bitrate=7088.4kbits/s speed=   1x    
frame=17494 fps= 60 q=-0.0 size=  252288KiB time=00:04:51.56 bitrate=7088.4kbits/s speed=   1x    
frame=17524 fps= 60 q=-0.0 size=  252721KiB time=00:04:52.06 bitrate=7088.4kbits/s speed=   1x    
frame=17554 fps= 60 q=-0.0 size=  253562KiB time=00:04:52.56 bitrate=7099.8kbits/s speed=   1x    
frame=17584 fps= 60 q=-0.0 size=  253741KiB time=00:04:53.06 bitrate=7092.7kbits/s speed=   1x    
frame=17614 fps= 60 q=-0.0 size=  254225KiB time=00:04:53.56 bitrate=7094.2kbits/s speed=   1x    
frame=17644 fps= 60 q=-0.0 size=  254680KiB time=00:04:54.06 bitrate=7094.8kbits/s speed=   1x    
frame=17674 fps= 60 q=-0.0 size=  255087KiB time=00:04:54.56 bitrate=7094.0kbits/s speed=   1x    
frame=17704 fps= 60 q=-0.0 size=  255537KiB time=00:04:55.06 bitrate=7094.5kbits/s speed=   1x    
frame=17734 fps= 60 q=-0.0 size=  255970KiB time=00:04:55.56 bitrate=7094.5kbits/s speed=   1x    
frame=17764 fps= 60 q=-0.0 size=  256386KiB time=00:04:56.06 bitrate=7094.1kbits/s speed=   1x    
frame=17794 fps= 60 q=-0.0 size=  256828KiB time=00:04:56.56 bitrate=7094.3kbits/s speed=   1x    
frame=17824 fps= 60 q=-0.0 size=  257266KiB time=00:04:57.06 bitrate=7094.4kbits/s speed=   1x    
frame=17854 fps= 60 q=-0.0 size=  257704KiB time=00:04:57.56 bitrate=7094.6kbits/s speed=   1x    
frame=17884 fps= 60 q=-0.0 size=  258131KiB time=00:04:58.06 bitrate=7094.4kbits/s speed=   1x    
frame=17914 fps= 60 q=-0.0 size=  258560KiB time=00:04:58.56 bitrate=7094.3kbits/s speed=   1x    
frame=17944 fps= 60 q=-0.0 size=  258994KiB time=00:04:59.06 bitrate=7094.3kbits/s speed=   1x    
frame=17974 fps= 60 q=-0.0 size=  259448KiB time=00:04:59.56 bitrate=7094.9kbits/s speed=   1x    
frame=18004 fps= 60 q=-0.0 size=  259650KiB time=00:05:00.06 bitrate=7088.6kbits/s speed=   1x    
frame=18034 fps= 60 q=-0.0 size=  260083KiB time=00:05:00.56 bitrate=7088.6kbits/s speed=   1x    
frame=18064 fps= 60 q=-0.0 size=  260516KiB time=00:05:01.06 bitrate=7088.6kbits/s speed=   1x    
frame=18094 fps= 60 q=-0.0 size=  260949KiB time=00:05:01.56 bitrate=7088.6kbits/s speed=   1x    
frame=18124 fps= 60 q=-0.0 size=  261382KiB time=00:05:02.06 bitrate=7088.6kbits/s speed=   1x    
frame=18154 fps= 60 q=-0.0 size=  261815KiB time=00:05:02.56 bitrate=7088.7kbits/s speed=   1x    
frame=18184 fps= 60 q=-0.0 size=  262248KiB time=00:05:03.06 bitrate=7088.7kbits/s speed=   1x    
frame=18214 fps= 60 q=-0.0 size=  262682KiB time=00:05:03.56 bitrate=7088.7kbits/s speed=   1x    
frame=18244 fps= 60 q=-0.0 size=  263115KiB time=00:05:04.06 bitrate=7088.7kbits/s speed=   1x    
frame=18274 fps= 60 q=-0.0 size=  263572KiB time=00:05:04.56 bitrate=7089.3kbits/s speed=   1x    
frame=18304 fps= 60 q=-0.0 size=  264189KiB time=00:05:05.06 bitrate=7094.3kbits/s speed=   1x    
frame=18334 fps= 60 q=-0.0 size=  264609KiB time=00:05:05.56 bitrate=7094.0kbits/s speed=   1x    
frame=18364 fps= 60 q=-0.0 size=  265065KiB time=00:05:06.06 bitrate=7094.6kbits/s speed=   1x    
frame=18394 fps= 60 q=-0.0 size=  265492KiB time=00:05:06.56 bitrate=7094.4kbits/s speed=   1x    
frame=18424 fps= 60 q=-0.0 size=  265924KiB time=00:05:07.06 bitrate=7094.4kbits/s speed=   1x    
frame=18454 fps= 60 q=-0.0 size=  266340KiB time=00:05:07.56 bitrate=7093.9kbits/s speed=   1x    
frame=18484 fps= 60 q=-0.0 size=  266790KiB time=00:05:08.06 bitrate=7094.4kbits/s speed=   1x    
frame=18514 fps= 60 q=-0.0 size=  267230KiB time=00:05:08.56 bitrate=7094.6kbits/s speed=   1x    
frame=18544 fps= 60 q=-0.0 size=  267639KiB time=00:05:09.06 bitrate=7093.9kbits/s speed=   1x    
[out#0/rtp @ 0x55ff7f298200] video:264784KiB audio:0KiB subtitle:0KiB other streams:0KiB global headers:0KiB muxing overhead: 1.244593%
frame=18575 fps= 60 q=-0.0 Lsize=  268079KiB time=00:05:09.58 bitrate=7093.7kbits/s speed=   1x    
Exiting normally, received signal 15.
