
========================================================================
Starting PrivyHub Linux native-video backend v0.7
Profile: native_game_720p60_reference 1280x720@60, 7000/7000 kbps H.264 VAAPI, GOP=15, BF=0
Capture backend: exact X11 window via x11grab
Capture: managed RetroArch window (pid=1418234, window_id=60817410, discovered=1920x1080)
Window title: RetroArch Beetle PSX HW <ipv4> 82d8e05 || FPS:  61.74 || Frames: 512
Video FEC: XOR 8+1; FFmpeg RTP -> loopback relay -> onn; encoder=7000 kbps
========================================================================
encoder argv: /usr/bin/ffmpeg -hide_banner -loglevel info -nostdin -vaapi_device /dev/dri/renderD128 -f x11grab -framerate 60 -window_id 60817410 -i :0 -vf scale=1280:720:force_original_aspect_ratio=decrease:flags=fast_bilinear,pad=1280:720:(ow-iw)/2:(oh-ih)/2:black,format=nv12,hwupload -an -c:v h264_vaapi -profile:v high -b:v 7000k -maxrate 7000k -bufsize 7000k -max_frame_size 90000 -g 15 -bf 0 -payload_type 96 -f rtp rtp://<ipv4>:48110?pkt_size=1200
[x11grab @ 0x559968c9bc80] Stream #0: not enough frames to estimate rate; consider increasing probesize
Input #0, x11grab, from ':0':
  Duration: N/A, start: 1790874179.868390, bitrate: 3981312 kb/s
  Stream #0:0: Video: rawvideo (BGR[0] / 0x524742), bgr0, 1920x1080, 3981312 kb/s, 60 fps, 1000k tbr, 1000k tbn
Stream mapping:
  Stream #0:0 -> #0:0 (rawvideo (native) -> h264 (h264_vaapi))
Output #0, rtp, to 'rtp://<ipv4>:48110?pkt_size=1200':
  Metadata:
    encoder         : Lavf61.7.103
  Stream #0:0: Video: h264 (High), vaapi(tv, progressive), 1280x720, q=2-31, 7000 kb/s, 60 fps, 90k tbn
      Metadata:
        encoder         : Lavc61.19.101 h264_vaapi
SDP:
v=0
o=- 0 0 IN IP4 <ipv4>
s=No Name
c=IN IP4 <ipv4>
t=0 0
a=tool:libavformat 61.7.103
m=video 48110 RTP/AVP 96
b=AS:7000
a=rtpmap:96 H264/90000
a=fmtp:96 packetization-mode=1

frame=   30 fps=0.0 q=-0.0 size=     202KiB time=00:00:00.50 bitrate=3317.4kbits/s speed=0.999x    
frame=   60 fps= 60 q=-0.0 size=     635KiB time=00:00:01.00 bitrate=5203.9kbits/s speed=   1x    
frame=   90 fps= 60 q=-0.0 size=    1068KiB time=00:00:01.50 bitrate=5832.8kbits/s speed=   1x    
frame=  120 fps= 60 q=-0.0 size=    1501KiB time=00:00:02.00 bitrate=6147.2kbits/s speed=   1x    
frame=  150 fps= 60 q=-0.0 size=    1934KiB time=00:00:02.50 bitrate=6335.8kbits/s speed=   1x    
frame=  180 fps= 60 q=-0.0 size=    2366KiB time=00:00:03.00 bitrate=6461.6kbits/s speed=   1x    
frame=  210 fps= 60 q=-0.0 size=    2799KiB time=00:00:03.50 bitrate=6551.5kbits/s speed=   1x    
frame=  240 fps= 60 q=-0.0 size=    3232KiB time=00:00:04.00 bitrate=6618.8kbits/s speed=   1x    
frame=  270 fps= 60 q=-0.0 size=    3665KiB time=00:00:04.50 bitrate=6671.2kbits/s speed=   1x    
frame=  300 fps= 60 q=-0.0 size=    4097KiB time=00:00:05.00 bitrate=6713.2kbits/s speed=   1x    
frame=  330 fps= 60 q=-0.0 size=    4530KiB time=00:00:05.50 bitrate=6747.9kbits/s speed=   1x    
frame=  360 fps= 60 q=-0.0 size=    4964KiB time=00:00:06.00 bitrate=6776.9kbits/s speed=   1x    
frame=  390 fps= 60 q=-0.0 size=    5397KiB time=00:00:06.50 bitrate=6801.4kbits/s speed=   1x    
frame=  420 fps= 60 q=-0.0 size=    5830KiB time=00:00:07.00 bitrate=6822.4kbits/s speed=   1x    
frame=  450 fps= 60 q=-0.0 size=    6263KiB time=00:00:07.50 bitrate=6840.6kbits/s speed=   1x    
frame=  480 fps= 60 q=-0.0 size=    6696KiB time=00:00:08.00 bitrate=6856.6kbits/s speed=   1x    
frame=  510 fps= 60 q=-0.0 size=    7129KiB time=00:00:08.50 bitrate=6870.6kbits/s speed=   1x    
frame=  540 fps= 60 q=-0.0 size=    7562KiB time=00:00:09.00 bitrate=6883.0kbits/s speed=   1x    
frame=  570 fps= 60 q=-0.0 size=    7995KiB time=00:00:09.50 bitrate=6894.2kbits/s speed=   1x    
frame=  600 fps= 60 q=-0.0 size=    8428KiB time=00:00:10.00 bitrate=6904.4kbits/s speed=   1x    
frame=  630 fps= 60 q=-0.0 size=    8861KiB time=00:00:10.50 bitrate=6913.6kbits/s speed=   1x    
frame=  660 fps= 60 q=-0.0 size=    9295KiB time=00:00:11.00 bitrate=6921.9kbits/s speed=   1x    
frame=  690 fps= 60 q=-0.0 size=    9728KiB time=00:00:11.50 bitrate=6929.5kbits/s speed=   1x    
frame=  720 fps= 60 q=-0.0 size=   10161KiB time=00:00:12.00 bitrate=6936.5kbits/s speed=   1x    
frame=  750 fps= 60 q=-0.0 size=   10594KiB time=00:00:12.50 bitrate=6942.9kbits/s speed=   1x    
frame=  780 fps= 60 q=-0.0 size=   11027KiB time=00:00:13.00 bitrate=6948.8kbits/s speed=   1x    
frame=  810 fps= 60 q=-0.0 size=   11460KiB time=00:00:13.50 bitrate=6954.3kbits/s speed=   1x    
frame=  840 fps= 60 q=-0.0 size=   11893KiB time=00:00:14.00 bitrate=6959.4kbits/s speed=   1x    
frame=  870 fps= 60 q=-0.0 size=   12327KiB time=00:00:14.50 bitrate=6964.1kbits/s speed=   1x    
frame=  900 fps= 60 q=-0.0 size=   12760KiB time=00:00:15.00 bitrate=6968.5kbits/s speed=   1x    
frame=  930 fps= 60 q=-0.0 size=   13193KiB time=00:00:15.50 bitrate=6972.7kbits/s speed=   1x    
frame=  960 fps= 60 q=-0.0 size=   13626KiB time=00:00:16.00 bitrate=6976.6kbits/s speed=   1x    
frame=  990 fps= 60 q=-0.0 size=   14059KiB time=00:00:16.50 bitrate=6980.2kbits/s speed=   1x    
frame= 1020 fps= 60 q=-0.0 size=   14492KiB time=00:00:17.00 bitrate=6983.6kbits/s speed=   1x    
frame= 1050 fps= 60 q=-0.0 size=   14926KiB time=00:00:17.50 bitrate=6986.9kbits/s speed=   1x    
frame= 1080 fps= 60 q=-0.0 size=   15359KiB time=00:00:18.00 bitrate=6989.9kbits/s speed=   1x    
frame= 1110 fps= 60 q=-0.0 size=   15792KiB time=00:00:18.50 bitrate=6992.8kbits/s speed=   1x    
frame= 1140 fps= 60 q=-0.0 size=   16225KiB time=00:00:19.00 bitrate=6995.5kbits/s speed=   1x    
frame= 1170 fps= 60 q=-0.0 size=   16658KiB time=00:00:19.50 bitrate=6998.1kbits/s speed=   1x    
frame= 1200 fps= 60 q=-0.0 size=   17091KiB time=00:00:20.00 bitrate=7000.6kbits/s speed=   1x    
frame= 1230 fps= 60 q=-0.0 size=   17524KiB time=00:00:20.50 bitrate=7002.9kbits/s speed=   1x    
frame= 1260 fps= 60 q=-0.0 size=   17957KiB time=00:00:21.00 bitrate=7005.1kbits/s speed=   1x    
frame= 1290 fps= 60 q=-0.0 size=   18391KiB time=00:00:21.50 bitrate=7007.2kbits/s speed=   1x    
frame= 1320 fps= 60 q=-0.0 size=   18824KiB time=00:00:22.00 bitrate=7009.2kbits/s speed=   1x    
frame= 1350 fps= 60 q=-0.0 size=   19257KiB time=00:00:22.50 bitrate=7011.1kbits/s speed=   1x    
frame= 1380 fps= 60 q=-0.0 size=   19690KiB time=00:00:23.00 bitrate=7012.9kbits/s speed=   1x    
frame= 1410 fps= 60 q=-0.0 size=   20123KiB time=00:00:23.50 bitrate=7014.7kbits/s speed=   1x    
frame= 1440 fps= 60 q=-0.0 size=   20556KiB time=00:00:24.00 bitrate=7016.3kbits/s speed=   1x    
frame= 1470 fps= 60 q=-0.0 size=   20989KiB time=00:00:24.50 bitrate=7017.9kbits/s speed=   1x    
frame= 1500 fps= 60 q=-0.0 size=   21509KiB time=00:00:25.00 bitrate=7047.9kbits/s speed=   1x    
frame= 1530 fps= 60 q=-0.0 size=   21915KiB time=00:00:25.50 bitrate=7040.3kbits/s speed=   1x    
frame= 1560 fps= 60 q=-0.0 size=   22383KiB time=00:00:26.00 bitrate=7052.3kbits/s speed=   1x    
frame= 1590 fps= 60 q=-0.0 size=   22859KiB time=00:00:26.50 bitrate=7066.3kbits/s speed=   1x    
frame= 1620 fps= 60 q=-0.0 size=   23329KiB time=00:00:27.00 bitrate=7078.1kbits/s speed=   1x    
frame= 1650 fps= 60 q=-0.0 size=   23741KiB time=00:00:27.50 bitrate=7072.3kbits/s speed=   1x    
frame= 1680 fps= 60 q=-0.0 size=   24177KiB time=00:00:28.00 bitrate=7073.5kbits/s speed=   1x    
frame= 1710 fps= 60 q=-0.0 size=   24634KiB time=00:00:28.50 bitrate=7080.8kbits/s speed=   1x    
frame= 1740 fps= 60 q=-0.0 size=   25077KiB time=00:00:29.00 bitrate=7083.7kbits/s speed=   1x    
frame= 1770 fps= 60 q=-0.0 size=   25502KiB time=00:00:29.50 bitrate=7081.7kbits/s speed=   1x    
frame= 1800 fps= 60 q=-0.0 size=   25933KiB time=00:00:30.00 bitrate=7081.5kbits/s speed=   1x    
frame= 1830 fps= 60 q=-0.0 size=   26376KiB time=00:00:30.50 bitrate=7084.4kbits/s speed=   1x    
frame= 1860 fps= 60 q=-0.0 size=   26811KiB time=00:00:31.00 bitrate=7084.9kbits/s speed=   1x    
frame= 1890 fps= 60 q=-0.0 size=   27239KiB time=00:00:31.50 bitrate=7084.0kbits/s speed=   1x    
frame= 1920 fps= 60 q=-0.0 size=   27662KiB time=00:00:32.00 bitrate=7081.6kbits/s speed=   1x    
frame= 1950 fps= 60 q=-0.0 size=   28102KiB time=00:00:32.50 bitrate=7083.4kbits/s speed=   1x    
frame= 1980 fps= 60 q=-0.0 size=   28544KiB time=00:00:33.00 bitrate=7085.8kbits/s speed=   1x    
frame= 2010 fps= 60 q=-0.0 size=   28970KiB time=00:00:33.50 bitrate=7084.2kbits/s speed=   1x    
frame= 2040 fps= 60 q=-0.0 size=   29408KiB time=00:00:34.00 bitrate=7085.6kbits/s speed=   1x    
frame= 2070 fps= 60 q=-0.0 size=   29850KiB time=00:00:34.50 bitrate=7087.9kbits/s speed=   1x    
frame= 2100 fps= 60 q=-0.0 size=   30256KiB time=00:00:35.00 bitrate=7081.6kbits/s speed=   1x    
frame= 2130 fps= 60 q=-0.0 size=   30701KiB time=00:00:35.50 bitrate=7084.5kbits/s speed=   1x    
frame= 2160 fps= 60 q=-0.0 size=   31134KiB time=00:00:36.00 bitrate=7084.7kbits/s speed=   1x    
frame= 2190 fps= 60 q=-0.0 size=   31571KiB time=00:00:36.50 bitrate=7085.9kbits/s speed=   1x    
frame= 2220 fps= 60 q=-0.0 size=   32008KiB time=00:00:37.00 bitrate=7086.6kbits/s speed=   1x    
frame= 2250 fps= 60 q=-0.0 size=   32441KiB time=00:00:37.50 bitrate=7086.8kbits/s speed=   1x    
frame= 2280 fps= 60 q=-0.0 size=   32874KiB time=00:00:38.00 bitrate=7086.9kbits/s speed=   1x    
frame= 2310 fps= 60 q=-0.0 size=   33304KiB time=00:00:38.50 bitrate=7086.4kbits/s speed=   1x    
frame= 2340 fps= 60 q=-0.0 size=   33735KiB time=00:00:39.00 bitrate=7086.1kbits/s speed=   1x    
frame= 2371 fps= 60 q=-0.0 size=   34179KiB time=00:00:39.51 bitrate=7085.5kbits/s speed=   1x    
frame= 2400 fps= 60 q=-0.0 size=   34606KiB time=00:00:40.00 bitrate=7087.4kbits/s speed=   1x    
frame= 2431 fps= 60 q=-0.0 size=   35047KiB time=00:00:40.51 bitrate=7086.0kbits/s speed=   1x    
frame= 2460 fps= 60 q=-0.0 size=   35468KiB time=00:00:41.00 bitrate=7086.7kbits/s speed=   1x    
frame= 2491 fps= 60 q=-0.0 size=   35907KiB time=00:00:41.51 bitrate=7085.2kbits/s speed=   1x    
frame= 2521 fps= 60 q=-0.0 size=   36320KiB time=00:00:42.01 bitrate=7081.3kbits/s speed=   1x    
frame= 2551 fps= 60 q=-0.0 size=   36755KiB time=00:00:42.51 bitrate=7081.9kbits/s speed=   1x    
frame= 2581 fps= 60 q=-0.0 size=   37178KiB time=00:00:43.01 bitrate=7080.1kbits/s speed=   1x    
frame= 2611 fps= 60 q=-0.0 size=   37646KiB time=00:00:43.51 bitrate=7086.8kbits/s speed=   1x    
frame= 2641 fps= 60 q=-0.0 size=   38075KiB time=00:00:44.01 bitrate=7086.1kbits/s speed=   1x    
frame= 2671 fps= 60 q=-0.0 size=   38503KiB time=00:00:44.51 bitrate=7085.4kbits/s speed=   1x    
frame= 2701 fps= 60 q=-0.0 size=   38926KiB time=00:00:45.01 bitrate=7083.6kbits/s speed=   1x    
frame= 2731 fps= 60 q=-0.0 size=   39369KiB time=00:00:45.51 bitrate=7085.6kbits/s speed=   1x    
frame= 2761 fps= 60 q=-0.0 size=   39791KiB time=00:00:46.01 bitrate=7083.7kbits/s speed=   1x    
frame= 2791 fps= 60 q=-0.0 size=   40224KiB time=00:00:46.51 bitrate=7083.8kbits/s speed=   1x    
frame= 2821 fps= 60 q=-0.0 size=   40660KiB time=00:00:47.01 bitrate=7084.4kbits/s speed=   1x    
frame= 2851 fps= 60 q=-0.0 size=   41102KiB time=00:00:47.51 bitrate=7086.0kbits/s speed=   1x    
frame= 2881 fps= 60 q=-0.0 size=   41543KiB time=00:00:48.01 bitrate=7087.6kbits/s speed=   1x    
frame= 2911 fps= 60 q=-0.0 size=   41963KiB time=00:00:48.51 bitrate=7085.4kbits/s speed=   1x    
frame= 2941 fps= 60 q=-0.0 size=   42401KiB time=00:00:49.01 bitrate=7086.3kbits/s speed=   1x    
frame= 2971 fps= 60 q=-0.0 size=   42862KiB time=00:00:49.51 bitrate=7091.1kbits/s speed=   1x    
frame= 3001 fps= 60 q=-0.0 size=   43249KiB time=00:00:50.01 bitrate=7083.6kbits/s speed=   1x    
frame= 3031 fps= 60 q=-0.0 size=   43695KiB time=00:00:50.51 bitrate=7085.8kbits/s speed=   1x    
frame= 3061 fps= 60 q=-0.0 size=   44129KiB time=00:00:51.01 bitrate=7086.1kbits/s speed=   1x    
frame= 3091 fps= 60 q=-0.0 size=   44565KiB time=00:00:51.51 bitrate=7086.5kbits/s speed=   1x    
frame= 3121 fps= 60 q=-0.0 size=   45002KiB time=00:00:52.01 bitrate=7087.2kbits/s speed=   1x    
frame= 3151 fps= 60 q=-0.0 size=   45428KiB time=00:00:52.51 bitrate=7086.2kbits/s speed=   1x    
frame= 3181 fps= 60 q=-0.0 size=   45857KiB time=00:00:53.01 bitrate=7085.7kbits/s speed=   1x    
frame= 3211 fps= 60 q=-0.0 size=   46292KiB time=00:00:53.51 bitrate=7086.1kbits/s speed=   1x    
frame= 3241 fps= 60 q=-0.0 size=   46728KiB time=00:00:54.01 bitrate=7086.6kbits/s speed=   1x    
frame= 3271 fps= 60 q=-0.0 size=   47148KiB time=00:00:54.51 bitrate=7084.8kbits/s speed=   1x    
frame= 3301 fps= 60 q=-0.0 size=   47576KiB time=00:00:55.01 bitrate=7084.2kbits/s speed=   1x    
frame= 3331 fps= 60 q=-0.0 size=   48010KiB time=00:00:55.51 bitrate=7084.3kbits/s speed=   1x    
frame= 3361 fps= 60 q=-0.0 size=   48461KiB time=00:00:56.01 bitrate=7087.1kbits/s speed=   1x    
frame= 3391 fps= 60 q=-0.0 size=   48913KiB time=00:00:56.51 bitrate=7089.8kbits/s speed=   1x    
frame= 3421 fps= 60 q=-0.0 size=   49355KiB time=00:00:57.01 bitrate=7091.2kbits/s speed=   1x    
frame= 3451 fps= 60 q=-0.0 size=   49748KiB time=00:00:57.51 bitrate=7085.5kbits/s speed=   1x    
frame= 3481 fps= 60 q=-0.0 size=   50199KiB time=00:00:58.01 bitrate=7088.1kbits/s speed=   1x    
frame= 3511 fps= 60 q=-0.0 size=   50644KiB time=00:00:58.51 bitrate=7089.9kbits/s speed=   1x    
frame= 3541 fps= 60 q=-0.0 size=   51081KiB time=00:00:59.01 bitrate=7090.4kbits/s speed=   1x    
frame= 3571 fps= 60 q=-0.0 size=   51489KiB time=00:00:59.51 bitrate=7087.0kbits/s speed=   1x    
frame= 3601 fps= 60 q=-0.0 size=   51922KiB time=00:01:00.01 bitrate=7087.1kbits/s speed=   1x    
frame= 3631 fps= 60 q=-0.0 size=   52359KiB time=00:01:00.51 bitrate=7087.7kbits/s speed=   1x    
frame= 3661 fps= 60 q=-0.0 size=   52783KiB time=00:01:01.01 bitrate=7086.5kbits/s speed=   1x    
frame= 3691 fps= 60 q=-0.0 size=   53244KiB time=00:01:01.51 bitrate=7090.3kbits/s speed=   1x    
frame= 3721 fps= 60 q=-0.0 size=   53650KiB time=00:01:02.01 bitrate=7086.9kbits/s speed=   1x    
frame= 3751 fps= 60 q=-0.0 size=   54116KiB time=00:01:02.51 bitrate=7091.3kbits/s speed=   1x    
frame= 3781 fps= 60 q=-0.0 size=   54552KiB time=00:01:03.01 bitrate=7091.7kbits/s speed=   1x    
frame= 3811 fps= 60 q=-0.0 size=   54973KiB time=00:01:03.51 bitrate=7090.1kbits/s speed=   1x    
frame= 3841 fps= 60 q=-0.0 size=   55404KiB time=00:01:04.01 bitrate=7089.9kbits/s speed=   1x    
frame= 3871 fps= 60 q=-0.0 size=   55843KiB time=00:01:04.51 bitrate=7090.6kbits/s speed=   1x    
frame= 3901 fps= 60 q=-0.0 size=   56244KiB time=00:01:05.01 bitrate=7086.7kbits/s speed=   1x    
frame= 3931 fps= 60 q=-0.0 size=   56709KiB time=00:01:05.51 bitrate=7090.7kbits/s speed=   1x    
frame= 3961 fps= 60 q=-0.0 size=   57128KiB time=00:01:06.01 bitrate=7089.0kbits/s speed=   1x    
frame= 3991 fps= 60 q=-0.0 size=   57571KiB time=00:01:06.51 bitrate=7090.3kbits/s speed=   1x    
frame= 4021 fps= 60 q=-0.0 size=   57992KiB time=00:01:07.01 bitrate=7088.9kbits/s speed=   1x    
frame= 4051 fps= 60 q=-0.0 size=   58439KiB time=00:01:07.51 bitrate=7090.5kbits/s speed=   1x    
frame= 4081 fps= 60 q=-0.0 size=   58853KiB time=00:01:08.01 bitrate=7088.4kbits/s speed=   1x    
frame= 4111 fps= 60 q=-0.0 size=   59323KiB time=00:01:08.51 bitrate=7092.8kbits/s speed=   1x    
frame= 4141 fps= 60 q=-0.0 size=   59665KiB time=00:01:09.01 bitrate=7082.1kbits/s speed=   1x    
frame= 4171 fps= 60 q=-0.0 size=   60219KiB time=00:01:09.51 bitrate=7096.3kbits/s speed=   1x    
frame= 4201 fps= 60 q=-0.0 size=   60579KiB time=00:01:10.01 bitrate=7087.8kbits/s speed=   1x    
frame= 4231 fps= 60 q=-0.0 size=   61031KiB time=00:01:10.51 bitrate=7090.1kbits/s speed=   1x    
frame= 4261 fps= 60 q=-0.0 size=   61447KiB time=00:01:11.01 bitrate=7088.1kbits/s speed=   1x    
frame= 4291 fps= 60 q=-0.0 size=   61884KiB time=00:01:11.51 bitrate=7088.6kbits/s speed=   1x    
frame= 4321 fps= 60 q=-0.0 size=   62348KiB time=00:01:12.01 bitrate=7092.2kbits/s speed=   1x    
frame= 4351 fps= 60 q=-0.0 size=   62727KiB time=00:01:12.51 bitrate=7086.1kbits/s speed=   1x    
frame= 4381 fps= 60 q=-0.0 size=   63195KiB time=00:01:13.01 bitrate=7090.1kbits/s speed=   1x    
frame= 4411 fps= 60 q=-0.0 size=   63686KiB time=00:01:13.51 bitrate=7096.6kbits/s speed=   1x    
frame= 4441 fps= 60 q=-0.0 size=   64039KiB time=00:01:14.01 bitrate=7087.7kbits/s speed=   1x    
frame= 4471 fps= 60 q=-0.0 size=   64520KiB time=00:01:14.51 bitrate=7093.0kbits/s speed=   1x    
frame= 4501 fps= 60 q=-0.0 size=   64913KiB time=00:01:15.01 bitrate=7088.6kbits/s speed=   1x    
frame= 4531 fps= 60 q=-0.0 size=   65355KiB time=00:01:15.51 bitrate=7089.7kbits/s speed=   1x    
frame= 4561 fps= 60 q=-0.0 size=   65805KiB time=00:01:16.01 bitrate=7091.5kbits/s speed=   1x    
frame= 4591 fps= 60 q=-0.0 size=   66208KiB time=00:01:16.51 bitrate=7088.4kbits/s speed=   1x    
frame= 4621 fps= 60 q=-0.0 size=   66671KiB time=00:01:17.01 bitrate=7091.6kbits/s speed=   1x    
frame= 4651 fps= 60 q=-0.0 size=   67071KiB time=00:01:17.51 bitrate=7088.1kbits/s speed=   1x    
frame= 4681 fps= 60 q=-0.0 size=   67526KiB time=00:01:18.01 bitrate=7090.5kbits/s speed=   1x    
frame= 4711 fps= 60 q=-0.0 size=   67978KiB time=00:01:18.51 bitrate=7092.4kbits/s speed=   1x    
frame= 4741 fps= 60 q=-0.0 size=   68386KiB time=00:01:19.01 bitrate=7089.9kbits/s speed=   1x    
frame= 4771 fps= 60 q=-0.0 size=   68819KiB time=00:01:19.51 bitrate=7089.9kbits/s speed=   1x    
frame= 4801 fps= 60 q=-0.0 size=   69255KiB time=00:01:20.01 bitrate=7090.2kbits/s speed=   1x    
frame= 4831 fps= 60 q=-0.0 size=   69676KiB time=00:01:20.51 bitrate=7089.0kbits/s speed=   1x    
frame= 4861 fps= 60 q=-0.0 size=   70113KiB time=00:01:21.01 bitrate=7089.5kbits/s speed=   1x    
frame= 4891 fps= 60 q=-0.0 size=   70550KiB time=00:01:21.51 bitrate=7089.9kbits/s speed=   1x    
frame= 4921 fps= 60 q=-0.0 size=   70991KiB time=00:01:22.01 bitrate=7090.8kbits/s speed=   1x    
frame= 4951 fps= 60 q=-0.0 size=   71410KiB time=00:01:22.51 bitrate=7089.3kbits/s speed=   1x    
frame= 4981 fps= 60 q=-0.0 size=   71849KiB time=00:01:23.01 bitrate=7090.0kbits/s speed=   1x    
frame= 5011 fps= 60 q=-0.0 size=   72294KiB time=00:01:23.51 bitrate=7091.1kbits/s speed=   1x    
frame= 5041 fps= 60 q=-0.0 size=   72716KiB time=00:01:24.01 bitrate=7090.2kbits/s speed=   1x    
frame= 5071 fps= 60 q=-0.0 size=   73143KiB time=00:01:24.51 bitrate=7089.6kbits/s speed=   1x    
frame= 5101 fps= 60 q=-0.0 size=   73649KiB time=00:01:25.01 bitrate=7096.6kbits/s speed=   1x    
frame= 5131 fps= 60 q=-0.0 size=   73992KiB time=00:01:25.51 bitrate=7088.0kbits/s speed=   1x    
frame= 5161 fps= 60 q=-0.0 size=   74429KiB time=00:01:26.01 bitrate=7088.4kbits/s speed=   1x    
frame= 5191 fps= 60 q=-0.0 size=   74869KiB time=00:01:26.51 bitrate=7089.1kbits/s speed=   1x    
frame= 5221 fps= 60 q=-0.0 size=   75305KiB time=00:01:27.01 bitrate=7089.4kbits/s speed=   1x    
frame= 5251 fps= 60 q=-0.0 size=   75751KiB time=00:01:27.51 bitrate=7090.7kbits/s speed=   1x    
frame= 5281 fps= 60 q=-0.0 size=   76217KiB time=00:01:28.01 bitrate=7093.8kbits/s speed=   1x    
frame= 5311 fps= 60 q=-0.0 size=   76611KiB time=00:01:28.51 bitrate=7090.2kbits/s speed=   1x    
frame= 5341 fps= 60 q=-0.0 size=   77049KiB time=00:01:29.01 bitrate=7090.7kbits/s speed=   1x    
frame= 5371 fps= 60 q=-0.0 size=   77463KiB time=00:01:29.51 bitrate=7088.9kbits/s speed=   1x    
frame= 5401 fps= 60 q=-0.0 size=   77908KiB time=00:01:30.01 bitrate=7090.0kbits/s speed=   1x    
frame= 5431 fps= 60 q=-0.0 size=   78344KiB time=00:01:30.51 bitrate=7090.3kbits/s speed=   1x    
frame= 5461 fps= 60 q=-0.0 size=   78777KiB time=00:01:31.01 bitrate=7090.3kbits/s speed=   1x    
frame= 5491 fps= 60 q=-0.0 size=   79208KiB time=00:01:31.51 bitrate=7090.2kbits/s speed=   1x    
frame= 5521 fps= 60 q=-0.0 size=   79636KiB time=00:01:32.01 bitrate=7089.8kbits/s speed=   1x    
frame= 5551 fps= 60 q=-0.0 size=   80069KiB time=00:01:32.51 bitrate=7089.8kbits/s speed=   1x    
frame= 5581 fps= 60 q=-0.0 size=   80494KiB time=00:01:33.01 bitrate=7089.2kbits/s speed=   1x    
frame= 5611 fps= 60 q=-0.0 size=   80959KiB time=00:01:33.51 bitrate=7091.9kbits/s speed=   1x    
frame= 5641 fps= 60 q=-0.0 size=   81365KiB time=00:01:34.01 bitrate=7089.7kbits/s speed=   1x    
frame= 5671 fps= 60 q=-0.0 size=   81805KiB time=00:01:34.51 bitrate=7090.2kbits/s speed=   1x    
frame= 5701 fps= 60 q=-0.0 size=   82228KiB time=00:01:35.01 bitrate=7089.4kbits/s speed=   1x    
frame= 5731 fps= 60 q=-0.0 size=   82658KiB time=00:01:35.51 bitrate=7089.1kbits/s speed=   1x    
frame= 5761 fps= 60 q=-0.0 size=   83139KiB time=00:01:36.01 bitrate=7093.3kbits/s speed=   1x    
frame= 5791 fps= 60 q=-0.0 size=   83524KiB time=00:01:36.51 bitrate=7089.2kbits/s speed=   1x    
frame= 5821 fps= 60 q=-0.0 size=   84050KiB time=00:01:37.01 bitrate=7097.1kbits/s speed=   1x    
frame= 5851 fps= 60 q=-0.0 size=   84362KiB time=00:01:37.51 bitrate=7086.9kbits/s speed=   1x    
frame= 5881 fps= 60 q=-0.0 size=   84825KiB time=00:01:38.01 bitrate=7089.5kbits/s speed=   1x    
frame= 5911 fps= 60 q=-0.0 size=   85262KiB time=00:01:38.51 bitrate=7089.9kbits/s speed=   1x    
frame= 5941 fps= 60 q=-0.0 size=   85702KiB time=00:01:39.01 bitrate=7090.4kbits/s speed=   1x    
frame= 5971 fps= 60 q=-0.0 size=   86110KiB time=00:01:39.51 bitrate=7088.4kbits/s speed=   1x    
frame= 6001 fps= 60 q=-0.0 size=   86551KiB time=00:01:40.01 bitrate=7089.1kbits/s speed=   1x    
frame= 6031 fps= 60 q=-0.0 size=   87010KiB time=00:01:40.51 bitrate=7091.2kbits/s speed=   1x    
frame= 6061 fps= 60 q=-0.0 size=   87429KiB time=00:01:41.01 bitrate=7090.1kbits/s speed=   1x    
frame= 6091 fps= 60 q=-0.0 size=   87847KiB time=00:01:41.51 bitrate=7088.9kbits/s speed=   1x    
frame= 6121 fps= 60 q=-0.0 size=   88309KiB time=00:01:42.01 bitrate=7091.3kbits/s speed=   1x    
frame= 6151 fps= 60 q=-0.0 size=   88732KiB time=00:01:42.51 bitrate=7090.5kbits/s speed=   1x    
frame= 6181 fps= 60 q=-0.0 size=   89157KiB time=00:01:43.01 bitrate=7089.9kbits/s speed=   1x    
frame= 6211 fps= 60 q=-0.0 size=   89578KiB time=00:01:43.51 bitrate=7088.9kbits/s speed=   1x    
frame= 6241 fps= 60 q=-0.0 size=   90094KiB time=00:01:44.01 bitrate=7095.5kbits/s speed=   1x    
frame= 6271 fps= 60 q=-0.0 size=   90433KiB time=00:01:44.51 bitrate=7088.2kbits/s speed=   1x    
frame= 6301 fps= 60 q=-0.0 size=   90870KiB time=00:01:45.01 bitrate=7088.5kbits/s speed=   1x    
frame= 6331 fps= 60 q=-0.0 size=   91321KiB time=00:01:45.51 bitrate=7089.9kbits/s speed=   1x    
frame= 6361 fps= 60 q=-0.0 size=   91764KiB time=00:01:46.01 bitrate=7090.7kbits/s speed=   1x    
frame= 6391 fps= 60 q=-0.0 size=   92200KiB time=00:01:46.51 bitrate=7090.9kbits/s speed=   1x    
frame= 6421 fps= 60 q=-0.0 size=   92669KiB time=00:01:47.01 bitrate=7093.7kbits/s speed=   1x    
frame= 6451 fps= 60 q=-0.0 size=   93041KiB time=00:01:47.51 bitrate=7089.0kbits/s speed=   1x    
frame= 6481 fps= 60 q=-0.0 size=   93476KiB time=00:01:48.01 bitrate=7089.3kbits/s speed=   1x    
frame= 6511 fps= 60 q=-0.0 size=   93967KiB time=00:01:48.51 bitrate=7093.7kbits/s speed=   1x    
frame= 6541 fps= 60 q=-0.0 size=   94344KiB time=00:01:49.01 bitrate=7089.4kbits/s speed=   1x    
frame= 6571 fps= 60 q=-0.0 size=   94769KiB time=00:01:49.51 bitrate=7088.8kbits/s speed=   1x    
frame= 6601 fps= 60 q=-0.0 size=   95212KiB time=00:01:50.01 bitrate=7089.6kbits/s speed=   1x    
frame= 6631 fps= 60 q=-0.0 size=   95660KiB time=00:01:50.51 bitrate=7090.7kbits/s speed=   1x    
frame= 6661 fps= 60 q=-0.0 size=   96079KiB time=00:01:51.01 bitrate=7089.7kbits/s speed=   1x    
frame= 6691 fps= 60 q=-0.0 size=   96512KiB time=00:01:51.51 bitrate=7089.8kbits/s speed=   1x    
frame= 6721 fps= 60 q=-0.0 size=   96937KiB time=00:01:52.01 bitrate=7089.2kbits/s speed=   1x    
frame= 6751 fps= 60 q=-0.0 size=   97396KiB time=00:01:52.51 bitrate=7091.1kbits/s speed=   1x    
frame= 6781 fps= 60 q=-0.0 size=   97812KiB time=00:01:53.01 bitrate=7089.9kbits/s speed=   1x    
frame= 6811 fps= 60 q=-0.0 size=   98236KiB time=00:01:53.51 bitrate=7089.3kbits/s speed=   1x    
frame= 6841 fps= 60 q=-0.0 size=   98679KiB time=00:01:54.01 bitrate=7090.0kbits/s speed=   1x    
frame= 6871 fps= 60 q=-0.0 size=   99121KiB time=00:01:54.51 bitrate=7090.7kbits/s speed=   1x    
frame= 6901 fps= 60 q=-0.0 size=   99478KiB time=00:01:55.01 bitrate=7085.3kbits/s speed=   1x    
frame= 6931 fps= 60 q=-0.0 size=   99865KiB time=00:01:55.51 bitrate=7082.0kbits/s speed=   1x    
frame= 6961 fps= 60 q=-0.0 size=  100349KiB time=00:01:56.01 bitrate=7085.7kbits/s speed=   1x    
frame= 6991 fps= 60 q=-0.0 size=  100865KiB time=00:01:56.51 bitrate=7091.5kbits/s speed=   1x    
frame= 7021 fps= 60 q=-0.0 size=  101295KiB time=00:01:57.01 bitrate=7091.4kbits/s speed=   1x    
frame= 7051 fps= 60 q=-0.0 size=  101707KiB time=00:01:57.51 bitrate=7089.9kbits/s speed=   1x    
frame= 7082 fps= 60 q=-0.0 size=  101992KiB time=00:01:58.03 bitrate=7078.6kbits/s speed=   1x    
frame= 7111 fps= 60 q=-0.0 size=  102410KiB time=00:01:58.51 bitrate=7078.7kbits/s speed=   1x    
frame= 7142 fps= 60 q=-0.0 size=  103071KiB time=00:01:59.03 bitrate=7093.5kbits/s speed=   1x    
frame= 7172 fps= 60 q=-0.0 size=  103500KiB time=00:01:59.53 bitrate=7093.2kbits/s speed=   1x    
frame= 7201 fps= 60 q=-0.0 size=  103871KiB time=00:02:00.01 bitrate=7089.9kbits/s speed=   1x    
frame= 7232 fps= 60 q=-0.0 size=  104326KiB time=00:02:00.53 bitrate=7090.5kbits/s speed=   1x    
frame= 7262 fps= 60 q=-0.0 size=  104758KiB time=00:02:01.03 bitrate=7090.4kbits/s speed=   1x    
frame= 7292 fps= 60 q=-0.0 size=  105172KiB time=00:02:01.53 bitrate=7089.2kbits/s speed=   1x    
frame= 7322 fps= 60 q=-0.0 size=  105601KiB time=00:02:02.03 bitrate=7088.9kbits/s speed=   1x    
frame= 7352 fps= 60 q=-0.0 size=  106015KiB time=00:02:02.53 bitrate=7087.6kbits/s speed=   1x    
frame= 7382 fps= 60 q=-0.0 size=  106452KiB time=00:02:03.03 bitrate=7088.0kbits/s speed=   1x    
frame= 7412 fps= 60 q=-0.0 size=  106880KiB time=00:02:03.53 bitrate=7087.7kbits/s speed=   1x    
frame= 7442 fps= 60 q=-0.0 size=  107340KiB time=00:02:04.03 bitrate=7089.4kbits/s speed=   1x    
frame= 7472 fps= 60 q=-0.0 size=  107755KiB time=00:02:04.53 bitrate=7088.3kbits/s speed=   1x    
frame= 7502 fps= 60 q=-0.0 size=  108216KiB time=00:02:05.03 bitrate=7090.2kbits/s speed=   1x    
frame= 7532 fps= 60 q=-0.0 size=  108595KiB time=00:02:05.53 bitrate=7086.6kbits/s speed=   1x    
frame= 7562 fps= 60 q=-0.0 size=  108920KiB time=00:02:06.03 bitrate=7079.7kbits/s speed=   1x    
frame= 7592 fps= 60 q=-0.0 size=  109353KiB time=00:02:06.53 bitrate=7079.7kbits/s speed=   1x    
frame= 7622 fps= 60 q=-0.0 size=  110008KiB time=00:02:07.03 bitrate=7094.1kbits/s speed=   1x    
frame= 7652 fps= 60 q=-0.0 size=  110438KiB time=00:02:07.53 bitrate=7093.9kbits/s speed=   1x    
frame= 7682 fps= 60 q=-0.0 size=  110890KiB time=00:02:08.03 bitrate=7095.1kbits/s speed=   1x    
frame= 7712 fps= 60 q=-0.0 size=  111306KiB time=00:02:08.53 bitrate=7094.1kbits/s speed=   1x    
frame= 7742 fps= 60 q=-0.0 size=  111715KiB time=00:02:09.03 bitrate=7092.5kbits/s speed=   1x    
frame= 7772 fps= 60 q=-0.0 size=  112187KiB time=00:02:09.53 bitrate=7095.0kbits/s speed=   1x    
frame= 7802 fps= 60 q=-0.0 size=  112603KiB time=00:02:10.03 bitrate=7093.9kbits/s speed=   1x    
frame= 7832 fps= 60 q=-0.0 size=  113012KiB time=00:02:10.53 bitrate=7092.4kbits/s speed=   1x    
frame= 7862 fps= 60 q=-0.0 size=  113449KiB time=00:02:11.03 bitrate=7092.6kbits/s speed=   1x    
frame= 7892 fps= 60 q=-0.0 size=  113891KiB time=00:02:11.53 bitrate=7093.2kbits/s speed=   1x    
frame= 7922 fps= 60 q=-0.0 size=  114335KiB time=00:02:12.03 bitrate=7093.9kbits/s speed=   1x    
frame= 7952 fps= 60 q=-0.0 size=  114743KiB time=00:02:12.53 bitrate=7092.4kbits/s speed=   1x    
frame= 7982 fps= 60 q=-0.0 size=  115215KiB time=00:02:13.03 bitrate=7094.8kbits/s speed=   1x    
frame= 8012 fps= 60 q=-0.0 size=  115674KiB time=00:02:13.53 bitrate=7096.4kbits/s speed=   1x    
frame= 8042 fps= 60 q=-0.0 size=  116064KiB time=00:02:14.03 bitrate=7093.7kbits/s speed=   1x    
frame= 8072 fps= 60 q=-0.0 size=  116511KiB time=00:02:14.53 bitrate=7094.6kbits/s speed=   1x    
frame= 8102 fps= 60 q=-0.0 size=  116941KiB time=00:02:15.03 bitrate=7094.4kbits/s speed=   1x    
frame= 8132 fps= 60 q=-0.0 size=  117371KiB time=00:02:15.53 bitrate=7094.2kbits/s speed=   1x    
frame= 8162 fps= 60 q=-0.0 size=  117811KiB time=00:02:16.03 bitrate=7094.6kbits/s speed=   1x    
frame= 8192 fps= 60 q=-0.0 size=  118233KiB time=00:02:16.53 bitrate=7094.0kbits/s speed=   1x    
frame= 8222 fps= 60 q=-0.0 size=  118671KiB time=00:02:17.03 bitrate=7094.3kbits/s speed=   1x    
frame= 8252 fps= 60 q=-0.0 size=  119081KiB time=00:02:17.53 bitrate=7092.9kbits/s speed=   1x    
frame= 8282 fps= 60 q=-0.0 size=  119532KiB time=00:02:18.03 bitrate=7094.0kbits/s speed=   1x    
frame= 8312 fps= 60 q=-0.0 size=  119961KiB time=00:02:18.53 bitrate=7093.8kbits/s speed=   1x    
frame= 8342 fps= 60 q=-0.0 size=  120393KiB time=00:02:19.03 bitrate=7093.7kbits/s speed=   1x    
frame= 8372 fps= 60 q=-0.0 size=  120813KiB time=00:02:19.53 bitrate=7092.9kbits/s speed=   1x    
frame= 8402 fps= 60 q=-0.0 size=  121267KiB time=00:02:20.03 bitrate=7094.2kbits/s speed=   1x    
frame= 8432 fps= 60 q=-0.0 size=  121678KiB time=00:02:20.53 bitrate=7092.9kbits/s speed=   1x    
frame= 8462 fps= 60 q=-0.0 size=  122116KiB time=00:02:21.03 bitrate=7093.2kbits/s speed=   1x    
frame= 8492 fps= 60 q=-0.0 size=  122542KiB time=00:02:21.53 bitrate=7092.8kbits/s speed=   1x    
frame= 8522 fps= 60 q=-0.0 size=  122980KiB time=00:02:22.03 bitrate=7093.1kbits/s speed=   1x    
frame= 8552 fps= 60 q=-0.0 size=  123418KiB time=00:02:22.53 bitrate=7093.4kbits/s speed=   1x    
frame= 8582 fps= 60 q=-0.0 size=  123856KiB time=00:02:23.03 bitrate=7093.7kbits/s speed=   1x    
frame= 8612 fps= 60 q=-0.0 size=  124292KiB time=00:02:23.53 bitrate=7093.8kbits/s speed=   1x    
frame= 8642 fps= 60 q=-0.0 size=  124729KiB time=00:02:24.03 bitrate=7094.1kbits/s speed=   1x    
frame= 8672 fps= 60 q=-0.0 size=  125149KiB time=00:02:24.53 bitrate=7093.3kbits/s speed=   1x    
frame= 8702 fps= 60 q=-0.0 size=  125571KiB time=00:02:25.03 bitrate=7092.7kbits/s speed=   1x    
frame= 8732 fps= 60 q=-0.0 size=  126020KiB time=00:02:25.53 bitrate=7093.6kbits/s speed=   1x    
frame= 8762 fps= 60 q=-0.0 size=  126457KiB time=00:02:26.03 bitrate=7093.9kbits/s speed=   1x    
frame= 8792 fps= 60 q=-0.0 size=  126873KiB time=00:02:26.53 bitrate=7092.9kbits/s speed=   1x    
frame= 8822 fps= 60 q=-0.0 size=  127321KiB time=00:02:27.03 bitrate=7093.7kbits/s speed=   1x    
frame= 8852 fps= 60 q=-0.0 size=  127744KiB time=00:02:27.53 bitrate=7093.2kbits/s speed=   1x    
frame= 8882 fps= 60 q=-0.0 size=  128197KiB time=00:02:28.03 bitrate=7094.3kbits/s speed=   1x    
frame= 8912 fps= 60 q=-0.0 size=  128605KiB time=00:02:28.53 bitrate=7092.9kbits/s speed=   1x    
frame= 8942 fps= 60 q=-0.0 size=  129052KiB time=00:02:29.03 bitrate=7093.7kbits/s speed=   1x    
frame= 8972 fps= 60 q=-0.0 size=  129479KiB time=00:02:29.53 bitrate=7093.4kbits/s speed=   1x    
frame= 9002 fps= 60 q=-0.0 size=  129928KiB time=00:02:30.03 bitrate=7094.2kbits/s speed=   1x    
frame= 9032 fps= 60 q=-0.0 size=  130344KiB time=00:02:30.53 bitrate=7093.3kbits/s speed=   1x    
frame= 9062 fps= 60 q=-0.0 size=  130764KiB time=00:02:31.03 bitrate=7092.6kbits/s speed=   1x    
frame= 9092 fps= 60 q=-0.0 size=  131200KiB time=00:02:31.53 bitrate=7092.8kbits/s speed=   1x    
frame= 9122 fps= 60 q=-0.0 size=  131628KiB time=00:02:32.03 bitrate=7092.5kbits/s speed=   1x    
frame= 9152 fps= 60 q=-0.0 size=  132074KiB time=00:02:32.53 bitrate=7093.2kbits/s speed=   1x    
frame= 9182 fps= 60 q=-0.0 size=  132516KiB time=00:02:33.03 bitrate=7093.7kbits/s speed=   1x    
frame= 9212 fps= 60 q=-0.0 size=  132952KiB time=00:02:33.53 bitrate=7093.8kbits/s speed=   1x    
frame= 9242 fps= 60 q=-0.0 size=  133384KiB time=00:02:34.03 bitrate=7093.8kbits/s speed=   1x    
frame= 9272 fps= 60 q=-0.0 size=  133808KiB time=00:02:34.53 bitrate=7093.3kbits/s speed=   1x    
frame= 9302 fps= 60 q=-0.0 size=  134235KiB time=00:02:35.03 bitrate=7093.0kbits/s speed=   1x    
frame= 9332 fps= 60 q=-0.0 size=  134679KiB time=00:02:35.53 bitrate=7093.6kbits/s speed=   1x    
frame= 9362 fps= 60 q=-0.0 size=  135104KiB time=00:02:36.03 bitrate=7093.2kbits/s speed=   1x    
frame= 9392 fps= 60 q=-0.0 size=  135556KiB time=00:02:36.53 bitrate=7094.2kbits/s speed=   1x    
frame= 9422 fps= 60 q=-0.0 size=  135967KiB time=00:02:37.03 bitrate=7093.0kbits/s speed=   1x    
frame= 9452 fps= 60 q=-0.0 size=  136421KiB time=00:02:37.53 bitrate=7094.1kbits/s speed=   1x    
frame= 9482 fps= 60 q=-0.0 size=  136838KiB time=00:02:38.03 bitrate=7093.3kbits/s speed=   1x    
frame= 9512 fps= 60 q=-0.0 size=  137282KiB time=00:02:38.53 bitrate=7093.9kbits/s speed=   1x    
frame= 9542 fps= 60 q=-0.0 size=  137698KiB time=00:02:39.03 bitrate=7093.0kbits/s speed=   1x    
frame= 9572 fps= 60 q=-0.0 size=  138140KiB time=00:02:39.53 bitrate=7093.5kbits/s speed=   1x    
frame= 9602 fps= 60 q=-0.0 size=  138567KiB time=00:02:40.03 bitrate=7093.1kbits/s speed=   1x    
frame= 9632 fps= 60 q=-0.0 size=  139007KiB time=00:02:40.53 bitrate=7093.5kbits/s speed=   1x    
frame= 9662 fps= 60 q=-0.0 size=  139432KiB time=00:02:41.03 bitrate=7093.1kbits/s speed=   1x    
frame= 9692 fps= 60 q=-0.0 size=  139882KiB time=00:02:41.53 bitrate=7094.0kbits/s speed=   1x    
frame= 9722 fps= 60 q=-0.0 size=  140305KiB time=00:02:42.03 bitrate=7093.5kbits/s speed=   1x    
frame= 9752 fps= 60 q=-0.0 size=  140734KiB time=00:02:42.53 bitrate=7093.3kbits/s speed=   1x    
frame= 9782 fps= 60 q=-0.0 size=  141178KiB time=00:02:43.03 bitrate=7093.8kbits/s speed=   1x    
frame= 9812 fps= 60 q=-0.0 size=  141614KiB time=00:02:43.53 bitrate=7094.0kbits/s speed=   1x    
frame= 9842 fps= 60 q=-0.0 size=  142042KiB time=00:02:44.03 bitrate=7093.7kbits/s speed=   1x    
frame= 9872 fps= 60 q=-0.0 size=  142498KiB time=00:02:44.53 bitrate=7094.9kbits/s speed=   1x    
frame= 9902 fps= 60 q=-0.0 size=  142900KiB time=00:02:45.03 bitrate=7093.3kbits/s speed=   1x    
frame= 9932 fps= 60 q=-0.0 size=  143337KiB time=00:02:45.53 bitrate=7093.5kbits/s speed=   1x    
frame= 9962 fps= 60 q=-0.0 size=  143783KiB time=00:02:46.03 bitrate=7094.2kbits/s speed=   1x    
frame= 9992 fps= 60 q=-0.0 size=  144207KiB time=00:02:46.53 bitrate=7093.8kbits/s speed=   1x    
frame=10022 fps= 60 q=-0.0 size=  144637KiB time=00:02:47.03 bitrate=7093.6kbits/s speed=   1x    
frame=10052 fps= 60 q=-0.0 size=  145056KiB time=00:02:47.53 bitrate=7092.9kbits/s speed=   1x    
frame=10082 fps= 60 q=-0.0 size=  145521KiB time=00:02:48.03 bitrate=7094.5kbits/s speed=   1x    
frame=10112 fps= 60 q=-0.0 size=  145822KiB time=00:02:48.53 bitrate=7088.1kbits/s speed=   1x    
frame=10142 fps= 60 q=-0.0 size=  146162KiB time=00:02:49.03 bitrate=7083.6kbits/s speed=   1x    
frame=10172 fps= 60 q=-0.0 size=  146595KiB time=00:02:49.53 bitrate=7083.6kbits/s speed=   1x    
frame=10202 fps= 60 q=-0.0 size=  147028KiB time=00:02:50.03 bitrate=7083.6kbits/s speed=   1x    
frame=10232 fps= 60 q=-0.0 size=  147851KiB time=00:02:50.53 bitrate=7102.4kbits/s speed=   1x    
frame=10262 fps= 60 q=-0.0 size=  148077KiB time=00:02:51.03 bitrate=7092.5kbits/s speed=   1x    
frame=10292 fps= 60 q=-0.0 size=  148560KiB time=00:02:51.53 bitrate=7094.9kbits/s speed=   1x    
frame=10322 fps= 60 q=-0.0 size=  148993KiB time=00:02:52.03 bitrate=7094.8kbits/s speed=   1x    
frame=10352 fps= 60 q=-0.0 size=  149424KiB time=00:02:52.53 bitrate=7094.8kbits/s speed=   1x    
frame=10382 fps= 60 q=-0.0 size=  149860KiB time=00:02:53.03 bitrate=7094.9kbits/s speed=   1x    
frame=10412 fps= 60 q=-0.0 size=  150293KiB time=00:02:53.53 bitrate=7094.9kbits/s speed=   1x    
frame=10442 fps= 60 q=-0.0 size=  150713KiB time=00:02:54.03 bitrate=7094.3kbits/s speed=   1x    
frame=10472 fps= 60 q=-0.0 size=  151154KiB time=00:02:54.53 bitrate=7094.6kbits/s speed=   1x    
frame=10502 fps= 60 q=-0.0 size=  151590KiB time=00:02:55.03 bitrate=7094.8kbits/s speed=   1x    
frame=10532 fps= 60 q=-0.0 size=  152016KiB time=00:02:55.53 bitrate=7094.5kbits/s speed=   1x    
frame=10562 fps= 60 q=-0.0 size=  152454KiB time=00:02:56.03 bitrate=7094.7kbits/s speed=   1x    
frame=10592 fps= 60 q=-0.0 size=  152891KiB time=00:02:56.53 bitrate=7094.9kbits/s speed=   1x    
frame=10622 fps= 60 q=-0.0 size=  153324KiB time=00:02:57.03 bitrate=7094.9kbits/s speed=   1x    
frame=10652 fps= 60 q=-0.0 size=  153781KiB time=00:02:57.53 bitrate=7096.0kbits/s speed=   1x    
frame=10682 fps= 60 q=-0.0 size=  153957KiB time=00:02:58.03 bitrate=7084.2kbits/s speed=   1x    
frame=10712 fps= 60 q=-0.0 size=  154390KiB time=00:02:58.53 bitrate=7084.2kbits/s speed=   1x    
frame=10742 fps= 60 q=-0.0 size=  154823KiB time=00:02:59.03 bitrate=7084.2kbits/s speed=   1x    
frame=10772 fps= 60 q=-0.0 size=  155256KiB time=00:02:59.53 bitrate=7084.3kbits/s speed=   1x    
frame=10802 fps= 60 q=-0.0 size=  155690KiB time=00:03:00.03 bitrate=7084.3kbits/s speed=   1x    
frame=10832 fps= 60 q=-0.0 size=  156123KiB time=00:03:00.53 bitrate=7084.3kbits/s speed=   1x    
frame=10862 fps= 60 q=-0.0 size=  156556KiB time=00:03:01.03 bitrate=7084.4kbits/s speed=   1x    
frame=10892 fps= 60 q=-0.0 size=  156989KiB time=00:03:01.53 bitrate=7084.4kbits/s speed=   1x    
frame=10922 fps= 60 q=-0.0 size=  157422KiB time=00:03:02.03 bitrate=7084.4kbits/s speed=   1x    
frame=10952 fps= 60 q=-0.0 size=  157855KiB time=00:03:02.53 bitrate=7084.5kbits/s speed=   1x    
frame=10982 fps= 60 q=-0.0 size=  158288KiB time=00:03:03.03 bitrate=7084.5kbits/s speed=   1x    
frame=11012 fps= 60 q=-0.0 size=  158722KiB time=00:03:03.53 bitrate=7084.5kbits/s speed=   1x    
frame=11042 fps= 60 q=-0.0 size=  159361KiB time=00:03:04.03 bitrate=7093.7kbits/s speed=   1x    
frame=11072 fps= 60 q=-0.0 size=  159800KiB time=00:03:04.53 bitrate=7094.0kbits/s speed=   1x    
frame=11102 fps= 60 q=-0.0 size=  160236KiB time=00:03:05.03 bitrate=7094.2kbits/s speed=   1x    
frame=11132 fps= 60 q=-0.0 size=  160669KiB time=00:03:05.53 bitrate=7094.1kbits/s speed=   1x    
frame=11162 fps= 60 q=-0.0 size=  161089KiB time=00:03:06.03 bitrate=7093.6kbits/s speed=   1x    
frame=11192 fps= 60 q=-0.0 size=  161512KiB time=00:03:06.53 bitrate=7093.1kbits/s speed=   1x    
frame=11222 fps= 60 q=-0.0 size=  161953KiB time=00:03:07.03 bitrate=7093.5kbits/s speed=   1x    
frame=11252 fps= 60 q=-0.0 size=  162400KiB time=00:03:07.53 bitrate=7094.1kbits/s speed=   1x    
frame=11282 fps= 60 q=-0.0 size=  162825KiB time=00:03:08.03 bitrate=7093.8kbits/s speed=   1x    
frame=11312 fps= 60 q=-0.0 size=  163265KiB time=00:03:08.53 bitrate=7094.0kbits/s speed=   1x    
frame=11342 fps= 60 q=-0.0 size=  163685KiB time=00:03:09.03 bitrate=7093.5kbits/s speed=   1x    
frame=11372 fps= 60 q=-0.0 size=  164117KiB time=00:03:09.53 bitrate=7093.5kbits/s speed=   1x    
frame=11402 fps= 60 q=-0.0 size=  164576KiB time=00:03:10.03 bitrate=7094.6kbits/s speed=   1x    
frame=11432 fps= 60 q=-0.0 size=  164979KiB time=00:03:10.53 bitrate=7093.3kbits/s speed=   1x    
frame=11462 fps= 60 q=-0.0 size=  165427KiB time=00:03:11.03 bitrate=7094.0kbits/s speed=   1x    
frame=11492 fps= 60 q=-0.0 size=  165845KiB time=00:03:11.53 bitrate=7093.3kbits/s speed=   1x    
frame=11522 fps= 60 q=-0.0 size=  166298KiB time=00:03:12.03 bitrate=7094.1kbits/s speed=   1x    
frame=11553 fps= 60 q=-0.0 size=  166725KiB time=00:03:12.55 bitrate=7093.3kbits/s speed=   1x    
frame=11582 fps= 60 q=-0.0 size=  167158KiB time=00:03:13.03 bitrate=7093.9kbits/s speed=   1x    
frame=11612 fps= 60 q=-0.0 size=  167583KiB time=00:03:13.53 bitrate=7093.6kbits/s speed=   1x    
frame=11643 fps= 60 q=-0.0 size=  168031KiB time=00:03:14.05 bitrate=7093.6kbits/s speed=   1x    
frame=11673 fps= 60 q=-0.0 size=  168482KiB time=00:03:14.55 bitrate=7094.3kbits/s speed=   1x    
frame=11703 fps= 60 q=-0.0 size=  168896KiB time=00:03:15.05 bitrate=7093.5kbits/s speed=   1x    
frame=11733 fps= 60 q=-0.0 size=  169335KiB time=00:03:15.55 bitrate=7093.8kbits/s speed=   1x    
frame=11763 fps= 60 q=-0.0 size=  169765KiB time=00:03:16.05 bitrate=7093.7kbits/s speed=   1x    
frame=11793 fps= 60 q=-0.0 size=  170203KiB time=00:03:16.55 bitrate=7093.9kbits/s speed=   1x    
frame=11823 fps= 60 q=-0.0 size=  170634KiB time=00:03:17.05 bitrate=7093.8kbits/s speed=   1x    
frame=11853 fps= 60 q=-0.0 size=  171063KiB time=00:03:17.55 bitrate=7093.6kbits/s speed=   1x    
frame=11883 fps= 60 q=-0.0 size=  171506KiB time=00:03:18.05 bitrate=7094.1kbits/s speed=   1x    
frame=11913 fps= 60 q=-0.0 size=  171938KiB time=00:03:18.55 bitrate=7094.0kbits/s speed=   1x    
frame=11943 fps= 60 q=-0.0 size=  172370KiB time=00:03:19.05 bitrate=7094.0kbits/s speed=   1x    
frame=11973 fps= 60 q=-0.0 size=  172801KiB time=00:03:19.55 bitrate=7093.9kbits/s speed=   1x    
frame=12003 fps= 60 q=-0.0 size=  173230KiB time=00:03:20.05 bitrate=7093.7kbits/s speed=   1x    
frame=12033 fps= 60 q=-0.0 size=  173659KiB time=00:03:20.55 bitrate=7093.6kbits/s speed=   1x    
frame=12063 fps= 60 q=-0.0 size=  174105KiB time=00:03:21.05 bitrate=7094.1kbits/s speed=   1x    
frame=12093 fps= 60 q=-0.0 size=  174532KiB time=00:03:21.55 bitrate=7093.8kbits/s speed=   1x    
frame=12123 fps= 60 q=-0.0 size=  174963KiB time=00:03:22.05 bitrate=7093.8kbits/s speed=   1x    
frame=12153 fps= 60 q=-0.0 size=  175371KiB time=00:03:22.55 bitrate=7092.8kbits/s speed=   1x    
frame=12183 fps= 60 q=-0.0 size=  175826KiB time=00:03:23.05 bitrate=7093.6kbits/s speed=   1x    
frame=12213 fps= 60 q=-0.0 size=  176274KiB time=00:03:23.55 bitrate=7094.3kbits/s speed=   1x    
frame=12243 fps= 60 q=-0.0 size=  176697KiB time=00:03:24.05 bitrate=7093.9kbits/s speed=   1x    
frame=12273 fps= 60 q=-0.0 size=  177132KiB time=00:03:24.55 bitrate=7093.9kbits/s speed=   1x    
frame=12303 fps= 60 q=-0.0 size=  177568KiB time=00:03:25.05 bitrate=7094.1kbits/s speed=   1x    
frame=12333 fps= 60 q=-0.0 size=  178001KiB time=00:03:25.55 bitrate=7094.1kbits/s speed=   1x    
frame=12363 fps= 60 q=-0.0 size=  178430KiB time=00:03:26.05 bitrate=7093.9kbits/s speed=   1x    
frame=12393 fps= 60 q=-0.0 size=  178859KiB time=00:03:26.55 bitrate=7093.8kbits/s speed=   1x    
frame=12423 fps= 60 q=-0.0 size=  179270KiB time=00:03:27.05 bitrate=7092.9kbits/s speed=   1x    
frame=12453 fps= 60 q=-0.0 size=  179724KiB time=00:03:27.55 bitrate=7093.7kbits/s speed=   1x    
frame=12483 fps= 60 q=-0.0 size=  180162KiB time=00:03:28.05 bitrate=7093.9kbits/s speed=   1x    
frame=12513 fps= 60 q=-0.0 size=  180592KiB time=00:03:28.55 bitrate=7093.8kbits/s speed=   1x    
frame=12543 fps= 60 q=-0.0 size=  181022KiB time=00:03:29.05 bitrate=7093.7kbits/s speed=   1x    
frame=12573 fps= 60 q=-0.0 size=  181471KiB time=00:03:29.55 bitrate=7094.3kbits/s speed=   1x    
frame=12603 fps= 60 q=-0.0 size=  181902KiB time=00:03:30.05 bitrate=7094.2kbits/s speed=   1x    
frame=12633 fps= 60 q=-0.0 size=  182330KiB time=00:03:30.55 bitrate=7094.0kbits/s speed=   1x    
frame=12663 fps= 60 q=-0.0 size=  182766KiB time=00:03:31.05 bitrate=7094.1kbits/s speed=   1x    
frame=12693 fps= 60 q=-0.0 size=  183201KiB time=00:03:31.55 bitrate=7094.2kbits/s speed=   1x    
frame=12723 fps= 60 q=-0.0 size=  183624KiB time=00:03:32.05 bitrate=7093.8kbits/s speed=   1x    
frame=12753 fps= 60 q=-0.0 size=  184058KiB time=00:03:32.55 bitrate=7093.9kbits/s speed=   1x    
frame=12783 fps= 60 q=-0.0 size=  184492KiB time=00:03:33.05 bitrate=7093.9kbits/s speed=   1x    
frame=12813 fps= 60 q=-0.0 size=  184916KiB time=00:03:33.55 bitrate=7093.6kbits/s speed=   1x    
frame=12843 fps= 60 q=-0.0 size=  185374KiB time=00:03:34.05 bitrate=7094.5kbits/s speed=   1x    
frame=12873 fps= 60 q=-0.0 size=  185801KiB time=00:03:34.55 bitrate=7094.3kbits/s speed=   1x    
frame=12903 fps= 60 q=-0.0 size=  186206KiB time=00:03:35.05 bitrate=7093.2kbits/s speed=   1x    
frame=12933 fps= 60 q=-0.0 size=  186668KiB time=00:03:35.55 bitrate=7094.3kbits/s speed=   1x    
frame=12963 fps= 60 q=-0.0 size=  187103KiB time=00:03:36.05 bitrate=7094.4kbits/s speed=   1x    
frame=12993 fps= 60 q=-0.0 size=  187519KiB time=00:03:36.55 bitrate=7093.8kbits/s speed=   1x    
frame=13023 fps= 60 q=-0.0 size=  187965KiB time=00:03:37.05 bitrate=7094.2kbits/s speed=   1x    
frame=13053 fps= 60 q=-0.0 size=  188394KiB time=00:03:37.55 bitrate=7094.1kbits/s speed=   1x    
frame=13083 fps= 60 q=-0.0 size=  188826KiB time=00:03:38.05 bitrate=7094.1kbits/s speed=   1x    
frame=13113 fps= 60 q=-0.0 size=  189250KiB time=00:03:38.55 bitrate=7093.7kbits/s speed=   1x    
frame=13143 fps= 60 q=-0.0 size=  189688KiB time=00:03:39.05 bitrate=7093.9kbits/s speed=   1x    
frame=13173 fps= 60 q=-0.0 size=  190120KiB time=00:03:39.55 bitrate=7093.9kbits/s speed=   1x    
frame=13203 fps= 60 q=-0.0 size=  190560KiB time=00:03:40.05 bitrate=7094.2kbits/s speed=   1x    
frame=13233 fps= 60 q=-0.0 size=  191003KiB time=00:03:40.55 bitrate=7094.5kbits/s speed=   1x    
frame=13263 fps= 60 q=-0.0 size=  191418KiB time=00:03:41.05 bitrate=7093.9kbits/s speed=   1x    
frame=13293 fps= 60 q=-0.0 size=  191864KiB time=00:03:41.55 bitrate=7094.3kbits/s speed=   1x    
frame=13323 fps= 60 q=-0.0 size=  192309KiB time=00:03:42.05 bitrate=7094.8kbits/s speed=   1x    
frame=13353 fps= 60 q=-0.0 size=  192719KiB time=00:03:42.55 bitrate=7093.9kbits/s speed=   1x    
frame=13383 fps= 60 q=-0.0 size=  193148KiB time=00:03:43.05 bitrate=7093.8kbits/s speed=   1x    
frame=13413 fps= 60 q=-0.0 size=  193569KiB time=00:03:43.55 bitrate=7093.4kbits/s speed=   1x    
frame=13443 fps= 60 q=-0.0 size=  194026KiB time=00:03:44.05 bitrate=7094.2kbits/s speed=   1x    
frame=13473 fps= 60 q=-0.0 size=  194449KiB time=00:03:44.55 bitrate=7093.8kbits/s speed=   1x    
frame=13503 fps= 60 q=-0.0 size=  194872KiB time=00:03:45.05 bitrate=7093.5kbits/s speed=   1x    
frame=13533 fps= 60 q=-0.0 size=  195317KiB time=00:03:45.55 bitrate=7093.9kbits/s speed=   1x    
frame=13563 fps= 60 q=-0.0 size=  195787KiB time=00:03:46.05 bitrate=7095.3kbits/s speed=   1x    
frame=13593 fps= 60 q=-0.0 size=  196185KiB time=00:03:46.55 bitrate=7094.0kbits/s speed=   1x    
frame=13623 fps= 60 q=-0.0 size=  196614KiB time=00:03:47.05 bitrate=7093.9kbits/s speed=   1x    
frame=13653 fps= 60 q=-0.0 size=  197044KiB time=00:03:47.55 bitrate=7093.8kbits/s speed=   1x    
frame=13683 fps= 60 q=-0.0 size=  197479KiB time=00:03:48.05 bitrate=7093.8kbits/s speed=   1x    
frame=13713 fps= 60 q=-0.0 size=  197909KiB time=00:03:48.55 bitrate=7093.7kbits/s speed=   1x    
frame=13743 fps= 60 q=-0.0 size=  198358KiB time=00:03:49.05 bitrate=7094.3kbits/s speed=   1x    
frame=13773 fps= 60 q=-0.0 size=  198781KiB time=00:03:49.55 bitrate=7094.0kbits/s speed=   1x    
frame=13803 fps= 60 q=-0.0 size=  199206KiB time=00:03:50.05 bitrate=7093.6kbits/s speed=   1x    
frame=13833 fps= 60 q=-0.0 size=  199659KiB time=00:03:50.55 bitrate=7094.4kbits/s speed=   1x    
frame=13863 fps= 60 q=-0.0 size=  200072KiB time=00:03:51.05 bitrate=7093.7kbits/s speed=   1x    
frame=13893 fps= 60 q=-0.0 size=  200506KiB time=00:03:51.55 bitrate=7093.7kbits/s speed=   1x    
frame=13923 fps= 60 q=-0.0 size=  200949KiB time=00:03:52.05 bitrate=7094.1kbits/s speed=   1x    
frame=13953 fps= 60 q=-0.0 size=  201387KiB time=00:03:52.55 bitrate=7094.2kbits/s speed=   1x    
frame=13983 fps= 60 q=-0.0 size=  201827KiB time=00:03:53.05 bitrate=7094.5kbits/s speed=   1x    
frame=14013 fps= 60 q=-0.0 size=  202250KiB time=00:03:53.55 bitrate=7094.1kbits/s speed=   1x    
frame=14043 fps= 60 q=-0.0 size=  202679KiB time=00:03:54.05 bitrate=7094.0kbits/s speed=   1x    
frame=14073 fps= 60 q=-0.0 size=  203108KiB time=00:03:54.55 bitrate=7093.9kbits/s speed=   1x    
frame=14103 fps= 60 q=-0.0 size=  203560KiB time=00:03:55.05 bitrate=7094.5kbits/s speed=   1x    
frame=14133 fps= 60 q=-0.0 size=  203972KiB time=00:03:55.55 bitrate=7093.8kbits/s speed=   1x    
frame=14163 fps= 60 q=-0.0 size=  204396KiB time=00:03:56.05 bitrate=7093.5kbits/s speed=   1x    
frame=14193 fps= 60 q=-0.0 size=  204861KiB time=00:03:56.55 bitrate=7094.6kbits/s speed=   1x    
frame=14223 fps= 60 q=-0.0 size=  205269KiB time=00:03:57.05 bitrate=7093.7kbits/s speed=   1x    
frame=14253 fps= 60 q=-0.0 size=  205717KiB time=00:03:57.55 bitrate=7094.2kbits/s speed=   1x    
frame=14283 fps= 60 q=-0.0 size=  206143KiB time=00:03:58.05 bitrate=7094.0kbits/s speed=   1x    
frame=14313 fps= 60 q=-0.0 size=  206569KiB time=00:03:58.55 bitrate=7093.7kbits/s speed=   1x    
frame=14343 fps= 60 q=-0.0 size=  207015KiB time=00:03:59.05 bitrate=7094.2kbits/s speed=   1x    
frame=14373 fps= 60 q=-0.0 size=  207418KiB time=00:03:59.55 bitrate=7093.2kbits/s speed=   1x    
frame=14403 fps= 60 q=-0.0 size=  207887KiB time=00:04:00.05 bitrate=7094.4kbits/s speed=   1x    
frame=14433 fps= 60 q=-0.0 size=  208295KiB time=00:04:00.55 bitrate=7093.6kbits/s speed=   1x    
frame=14463 fps= 60 q=-0.0 size=  208721KiB time=00:04:01.05 bitrate=7093.3kbits/s speed=   1x    
frame=14493 fps= 60 q=-0.0 size=  209189KiB time=00:04:01.55 bitrate=7094.5kbits/s speed=   1x    
frame=14523 fps= 60 q=-0.0 size=  209594KiB time=00:04:02.05 bitrate=7093.6kbits/s speed=   1x    
frame=14553 fps= 60 q=-0.0 size=  209939KiB time=00:04:02.55 bitrate=7090.6kbits/s speed=   1x    
frame=14583 fps= 60 q=-0.0 size=  210420KiB time=00:04:03.05 bitrate=7092.2kbits/s speed=   1x    
frame=14613 fps= 60 q=-0.0 size=  210894KiB time=00:04:03.55 bitrate=7093.6kbits/s speed=   1x    
frame=14643 fps= 60 q=-0.0 size=  211344KiB time=00:04:04.05 bitrate=7094.1kbits/s speed=   1x    
frame=14673 fps= 60 q=-0.0 size=  211763KiB time=00:04:04.55 bitrate=7093.7kbits/s speed=   1x    
frame=14703 fps= 60 q=-0.0 size=  212181KiB time=00:04:05.05 bitrate=7093.2kbits/s speed=   1x    
frame=14733 fps= 60 q=-0.0 size=  212581KiB time=00:04:05.55 bitrate=7092.1kbits/s speed=   1x    
frame=14763 fps= 60 q=-0.0 size=  213003KiB time=00:04:06.05 bitrate=7091.7kbits/s speed=   1x    
frame=14793 fps= 60 q=-0.0 size=  213426KiB time=00:04:06.55 bitrate=7091.4kbits/s speed=   1x    
frame=14823 fps= 60 q=-0.0 size=  213850KiB time=00:04:07.05 bitrate=7091.1kbits/s speed=   1x    
frame=14853 fps= 60 q=-0.0 size=  214296KiB time=00:04:07.55 bitrate=7091.5kbits/s speed=   1x    
frame=14883 fps= 60 q=-0.0 size=  214724KiB time=00:04:08.05 bitrate=7091.4kbits/s speed=   1x    
frame=14913 fps= 60 q=-0.0 size=  215144KiB time=00:04:08.55 bitrate=7091.0kbits/s speed=   1x    
frame=14943 fps= 60 q=-0.0 size=  215574KiB time=00:04:09.05 bitrate=7090.9kbits/s speed=   1x    
frame=14973 fps= 60 q=-0.0 size=  216078KiB time=00:04:09.55 bitrate=7093.2kbits/s speed=   1x    
frame=15003 fps= 60 q=-0.0 size=  216332KiB time=00:04:10.05 bitrate=7087.3kbits/s speed=   1x    
frame=15033 fps= 60 q=-0.0 size=  216765KiB time=00:04:10.55 bitrate=7087.4kbits/s speed=   1x    
frame=15063 fps= 60 q=-0.0 size=  217498KiB time=00:04:11.05 bitrate=7097.2kbits/s speed=   1x    
frame=15093 fps= 60 q=-0.0 size=  217820KiB time=00:04:11.55 bitrate=7093.6kbits/s speed=   1x    
frame=15123 fps= 60 q=-0.0 size=  218299KiB time=00:04:12.05 bitrate=7095.0kbits/s speed=   1x    
frame=15153 fps= 60 q=-0.0 size=  218737KiB time=00:04:12.55 bitrate=7095.2kbits/s speed=   1x    
frame=15183 fps= 60 q=-0.0 size=  219156KiB time=00:04:13.05 bitrate=7094.7kbits/s speed=   1x    
frame=15213 fps= 60 q=-0.0 size=  219580KiB time=00:04:13.55 bitrate=7094.5kbits/s speed=   1x    
frame=15243 fps= 60 q=-0.0 size=  220006KiB time=00:04:14.05 bitrate=7094.2kbits/s speed=   1x    
frame=15273 fps= 60 q=-0.0 size=  220456KiB time=00:04:14.55 bitrate=7094.8kbits/s speed=   1x    
frame=15304 fps= 60 q=-0.0 size=  220880KiB time=00:04:15.06 bitrate=7094.0kbits/s speed=   1x    
frame=15334 fps= 60 q=-0.0 size=  221299KiB time=00:04:15.56 bitrate=7093.6kbits/s speed=   1x    
frame=15364 fps= 60 q=-0.0 size=  221726KiB time=00:04:16.06 bitrate=7093.4kbits/s speed=   1x    
frame=15394 fps= 60 q=-0.0 size=  222169KiB time=00:04:16.56 bitrate=7093.7kbits/s speed=   1x    
frame=15424 fps= 60 q=-0.0 size=  222606KiB time=00:04:17.06 bitrate=7093.8kbits/s speed=   1x    
frame=15454 fps= 60 q=-0.0 size=  223044KiB time=00:04:17.56 bitrate=7094.0kbits/s speed=   1x    
frame=15483 fps= 60 q=-0.0 size=  223492KiB time=00:04:18.05 bitrate=7094.9kbits/s speed=   1x    
frame=15514 fps= 60 q=-0.0 size=  223900KiB time=00:04:18.56 bitrate=7093.7kbits/s speed=   1x    
frame=15544 fps= 60 q=-0.0 size=  224329KiB time=00:04:19.06 bitrate=7093.6kbits/s speed=   1x    
frame=15574 fps= 60 q=-0.0 size=  224778KiB time=00:04:19.56 bitrate=7094.0kbits/s speed=   1x    
frame=15604 fps= 60 q=-0.0 size=  225217KiB time=00:04:20.06 bitrate=7094.2kbits/s speed=   1x    
frame=15634 fps= 60 q=-0.0 size=  225641KiB time=00:04:20.56 bitrate=7094.0kbits/s speed=   1x    
frame=15664 fps= 60 q=-0.0 size=  226071KiB time=00:04:21.06 bitrate=7093.9kbits/s speed=   1x    
frame=15694 fps= 60 q=-0.0 size=  226499KiB time=00:04:21.56 bitrate=7093.7kbits/s speed=   1x    
frame=15724 fps= 60 q=-0.0 size=  226961KiB time=00:04:22.06 bitrate=7094.6kbits/s speed=   1x    
frame=15754 fps= 60 q=-0.0 size=  227375KiB time=00:04:22.56 bitrate=7094.0kbits/s speed=   1x    
frame=15784 fps= 60 q=-0.0 size=  227825KiB time=00:04:23.06 bitrate=7094.6kbits/s speed=   1x    
frame=15814 fps= 60 q=-0.0 size=  228256KiB time=00:04:23.56 bitrate=7094.5kbits/s speed=   1x    
frame=15844 fps= 60 q=-0.0 size=  228669KiB time=00:04:24.06 bitrate=7093.9kbits/s speed=   1x    
frame=15874 fps= 60 q=-0.0 size=  229090KiB time=00:04:24.56 bitrate=7093.5kbits/s speed=   1x    
frame=15904 fps= 60 q=-0.0 size=  229530KiB time=00:04:25.06 bitrate=7093.7kbits/s speed=   1x    
frame=15934 fps= 60 q=-0.0 size=  229978KiB time=00:04:25.56 bitrate=7094.2kbits/s speed=   1x    
frame=15964 fps= 60 q=-0.0 size=  230426KiB time=00:04:26.06 bitrate=7094.6kbits/s speed=   1x    
frame=15994 fps= 60 q=-0.0 size=  230825KiB time=00:04:26.56 bitrate=7093.6kbits/s speed=   1x    
frame=16024 fps= 60 q=-0.0 size=  231274KiB time=00:04:27.06 bitrate=7094.1kbits/s speed=   1x    
frame=16054 fps= 60 q=-0.0 size=  231692KiB time=00:04:27.56 bitrate=7093.6kbits/s speed=   1x    
frame=16084 fps= 60 q=-0.0 size=  232136KiB time=00:04:28.06 bitrate=7094.0kbits/s speed=   1x    
frame=16114 fps= 60 q=-0.0 size=  232564KiB time=00:04:28.56 bitrate=7093.8kbits/s speed=   1x    
frame=16144 fps= 60 q=-0.0 size=  233010KiB time=00:04:29.06 bitrate=7094.2kbits/s speed=   1x    
frame=16174 fps= 60 q=-0.0 size=  233456KiB time=00:04:29.56 bitrate=7094.6kbits/s speed=   1x    
frame=16204 fps= 60 q=-0.0 size=  233856KiB time=00:04:30.06 bitrate=7093.6kbits/s speed=   1x    
frame=16234 fps= 60 q=-0.0 size=  234318KiB time=00:04:30.56 bitrate=7094.5kbits/s speed=   1x    
frame=16264 fps= 60 q=-0.0 size=  234736KiB time=00:04:31.06 bitrate=7094.1kbits/s speed=   1x    
frame=16294 fps= 60 q=-0.0 size=  235163KiB time=00:04:31.56 bitrate=7093.9kbits/s speed=   1x    
frame=16324 fps= 60 q=-0.0 size=  235601KiB time=00:04:32.06 bitrate=7094.0kbits/s speed=   1x    
frame=16354 fps= 60 q=-0.0 size=  236042KiB time=00:04:32.56 bitrate=7094.3kbits/s speed=   1x    
frame=16384 fps= 60 q=-0.0 size=  236466KiB time=00:04:33.06 bitrate=7094.0kbits/s speed=   1x    
frame=16414 fps= 60 q=-0.0 size=  236893KiB time=00:04:33.56 bitrate=7093.8kbits/s speed=   1x    
frame=16444 fps= 60 q=-0.0 size=  237330KiB time=00:04:34.06 bitrate=7093.9kbits/s speed=   1x    
frame=16474 fps= 60 q=-0.0 size=  237760KiB time=00:04:34.56 bitrate=7093.8kbits/s speed=   1x    
frame=16504 fps= 60 q=-0.0 size=  238184KiB time=00:04:35.06 bitrate=7093.6kbits/s speed=   1x    
frame=16534 fps= 60 q=-0.0 size=  238613KiB time=00:04:35.56 bitrate=7093.4kbits/s speed=   1x    
frame=16564 fps= 60 q=-0.0 size=  239054KiB time=00:04:36.06 bitrate=7093.7kbits/s speed=   1x    
frame=16594 fps= 60 q=-0.0 size=  239494KiB time=00:04:36.56 bitrate=7093.9kbits/s speed=   1x    
frame=16624 fps= 60 q=-0.0 size=  239918KiB time=00:04:37.06 bitrate=7093.6kbits/s speed=   1x    
frame=16654 fps= 60 q=-0.0 size=  240365KiB time=00:04:37.56 bitrate=7094.1kbits/s speed=   1x    
frame=16684 fps= 60 q=-0.0 size=  240783KiB time=00:04:38.06 bitrate=7093.6kbits/s speed=   1x    
frame=16714 fps= 60 q=-0.0 size=  241242KiB time=00:04:38.56 bitrate=7094.4kbits/s speed=   1x    
frame=16744 fps= 60 q=-0.0 size=  241642KiB time=00:04:39.06 bitrate=7093.4kbits/s speed=   1x    
frame=16774 fps= 60 q=-0.0 size=  242080KiB time=00:04:39.56 bitrate=7093.6kbits/s speed=   1x    
frame=16804 fps= 60 q=-0.0 size=  242523KiB time=00:04:40.06 bitrate=7093.8kbits/s speed=   1x    
frame=16834 fps= 60 q=-0.0 size=  242956KiB time=00:04:40.56 bitrate=7093.9kbits/s speed=   1x    
frame=16864 fps= 60 q=-0.0 size=  243390KiB time=00:04:41.06 bitrate=7093.9kbits/s speed=   1x    
frame=16894 fps= 60 q=-0.0 size=  243827KiB time=00:04:41.56 bitrate=7094.0kbits/s speed=   1x    
frame=16924 fps= 60 q=-0.0 size=  244272KiB time=00:04:42.06 bitrate=7094.3kbits/s speed=   1x    
frame=16954 fps= 60 q=-0.0 size=  244692KiB time=00:04:42.56 bitrate=7094.0kbits/s speed=   1x    
frame=16984 fps= 60 q=-0.0 size=  245125KiB time=00:04:43.06 bitrate=7094.0kbits/s speed=   1x    
frame=17014 fps= 60 q=-0.0 size=  245565KiB time=00:04:43.56 bitrate=7094.2kbits/s speed=   1x    
frame=17044 fps= 60 q=-0.0 size=  245992KiB time=00:04:44.06 bitrate=7094.0kbits/s speed=   1x    
frame=17074 fps= 60 q=-0.0 size=  246426KiB time=00:04:44.56 bitrate=7094.0kbits/s speed=   1x    
frame=17104 fps= 60 q=-0.0 size=  246845KiB time=00:04:45.06 bitrate=7093.6kbits/s speed=   1x    
frame=17134 fps= 60 q=-0.0 size=  247286KiB time=00:04:45.56 bitrate=7093.9kbits/s speed=   1x    
frame=17164 fps= 60 q=-0.0 size=  247730KiB time=00:04:46.06 bitrate=7094.2kbits/s speed=   1x    
frame=17194 fps= 60 q=-0.0 size=  248174KiB time=00:04:46.56 bitrate=7094.5kbits/s speed=   1x    
frame=17224 fps= 60 q=-0.0 size=  248599KiB time=00:04:47.06 bitrate=7094.3kbits/s speed=   1x    
frame=17254 fps= 60 q=-0.0 size=  249012KiB time=00:04:47.56 bitrate=7093.7kbits/s speed=   1x    
frame=17284 fps= 60 q=-0.0 size=  249455KiB time=00:04:48.06 bitrate=7094.0kbits/s speed=   1x    
frame=17314 fps= 60 q=-0.0 size=  249894KiB time=00:04:48.56 bitrate=7094.2kbits/s speed=   1x    
frame=17344 fps= 60 q=-0.0 size=  250318KiB time=00:04:49.06 bitrate=7093.9kbits/s speed=   1x    
frame=17374 fps= 60 q=-0.0 size=  250763KiB time=00:04:49.56 bitrate=7094.2kbits/s speed=   1x    
frame=17404 fps= 60 q=-0.0 size=  251176KiB time=00:04:50.06 bitrate=7093.6kbits/s speed=   1x    
frame=17434 fps= 60 q=-0.0 size=  251422KiB time=00:04:50.56 bitrate=7088.4kbits/s speed=   1x    
frame=17464 fps= 60 q=-0.0 size=  251856KiB time=00:04:51.06 bitrate=7088.4kbits/s speed=   1x    
frame=17494 fps= 60 q=-0.0 size=  252289KiB time=00:04:51.56 bitrate=7088.4kbits/s speed=   1x    
frame=17524 fps= 60 q=-0.0 size=  253145KiB time=00:04:52.06 bitrate=7100.3kbits/s speed=   1x    
frame=17554 fps= 60 q=-0.0 size=  253317KiB time=00:04:52.56 bitrate=7093.0kbits/s speed=   1x    
frame=17584 fps= 60 q=-0.0 size=  253799KiB time=00:04:53.06 bitrate=7094.4kbits/s speed=   1x    
frame=17614 fps= 60 q=-0.0 size=  254237KiB time=00:04:53.56 bitrate=7094.5kbits/s speed=   1x    
frame=17644 fps= 60 q=-0.0 size=  254668KiB time=00:04:54.06 bitrate=7094.4kbits/s speed=   1x    
frame=17674 fps= 60 q=-0.0 size=  255095KiB time=00:04:54.56 bitrate=7094.3kbits/s speed=   1x    
frame=17704 fps= 60 q=-0.0 size=  255550KiB time=00:04:55.06 bitrate=7094.9kbits/s speed=   1x    
frame=17734 fps= 60 q=-0.0 size=  255945KiB time=00:04:55.56 bitrate=7093.8kbits/s speed=   1x    
frame=17764 fps= 60 q=-0.0 size=  256387KiB time=00:04:56.06 bitrate=7094.1kbits/s speed=   1x    
frame=17794 fps= 60 q=-0.0 size=  256834KiB time=00:04:56.56 bitrate=7094.5kbits/s speed=   1x    
frame=17824 fps= 60 q=-0.0 size=  257270KiB time=00:04:57.06 bitrate=7094.6kbits/s speed=   1x    
frame=17854 fps= 60 q=-0.0 size=  257694KiB time=00:04:57.56 bitrate=7094.3kbits/s speed=   1x    
frame=17884 fps= 60 q=-0.0 size=  258144KiB time=00:04:58.06 bitrate=7094.8kbits/s speed=   1x    
frame=17914 fps= 60 q=-0.0 size=  258560KiB time=00:04:58.56 bitrate=7094.3kbits/s speed=   1x    
frame=17944 fps= 60 q=-0.0 size=  259020KiB time=00:04:59.06 bitrate=7095.1kbits/s speed=   1x    
frame=17974 fps= 60 q=-0.0 size=  259229KiB time=00:04:59.56 bitrate=7088.9kbits/s speed=   1x    
frame=18004 fps= 60 q=-0.0 size=  259651KiB time=00:05:00.06 bitrate=7088.6kbits/s speed=   1x    
frame=18034 fps= 60 q=-0.0 size=  260084KiB time=00:05:00.56 bitrate=7088.6kbits/s speed=   1x    
frame=18064 fps= 60 q=-0.0 size=  260517KiB time=00:05:01.06 bitrate=7088.6kbits/s speed=   1x    
frame=18094 fps= 60 q=-0.0 size=  260950KiB time=00:05:01.56 bitrate=7088.7kbits/s speed=   1x    
frame=18124 fps= 60 q=-0.0 size=  261383KiB time=00:05:02.06 bitrate=7088.7kbits/s speed=   1x    
frame=18154 fps= 60 q=-0.0 size=  261816KiB time=00:05:02.56 bitrate=7088.7kbits/s speed=   1x    
frame=18184 fps= 60 q=-0.0 size=  262250KiB time=00:05:03.06 bitrate=7088.7kbits/s speed=   1x    
frame=18214 fps= 60 q=-0.0 size=  262683KiB time=00:05:03.56 bitrate=7088.7kbits/s speed=   1x    
frame=18244 fps= 60 q=-0.0 size=  263116KiB time=00:05:04.06 bitrate=7088.7kbits/s speed=   1x    
frame=18274 fps= 60 q=-0.0 size=  263769KiB time=00:05:04.56 bitrate=7094.7kbits/s speed=   1x    
frame=18304 fps= 60 q=-0.0 size=  264145KiB time=00:05:05.06 bitrate=7093.1kbits/s speed=   1x    
frame=18334 fps= 60 q=-0.0 size=  264641KiB time=00:05:05.56 bitrate=7094.8kbits/s speed=   1x    
frame=18364 fps= 60 q=-0.0 size=  265016KiB time=00:05:06.06 bitrate=7093.3kbits/s speed=   1x    
frame=18394 fps= 60 q=-0.0 size=  265500KiB time=00:05:06.56 bitrate=7094.6kbits/s speed=   1x    
frame=18424 fps= 60 q=-0.0 size=  265877KiB time=00:05:07.06 bitrate=7093.1kbits/s speed=   1x    
frame=18454 fps= 60 q=-0.0 size=  266365KiB time=00:05:07.56 bitrate=7094.6kbits/s speed=   1x    
frame=18484 fps= 60 q=-0.0 size=  266750KiB time=00:05:08.06 bitrate=7093.3kbits/s speed=   1x    
[out#0/rtp @ 0x559968ca4300] video:263862KiB audio:0KiB subtitle:0KiB other streams:0KiB global headers:0KiB muxing overhead: 1.245052%
frame=18515 fps= 60 q=-0.0 Lsize=  267147KiB time=00:05:08.58 bitrate=7092.0kbits/s speed=   1x    
Exiting normally, received signal 15.
