
========================================================================
Starting PrivyHub Linux native-video backend v0.7
Profile: native_game_1080p60_c3_80pct_cap90 1920x1080@60, 12600/12600 kbps H.264 VAAPI, GOP=15, BF=0
Capture backend: exact X11 window via x11grab
Capture: managed RetroArch window (pid=1404701, window_id=60817410, discovered=1920x1080)
Window title: RetroArch Beetle PSX HW <ipv4> 82d8e05 || FPS:  61.89 || Frames: 512
Video FEC: XOR 8+1; FFmpeg RTP -> loopback relay -> onn; encoder=12600 kbps
========================================================================
encoder argv: /usr/bin/ffmpeg -hide_banner -loglevel info -nostdin -vaapi_device /dev/dri/renderD128 -f x11grab -framerate 60 -window_id 60817410 -i :0 -vf scale=1920:1080:force_original_aspect_ratio=decrease:flags=fast_bilinear,pad=1920:1080:(ow-iw)/2:(oh-ih)/2:black,format=nv12,hwupload -an -c:v h264_vaapi -profile:v high -b:v 12600k -maxrate 12600k -bufsize 12600k -max_frame_size 90000 -g 15 -bf 0 -payload_type 96 -f rtp rtp://<ipv4>:48110?pkt_size=1200
[x11grab @ 0x55ce67643cc0] Stream #0: not enough frames to estimate rate; consider increasing probesize
Input #0, x11grab, from ':0':
  Duration: N/A, start: 1790872350.388012, bitrate: 3981312 kb/s
  Stream #0:0: Video: rawvideo (BGR[0] / 0x524742), bgr0, 1920x1080, 3981312 kb/s, 60 fps, 1000k tbr, 1000k tbn
Stream mapping:
  Stream #0:0 -> #0:0 (rawvideo (native) -> h264 (h264_vaapi))
Output #0, rtp, to 'rtp://<ipv4>:48110?pkt_size=1200':
  Metadata:
    encoder         : Lavf61.7.103
  Stream #0:0: Video: h264 (High), vaapi(tv, progressive), 1920x1080, q=2-31, 12600 kb/s, 60 fps, 90k tbn
      Metadata:
        encoder         : Lavc61.19.101 h264_vaapi
SDP:
v=0
o=- 0 0 IN IP4 <ipv4>
s=No Name
c=IN IP4 <ipv4>
t=0 0
a=tool:libavformat 61.7.103
m=video 48110 RTP/AVP 96
b=AS:12600
a=rtpmap:96 H264/90000
a=fmtp:96 packetization-mode=1

frame=   30 fps=0.0 q=-0.0 size=     364KiB time=00:00:00.50 bitrate=5961.8kbits/s speed=0.999x    
frame=   60 fps= 60 q=-0.0 size=    1143KiB time=00:00:01.00 bitrate=9359.7kbits/s speed=   1x    
frame=   90 fps= 60 q=-0.0 size=    1921KiB time=00:00:01.50 bitrate=10492.4kbits/s speed=   1x    
frame=  120 fps= 60 q=-0.0 size=    2700KiB time=00:00:02.00 bitrate=11058.7kbits/s speed=   1x    
frame=  150 fps= 60 q=-0.0 size=    3479KiB time=00:00:02.50 bitrate=11398.5kbits/s speed=   1x    
frame=  180 fps= 60 q=-0.0 size=    4257KiB time=00:00:03.00 bitrate=11625.0kbits/s speed=   1x    
frame=  210 fps= 60 q=-0.0 size=    5036KiB time=00:00:03.50 bitrate=11786.9kbits/s speed=   1x    
frame=  240 fps= 60 q=-0.0 size=    5815KiB time=00:00:04.00 bitrate=11908.2kbits/s speed=   1x    
frame=  270 fps= 60 q=-0.0 size=    6593KiB time=00:00:04.50 bitrate=12002.6kbits/s speed=   1x    
frame=  300 fps= 60 q=-0.0 size=    7372KiB time=00:00:05.00 bitrate=12078.1kbits/s speed=   1x    
frame=  330 fps= 60 q=-0.0 size=    8151KiB time=00:00:05.50 bitrate=12139.9kbits/s speed=   1x    
frame=  360 fps= 60 q=-0.0 size=    8929KiB time=00:00:06.00 bitrate=12191.4kbits/s speed=   1x    
frame=  390 fps= 60 q=-0.0 size=    9708KiB time=00:00:06.50 bitrate=12235.0kbits/s speed=   1x    
frame=  420 fps= 60 q=-0.0 size=   10487KiB time=00:00:07.00 bitrate=12272.3kbits/s speed=   1x    
frame=  450 fps= 60 q=-0.0 size=   11265KiB time=00:00:07.50 bitrate=12304.7kbits/s speed=   1x    
frame=  480 fps= 60 q=-0.0 size=   12044KiB time=00:00:08.00 bitrate=12333.0kbits/s speed=   1x    
frame=  510 fps= 60 q=-0.0 size=   12823KiB time=00:00:08.50 bitrate=12358.0kbits/s speed=   1x    
frame=  540 fps= 60 q=-0.0 size=   13601KiB time=00:00:09.00 bitrate=12380.2kbits/s speed=   1x    
frame=  570 fps= 60 q=-0.0 size=   14380KiB time=00:00:09.50 bitrate=12400.0kbits/s speed=   1x    
frame=  600 fps= 60 q=-0.0 size=   15159KiB time=00:00:10.00 bitrate=12418.1kbits/s speed=   1x    
frame=  630 fps= 60 q=-0.0 size=   15938KiB time=00:00:10.50 bitrate=12434.4kbits/s speed=   1x    
frame=  660 fps= 60 q=-0.0 size=   16717KiB time=00:00:11.00 bitrate=12449.4kbits/s speed=   1x    
frame=  690 fps= 60 q=-0.0 size=   17496KiB time=00:00:11.50 bitrate=12462.9kbits/s speed=   1x    
frame=  720 fps= 60 q=-0.0 size=   18274KiB time=00:00:12.00 bitrate=12475.4kbits/s speed=   1x    
frame=  750 fps= 60 q=-0.0 size=   19053KiB time=00:00:12.50 bitrate=12486.9kbits/s speed=   1x    
frame=  780 fps= 60 q=-0.0 size=   19832KiB time=00:00:13.00 bitrate=12497.4kbits/s speed=   1x    
frame=  810 fps= 60 q=-0.0 size=   20611KiB time=00:00:13.50 bitrate=12507.1kbits/s speed=   1x    
frame=  840 fps= 60 q=-0.0 size=   21390KiB time=00:00:14.00 bitrate=12516.0kbits/s speed=   1x    
frame=  870 fps= 60 q=-0.0 size=   22169KiB time=00:00:14.50 bitrate=12524.5kbits/s speed=   1x    
frame=  900 fps= 60 q=-0.0 size=   22948KiB time=00:00:15.00 bitrate=12532.5kbits/s speed=   1x    
frame=  930 fps= 60 q=-0.0 size=   23727KiB time=00:00:15.50 bitrate=12539.9kbits/s speed=   1x    
frame=  960 fps= 60 q=-0.0 size=   24506KiB time=00:00:16.00 bitrate=12546.9kbits/s speed=   1x    
frame=  990 fps= 60 q=-0.0 size=   25285KiB time=00:00:16.50 bitrate=12553.5kbits/s speed=   1x    
frame= 1020 fps= 60 q=-0.0 size=   26064KiB time=00:00:17.00 bitrate=12559.7kbits/s speed=   1x    
frame= 1050 fps= 60 q=-0.0 size=   26843KiB time=00:00:17.50 bitrate=12565.5kbits/s speed=   1x    
frame= 1080 fps= 60 q=-0.0 size=   27622KiB time=00:00:18.00 bitrate=12571.0kbits/s speed=   1x    
frame= 1110 fps= 60 q=-0.0 size=   28401KiB time=00:00:18.50 bitrate=12576.2kbits/s speed=   1x    
frame= 1140 fps= 60 q=-0.0 size=   29180KiB time=00:00:19.00 bitrate=12581.1kbits/s speed=   1x    
frame= 1170 fps= 60 q=-0.0 size=   29959KiB time=00:00:19.50 bitrate=12585.8kbits/s speed=   1x    
frame= 1200 fps= 60 q=-0.0 size=   30738KiB time=00:00:20.00 bitrate=12590.3kbits/s speed=   1x    
frame= 1230 fps= 60 q=-0.0 size=   31517KiB time=00:00:20.50 bitrate=12594.5kbits/s speed=   1x    
frame= 1260 fps= 60 q=-0.0 size=   32296KiB time=00:00:21.00 bitrate=12598.5kbits/s speed=   1x    
frame= 1290 fps= 60 q=-0.0 size=   33075KiB time=00:00:21.50 bitrate=12602.4kbits/s speed=   1x    
frame= 1320 fps= 60 q=-0.0 size=   33854KiB time=00:00:22.00 bitrate=12606.0kbits/s speed=   1x    
frame= 1350 fps= 60 q=-0.0 size=   34633KiB time=00:00:22.50 bitrate=12609.5kbits/s speed=   1x    
frame= 1380 fps= 60 q=-0.0 size=   35412KiB time=00:00:23.00 bitrate=12612.9kbits/s speed=   1x    
frame= 1410 fps= 60 q=-0.0 size=   36191KiB time=00:00:23.50 bitrate=12616.1kbits/s speed=   1x    
frame= 1440 fps= 60 q=-0.0 size=   36970KiB time=00:00:24.00 bitrate=12619.1kbits/s speed=   1x    
frame= 1470 fps= 60 q=-0.0 size=   37749KiB time=00:00:24.50 bitrate=12621.9kbits/s speed=   1x    
frame= 1500 fps= 60 q=-0.0 size=   38527KiB time=00:00:25.00 bitrate=12624.6kbits/s speed=   1x    
frame= 1530 fps= 60 q=-0.0 size=   39306KiB time=00:00:25.50 bitrate=12627.2kbits/s speed=   1x    
frame= 1560 fps= 60 q=-0.0 size=   40085KiB time=00:00:26.00 bitrate=12629.8kbits/s speed=   1x    
frame= 1590 fps= 60 q=-0.0 size=   40864KiB time=00:00:26.50 bitrate=12632.4kbits/s speed=   1x    
frame= 1620 fps= 60 q=-0.0 size=   41643KiB time=00:00:27.00 bitrate=12634.7kbits/s speed=   1x    
frame= 1650 fps= 60 q=-0.0 size=   42422KiB time=00:00:27.50 bitrate=12637.0kbits/s speed=   1x    
frame= 1680 fps= 60 q=-0.0 size=   43201KiB time=00:00:28.00 bitrate=12639.3kbits/s speed=   1x    
frame= 1710 fps= 60 q=-0.0 size=   43980KiB time=00:00:28.50 bitrate=12641.4kbits/s speed=   1x    
frame= 1740 fps= 60 q=-0.0 size=   44782KiB time=00:00:29.00 bitrate=12650.0kbits/s speed=   1x    
frame= 1770 fps= 60 q=-0.0 size=   45538KiB time=00:00:29.50 bitrate=12645.5kbits/s speed=   1x    
frame= 1800 fps= 60 q=-0.0 size=   46407KiB time=00:00:30.00 bitrate=12672.3kbits/s speed=   1x    
frame= 1830 fps= 60 q=-0.0 size=   47156KiB time=00:00:30.50 bitrate=12665.5kbits/s speed=   1x    
frame= 1860 fps= 60 q=-0.0 size=   47967KiB time=00:00:31.00 bitrate=12675.6kbits/s speed=   1x    
frame= 1890 fps= 60 q=-0.0 size=   48822KiB time=00:00:31.50 bitrate=12696.8kbits/s speed=   1x    
frame= 1920 fps= 60 q=-0.0 size=   49576KiB time=00:00:32.00 bitrate=12691.4kbits/s speed=   1x    
frame= 1950 fps= 60 q=-0.0 size=   50353KiB time=00:00:32.50 bitrate=12692.0kbits/s speed=   1x    
frame= 1980 fps= 60 q=-0.0 size=   51144KiB time=00:00:33.00 bitrate=12696.0kbits/s speed=   1x    
frame= 2010 fps= 60 q=-0.0 size=   51909KiB time=00:00:33.50 bitrate=12693.8kbits/s speed=   1x    
frame= 2040 fps= 60 q=-0.0 size=   52682KiB time=00:00:34.00 bitrate=12693.2kbits/s speed=   1x    
frame= 2070 fps= 60 q=-0.0 size=   53469KiB time=00:00:34.51 bitrate=12690.1kbits/s speed=   1x    
frame= 2101 fps= 60 q=-0.0 size=   54310KiB time=00:00:35.01 bitrate=12705.5kbits/s speed=   1x    
frame= 2130 fps= 60 q=-0.0 size=   55031KiB time=00:00:35.50 bitrate=12699.1kbits/s speed=   1x    
frame= 2160 fps= 60 q=-0.0 size=   55837KiB time=00:00:36.00 bitrate=12706.0kbits/s speed=   1x    
frame= 2190 fps= 60 q=-0.0 size=   56604KiB time=00:00:36.50 bitrate=12704.2kbits/s speed=   1x    
frame= 2221 fps= 60 q=-0.0 size=   57449KiB time=00:00:37.01 bitrate=12713.7kbits/s speed=   1x    
frame= 2251 fps= 60 q=-0.0 size=   58203KiB time=00:00:37.51 bitrate=12708.9kbits/s speed=   1x    
frame= 2280 fps= 60 q=-0.0 size=   58956KiB time=00:00:38.00 bitrate=12709.7kbits/s speed=   1x    
frame= 2311 fps= 60 q=-0.0 size=   59824KiB time=00:00:38.51 bitrate=12723.8kbits/s speed=   1x    
frame= 2341 fps= 60 q=-0.0 size=   60661KiB time=00:00:39.01 bitrate=12736.4kbits/s speed=   1x    
frame= 2371 fps= 60 q=-0.0 size=   61454KiB time=00:00:39.51 bitrate=12739.7kbits/s speed=   1x    
frame= 2401 fps= 60 q=-0.0 size=   62189KiB time=00:00:40.01 bitrate=12730.9kbits/s speed=   1x    
frame= 2431 fps= 60 q=-0.0 size=   62976KiB time=00:00:40.51 bitrate=12733.1kbits/s speed=   1x    
frame= 2461 fps= 60 q=-0.0 size=   63743KiB time=00:00:41.01 bitrate=12731.0kbits/s speed=   1x    
frame= 2491 fps= 60 q=-0.0 size=   64529KiB time=00:00:41.51 bitrate=12732.8kbits/s speed=   1x    
frame= 2521 fps= 60 q=-0.0 size=   65319KiB time=00:00:42.01 bitrate=12735.3kbits/s speed=   1x    
frame= 2551 fps= 60 q=-0.0 size=   66116KiB time=00:00:42.51 bitrate=12739.2kbits/s speed=   1x    
frame= 2581 fps= 60 q=-0.0 size=   66912KiB time=00:00:43.01 bitrate=12742.5kbits/s speed=   1x    
frame= 2611 fps= 60 q=-0.0 size=   67685KiB time=00:00:43.51 bitrate=12741.8kbits/s speed=   1x    
frame= 2641 fps= 60 q=-0.0 size=   68456KiB time=00:00:44.01 bitrate=12740.5kbits/s speed=   1x    
frame= 2671 fps= 60 q=-0.0 size=   69249KiB time=00:00:44.51 bitrate=12743.3kbits/s speed=   1x    
frame= 2701 fps= 60 q=-0.0 size=   70026KiB time=00:00:45.01 bitrate=12743.1kbits/s speed=   1x    
frame= 2731 fps= 60 q=-0.0 size=   70801KiB time=00:00:45.51 bitrate=12742.6kbits/s speed=   1x    
frame= 2761 fps= 60 q=-0.0 size=   71575KiB time=00:00:46.01 bitrate=12741.9kbits/s speed=   1x    
frame= 2791 fps= 60 q=-0.0 size=   72345KiB time=00:00:46.51 bitrate=12740.6kbits/s speed=   1x    
frame= 2821 fps= 60 q=-0.0 size=   73116KiB time=00:00:47.01 bitrate=12739.5kbits/s speed=   1x    
frame= 2851 fps= 60 q=-0.0 size=   73861KiB time=00:00:47.51 bitrate=12733.9kbits/s speed=   1x    
frame= 2881 fps= 60 q=-0.0 size=   74552KiB time=00:00:48.01 bitrate=12719.1kbits/s speed=   1x    
frame= 2911 fps= 60 q=-0.0 size=   75383KiB time=00:00:48.51 bitrate=12728.4kbits/s speed=   1x    
frame= 2941 fps= 60 q=-0.0 size=   76210KiB time=00:00:49.01 bitrate=12736.8kbits/s speed=   1x    
frame= 2971 fps= 60 q=-0.0 size=   77004KiB time=00:00:49.51 bitrate=12739.5kbits/s speed=   1x    
frame= 3001 fps= 60 q=-0.0 size=   77777KiB time=00:00:50.01 bitrate=12738.8kbits/s speed=   1x    
frame= 3031 fps= 60 q=-0.0 size=   78574KiB time=00:00:50.51 bitrate=12741.8kbits/s speed=   1x    
frame= 3061 fps= 60 q=-0.0 size=   79356KiB time=00:00:51.01 bitrate=12742.6kbits/s speed=   1x    
frame= 3091 fps= 60 q=-0.0 size=   80116KiB time=00:00:51.51 bitrate=12739.7kbits/s speed=   1x    
frame= 3121 fps= 60 q=-0.0 size=   80897KiB time=00:00:52.01 bitrate=12740.3kbits/s speed=   1x    
frame= 3151 fps= 60 q=-0.0 size=   81682KiB time=00:00:52.51 bitrate=12741.5kbits/s speed=   1x    
frame= 3181 fps= 60 q=-0.0 size=   82470KiB time=00:00:53.01 bitrate=12743.1kbits/s speed=   1x    
frame= 3211 fps= 60 q=-0.0 size=   83228KiB time=00:00:53.51 bitrate=12740.1kbits/s speed=   1x    
frame= 3241 fps= 60 q=-0.0 size=   83995KiB time=00:00:54.01 bitrate=12738.5kbits/s speed=   1x    
frame= 3271 fps= 60 q=-0.0 size=   84829KiB time=00:00:54.51 bitrate=12746.9kbits/s speed=   1x    
frame= 3301 fps= 60 q=-0.0 size=   85543KiB time=00:00:55.01 bitrate=12737.3kbits/s speed=   1x    
frame= 3331 fps= 60 q=-0.0 size=   86351KiB time=00:00:55.51 bitrate=12741.9kbits/s speed=   1x    
frame= 3361 fps= 60 q=-0.0 size=   87142KiB time=00:00:56.01 bitrate=12743.8kbits/s speed=   1x    
frame= 3391 fps= 60 q=-0.0 size=   87918KiB time=00:00:56.51 bitrate=12743.5kbits/s speed=   1x    
frame= 3421 fps= 60 q=-0.0 size=   88675KiB time=00:00:57.01 bitrate=12740.6kbits/s speed=   1x    
frame= 3451 fps= 60 q=-0.0 size=   89448KiB time=00:00:57.51 bitrate=12740.0kbits/s speed=   1x    
frame= 3481 fps= 60 q=-0.0 size=   90230KiB time=00:00:58.01 bitrate=12740.6kbits/s speed=   1x    
frame= 3511 fps= 60 q=-0.0 size=   91012KiB time=00:00:58.51 bitrate=12741.2kbits/s speed=   1x    
frame= 3541 fps= 60 q=-0.0 size=   91807KiB time=00:00:59.01 bitrate=12743.6kbits/s speed=   1x    
frame= 3571 fps= 60 q=-0.0 size=   92600KiB time=00:00:59.51 bitrate=12745.6kbits/s speed=   1x    
frame= 3601 fps= 60 q=-0.0 size=   93335KiB time=00:01:00.01 bitrate=12739.9kbits/s speed=   1x    
frame= 3631 fps= 60 q=-0.0 size=   94118KiB time=00:01:00.51 bitrate=12740.5kbits/s speed=   1x    
frame= 3661 fps= 60 q=-0.0 size=   94901KiB time=00:01:01.01 bitrate=12741.3kbits/s speed=   1x    
frame= 3691 fps= 60 q=-0.0 size=   95618KiB time=00:01:01.51 bitrate=12733.1kbits/s speed=   1x    
frame= 3721 fps= 60 q=-0.0 size=   96418KiB time=00:01:02.01 bitrate=12736.2kbits/s speed=   1x    
frame= 3751 fps= 60 q=-0.0 size=   97194KiB time=00:01:02.51 bitrate=12736.0kbits/s speed=   1x    
frame= 3781 fps= 60 q=-0.0 size=   98010KiB time=00:01:03.01 bitrate=12741.1kbits/s speed=   1x    
frame= 3811 fps= 60 q=-0.0 size=   98784KiB time=00:01:03.51 bitrate=12740.6kbits/s speed=   1x    
frame= 3841 fps= 60 q=-0.0 size=   99541KiB time=00:01:04.01 bitrate=12737.9kbits/s speed=   1x    
frame= 3871 fps= 60 q=-0.0 size=  100361KiB time=00:01:04.51 bitrate=12743.3kbits/s speed=   1x    
frame= 3901 fps= 60 q=-0.0 size=  101109KiB time=00:01:05.01 bitrate=12739.6kbits/s speed=   1x    
frame= 3931 fps= 60 q=-0.0 size=  101920KiB time=00:01:05.51 bitrate=12743.7kbits/s speed=   1x    
frame= 3961 fps= 60 q=-0.0 size=  102632KiB time=00:01:06.01 bitrate=12735.6kbits/s speed=   1x    
frame= 3991 fps= 60 q=-0.0 size=  103377KiB time=00:01:06.51 bitrate=12731.6kbits/s speed=   1x    
frame= 4021 fps= 60 q=-0.0 size=  104142KiB time=00:01:07.01 bitrate=12730.1kbits/s speed=   1x    
frame= 4051 fps= 60 q=-0.0 size=  104937KiB time=00:01:07.51 bitrate=12732.3kbits/s speed=   1x    
frame= 4081 fps= 60 q=-0.0 size=  105733KiB time=00:01:08.01 bitrate=12734.6kbits/s speed=   1x    
frame= 4111 fps= 60 q=-0.0 size=  106534KiB time=00:01:08.51 bitrate=12737.4kbits/s speed=   1x    
frame= 4141 fps= 60 q=-0.0 size=  107303KiB time=00:01:09.01 bitrate=12736.5kbits/s speed=   1x    
frame= 4171 fps= 60 q=-0.0 size=  108134KiB time=00:01:09.51 bitrate=12742.8kbits/s speed=   1x    
frame= 4201 fps= 60 q=-0.0 size=  108917KiB time=00:01:10.01 bitrate=12743.4kbits/s speed=   1x    
frame= 4231 fps= 60 q=-0.0 size=  109634KiB time=00:01:10.51 bitrate=12736.3kbits/s speed=   1x    
frame= 4261 fps= 60 q=-0.0 size=  110412KiB time=00:01:11.01 bitrate=12736.4kbits/s speed=   1x    
frame= 4291 fps= 60 q=-0.0 size=  111174KiB time=00:01:11.51 bitrate=12734.6kbits/s speed=   1x    
frame= 4321 fps= 60 q=-0.0 size=  111970KiB time=00:01:12.01 bitrate=12736.8kbits/s speed=   1x    
frame= 4351 fps= 60 q=-0.0 size=  112780KiB time=00:01:12.51 bitrate=12740.4kbits/s speed=   1x    
frame= 4381 fps= 60 q=-0.0 size=  113511KiB time=00:01:13.01 bitrate=12735.2kbits/s speed=   1x    
frame= 4411 fps= 60 q=-0.0 size=  114317KiB time=00:01:13.51 bitrate=12738.4kbits/s speed=   1x    
frame= 4441 fps= 60 q=-0.0 size=  115014KiB time=00:01:14.01 bitrate=12729.5kbits/s speed=   1x    
frame= 4471 fps= 60 q=-0.0 size=  115772KiB time=00:01:14.51 bitrate=12727.4kbits/s speed=   1x    
frame= 4501 fps= 60 q=-0.0 size=  116590KiB time=00:01:15.01 bitrate=12731.9kbits/s speed=   1x    
frame= 4531 fps= 60 q=-0.0 size=  117396KiB time=00:01:15.51 bitrate=12735.0kbits/s speed=   1x    
frame= 4561 fps= 60 q=-0.0 size=  118162KiB time=00:01:16.01 bitrate=12733.8kbits/s speed=   1x    
frame= 4591 fps= 60 q=-0.0 size=  118889KiB time=00:01:16.51 bitrate=12728.4kbits/s speed=   1x    
frame= 4621 fps= 60 q=-0.0 size=  119721KiB time=00:01:17.01 bitrate=12734.3kbits/s speed=   1x    
frame= 4651 fps= 60 q=-0.0 size=  120427KiB time=00:01:17.51 bitrate=12726.7kbits/s speed=   1x    
frame= 4681 fps= 60 q=-0.0 size=  121277KiB time=00:01:18.01 bitrate=12734.4kbits/s speed=   1x    
frame= 4711 fps= 60 q=-0.0 size=  121977KiB time=00:01:18.51 bitrate=12726.5kbits/s speed=   1x    
frame= 4741 fps= 60 q=-0.0 size=  122809KiB time=00:01:19.01 bitrate=12732.1kbits/s speed=   1x    
frame= 4771 fps= 60 q=-0.0 size=  123643KiB time=00:01:19.51 bitrate=12738.0kbits/s speed=   1x    
frame= 4801 fps= 60 q=-0.0 size=  124485KiB time=00:01:20.01 bitrate=12744.6kbits/s speed=   1x    
frame= 4831 fps= 60 q=-0.0 size=  125210KiB time=00:01:20.51 bitrate=12739.2kbits/s speed=   1x    
frame= 4861 fps= 60 q=-0.0 size=  126001KiB time=00:01:21.01 bitrate=12740.6kbits/s speed=   1x    
frame= 4891 fps= 60 q=-0.0 size=  126782KiB time=00:01:21.51 bitrate=12741.0kbits/s speed=   1x    
frame= 4921 fps= 60 q=-0.0 size=  127591KiB time=00:01:22.01 bitrate=12744.1kbits/s speed=   1x    
frame= 4951 fps= 60 q=-0.0 size=  128410KiB time=00:01:22.51 bitrate=12748.2kbits/s speed=   1x    
frame= 4981 fps= 60 q=-0.0 size=  129167KiB time=00:01:23.01 bitrate=12746.1kbits/s speed=   1x    
frame= 5011 fps= 60 q=-0.0 size=  129951KiB time=00:01:23.51 bitrate=12746.7kbits/s speed=   1x    
frame= 5041 fps= 60 q=-0.0 size=  130786KiB time=00:01:24.01 bitrate=12752.3kbits/s speed=   1x    
frame= 5071 fps= 60 q=-0.0 size=  131519KiB time=00:01:24.51 bitrate=12747.8kbits/s speed=   1x    
frame= 5101 fps= 60 q=-0.0 size=  132353KiB time=00:01:25.01 bitrate=12753.2kbits/s speed=   1x    
frame= 5131 fps= 60 q=-0.0 size=  133096KiB time=00:01:25.51 bitrate=12749.8kbits/s speed=   1x    
frame= 5161 fps= 60 q=-0.0 size=  133886KiB time=00:01:26.01 bitrate=12750.9kbits/s speed=   1x    
frame= 5191 fps= 60 q=-0.0 size=  134665KiB time=00:01:26.51 bitrate=12751.0kbits/s speed=   1x    
frame= 5221 fps= 60 q=-0.0 size=  135421KiB time=00:01:27.01 bitrate=12748.9kbits/s speed=   1x    
frame= 5251 fps= 60 q=-0.0 size=  136171KiB time=00:01:27.51 bitrate=12746.3kbits/s speed=   1x    
frame= 5281 fps= 60 q=-0.0 size=  136930KiB time=00:01:28.01 bitrate=12744.5kbits/s speed=   1x    
frame= 5311 fps= 60 q=-0.0 size=  137693KiB time=00:01:28.51 bitrate=12743.2kbits/s speed=   1x    
frame= 5341 fps= 60 q=-0.0 size=  138460KiB time=00:01:29.01 bitrate=12742.1kbits/s speed=   1x    
frame= 5371 fps= 60 q=-0.0 size=  139255KiB time=00:01:29.51 bitrate=12743.8kbits/s speed=   1x    
frame= 5401 fps= 60 q=-0.0 size=  140094KiB time=00:01:30.01 bitrate=12749.3kbits/s speed=   1x    
frame= 5431 fps= 60 q=-0.0 size=  140871KiB time=00:01:30.51 bitrate=12749.2kbits/s speed=   1x    
frame= 5461 fps= 60 q=-0.0 size=  141644KiB time=00:01:31.01 bitrate=12748.7kbits/s speed=   1x    
frame= 5491 fps= 60 q=-0.0 size=  142363KiB time=00:01:31.51 bitrate=12743.5kbits/s speed=   1x    
frame= 5521 fps= 60 q=-0.0 size=  143110KiB time=00:01:32.01 bitrate=12740.7kbits/s speed=   1x    
frame= 5551 fps= 60 q=-0.0 size=  143956KiB time=00:01:32.51 bitrate=12746.8kbits/s speed=   1x    
frame= 5581 fps= 60 q=-0.0 size=  144763KiB time=00:01:33.01 bitrate=12749.3kbits/s speed=   1x    
frame= 5611 fps= 60 q=-0.0 size=  145542KiB time=00:01:33.51 bitrate=12749.4kbits/s speed=   1x    
frame= 5641 fps= 60 q=-0.0 size=  146352KiB time=00:01:34.01 bitrate=12752.2kbits/s speed=   1x    
frame= 5671 fps= 60 q=-0.0 size=  147124KiB time=00:01:34.51 bitrate=12751.6kbits/s speed=   1x    
frame= 5701 fps= 60 q=-0.0 size=  147921KiB time=00:01:35.01 bitrate=12753.2kbits/s speed=   1x    
frame= 5731 fps= 60 q=-0.0 size=  148703KiB time=00:01:35.51 bitrate=12753.6kbits/s speed=   1x    
frame= 5761 fps= 60 q=-0.0 size=  149469KiB time=00:01:36.01 bitrate=12752.5kbits/s speed=   1x    
frame= 5791 fps= 60 q=-0.0 size=  150249KiB time=00:01:36.51 bitrate=12752.6kbits/s speed=   1x    
frame= 5821 fps= 60 q=-0.0 size=  151038KiB time=00:01:37.01 bitrate=12753.5kbits/s speed=   1x    
frame= 5851 fps= 60 q=-0.0 size=  151811KiB time=00:01:37.51 bitrate=12753.0kbits/s speed=   1x    
frame= 5881 fps= 60 q=-0.0 size=  152569KiB time=00:01:38.01 bitrate=12751.3kbits/s speed=   1x    
frame= 5911 fps= 60 q=-0.0 size=  153339KiB time=00:01:38.51 bitrate=12750.7kbits/s speed=   1x    
frame= 5941 fps= 60 q=-0.0 size=  154110KiB time=00:01:39.01 bitrate=12750.1kbits/s speed=   1x    
frame= 5971 fps= 60 q=-0.0 size=  154886KiB time=00:01:39.51 bitrate=12749.9kbits/s speed=   1x    
frame= 6001 fps= 60 q=-0.0 size=  155650KiB time=00:01:40.01 bitrate=12748.7kbits/s speed=   1x    
frame= 6031 fps= 60 q=-0.0 size=  156448KiB time=00:01:40.51 bitrate=12750.3kbits/s speed=   1x    
frame= 6061 fps= 60 q=-0.0 size=  157226KiB time=00:01:41.01 bitrate=12750.3kbits/s speed=   1x    
frame= 6091 fps= 60 q=-0.0 size=  157996KiB time=00:01:41.51 bitrate=12749.6kbits/s speed=   1x    
frame= 6121 fps= 60 q=-0.0 size=  158770KiB time=00:01:42.01 bitrate=12749.3kbits/s speed=   1x    
frame= 6151 fps= 60 q=-0.0 size=  159514KiB time=00:01:42.51 bitrate=12746.6kbits/s speed=   1x    
frame= 6181 fps= 60 q=-0.0 size=  160294KiB time=00:01:43.01 bitrate=12746.8kbits/s speed=   1x    
frame= 6211 fps= 60 q=-0.0 size=  161022KiB time=00:01:43.51 bitrate=12742.8kbits/s speed=   1x    
frame= 6241 fps= 60 q=-0.0 size=  161814KiB time=00:01:44.01 bitrate=12743.9kbits/s speed=   1x    
frame= 6271 fps= 60 q=-0.0 size=  162564KiB time=00:01:44.51 bitrate=12741.7kbits/s speed=   1x    
frame= 6301 fps= 60 q=-0.0 size=  163348KiB time=00:01:45.01 bitrate=12742.2kbits/s speed=   1x    
frame= 6332 fps= 60 q=-0.0 size=  164241KiB time=00:01:45.53 bitrate=12749.1kbits/s speed=   1x    
frame= 6362 fps= 60 q=-0.0 size=  165048KiB time=00:01:46.03 bitrate=12751.4kbits/s speed=   1x    
frame= 6392 fps= 60 q=-0.0 size=  165809KiB time=00:01:46.53 bitrate=12750.1kbits/s speed=   1x    
frame= 6422 fps= 60 q=-0.0 size=  166607KiB time=00:01:47.03 bitrate=12751.6kbits/s speed=   1x    
frame= 6452 fps= 60 q=-0.0 size=  167354KiB time=00:01:47.53 bitrate=12749.2kbits/s speed=   1x    
frame= 6482 fps= 60 q=-0.0 size=  168130KiB time=00:01:48.03 bitrate=12749.1kbits/s speed=   1x    
frame= 6512 fps= 60 q=-0.0 size=  168892KiB time=00:01:48.53 bitrate=12747.8kbits/s speed=   1x    
frame= 6542 fps= 60 q=-0.0 size=  169679KiB time=00:01:49.03 bitrate=12748.5kbits/s speed=   1x    
frame= 6572 fps= 60 q=-0.0 size=  170392KiB time=00:01:49.53 bitrate=12743.6kbits/s speed=   1x    
frame= 6602 fps= 60 q=-0.0 size=  171190KiB time=00:01:50.03 bitrate=12745.1kbits/s speed=   1x    
frame= 6632 fps= 60 q=-0.0 size=  171993KiB time=00:01:50.53 bitrate=12747.0kbits/s speed=   1x    
frame= 6662 fps= 60 q=-0.0 size=  172784KiB time=00:01:51.03 bitrate=12747.9kbits/s speed=   1x    
frame= 6692 fps= 60 q=-0.0 size=  173564KiB time=00:01:51.53 bitrate=12748.1kbits/s speed=   1x    
frame= 6722 fps= 60 q=-0.0 size=  174374KiB time=00:01:52.03 bitrate=12750.4kbits/s speed=   1x    
frame= 6752 fps= 60 q=-0.0 size=  175128KiB time=00:01:52.53 bitrate=12748.6kbits/s speed=   1x    
frame= 6782 fps= 60 q=-0.0 size=  175892KiB time=00:01:53.03 bitrate=12747.6kbits/s speed=   1x    
frame= 6812 fps= 60 q=-0.0 size=  176695KiB time=00:01:53.53 bitrate=12749.5kbits/s speed=   1x    
frame= 6842 fps= 60 q=-0.0 size=  177471KiB time=00:01:54.03 bitrate=12749.3kbits/s speed=   1x    
frame= 6872 fps= 60 q=-0.0 size=  178284KiB time=00:01:54.53 bitrate=12751.7kbits/s speed=   1x    
frame= 6902 fps= 60 q=-0.0 size=  179074KiB time=00:01:55.03 bitrate=12752.6kbits/s speed=   1x    
frame= 6932 fps= 60 q=-0.0 size=  179844KiB time=00:01:55.53 bitrate=12752.0kbits/s speed=   1x    
frame= 6962 fps= 60 q=-0.0 size=  180608KiB time=00:01:56.03 bitrate=12751.0kbits/s speed=   1x    
frame= 6992 fps= 60 q=-0.0 size=  181432KiB time=00:01:56.53 bitrate=12754.2kbits/s speed=   1x    
frame= 7022 fps= 60 q=-0.0 size=  182221KiB time=00:01:57.03 bitrate=12755.0kbits/s speed=   1x    
frame= 7052 fps= 60 q=-0.0 size=  183002KiB time=00:01:57.53 bitrate=12755.1kbits/s speed=   1x    
frame= 7082 fps= 60 q=-0.0 size=  183776KiB time=00:01:58.03 bitrate=12754.8kbits/s speed=   1x    
frame= 7112 fps= 60 q=-0.0 size=  184551KiB time=00:01:58.53 bitrate=12754.5kbits/s speed=   1x    
frame= 7142 fps= 60 q=-0.0 size=  185301KiB time=00:01:59.03 bitrate=12752.6kbits/s speed=   1x    
frame= 7172 fps= 60 q=-0.0 size=  186035KiB time=00:01:59.53 bitrate=12749.6kbits/s speed=   1x    
frame= 7202 fps= 60 q=-0.0 size=  186624KiB time=00:02:00.03 bitrate=12736.7kbits/s speed=   1x    
frame= 7232 fps= 60 q=-0.0 size=  187369KiB time=00:02:00.53 bitrate=12734.5kbits/s speed=   1x    
frame= 7262 fps= 60 q=-0.0 size=  188196KiB time=00:02:01.03 bitrate=12737.8kbits/s speed=   1x    
frame= 7292 fps= 60 q=-0.0 size=  189085KiB time=00:02:01.53 bitrate=12745.3kbits/s speed=   1x    
frame= 7322 fps= 60 q=-0.0 size=  189878KiB time=00:02:02.03 bitrate=12746.4kbits/s speed=   1x    
frame= 7352 fps= 60 q=-0.0 size=  190661KiB time=00:02:02.53 bitrate=12746.7kbits/s speed=   1x    
frame= 7382 fps= 60 q=-0.0 size=  191239KiB time=00:02:03.03 bitrate=12733.4kbits/s speed=   1x    
frame= 7412 fps= 60 q=-0.0 size=  192018KiB time=00:02:03.53 bitrate=12733.5kbits/s speed=   1x    
frame= 7442 fps= 60 q=-0.0 size=  192885KiB time=00:02:04.03 bitrate=12739.4kbits/s speed=   1x    
frame= 7472 fps= 60 q=-0.0 size=  193713KiB time=00:02:04.53 bitrate=12742.7kbits/s speed=   1x    
frame= 7502 fps= 60 q=-0.0 size=  194502KiB time=00:02:05.03 bitrate=12743.5kbits/s speed=   1x    
frame= 7532 fps= 60 q=-0.0 size=  195190KiB time=00:02:05.53 bitrate=12737.6kbits/s speed=   1x    
frame= 7562 fps= 60 q=-0.0 size=  195970KiB time=00:02:06.03 bitrate=12737.8kbits/s speed=   1x    
frame= 7592 fps= 60 q=-0.0 size=  196750KiB time=00:02:06.53 bitrate=12737.9kbits/s speed=   1x    
frame= 7622 fps= 60 q=-0.0 size=  197534KiB time=00:02:07.03 bitrate=12738.4kbits/s speed=   1x    
frame= 7652 fps= 60 q=-0.0 size=  198330KiB time=00:02:07.53 bitrate=12739.6kbits/s speed=   1x    
frame= 7682 fps= 60 q=-0.0 size=  199090KiB time=00:02:08.03 bitrate=12738.4kbits/s speed=   1x    
frame= 7712 fps= 60 q=-0.0 size=  199865KiB time=00:02:08.53 bitrate=12738.3kbits/s speed=   1x    
frame= 7742 fps= 60 q=-0.0 size=  200653KiB time=00:02:09.03 bitrate=12738.9kbits/s speed=   1x    
frame= 7772 fps= 60 q=-0.0 size=  201428KiB time=00:02:09.53 bitrate=12738.8kbits/s speed=   1x    
frame= 7802 fps= 60 q=-0.0 size=  202225KiB time=00:02:10.03 bitrate=12740.0kbits/s speed=   1x    
frame= 7832 fps= 60 q=-0.0 size=  202922KiB time=00:02:10.53 bitrate=12734.9kbits/s speed=   1x    
frame= 7862 fps= 60 q=-0.0 size=  203701KiB time=00:02:11.03 bitrate=12735.0kbits/s speed=   1x    
frame= 7892 fps= 60 q=-0.0 size=  204480KiB time=00:02:11.53 bitrate=12735.2kbits/s speed=   1x    
frame= 7922 fps= 60 q=-0.0 size=  205542KiB time=00:02:12.03 bitrate=12752.8kbits/s speed=   1x    
frame= 7952 fps= 60 q=-0.0 size=  206188KiB time=00:02:12.53 bitrate=12744.7kbits/s speed=   1x    
frame= 7982 fps= 60 q=-0.0 size=  206885KiB time=00:02:13.03 bitrate=12739.7kbits/s speed=   1x    
frame= 8012 fps= 60 q=-0.0 size=  207677KiB time=00:02:13.53 bitrate=12740.5kbits/s speed=   1x    
frame= 8042 fps= 60 q=-0.0 size=  208460KiB time=00:02:14.03 bitrate=12740.9kbits/s speed=   1x    
frame= 8072 fps= 60 q=-0.0 size=  209262KiB time=00:02:14.53 bitrate=12742.4kbits/s speed=   1x    
frame= 8102 fps= 60 q=-0.0 size=  209996KiB time=00:02:15.03 bitrate=12739.7kbits/s speed=   1x    
frame= 8132 fps= 60 q=-0.0 size=  210794KiB time=00:02:15.53 bitrate=12740.9kbits/s speed=   1x    
frame= 8162 fps= 60 q=-0.0 size=  211549KiB time=00:02:16.03 bitrate=12739.6kbits/s speed=   1x    
frame= 8192 fps= 60 q=-0.0 size=  212356KiB time=00:02:16.53 bitrate=12741.4kbits/s speed=   1x    
frame= 8222 fps= 60 q=-0.0 size=  213106KiB time=00:02:17.03 bitrate=12739.7kbits/s speed=   1x    
frame= 8252 fps= 60 q=-0.0 size=  213934KiB time=00:02:17.53 bitrate=12742.7kbits/s speed=   1x    
frame= 8282 fps= 60 q=-0.0 size=  214669KiB time=00:02:18.03 bitrate=12740.2kbits/s speed=   1x    
frame= 8312 fps= 60 q=-0.0 size=  215571KiB time=00:02:18.53 bitrate=12747.5kbits/s speed=   1x    
frame= 8342 fps= 60 q=-0.0 size=  216353KiB time=00:02:19.03 bitrate=12747.8kbits/s speed=   1x    
frame= 8372 fps= 60 q=-0.0 size=  217111KiB time=00:02:19.53 bitrate=12746.6kbits/s speed=   1x    
frame= 8402 fps= 60 q=-0.0 size=  217910KiB time=00:02:20.03 bitrate=12747.8kbits/s speed=   1x    
frame= 8432 fps= 60 q=-0.0 size=  218709KiB time=00:02:20.53 bitrate=12749.0kbits/s speed=   1x    
frame= 8462 fps= 60 q=-0.0 size=  219477KiB time=00:02:21.03 bitrate=12748.5kbits/s speed=   1x    
frame= 8492 fps= 60 q=-0.0 size=  220258KiB time=00:02:21.53 bitrate=12748.6kbits/s speed=   1x    
frame= 8522 fps= 60 q=-0.0 size=  221033KiB time=00:02:22.03 bitrate=12748.4kbits/s speed=   1x    
frame= 8552 fps= 60 q=-0.0 size=  221833KiB time=00:02:22.53 bitrate=12749.7kbits/s speed=   1x    
frame= 8582 fps= 60 q=-0.0 size=  222609KiB time=00:02:23.03 bitrate=12749.5kbits/s speed=   1x    
frame= 8612 fps= 60 q=-0.0 size=  223352KiB time=00:02:23.53 bitrate=12747.5kbits/s speed=   1x    
frame= 8642 fps= 60 q=-0.0 size=  224115KiB time=00:02:24.03 bitrate=12746.7kbits/s speed=   1x    
frame= 8672 fps= 60 q=-0.0 size=  224920KiB time=00:02:24.53 bitrate=12748.2kbits/s speed=   1x    
frame= 8702 fps= 60 q=-0.0 size=  225708KiB time=00:02:25.03 bitrate=12748.8kbits/s speed=   1x    
frame= 8732 fps= 60 q=-0.0 size=  226469KiB time=00:02:25.53 bitrate=12747.8kbits/s speed=   1x    
frame= 8762 fps= 60 q=-0.0 size=  227261KiB time=00:02:26.03 bitrate=12748.6kbits/s speed=   1x    
frame= 8792 fps= 60 q=-0.0 size=  228050KiB time=00:02:26.53 bitrate=12749.2kbits/s speed=   1x    
frame= 8822 fps= 60 q=-0.0 size=  228827KiB time=00:02:27.03 bitrate=12749.2kbits/s speed=   1x    
frame= 8852 fps= 60 q=-0.0 size=  229606KiB time=00:02:27.53 bitrate=12749.2kbits/s speed=   1x    
frame= 8882 fps= 60 q=-0.0 size=  230387KiB time=00:02:28.03 bitrate=12749.4kbits/s speed=   1x    
frame= 8912 fps= 60 q=-0.0 size=  231195KiB time=00:02:28.53 bitrate=12751.0kbits/s speed=   1x    
frame= 8942 fps= 60 q=-0.0 size=  231972KiB time=00:02:29.03 bitrate=12750.9kbits/s speed=   1x    
frame= 8972 fps= 60 q=-0.0 size=  232755KiB time=00:02:29.53 bitrate=12751.2kbits/s speed=   1x    
frame= 9002 fps= 60 q=-0.0 size=  233512KiB time=00:02:30.03 bitrate=12750.1kbits/s speed=   1x    
frame= 9032 fps= 60 q=-0.0 size=  234279KiB time=00:02:30.53 bitrate=12749.4kbits/s speed=   1x    
frame= 9062 fps= 60 q=-0.0 size=  235034KiB time=00:02:31.03 bitrate=12748.2kbits/s speed=   1x    
frame= 9092 fps= 60 q=-0.0 size=  235859KiB time=00:02:31.53 bitrate=12750.7kbits/s speed=   1x    
frame= 9122 fps= 60 q=-0.0 size=  236632KiB time=00:02:32.03 bitrate=12750.4kbits/s speed=   1x    
frame= 9152 fps= 60 q=-0.0 size=  237405KiB time=00:02:32.53 bitrate=12750.1kbits/s speed=   1x    
frame= 9182 fps= 60 q=-0.0 size=  238168KiB time=00:02:33.03 bitrate=12749.3kbits/s speed=   1x    
frame= 9212 fps= 60 q=-0.0 size=  238942KiB time=00:02:33.53 bitrate=12749.1kbits/s speed=   1x    
frame= 9242 fps= 60 q=-0.0 size=  239744KiB time=00:02:34.03 bitrate=12750.4kbits/s speed=   1x    
frame= 9272 fps= 60 q=-0.0 size=  240541KiB time=00:02:34.53 bitrate=12751.4kbits/s speed=   1x    
frame= 9302 fps= 60 q=-0.0 size=  241288KiB time=00:02:35.03 bitrate=12749.7kbits/s speed=   1x    
frame= 9332 fps= 60 q=-0.0 size=  242060KiB time=00:02:35.53 bitrate=12749.4kbits/s speed=   1x    
frame= 9362 fps= 60 q=-0.0 size=  242859KiB time=00:02:36.03 bitrate=12750.5kbits/s speed=   1x    
frame= 9392 fps= 60 q=-0.0 size=  243694KiB time=00:02:36.53 bitrate=12753.5kbits/s speed=   1x    
frame= 9422 fps= 60 q=-0.0 size=  244472KiB time=00:02:37.03 bitrate=12753.4kbits/s speed=   1x    
frame= 9452 fps= 60 q=-0.0 size=  245232KiB time=00:02:37.53 bitrate=12752.5kbits/s speed=   1x    
frame= 9482 fps= 60 q=-0.0 size=  246024KiB time=00:02:38.03 bitrate=12753.2kbits/s speed=   1x    
frame= 9512 fps= 60 q=-0.0 size=  246800KiB time=00:02:38.53 bitrate=12753.1kbits/s speed=   1x    
frame= 9542 fps= 60 q=-0.0 size=  247579KiB time=00:02:39.03 bitrate=12753.1kbits/s speed=   1x    
frame= 9572 fps= 60 q=-0.0 size=  248391KiB time=00:02:39.53 bitrate=12754.8kbits/s speed=   1x    
frame= 9602 fps= 60 q=-0.0 size=  249169KiB time=00:02:40.03 bitrate=12754.8kbits/s speed=   1x    
frame= 9632 fps= 60 q=-0.0 size=  249936KiB time=00:02:40.53 bitrate=12754.2kbits/s speed=   1x    
frame= 9662 fps= 60 q=-0.0 size=  250736KiB time=00:02:41.03 bitrate=12755.3kbits/s speed=   1x    
frame= 9692 fps= 60 q=-0.0 size=  251520KiB time=00:02:41.53 bitrate=12755.6kbits/s speed=   1x    
frame= 9722 fps= 60 q=-0.0 size=  252313KiB time=00:02:42.03 bitrate=12756.3kbits/s speed=   1x    
frame= 9752 fps= 60 q=-0.0 size=  253082KiB time=00:02:42.53 bitrate=12755.8kbits/s speed=   1x    
frame= 9782 fps= 60 q=-0.0 size=  253880KiB time=00:02:43.03 bitrate=12756.8kbits/s speed=   1x    
frame= 9812 fps= 60 q=-0.0 size=  254645KiB time=00:02:43.53 bitrate=12756.1kbits/s speed=   1x    
frame= 9842 fps= 60 q=-0.0 size=  255444KiB time=00:02:44.03 bitrate=12757.2kbits/s speed=   1x    
frame= 9872 fps= 60 q=-0.0 size=  256237KiB time=00:02:44.53 bitrate=12757.9kbits/s speed=   1x    
frame= 9902 fps= 60 q=-0.0 size=  256970KiB time=00:02:45.03 bitrate=12755.6kbits/s speed=   1x    
frame= 9932 fps= 60 q=-0.0 size=  257760KiB time=00:02:45.53 bitrate=12756.2kbits/s speed=   1x    
frame= 9963 fps= 60 q=-0.0 size=  258522KiB time=00:02:46.05 bitrate=12754.0kbits/s speed=   1x    
frame= 9992 fps= 60 q=-0.0 size=  259321KiB time=00:02:46.53 bitrate=12756.3kbits/s speed=   1x    
frame=10023 fps= 60 q=-0.0 size=  260091KiB time=00:02:47.05 bitrate=12754.7kbits/s speed=   1x    
frame=10053 fps= 60 q=-0.0 size=  260861KiB time=00:02:47.55 bitrate=12754.3kbits/s speed=   1x    
frame=10083 fps= 60 q=-0.0 size=  261652KiB time=00:02:48.05 bitrate=12754.9kbits/s speed=   1x    
frame=10113 fps= 60 q=-0.0 size=  262433KiB time=00:02:48.55 bitrate=12755.0kbits/s speed=   1x    
frame=10143 fps= 60 q=-0.0 size=  263195KiB time=00:02:49.05 bitrate=12754.2kbits/s speed=   1x    
frame=10172 fps= 60 q=-0.0 size=  263952KiB time=00:02:49.53 bitrate=12754.4kbits/s speed=   1x    
frame=10203 fps= 60 q=-0.0 size=  264729KiB time=00:02:50.05 bitrate=12753.1kbits/s speed=   1x    
frame=10233 fps= 60 q=-0.0 size=  265519KiB time=00:02:50.55 bitrate=12753.6kbits/s speed=   1x    
frame=10263 fps= 60 q=-0.0 size=  266327KiB time=00:02:51.05 bitrate=12755.0kbits/s speed=   1x    
frame=10293 fps= 60 q=-0.0 size=  267073KiB time=00:02:51.55 bitrate=12753.5kbits/s speed=   1x    
frame=10323 fps= 60 q=-0.0 size=  267844KiB time=00:02:52.05 bitrate=12753.2kbits/s speed=   1x    
frame=10353 fps= 60 q=-0.0 size=  268546KiB time=00:02:52.55 bitrate=12749.5kbits/s speed=   1x    
frame=10383 fps= 60 q=-0.0 size=  269287KiB time=00:02:53.05 bitrate=12747.8kbits/s speed=   1x    
frame=10413 fps= 60 q=-0.0 size=  270059KiB time=00:02:53.55 bitrate=12747.5kbits/s speed=   1x    
frame=10443 fps= 60 q=-0.0 size=  270711KiB time=00:02:54.05 bitrate=12741.5kbits/s speed=   1x    
frame=10473 fps= 60 q=-0.0 size=  271490KiB time=00:02:54.55 bitrate=12741.6kbits/s speed=   1x    
frame=10503 fps= 60 q=-0.0 size=  272269KiB time=00:02:55.05 bitrate=12741.7kbits/s speed=   1x    
frame=10533 fps= 60 q=-0.0 size=  273523KiB time=00:02:55.55 bitrate=12763.9kbits/s speed=   1x    
frame=10563 fps= 60 q=-0.0 size=  274122KiB time=00:02:56.05 bitrate=12755.5kbits/s speed=   1x    
frame=10593 fps= 60 q=-0.0 size=  274893KiB time=00:02:56.55 bitrate=12755.1kbits/s speed=   1x    
frame=10623 fps= 60 q=-0.0 size=  275655KiB time=00:02:57.05 bitrate=12754.4kbits/s speed=   1x    
frame=10653 fps= 60 q=-0.0 size=  276396KiB time=00:02:57.55 bitrate=12752.7kbits/s speed=   1x    
frame=10683 fps= 60 q=-0.0 size=  277137KiB time=00:02:58.05 bitrate=12750.9kbits/s speed=   1x    
frame=10713 fps= 60 q=-0.0 size=  277949KiB time=00:02:58.55 bitrate=12752.5kbits/s speed=   1x    
frame=10743 fps= 60 q=-0.0 size=  278706KiB time=00:02:59.05 bitrate=12751.5kbits/s speed=   1x    
frame=10773 fps= 60 q=-0.0 size=  279471KiB time=00:02:59.55 bitrate=12750.9kbits/s speed=   1x    
frame=10803 fps= 60 q=-0.0 size=  280245KiB time=00:03:00.05 bitrate=12750.7kbits/s speed=   1x    
frame=10833 fps= 60 q=-0.0 size=  281033KiB time=00:03:00.55 bitrate=12751.2kbits/s speed=   1x    
frame=10863 fps= 60 q=-0.0 size=  281818KiB time=00:03:01.05 bitrate=12751.5kbits/s speed=   1x    
frame=10893 fps= 60 q=-0.0 size=  282592KiB time=00:03:01.55 bitrate=12751.3kbits/s speed=   1x    
frame=10923 fps= 60 q=-0.0 size=  283379KiB time=00:03:02.05 bitrate=12751.7kbits/s speed=   1x    
frame=10953 fps= 60 q=-0.0 size=  284204KiB time=00:03:02.55 bitrate=12753.8kbits/s speed=   1x    
frame=10983 fps= 60 q=-0.0 size=  284731KiB time=00:03:03.05 bitrate=12742.5kbits/s speed=   1x    
frame=11013 fps= 60 q=-0.0 size=  285510KiB time=00:03:03.55 bitrate=12742.6kbits/s speed=   1x    
frame=11043 fps= 60 q=-0.0 size=  286289KiB time=00:03:04.05 bitrate=12742.6kbits/s speed=   1x    
frame=11073 fps= 60 q=-0.0 size=  287067KiB time=00:03:04.55 bitrate=12742.7kbits/s speed=   1x    
frame=11103 fps= 60 q=-0.0 size=  287846KiB time=00:03:05.05 bitrate=12742.7kbits/s speed=   1x    
frame=11133 fps= 60 q=-0.0 size=  288625KiB time=00:03:05.55 bitrate=12742.7kbits/s speed=   1x    
frame=11163 fps= 60 q=-0.0 size=  289404KiB time=00:03:06.05 bitrate=12742.8kbits/s speed=   1x    
frame=11193 fps= 60 q=-0.0 size=  290182KiB time=00:03:06.55 bitrate=12742.8kbits/s speed=   1x    
frame=11223 fps= 60 q=-0.0 size=  290961KiB time=00:03:07.05 bitrate=12742.9kbits/s speed=   1x    
frame=11253 fps= 60 q=-0.0 size=  291740KiB time=00:03:07.55 bitrate=12742.9kbits/s speed=   1x    
frame=11283 fps= 60 q=-0.0 size=  292519KiB time=00:03:08.05 bitrate=12742.9kbits/s speed=   1x    
frame=11313 fps= 60 q=-0.0 size=  293298KiB time=00:03:08.55 bitrate=12743.0kbits/s speed=   1x    
frame=11343 fps= 60 q=-0.0 size=  294213KiB time=00:03:09.05 bitrate=12749.0kbits/s speed=   1x    
frame=11373 fps= 60 q=-0.0 size=  295026KiB time=00:03:09.55 bitrate=12750.5kbits/s speed=   1x    
frame=11403 fps= 60 q=-0.0 size=  295823KiB time=00:03:10.05 bitrate=12751.3kbits/s speed=   1x    
frame=11433 fps= 60 q=-0.0 size=  296606KiB time=00:03:10.55 bitrate=12751.5kbits/s speed=   1x    
frame=11463 fps= 60 q=-0.0 size=  297392KiB time=00:03:11.05 bitrate=12751.8kbits/s speed=   1x    
frame=11493 fps= 60 q=-0.0 size=  298188KiB time=00:03:11.55 bitrate=12752.6kbits/s speed=   1x    
frame=11523 fps= 60 q=-0.0 size=  299041KiB time=00:03:12.05 bitrate=12755.8kbits/s speed=   1x    
frame=11553 fps= 60 q=-0.0 size=  299801KiB time=00:03:12.55 bitrate=12755.0kbits/s speed=   1x    
frame=11583 fps= 60 q=-0.0 size=  300566KiB time=00:03:13.05 bitrate=12754.4kbits/s speed=   1x    
frame=11613 fps= 60 q=-0.0 size=  301357KiB time=00:03:13.55 bitrate=12754.9kbits/s speed=   1x    
frame=11643 fps= 60 q=-0.0 size=  302128KiB time=00:03:14.05 bitrate=12754.6kbits/s speed=   1x    
frame=11673 fps= 60 q=-0.0 size=  302942KiB time=00:03:14.55 bitrate=12756.1kbits/s speed=   1x    
frame=11703 fps= 60 q=-0.0 size=  303730KiB time=00:03:15.05 bitrate=12756.5kbits/s speed=   1x    
frame=11733 fps= 60 q=-0.0 size=  304524KiB time=00:03:15.55 bitrate=12757.1kbits/s speed=   1x    
frame=11763 fps= 60 q=-0.0 size=  305275KiB time=00:03:16.05 bitrate=12756.0kbits/s speed=   1x    
frame=11793 fps= 60 q=-0.0 size=  306050KiB time=00:03:16.55 bitrate=12755.9kbits/s speed=   1x    
frame=11823 fps= 60 q=-0.0 size=  306866KiB time=00:03:17.05 bitrate=12757.4kbits/s speed=   1x    
frame=11853 fps= 60 q=-0.0 size=  307593KiB time=00:03:17.55 bitrate=12755.3kbits/s speed=   1x    
frame=11883 fps= 60 q=-0.0 size=  308407KiB time=00:03:18.05 bitrate=12756.7kbits/s speed=   1x    
frame=11913 fps= 60 q=-0.0 size=  309169KiB time=00:03:18.55 bitrate=12756.0kbits/s speed=   1x    
frame=11943 fps= 60 q=-0.0 size=  309914KiB time=00:03:19.05 bitrate=12754.7kbits/s speed=   1x    
frame=11973 fps= 60 q=-0.0 size=  310698KiB time=00:03:19.55 bitrate=12754.9kbits/s speed=   1x    
frame=12003 fps= 60 q=-0.0 size=  311471KiB time=00:03:20.05 bitrate=12754.7kbits/s speed=   1x    
frame=12033 fps= 60 q=-0.0 size=  312265KiB time=00:03:20.55 bitrate=12755.3kbits/s speed=   1x    
frame=12063 fps= 60 q=-0.0 size=  313048KiB time=00:03:21.05 bitrate=12755.5kbits/s speed=   1x    
frame=12093 fps= 60 q=-0.0 size=  313923KiB time=00:03:21.55 bitrate=12759.4kbits/s speed=   1x    
frame=12123 fps= 60 q=-0.0 size=  314633KiB time=00:03:22.05 bitrate=12756.6kbits/s speed=   1x    
frame=12153 fps= 60 q=-0.0 size=  315432KiB time=00:03:22.55 bitrate=12757.4kbits/s speed=   1x    
frame=12183 fps= 60 q=-0.0 size=  316187KiB time=00:03:23.05 bitrate=12756.5kbits/s speed=   1x    
frame=12213 fps= 60 q=-0.0 size=  316968KiB time=00:03:23.55 bitrate=12756.6kbits/s speed=   1x    
frame=12243 fps= 60 q=-0.0 size=  317737KiB time=00:03:24.05 bitrate=12756.2kbits/s speed=   1x    
frame=12273 fps= 60 q=-0.0 size=  318506KiB time=00:03:24.55 bitrate=12755.8kbits/s speed=   1x    
frame=12303 fps= 60 q=-0.0 size=  319270KiB time=00:03:25.05 bitrate=12755.2kbits/s speed=   1x    
frame=12333 fps= 60 q=-0.0 size=  320015KiB time=00:03:25.55 bitrate=12753.9kbits/s speed=   1x    
frame=12363 fps= 60 q=-0.0 size=  320808KiB time=00:03:26.05 bitrate=12754.5kbits/s speed=   1x    
frame=12393 fps= 60 q=-0.0 size=  321609KiB time=00:03:26.55 bitrate=12755.4kbits/s speed=   1x    
frame=12423 fps= 60 q=-0.0 size=  322378KiB time=00:03:27.05 bitrate=12755.0kbits/s speed=   1x    
frame=12453 fps= 60 q=-0.0 size=  323173KiB time=00:03:27.55 bitrate=12755.7kbits/s speed=   1x    
frame=12483 fps= 60 q=-0.0 size=  323963KiB time=00:03:28.05 bitrate=12756.1kbits/s speed=   1x    
frame=12513 fps= 60 q=-0.0 size=  324747KiB time=00:03:28.55 bitrate=12756.3kbits/s speed=   1x    
frame=12543 fps= 60 q=-0.0 size=  325526KiB time=00:03:29.05 bitrate=12756.3kbits/s speed=   1x    
frame=12573 fps= 60 q=-0.0 size=  326305KiB time=00:03:29.55 bitrate=12756.4kbits/s speed=   1x    
frame=12603 fps= 60 q=-0.0 size=  327108KiB time=00:03:30.05 bitrate=12757.3kbits/s speed=   1x    
frame=12633 fps= 60 q=-0.0 size=  327883KiB time=00:03:30.55 bitrate=12757.2kbits/s speed=   1x    
frame=12663 fps= 60 q=-0.0 size=  328665KiB time=00:03:31.05 bitrate=12757.3kbits/s speed=   1x    
frame=12693 fps= 60 q=-0.0 size=  329445KiB time=00:03:31.55 bitrate=12757.3kbits/s speed=   1x    
frame=12723 fps= 60 q=-0.0 size=  330243KiB time=00:03:32.05 bitrate=12758.1kbits/s speed=   1x    
frame=12753 fps= 60 q=-0.0 size=  330985KiB time=00:03:32.55 bitrate=12756.6kbits/s speed=   1x    
frame=12783 fps= 60 q=-0.0 size=  331776KiB time=00:03:33.05 bitrate=12757.1kbits/s speed=   1x    
frame=12813 fps= 60 q=-0.0 size=  332546KiB time=00:03:33.55 bitrate=12756.8kbits/s speed=   1x    
frame=12843 fps= 60 q=-0.0 size=  333324KiB time=00:03:34.05 bitrate=12756.8kbits/s speed=   1x    
frame=12873 fps= 60 q=-0.0 size=  334115KiB time=00:03:34.55 bitrate=12757.3kbits/s speed=   1x    
frame=12903 fps= 60 q=-0.0 size=  334870KiB time=00:03:35.05 bitrate=12756.4kbits/s speed=   1x    
frame=12933 fps= 60 q=-0.0 size=  335675KiB time=00:03:35.55 bitrate=12757.4kbits/s speed=   1x    
frame=12963 fps= 60 q=-0.0 size=  336445KiB time=00:03:36.05 bitrate=12757.0kbits/s speed=   1x    
frame=12993 fps= 60 q=-0.0 size=  337217KiB time=00:03:36.55 bitrate=12756.8kbits/s speed=   1x    
frame=13023 fps= 60 q=-0.0 size=  338033KiB time=00:03:37.05 bitrate=12758.2kbits/s speed=   1x    
frame=13053 fps= 60 q=-0.0 size=  338778KiB time=00:03:37.55 bitrate=12756.9kbits/s speed=   1x    
frame=13083 fps= 60 q=-0.0 size=  339561KiB time=00:03:38.05 bitrate=12757.1kbits/s speed=   1x    
frame=13113 fps= 60 q=-0.0 size=  340348KiB time=00:03:38.55 bitrate=12757.4kbits/s speed=   1x    
frame=13143 fps= 60 q=-0.0 size=  341130KiB time=00:03:39.05 bitrate=12757.5kbits/s speed=   1x    
frame=13173 fps= 60 q=-0.0 size=  341912KiB time=00:03:39.55 bitrate=12757.7kbits/s speed=   1x    
frame=13203 fps= 60 q=-0.0 size=  342666KiB time=00:03:40.05 bitrate=12756.7kbits/s speed=   1x    
frame=13233 fps= 60 q=-0.0 size=  343474KiB time=00:03:40.55 bitrate=12757.8kbits/s speed=   1x    
frame=13263 fps= 60 q=-0.0 size=  344250KiB time=00:03:41.05 bitrate=12757.7kbits/s speed=   1x    
frame=13293 fps= 60 q=-0.0 size=  345012KiB time=00:03:41.55 bitrate=12757.1kbits/s speed=   1x    
frame=13323 fps= 60 q=-0.0 size=  345799KiB time=00:03:42.05 bitrate=12757.4kbits/s speed=   1x    
frame=13353 fps= 60 q=-0.0 size=  346576KiB time=00:03:42.55 bitrate=12757.4kbits/s speed=   1x    
frame=13383 fps= 60 q=-0.0 size=  347342KiB time=00:03:43.05 bitrate=12756.9kbits/s speed=   1x    
frame=13413 fps= 60 q=-0.0 size=  348108KiB time=00:03:43.55 bitrate=12756.4kbits/s speed=   1x    
frame=13443 fps= 60 q=-0.0 size=  348914KiB time=00:03:44.05 bitrate=12757.4kbits/s speed=   1x    
frame=13473 fps= 60 q=-0.0 size=  349678KiB time=00:03:44.55 bitrate=12756.9kbits/s speed=   1x    
frame=13503 fps= 60 q=-0.0 size=  350479KiB time=00:03:45.05 bitrate=12757.7kbits/s speed=   1x    
frame=13533 fps= 60 q=-0.0 size=  351270KiB time=00:03:45.55 bitrate=12758.2kbits/s speed=   1x    
frame=13563 fps= 60 q=-0.0 size=  352027KiB time=00:03:46.05 bitrate=12757.4kbits/s speed=   1x    
frame=13593 fps= 60 q=-0.0 size=  352810KiB time=00:03:46.55 bitrate=12757.5kbits/s speed=   1x    
frame=13623 fps= 60 q=-0.0 size=  353602KiB time=00:03:47.05 bitrate=12758.0kbits/s speed=   1x    
frame=13653 fps= 60 q=-0.0 size=  354325KiB time=00:03:47.55 bitrate=12756.0kbits/s speed=   1x    
frame=13683 fps= 60 q=-0.0 size=  355109KiB time=00:03:48.05 bitrate=12756.2kbits/s speed=   1x    
frame=13713 fps= 60 q=-0.0 size=  355902KiB time=00:03:48.55 bitrate=12756.7kbits/s speed=   1x    
frame=13743 fps= 60 q=-0.0 size=  356691KiB time=00:03:49.05 bitrate=12757.1kbits/s speed=   1x    
frame=13773 fps= 60 q=-0.0 size=  357474KiB time=00:03:49.55 bitrate=12757.3kbits/s speed=   1x    
frame=13803 fps= 60 q=-0.0 size=  358221KiB time=00:03:50.05 bitrate=12756.1kbits/s speed=   1x    
frame=13834 fps= 60 q=-0.0 size=  359012KiB time=00:03:50.56 bitrate=12755.6kbits/s speed=   1x    
frame=13863 fps= 60 q=-0.0 size=  359794KiB time=00:03:51.05 bitrate=12756.7kbits/s speed=   1x    
frame=13894 fps= 60 q=-0.0 size=  360580KiB time=00:03:51.56 bitrate=12756.0kbits/s speed=   1x    
frame=13923 fps= 60 q=-0.0 size=  361393KiB time=00:03:52.05 bitrate=12758.1kbits/s speed=   1x    
frame=13954 fps= 60 q=-0.0 size=  362164KiB time=00:03:52.56 bitrate=12757.0kbits/s speed=   1x    
frame=13984 fps= 60 q=-0.0 size=  362936KiB time=00:03:53.06 bitrate=12756.7kbits/s speed=   1x    
frame=14014 fps= 60 q=-0.0 size=  363716KiB time=00:03:53.56 bitrate=12756.8kbits/s speed=   1x    
frame=14044 fps= 60 q=-0.0 size=  364474KiB time=00:03:54.06 bitrate=12756.1kbits/s speed=   1x    
frame=14074 fps= 60 q=-0.0 size=  365264KiB time=00:03:54.56 bitrate=12756.5kbits/s speed=   1x    
frame=14104 fps= 60 q=-0.0 size=  366053KiB time=00:03:55.06 bitrate=12756.8kbits/s speed=   1x    
frame=14134 fps= 60 q=-0.0 size=  366841KiB time=00:03:55.56 bitrate=12757.2kbits/s speed=   1x    
frame=14164 fps= 60 q=-0.0 size=  367594KiB time=00:03:56.06 bitrate=12756.3kbits/s speed=   1x    
frame=14194 fps= 60 q=-0.0 size=  368402KiB time=00:03:56.56 bitrate=12757.3kbits/s speed=   1x    
frame=14224 fps= 60 q=-0.0 size=  369166KiB time=00:03:57.06 bitrate=12756.8kbits/s speed=   1x    
frame=14254 fps= 60 q=-0.0 size=  369940KiB time=00:03:57.56 bitrate=12756.6kbits/s speed=   1x    
frame=14284 fps= 60 q=-0.0 size=  370736KiB time=00:03:58.06 bitrate=12757.2kbits/s speed=   1x    
frame=14314 fps= 60 q=-0.0 size=  371569KiB time=00:03:58.56 bitrate=12759.1kbits/s speed=   1x    
frame=14344 fps= 60 q=-0.0 size=  372296KiB time=00:03:59.06 bitrate=12757.3kbits/s speed=   1x    
frame=14374 fps= 60 q=-0.0 size=  373056KiB time=00:03:59.56 bitrate=12756.7kbits/s speed=   1x    
frame=14404 fps= 60 q=-0.0 size=  373849KiB time=00:04:00.06 bitrate=12757.2kbits/s speed=   1x    
frame=14434 fps= 60 q=-0.0 size=  374617KiB time=00:04:00.56 bitrate=12756.8kbits/s speed=   1x    
frame=14464 fps= 60 q=-0.0 size=  375393KiB time=00:04:01.06 bitrate=12756.7kbits/s speed=   1x    
frame=14494 fps= 60 q=-0.0 size=  376188KiB time=00:04:01.56 bitrate=12757.3kbits/s speed=   1x    
frame=14524 fps= 60 q=-0.0 size=  376983KiB time=00:04:02.06 bitrate=12757.8kbits/s speed=   1x    
frame=14554 fps= 60 q=-0.0 size=  377724KiB time=00:04:02.56 bitrate=12756.5kbits/s speed=   1x    
frame=14584 fps= 60 q=-0.0 size=  378522KiB time=00:04:03.06 bitrate=12757.2kbits/s speed=   1x    
frame=14614 fps= 60 q=-0.0 size=  379226KiB time=00:04:03.56 bitrate=12754.7kbits/s speed=   1x    
frame=14644 fps= 60 q=-0.0 size=  380100KiB time=00:04:04.06 bitrate=12757.9kbits/s speed=   1x    
frame=14674 fps= 60 q=-0.0 size=  380850KiB time=00:04:04.56 bitrate=12757.0kbits/s speed=   1x    
frame=14704 fps= 60 q=-0.0 size=  381635KiB time=00:04:05.06 bitrate=12757.1kbits/s speed=   1x    
frame=14734 fps= 60 q=-0.0 size=  382466KiB time=00:04:05.56 bitrate=12758.9kbits/s speed=   1x    
frame=14764 fps= 60 q=-0.0 size=  383201KiB time=00:04:06.06 bitrate=12757.5kbits/s speed=   1x    
frame=14794 fps= 60 q=-0.0 size=  383980KiB time=00:04:06.56 bitrate=12757.5kbits/s speed=   1x    
frame=14824 fps= 60 q=-0.0 size=  384765KiB time=00:04:07.06 bitrate=12757.7kbits/s speed=   1x    
frame=14854 fps= 60 q=-0.0 size=  385404KiB time=00:04:07.56 bitrate=12753.1kbits/s speed=   1x    
frame=14884 fps= 60 q=-0.0 size=  386101KiB time=00:04:08.06 bitrate=12750.4kbits/s speed=   1x    
frame=14914 fps= 60 q=-0.0 size=  386923KiB time=00:04:08.56 bitrate=12751.8kbits/s speed=   1x    
frame=14944 fps= 60 q=-0.0 size=  387706KiB time=00:04:09.06 bitrate=12752.0kbits/s speed=   1x    
frame=14974 fps= 60 q=-0.0 size=  388380KiB time=00:04:09.56 bitrate=12748.5kbits/s speed=   1x    
frame=15004 fps= 60 q=-0.0 size=  389142KiB time=00:04:10.06 bitrate=12748.0kbits/s speed=   1x    
frame=15034 fps= 60 q=-0.0 size=  389931KiB time=00:04:10.56 bitrate=12748.4kbits/s speed=   1x    
frame=15064 fps= 60 q=-0.0 size=  390702KiB time=00:04:11.06 bitrate=12748.1kbits/s speed=   1x    
frame=15094 fps= 60 q=-0.0 size=  391516KiB time=00:04:11.56 bitrate=12749.3kbits/s speed=   1x    
frame=15124 fps= 60 q=-0.0 size=  392259KiB time=00:04:12.06 bitrate=12748.2kbits/s speed=   1x    
frame=15154 fps= 60 q=-0.0 size=  393072KiB time=00:04:12.56 bitrate=12749.3kbits/s speed=   1x    
frame=15184 fps= 60 q=-0.0 size=  393823KiB time=00:04:13.06 bitrate=12748.4kbits/s speed=   1x    
frame=15214 fps= 60 q=-0.0 size=  394596KiB time=00:04:13.56 bitrate=12748.3kbits/s speed=   1x    
frame=15244 fps= 60 q=-0.0 size=  395375KiB time=00:04:14.06 bitrate=12748.3kbits/s speed=   1x    
frame=15274 fps= 60 q=-0.0 size=  396256KiB time=00:04:14.56 bitrate=12751.6kbits/s speed=   1x    
frame=15304 fps= 60 q=-0.0 size=  396915KiB time=00:04:15.06 bitrate=12747.8kbits/s speed=   1x    
frame=15334 fps= 60 q=-0.0 size=  397694KiB time=00:04:15.56 bitrate=12747.8kbits/s speed=   1x    
frame=15364 fps= 60 q=-0.0 size=  398786KiB time=00:04:16.06 bitrate=12757.8kbits/s speed=   1x    
frame=15394 fps= 60 q=-0.0 size=  399411KiB time=00:04:16.56 bitrate=12752.9kbits/s speed=   1x    
frame=15424 fps= 60 q=-0.0 size=  400136KiB time=00:04:17.06 bitrate=12751.2kbits/s speed=   1x    
frame=15454 fps= 60 q=-0.0 size=  400851KiB time=00:04:17.56 bitrate=12749.2kbits/s speed=   1x    
frame=15484 fps= 60 q=-0.0 size=  401647KiB time=00:04:18.06 bitrate=12749.8kbits/s speed=   1x    
frame=15514 fps= 60 q=-0.0 size=  402438KiB time=00:04:18.56 bitrate=12750.2kbits/s speed=   1x    
frame=15544 fps= 60 q=-0.0 size=  403216KiB time=00:04:19.06 bitrate=12750.2kbits/s speed=   1x    
frame=15574 fps= 60 q=-0.0 size=  403984KiB time=00:04:19.56 bitrate=12749.9kbits/s speed=   1x    
frame=15604 fps= 60 q=-0.0 size=  404774KiB time=00:04:20.06 bitrate=12750.2kbits/s speed=   1x    
frame=15634 fps= 60 q=-0.0 size=  405514KiB time=00:04:20.56 bitrate=12749.0kbits/s speed=   1x    
frame=15664 fps= 60 q=-0.0 size=  406339KiB time=00:04:21.06 bitrate=12750.5kbits/s speed=   1x    
frame=15694 fps= 60 q=-0.0 size=  407116KiB time=00:04:21.56 bitrate=12750.5kbits/s speed=   1x    
frame=15724 fps= 60 q=-0.0 size=  407896KiB time=00:04:22.06 bitrate=12750.5kbits/s speed=   1x    
frame=15754 fps= 60 q=-0.0 size=  408676KiB time=00:04:22.56 bitrate=12750.6kbits/s speed=   1x    
frame=15784 fps= 60 q=-0.0 size=  409544KiB time=00:04:23.06 bitrate=12753.3kbits/s speed=   1x    
frame=15814 fps= 60 q=-0.0 size=  410327KiB time=00:04:23.56 bitrate=12753.5kbits/s speed=   1x    
frame=15844 fps= 60 q=-0.0 size=  411112KiB time=00:04:24.06 bitrate=12753.7kbits/s speed=   1x    
frame=15874 fps= 60 q=-0.0 size=  411870KiB time=00:04:24.56 bitrate=12753.1kbits/s speed=   1x    
frame=15904 fps= 60 q=-0.0 size=  412676KiB time=00:04:25.06 bitrate=12753.9kbits/s speed=   1x    
frame=15934 fps= 60 q=-0.0 size=  413473KiB time=00:04:25.56 bitrate=12754.5kbits/s speed=   1x    
frame=15964 fps= 60 q=-0.0 size=  414259KiB time=00:04:26.06 bitrate=12754.7kbits/s speed=   1x    
frame=15994 fps= 60 q=-0.0 size=  415049KiB time=00:04:26.56 bitrate=12755.1kbits/s speed=   1x    
frame=16024 fps= 60 q=-0.0 size=  415846KiB time=00:04:27.06 bitrate=12755.7kbits/s speed=   1x    
frame=16054 fps= 60 q=-0.0 size=  416627KiB time=00:04:27.56 bitrate=12755.7kbits/s speed=   1x    
frame=16084 fps= 60 q=-0.0 size=  417414KiB time=00:04:28.06 bitrate=12756.0kbits/s speed=   1x    
frame=16114 fps= 60 q=-0.0 size=  418208KiB time=00:04:28.56 bitrate=12756.4kbits/s speed=   1x    
frame=16144 fps= 60 q=-0.0 size=  418980KiB time=00:04:29.06 bitrate=12756.3kbits/s speed=   1x    
frame=16174 fps= 60 q=-0.0 size=  419773KiB time=00:04:29.56 bitrate=12756.7kbits/s speed=   1x    
frame=16204 fps= 60 q=-0.0 size=  420519KiB time=00:04:30.06 bitrate=12755.7kbits/s speed=   1x    
frame=16234 fps= 60 q=-0.0 size=  421289KiB time=00:04:30.56 bitrate=12755.5kbits/s speed=   1x    
frame=16264 fps= 60 q=-0.0 size=  422085KiB time=00:04:31.06 bitrate=12756.0kbits/s speed=   1x    
frame=16294 fps= 60 q=-0.0 size=  422867KiB time=00:04:31.56 bitrate=12756.1kbits/s speed=   1x    
frame=16324 fps= 60 q=-0.0 size=  423654KiB time=00:04:32.06 bitrate=12756.3kbits/s speed=   1x    
frame=16354 fps= 60 q=-0.0 size=  424434KiB time=00:04:32.56 bitrate=12756.4kbits/s speed=   1x    
frame=16384 fps= 60 q=-0.0 size=  425230KiB time=00:04:33.06 bitrate=12756.9kbits/s speed=   1x    
frame=16414 fps= 60 q=-0.0 size=  425987KiB time=00:04:33.56 bitrate=12756.3kbits/s speed=   1x    
frame=16444 fps= 60 q=-0.0 size=  426775KiB time=00:04:34.06 bitrate=12756.5kbits/s speed=   1x    
frame=16474 fps= 60 q=-0.0 size=  427550KiB time=00:04:34.56 bitrate=12756.4kbits/s speed=   1x    
frame=16504 fps= 60 q=-0.0 size=  428345KiB time=00:04:35.06 bitrate=12756.9kbits/s speed=   1x    
frame=16534 fps= 60 q=-0.0 size=  429134KiB time=00:04:35.56 bitrate=12757.2kbits/s speed=   1x    
frame=16564 fps= 60 q=-0.0 size=  429900KiB time=00:04:36.06 bitrate=12756.9kbits/s speed=   1x    
frame=16594 fps= 60 q=-0.0 size=  430676KiB time=00:04:36.56 bitrate=12756.8kbits/s speed=   1x    
frame=16624 fps= 60 q=-0.0 size=  431439KiB time=00:04:37.06 bitrate=12756.3kbits/s speed=   1x    
frame=16654 fps= 60 q=-0.0 size=  432206KiB time=00:04:37.56 bitrate=12756.0kbits/s speed=   1x    
frame=16684 fps= 60 q=-0.0 size=  432956KiB time=00:04:38.06 bitrate=12755.1kbits/s speed=   1x    
frame=16714 fps= 60 q=-0.0 size=  433758KiB time=00:04:38.56 bitrate=12755.8kbits/s speed=   1x    
frame=16744 fps= 60 q=-0.0 size=  434540KiB time=00:04:39.06 bitrate=12755.9kbits/s speed=   1x    
frame=16774 fps= 60 q=-0.0 size=  435292KiB time=00:04:39.56 bitrate=12755.2kbits/s speed=   1x    
frame=16804 fps= 60 q=-0.0 size=  436092KiB time=00:04:40.06 bitrate=12755.8kbits/s speed=   1x    
frame=16834 fps= 60 q=-0.0 size=  436890KiB time=00:04:40.56 bitrate=12756.3kbits/s speed=   1x    
frame=16864 fps= 60 q=-0.0 size=  437664KiB time=00:04:41.06 bitrate=12756.2kbits/s speed=   1x    
frame=16894 fps= 60 q=-0.0 size=  438430KiB time=00:04:41.56 bitrate=12755.8kbits/s speed=   1x    
frame=16924 fps= 60 q=-0.0 size=  439185KiB time=00:04:42.06 bitrate=12755.2kbits/s speed=   1x    
frame=16954 fps= 60 q=-0.0 size=  439983KiB time=00:04:42.56 bitrate=12755.7kbits/s speed=   1x    
frame=16984 fps= 60 q=-0.0 size=  440758KiB time=00:04:43.06 bitrate=12755.6kbits/s speed=   1x    
frame=17014 fps= 60 q=-0.0 size=  441553KiB time=00:04:43.56 bitrate=12756.1kbits/s speed=   1x    
frame=17044 fps= 60 q=-0.0 size=  442323KiB time=00:04:44.06 bitrate=12755.8kbits/s speed=   1x    
frame=17074 fps= 60 q=-0.0 size=  443104KiB time=00:04:44.56 bitrate=12755.9kbits/s speed=   1x    
frame=17104 fps= 60 q=-0.0 size=  443905KiB time=00:04:45.06 bitrate=12756.6kbits/s speed=   1x    
frame=17134 fps= 60 q=-0.0 size=  444700KiB time=00:04:45.56 bitrate=12757.0kbits/s speed=   1x    
frame=17164 fps= 60 q=-0.0 size=  445481KiB time=00:04:46.06 bitrate=12757.1kbits/s speed=   1x    
frame=17194 fps= 60 q=-0.0 size=  446236KiB time=00:04:46.56 bitrate=12756.4kbits/s speed=   1x    
frame=17224 fps= 60 q=-0.0 size=  446995KiB time=00:04:47.06 bitrate=12755.9kbits/s speed=   1x    
frame=17254 fps= 60 q=-0.0 size=  447784KiB time=00:04:47.56 bitrate=12756.1kbits/s speed=   1x    
frame=17284 fps= 60 q=-0.0 size=  448578KiB time=00:04:48.06 bitrate=12756.6kbits/s speed=   1x    
frame=17314 fps= 60 q=-0.0 size=  449321KiB time=00:04:48.56 bitrate=12755.6kbits/s speed=   1x    
frame=17344 fps= 60 q=-0.0 size=  450072KiB time=00:04:49.06 bitrate=12754.8kbits/s speed=   1x    
frame=17374 fps= 60 q=-0.0 size=  450868KiB time=00:04:49.56 bitrate=12755.3kbits/s speed=   1x    
frame=17404 fps= 60 q=-0.0 size=  451650KiB time=00:04:50.06 bitrate=12755.4kbits/s speed=   1x    
frame=17434 fps= 60 q=-0.0 size=  452405KiB time=00:04:50.56 bitrate=12754.7kbits/s speed=   1x    
frame=17464 fps= 60 q=-0.0 size=  453193KiB time=00:04:51.06 bitrate=12755.0kbits/s speed=   1x    
frame=17494 fps= 60 q=-0.0 size=  453980KiB time=00:04:51.56 bitrate=12755.2kbits/s speed=   1x    
frame=17524 fps= 60 q=-0.0 size=  454764KiB time=00:04:52.06 bitrate=12755.4kbits/s speed=   1x    
frame=17554 fps= 60 q=-0.0 size=  455546KiB time=00:04:52.56 bitrate=12755.5kbits/s speed=   1x    
frame=17584 fps= 60 q=-0.0 size=  456339KiB time=00:04:53.06 bitrate=12755.9kbits/s speed=   1x    
frame=17614 fps= 60 q=-0.0 size=  457060KiB time=00:04:53.56 bitrate=12754.3kbits/s speed=   1x    
frame=17644 fps= 60 q=-0.0 size=  457756KiB time=00:04:54.06 bitrate=12752.0kbits/s speed=   1x    
frame=17674 fps= 60 q=-0.0 size=  458473KiB time=00:04:54.56 bitrate=12750.3kbits/s speed=   1x    
frame=17704 fps= 60 q=-0.0 size=  459302KiB time=00:04:55.06 bitrate=12751.7kbits/s speed=   1x    
frame=17734 fps= 60 q=-0.0 size=  460005KiB time=00:04:55.56 bitrate=12749.6kbits/s speed=   1x    
frame=17764 fps= 60 q=-0.0 size=  460784KiB time=00:04:56.06 bitrate=12749.6kbits/s speed=   1x    
frame=17794 fps= 60 q=-0.0 size=  461563KiB time=00:04:56.56 bitrate=12749.7kbits/s speed=   1x    
frame=17824 fps= 60 q=-0.0 size=  462797KiB time=00:04:57.06 bitrate=12762.2kbits/s speed=   1x    
frame=17855 fps= 60 q=-0.0 size=  463385KiB time=00:04:57.58 bitrate=12756.3kbits/s speed=   1x    
frame=17884 fps= 60 q=-0.0 size=  464143KiB time=00:04:58.06 bitrate=12756.4kbits/s speed=   1x    
frame=17914 fps= 60 q=-0.0 size=  464886KiB time=00:04:58.56 bitrate=12755.4kbits/s speed=   1x    
frame=17944 fps= 60 q=-0.0 size=  465648KiB time=00:04:59.06 bitrate=12755.0kbits/s speed=   1x    
frame=17974 fps= 60 q=-0.0 size=  466398KiB time=00:04:59.56 bitrate=12754.2kbits/s speed=   1x    
frame=18004 fps= 60 q=-0.0 size=  467230KiB time=00:05:00.06 bitrate=12755.7kbits/s speed=   1x    
frame=18035 fps= 60 q=-0.0 size=  468002KiB time=00:05:00.58 bitrate=12754.8kbits/s speed=   1x    
frame=18065 fps= 60 q=-0.0 size=  468741KiB time=00:05:01.08 bitrate=12753.7kbits/s speed=   1x    
frame=18095 fps= 60 q=-0.0 size=  469526KiB time=00:05:01.58 bitrate=12753.9kbits/s speed=   1x    
frame=18125 fps= 60 q=-0.0 size=  470297KiB time=00:05:02.08 bitrate=12753.7kbits/s speed=   1x    
frame=18155 fps= 60 q=-0.0 size=  471073KiB time=00:05:02.58 bitrate=12753.6kbits/s speed=   1x    
frame=18185 fps= 60 q=-0.0 size=  471859KiB time=00:05:03.08 bitrate=12753.8kbits/s speed=   1x    
frame=18215 fps= 60 q=-0.0 size=  472648KiB time=00:05:03.58 bitrate=12754.1kbits/s speed=   1x    
frame=18245 fps= 60 q=-0.0 size=  473455KiB time=00:05:04.08 bitrate=12754.9kbits/s speed=   1x    
frame=18275 fps= 60 q=-0.0 size=  474051KiB time=00:05:04.58 bitrate=12750.0kbits/s speed=   1x    
frame=18305 fps= 60 q=-0.0 size=  474830KiB time=00:05:05.08 bitrate=12750.0kbits/s speed=   1x    
frame=18335 fps= 60 q=-0.0 size=  475608KiB time=00:05:05.58 bitrate=12750.0kbits/s speed=   1x    
frame=18365 fps= 60 q=-0.0 size=  476387KiB time=00:05:06.08 bitrate=12750.0kbits/s speed=   1x    
frame=18395 fps= 60 q=-0.0 size=  477166KiB time=00:05:06.58 bitrate=12750.0kbits/s speed=   1x    
frame=18425 fps= 60 q=-0.0 size=  477945KiB time=00:05:07.08 bitrate=12750.0kbits/s speed=   1x    
frame=18455 fps= 60 q=-0.0 size=  478724KiB time=00:05:07.58 bitrate=12750.1kbits/s speed=   1x    
frame=18485 fps= 60 q=-0.0 size=  479503KiB time=00:05:08.08 bitrate=12750.1kbits/s speed=   1x    
frame=18515 fps= 60 q=-0.0 size=  480282KiB time=00:05:08.58 bitrate=12750.1kbits/s speed=   1x    
frame=18545 fps= 60 q=-0.0 size=  481061KiB time=00:05:09.08 bitrate=12750.1kbits/s speed=   1x    
frame=18575 fps= 60 q=-0.0 size=  481955KiB time=00:05:09.58 bitrate=12753.2kbits/s speed=   1x    
frame=18605 fps= 60 q=-0.0 size=  482661KiB time=00:05:10.08 bitrate=12751.3kbits/s speed=   1x    
frame=18635 fps= 60 q=-0.0 size=  483500KiB time=00:05:10.58 bitrate=12752.9kbits/s speed=   1x    
frame=18665 fps= 60 q=-0.0 size=  484252KiB time=00:05:11.08 bitrate=12752.2kbits/s speed=   1x    
frame=18695 fps= 60 q=-0.0 size=  485102KiB time=00:05:11.58 bitrate=12754.1kbits/s speed=   1x    
frame=18725 fps= 60 q=-0.0 size=  485824KiB time=00:05:12.08 bitrate=12752.6kbits/s speed=   1x    
frame=18755 fps= 60 q=-0.0 size=  486666KiB time=00:05:12.58 bitrate=12754.3kbits/s speed=   1x    
frame=18785 fps= 60 q=-0.0 size=  487417KiB time=00:05:13.08 bitrate=12753.5kbits/s speed=   1x    
frame=18815 fps= 60 q=-0.0 size=  488225KiB time=00:05:13.58 bitrate=12754.3kbits/s speed=   1x    
frame=18845 fps= 60 q=-0.0 size=  488932KiB time=00:05:14.08 bitrate=12752.4kbits/s speed=   1x    
[out#0/rtp @ 0x55ce6764c2c0] video:483854KiB audio:0KiB subtitle:0KiB other streams:0KiB global headers:0KiB muxing overhead: 1.216771%
frame=18876 fps= 60 q=-0.0 Lsize=  489742KiB time=00:05:14.60 bitrate=12752.6kbits/s speed=   1x    
Exiting normally, received signal 15.
