
========================================================================
Starting PrivyHub Linux native-video backend v0.7
Profile: native_game_1080p60_c3_80pct_cap90 1920x1080@60, 12600/12600 kbps H.264 VAAPI, GOP=15, BF=0
Capture backend: exact X11 window via x11grab
Capture: managed RetroArch window (pid=1422014, window_id=60817410, discovered=1920x1080)
Window title: RetroArch Beetle PSX HW <ipv4> 82d8e05 || FPS:  61.07 || Frames: 512
Video FEC: XOR 8+1; FFmpeg RTP -> loopback relay -> onn; encoder=12600 kbps
========================================================================
encoder argv: /usr/bin/ffmpeg -hide_banner -loglevel info -nostdin -vaapi_device /dev/dri/renderD128 -f x11grab -framerate 60 -window_id 60817410 -i :0 -vf scale=1920:1080:force_original_aspect_ratio=decrease:flags=fast_bilinear,pad=1920:1080:(ow-iw)/2:(oh-ih)/2:black,format=nv12,hwupload -an -c:v h264_vaapi -profile:v high -b:v 12600k -maxrate 12600k -bufsize 12600k -max_frame_size 90000 -g 15 -bf 0 -payload_type 96 -f rtp rtp://<ipv4>:48110?pkt_size=1200
[x11grab @ 0x55aa5e281cc0] Stream #0: not enough frames to estimate rate; consider increasing probesize
Input #0, x11grab, from ':0':
  Duration: N/A, start: 1790874547.322617, bitrate: 3981312 kb/s
  Stream #0:0: Video: rawvideo (BGR[0] / 0x524742), bgr0, 1920x1080, 3981312 kb/s, 60 fps, 1000k tbr, 1000k tbn
Stream mapping:
  Stream #0:0 -> #0:0 (rawvideo (native) -> h264 (h264_vaapi))
Output #0, rtp, to 'rtp://<ipv4>:48110?pkt_size=1200':
  Metadata:
    encoder         : Lavf61.7.103
  Stream #0:0: Video: h264 (High), vaapi(tv, progressive), 1920x1080, q=2-31, 12600 kb/s, 60 fps, 90k tbn
      Metadata:
        encoder         : Lavc61.19.101 h264_vaapi
SDP:
v=0
o=- 0 0 IN IP4 <ipv4>
s=No Name
c=IN IP4 <ipv4>
t=0 0
a=tool:libavformat 61.7.103
m=video 48110 RTP/AVP 96
b=AS:12600
a=rtpmap:96 H264/90000
a=fmtp:96 packetization-mode=1

frame=   30 fps=0.0 q=-0.0 size=     364KiB time=00:00:00.50 bitrate=5965.2kbits/s speed=   1x    
frame=   60 fps= 60 q=-0.0 size=    1143KiB time=00:00:01.00 bitrate=9364.4kbits/s speed=   1x    
frame=   90 fps= 60 q=-0.0 size=    1922KiB time=00:00:01.50 bitrate=10497.5kbits/s speed=   1x    
frame=  120 fps= 60 q=-0.0 size=    2701KiB time=00:00:02.00 bitrate=11064.0kbits/s speed=   1x    
frame=  150 fps= 60 q=-0.0 size=    3480KiB time=00:00:02.50 bitrate=11403.9kbits/s speed=   1x    
frame=  180 fps= 60 q=-0.0 size=    4259KiB time=00:00:03.00 bitrate=11630.6kbits/s speed=   1x    
frame=  210 fps= 60 q=-0.0 size=    5038KiB time=00:00:03.50 bitrate=11792.4kbits/s speed=   1x    
frame=  240 fps= 60 q=-0.0 size=    5817KiB time=00:00:04.00 bitrate=11913.8kbits/s speed=   1x    
frame=  270 fps= 60 q=-0.0 size=    6596KiB time=00:00:04.50 bitrate=12008.2kbits/s speed=   1x    
frame=  300 fps= 60 q=-0.0 size=    7375KiB time=00:00:05.00 bitrate=12083.8kbits/s speed=   1x    
frame=  330 fps= 60 q=-0.0 size=    8154KiB time=00:00:05.50 bitrate=12145.6kbits/s speed=   1x    
frame=  360 fps= 60 q=-0.0 size=    8933KiB time=00:00:06.00 bitrate=12197.1kbits/s speed=   1x    
frame=  390 fps= 60 q=-0.0 size=    9712KiB time=00:00:06.50 bitrate=12240.7kbits/s speed=   1x    
frame=  420 fps= 60 q=-0.0 size=   10491KiB time=00:00:07.00 bitrate=12278.0kbits/s speed=   1x    
frame=  450 fps= 60 q=-0.0 size=   11271KiB time=00:00:07.50 bitrate=12310.4kbits/s speed=   1x    
frame=  480 fps= 60 q=-0.0 size=   12050KiB time=00:00:08.00 bitrate=12338.7kbits/s speed=   1x    
frame=  510 fps= 60 q=-0.0 size=   12828KiB time=00:00:08.50 bitrate=12363.6kbits/s speed=   1x    
frame=  540 fps= 60 q=-0.0 size=   13607KiB time=00:00:09.00 bitrate=12385.8kbits/s speed=   1x    
frame=  570 fps= 60 q=-0.0 size=   14386KiB time=00:00:09.50 bitrate=12405.6kbits/s speed=   1x    
frame=  600 fps= 60 q=-0.0 size=   15165KiB time=00:00:10.00 bitrate=12423.4kbits/s speed=   1x    
frame=  630 fps= 60 q=-0.0 size=   15944KiB time=00:00:10.50 bitrate=12439.5kbits/s speed=   1x    
frame=  660 fps= 60 q=-0.0 size=   16723KiB time=00:00:11.00 bitrate=12454.2kbits/s speed=   1x    
frame=  690 fps= 60 q=-0.0 size=   17502KiB time=00:00:11.50 bitrate=12467.6kbits/s speed=   1x    
frame=  720 fps= 60 q=-0.0 size=   18281KiB time=00:00:12.00 bitrate=12479.7kbits/s speed=   1x    
frame=  750 fps= 60 q=-0.0 size=   19059KiB time=00:00:12.50 bitrate=12490.8kbits/s speed=   1x    
frame=  780 fps= 60 q=-0.0 size=   19838KiB time=00:00:13.00 bitrate=12501.2kbits/s speed=   1x    
frame=  810 fps= 60 q=-0.0 size=   20617KiB time=00:00:13.50 bitrate=12510.9kbits/s speed=   1x    
frame=  840 fps= 60 q=-0.0 size=   21396KiB time=00:00:14.00 bitrate=12520.0kbits/s speed=   1x    
frame=  870 fps= 60 q=-0.0 size=   22175KiB time=00:00:14.50 bitrate=12528.4kbits/s speed=   1x    
frame=  900 fps= 60 q=-0.0 size=   22954KiB time=00:00:15.00 bitrate=12536.2kbits/s speed=   1x    
frame=  930 fps= 60 q=-0.0 size=   23734KiB time=00:00:15.50 bitrate=12543.6kbits/s speed=   1x    
frame=  960 fps= 60 q=-0.0 size=   24513KiB time=00:00:16.00 bitrate=12550.4kbits/s speed=   1x    
frame=  990 fps= 60 q=-0.0 size=   25292KiB time=00:00:16.50 bitrate=12556.9kbits/s speed=   1x    
frame= 1020 fps= 60 q=-0.0 size=   26071KiB time=00:00:17.00 bitrate=12563.0kbits/s speed=   1x    
frame= 1050 fps= 60 q=-0.0 size=   26850KiB time=00:00:17.50 bitrate=12568.7kbits/s speed=   1x    
frame= 1080 fps= 60 q=-0.0 size=   27629KiB time=00:00:18.00 bitrate=12574.1kbits/s speed=   1x    
frame= 1110 fps= 60 q=-0.0 size=   28408KiB time=00:00:18.50 bitrate=12579.3kbits/s speed=   1x    
frame= 1140 fps= 60 q=-0.0 size=   29187KiB time=00:00:19.00 bitrate=12584.1kbits/s speed=   1x    
frame= 1170 fps= 60 q=-0.0 size=   29966KiB time=00:00:19.50 bitrate=12588.7kbits/s speed=   1x    
frame= 1200 fps= 60 q=-0.0 size=   30745KiB time=00:00:20.00 bitrate=12593.1kbits/s speed=   1x    
frame= 1230 fps= 60 q=-0.0 size=   31524KiB time=00:00:20.50 bitrate=12597.2kbits/s speed=   1x    
frame= 1260 fps= 60 q=-0.0 size=   32303KiB time=00:00:21.00 bitrate=12601.2kbits/s speed=   1x    
frame= 1290 fps= 60 q=-0.0 size=   33082KiB time=00:00:21.50 bitrate=12605.0kbits/s speed=   1x    
frame= 1320 fps= 60 q=-0.0 size=   33861KiB time=00:00:22.00 bitrate=12608.6kbits/s speed=   1x    
frame= 1350 fps= 60 q=-0.0 size=   34640KiB time=00:00:22.50 bitrate=12611.9kbits/s speed=   1x    
frame= 1380 fps= 60 q=-0.0 size=   35418KiB time=00:00:23.00 bitrate=12615.1kbits/s speed=   1x    
frame= 1410 fps= 60 q=-0.0 size=   36197KiB time=00:00:23.50 bitrate=12618.1kbits/s speed=   1x    
frame= 1440 fps= 60 q=-0.0 size=   36976KiB time=00:00:24.00 bitrate=12621.1kbits/s speed=   1x    
frame= 1470 fps= 60 q=-0.0 size=   37755KiB time=00:00:24.50 bitrate=12623.9kbits/s speed=   1x    
frame= 1500 fps= 60 q=-0.0 size=   38534KiB time=00:00:25.00 bitrate=12626.7kbits/s speed=   1x    
frame= 1530 fps= 60 q=-0.0 size=   39313KiB time=00:00:25.50 bitrate=12629.3kbits/s speed=   1x    
frame= 1560 fps= 60 q=-0.0 size=   40091KiB time=00:00:26.00 bitrate=12631.9kbits/s speed=   1x    
frame= 1590 fps= 60 q=-0.0 size=   40870KiB time=00:00:26.50 bitrate=12634.4kbits/s speed=   1x    
frame= 1620 fps= 60 q=-0.0 size=   41649KiB time=00:00:27.00 bitrate=12636.7kbits/s speed=   1x    
frame= 1650 fps= 60 q=-0.0 size=   42428KiB time=00:00:27.50 bitrate=12639.0kbits/s speed=   1x    
frame= 1680 fps= 60 q=-0.0 size=   43207KiB time=00:00:28.00 bitrate=12641.2kbits/s speed=   1x    
frame= 1710 fps= 60 q=-0.0 size=   44007KiB time=00:00:28.50 bitrate=12649.4kbits/s speed=   1x    
frame= 1740 fps= 60 q=-0.0 size=   44766KiB time=00:00:29.00 bitrate=12645.5kbits/s speed=   1x    
frame= 1770 fps= 60 q=-0.0 size=   45622KiB time=00:00:29.50 bitrate=12668.9kbits/s speed=   1x    
frame= 1800 fps= 60 q=-0.0 size=   46463KiB time=00:00:30.00 bitrate=12687.6kbits/s speed=   1x    
frame= 1830 fps= 60 q=-0.0 size=   47275KiB time=00:00:30.50 bitrate=12697.6kbits/s speed=   1x    
frame= 1860 fps= 60 q=-0.0 size=   48008KiB time=00:00:31.00 bitrate=12686.5kbits/s speed=   1x    
frame= 1890 fps= 60 q=-0.0 size=   48798KiB time=00:00:31.50 bitrate=12690.7kbits/s speed=   1x    
frame= 1920 fps= 60 q=-0.0 size=   49613KiB time=00:00:32.00 bitrate=12700.8kbits/s speed=   1x    
frame= 1950 fps= 60 q=-0.0 size=   50381KiB time=00:00:32.50 bitrate=12699.2kbits/s speed=   1x    
frame= 1980 fps= 60 q=-0.0 size=   51166KiB time=00:00:33.00 bitrate=12701.7kbits/s speed=   1x    
frame= 2010 fps= 60 q=-0.0 size=   51961KiB time=00:00:33.50 bitrate=12706.3kbits/s speed=   1x    
frame= 2040 fps= 60 q=-0.0 size=   52742KiB time=00:00:34.00 bitrate=12707.7kbits/s speed=   1x    
frame= 2070 fps= 60 q=-0.0 size=   53549KiB time=00:00:34.50 bitrate=12715.1kbits/s speed=   1x    
frame= 2100 fps= 60 q=-0.0 size=   54285KiB time=00:00:35.00 bitrate=12705.8kbits/s speed=   1x    
frame= 2130 fps= 60 q=-0.0 size=   55080KiB time=00:00:35.50 bitrate=12710.2kbits/s speed=   1x    
frame= 2160 fps= 60 q=-0.0 size=   55823KiB time=00:00:36.00 bitrate=12702.9kbits/s speed=   1x    
frame= 2190 fps= 60 q=-0.0 size=   56649KiB time=00:00:36.50 bitrate=12714.2kbits/s speed=   1x    
frame= 2220 fps= 60 q=-0.0 size=   57470KiB time=00:00:37.00 bitrate=12724.3kbits/s speed=   1x    
frame= 2250 fps= 60 q=-0.0 size=   58302KiB time=00:00:37.50 bitrate=12736.3kbits/s speed=   1x    
frame= 2280 fps= 60 q=-0.0 size=   59111KiB time=00:00:38.00 bitrate=12743.1kbits/s speed=   1x    
frame= 2310 fps= 60 q=-0.0 size=   59838KiB time=00:00:38.50 bitrate=12732.2kbits/s speed=   1x    
frame= 2340 fps= 60 q=-0.0 size=   60625KiB time=00:00:39.00 bitrate=12734.3kbits/s speed=   1x    
frame= 2370 fps= 60 q=-0.0 size=   61390KiB time=00:00:39.50 bitrate=12731.9kbits/s speed=   1x    
frame= 2400 fps= 60 q=-0.0 size=   62176KiB time=00:00:40.00 bitrate=12733.7kbits/s speed=   1x    
frame= 2430 fps= 60 q=-0.0 size=   62933KiB time=00:00:40.50 bitrate=12729.6kbits/s speed=   1x    
frame= 2461 fps= 60 q=-0.0 size=   63718KiB time=00:00:41.01 bitrate=12726.0kbits/s speed=   1x    
frame= 2491 fps= 60 q=-0.0 size=   64486KiB time=00:00:41.51 bitrate=12724.2kbits/s speed=   1x    
frame= 2521 fps= 60 q=-0.0 size=   65270KiB time=00:00:42.01 bitrate=12725.7kbits/s speed=   1x    
frame= 2550 fps= 60 q=-0.0 size=   66015KiB time=00:00:42.50 bitrate=12724.5kbits/s speed=   1x    
frame= 2581 fps= 60 q=-0.0 size=   66829KiB time=00:00:43.01 bitrate=12726.8kbits/s speed=   1x    
frame= 2611 fps= 60 q=-0.0 size=   67593KiB time=00:00:43.51 bitrate=12724.3kbits/s speed=   1x    
frame= 2640 fps= 60 q=-0.0 size=   68380KiB time=00:00:44.00 bitrate=12731.1kbits/s speed=   1x    
frame= 2671 fps= 60 q=-0.0 size=   69141KiB time=00:00:44.51 bitrate=12723.3kbits/s speed=   1x    
frame= 2701 fps= 60 q=-0.0 size=   69915KiB time=00:00:45.01 bitrate=12722.9kbits/s speed=   1x    
frame= 2731 fps= 60 q=-0.0 size=   70670KiB time=00:00:45.51 bitrate=12719.1kbits/s speed=   1x    
frame= 2761 fps= 60 q=-0.0 size=   71453KiB time=00:00:46.01 bitrate=12720.2kbits/s speed=   1x    
frame= 2791 fps= 60 q=-0.0 size=   72205KiB time=00:00:46.51 bitrate=12716.0kbits/s speed=   1x    
frame= 2821 fps= 60 q=-0.0 size=   73036KiB time=00:00:47.01 bitrate=12725.5kbits/s speed=   1x    
frame= 2851 fps= 60 q=-0.0 size=   73815KiB time=00:00:47.51 bitrate=12725.8kbits/s speed=   1x    
frame= 2880 fps= 60 q=-0.0 size=   74582KiB time=00:00:48.00 bitrate=12728.6kbits/s speed=   1x    
frame= 2911 fps= 60 q=-0.0 size=   75384KiB time=00:00:48.51 bitrate=12728.6kbits/s speed=   1x    
frame= 2941 fps= 60 q=-0.0 size=   76183KiB time=00:00:49.01 bitrate=12732.3kbits/s speed=   1x    
frame= 2971 fps= 60 q=-0.0 size=   76963KiB time=00:00:49.51 bitrate=12732.7kbits/s speed=   1x    
frame= 3001 fps= 60 q=-0.0 size=   77739KiB time=00:00:50.01 bitrate=12732.6kbits/s speed=   1x    
frame= 3031 fps= 60 q=-0.0 size=   78524KiB time=00:00:50.51 bitrate=12733.7kbits/s speed=   1x    
frame= 3061 fps= 60 q=-0.0 size=   79293KiB time=00:00:51.01 bitrate=12732.5kbits/s speed=   1x    
frame= 3091 fps= 60 q=-0.0 size=   80069KiB time=00:00:51.51 bitrate=12732.3kbits/s speed=   1x    
frame= 3121 fps= 60 q=-0.0 size=   80853KiB time=00:00:52.01 bitrate=12733.4kbits/s speed=   1x    
frame= 3151 fps= 60 q=-0.0 size=   81640KiB time=00:00:52.51 bitrate=12734.9kbits/s speed=   1x    
frame= 3181 fps= 60 q=-0.0 size=   82469KiB time=00:00:53.01 bitrate=12743.0kbits/s speed=   1x    
frame= 3211 fps= 60 q=-0.0 size=   83189KiB time=00:00:53.51 bitrate=12734.1kbits/s speed=   1x    
frame= 3241 fps= 60 q=-0.0 size=   84000KiB time=00:00:54.01 bitrate=12739.1kbits/s speed=   1x    
frame= 3271 fps= 60 q=-0.0 size=   84790KiB time=00:00:54.51 bitrate=12741.1kbits/s speed=   1x    
frame= 3301 fps= 60 q=-0.0 size=   85570KiB time=00:00:55.01 bitrate=12741.4kbits/s speed=   1x    
frame= 3331 fps= 60 q=-0.0 size=   86318KiB time=00:00:55.51 bitrate=12737.0kbits/s speed=   1x    
frame= 3361 fps= 60 q=-0.0 size=   87080KiB time=00:00:56.01 bitrate=12734.8kbits/s speed=   1x    
frame= 3391 fps= 60 q=-0.0 size=   87874KiB time=00:00:56.51 bitrate=12737.2kbits/s speed=   1x    
frame= 3421 fps= 60 q=-0.0 size=   88631KiB time=00:00:57.01 bitrate=12734.2kbits/s speed=   1x    
frame= 3451 fps= 60 q=-0.0 size=   89401KiB time=00:00:57.51 bitrate=12733.3kbits/s speed=   1x    
frame= 3481 fps= 60 q=-0.0 size=   90191KiB time=00:00:58.01 bitrate=12735.0kbits/s speed=   1x    
frame= 3511 fps= 60 q=-0.0 size=   90972KiB time=00:00:58.51 bitrate=12735.6kbits/s speed=   1x    
frame= 3541 fps= 60 q=-0.0 size=   91748KiB time=00:00:59.01 bitrate=12735.4kbits/s speed=   1x    
frame= 3571 fps= 60 q=-0.0 size=   92526KiB time=00:00:59.51 bitrate=12735.5kbits/s speed=   1x    
frame= 3601 fps= 60 q=-0.0 size=   93297KiB time=00:01:00.01 bitrate=12734.6kbits/s speed=   1x    
frame= 3631 fps= 60 q=-0.0 size=   94058KiB time=00:01:00.51 bitrate=12732.5kbits/s speed=   1x    
frame= 3661 fps= 60 q=-0.0 size=   94823KiB time=00:01:01.01 bitrate=12730.8kbits/s speed=   1x    
frame= 3691 fps= 60 q=-0.0 size=   95624KiB time=00:01:01.51 bitrate=12734.0kbits/s speed=   1x    
frame= 3721 fps= 60 q=-0.0 size=   96414KiB time=00:01:02.01 bitrate=12735.6kbits/s speed=   1x    
frame= 3751 fps= 60 q=-0.0 size=   97276KiB time=00:01:02.51 bitrate=12746.8kbits/s speed=   1x    
frame= 3781 fps= 60 q=-0.0 size=   98008KiB time=00:01:03.01 bitrate=12740.8kbits/s speed=   1x    
frame= 3811 fps= 60 q=-0.0 size=   98785KiB time=00:01:03.51 bitrate=12740.7kbits/s speed=   1x    
frame= 3841 fps= 60 q=-0.0 size=   99588KiB time=00:01:04.01 bitrate=12743.9kbits/s speed=   1x    
frame= 3871 fps= 60 q=-0.0 size=  100266KiB time=00:01:04.51 bitrate=12731.3kbits/s speed=   1x    
frame= 3901 fps= 60 q=-0.0 size=  101074KiB time=00:01:05.01 bitrate=12735.2kbits/s speed=   1x    
frame= 3931 fps= 60 q=-0.0 size=  101857KiB time=00:01:05.51 bitrate=12735.8kbits/s speed=   1x    
frame= 3961 fps= 60 q=-0.0 size=  102686KiB time=00:01:06.01 bitrate=12742.3kbits/s speed=   1x    
frame= 3991 fps= 60 q=-0.0 size=  103476KiB time=00:01:06.51 bitrate=12743.8kbits/s speed=   1x    
frame= 4021 fps= 60 q=-0.0 size=  104261KiB time=00:01:07.01 bitrate=12744.7kbits/s speed=   1x    
frame= 4051 fps= 60 q=-0.0 size=  105079KiB time=00:01:07.51 bitrate=12749.6kbits/s speed=   1x    
frame= 4081 fps= 60 q=-0.0 size=  105865KiB time=00:01:08.01 bitrate=12750.5kbits/s speed=   1x    
frame= 4111 fps= 60 q=-0.0 size=  106642KiB time=00:01:08.51 bitrate=12750.3kbits/s speed=   1x    
frame= 4141 fps= 60 q=-0.0 size=  107420KiB time=00:01:09.01 bitrate=12750.3kbits/s speed=   1x    
frame= 4171 fps= 60 q=-0.0 size=  108166KiB time=00:01:09.51 bitrate=12746.5kbits/s speed=   1x    
frame= 4201 fps= 60 q=-0.0 size=  108947KiB time=00:01:10.01 bitrate=12746.9kbits/s speed=   1x    
frame= 4231 fps= 60 q=-0.0 size=  109725KiB time=00:01:10.51 bitrate=12746.9kbits/s speed=   1x    
frame= 4261 fps= 60 q=-0.0 size=  110530KiB time=00:01:11.01 bitrate=12750.0kbits/s speed=   1x    
frame= 4291 fps= 60 q=-0.0 size=  111266KiB time=00:01:11.51 bitrate=12745.2kbits/s speed=   1x    
frame= 4321 fps= 60 q=-0.0 size=  112083KiB time=00:01:12.01 bitrate=12749.6kbits/s speed=   1x    
frame= 4351 fps= 60 q=-0.0 size=  112740KiB time=00:01:12.51 bitrate=12735.9kbits/s speed=   1x    
frame= 4381 fps= 60 q=-0.0 size=  113519KiB time=00:01:13.01 bitrate=12736.1kbits/s speed=   1x    
frame= 4411 fps= 60 q=-0.0 size=  114299KiB time=00:01:13.51 bitrate=12736.4kbits/s speed=   1x    
frame= 4441 fps= 60 q=-0.0 size=  115105KiB time=00:01:14.01 bitrate=12739.6kbits/s speed=   1x    
frame= 4471 fps= 60 q=-0.0 size=  115884KiB time=00:01:14.51 bitrate=12739.8kbits/s speed=   1x    
frame= 4501 fps= 60 q=-0.0 size=  116641KiB time=00:01:15.01 bitrate=12737.5kbits/s speed=   1x    
frame= 4531 fps= 60 q=-0.0 size=  117393KiB time=00:01:15.51 bitrate=12734.7kbits/s speed=   1x    
frame= 4561 fps= 60 q=-0.0 size=  118153KiB time=00:01:16.01 bitrate=12732.8kbits/s speed=   1x    
frame= 4591 fps= 60 q=-0.0 size=  119042KiB time=00:01:16.51 bitrate=12744.9kbits/s speed=   1x    
frame= 4621 fps= 60 q=-0.0 size=  119755KiB time=00:01:17.01 bitrate=12737.9kbits/s speed=   1x    
frame= 4651 fps= 60 q=-0.0 size=  120535KiB time=00:01:17.51 bitrate=12738.2kbits/s speed=   1x    
frame= 4681 fps= 60 q=-0.0 size=  121397KiB time=00:01:18.01 bitrate=12747.1kbits/s speed=   1x    
frame= 4711 fps= 60 q=-0.0 size=  122157KiB time=00:01:18.51 bitrate=12745.2kbits/s speed=   1x    
frame= 4741 fps= 60 q=-0.0 size=  122955KiB time=00:01:19.01 bitrate=12747.3kbits/s speed=   1x    
frame= 4771 fps= 60 q=-0.0 size=  123735KiB time=00:01:19.51 bitrate=12747.4kbits/s speed=   1x    
frame= 4801 fps= 60 q=-0.0 size=  124497KiB time=00:01:20.01 bitrate=12745.9kbits/s speed=   1x    
frame= 4831 fps= 60 q=-0.0 size=  125345KiB time=00:01:20.51 bitrate=12753.0kbits/s speed=   1x    
frame= 4861 fps= 60 q=-0.0 size=  126088KiB time=00:01:21.01 bitrate=12749.4kbits/s speed=   1x    
frame= 4891 fps= 60 q=-0.0 size=  126872KiB time=00:01:21.51 bitrate=12750.0kbits/s speed=   1x    
frame= 4921 fps= 60 q=-0.0 size=  127693KiB time=00:01:22.01 bitrate=12754.2kbits/s speed=   1x    
frame= 4951 fps= 60 q=-0.0 size=  128403KiB time=00:01:22.51 bitrate=12747.5kbits/s speed=   1x    
frame= 4981 fps= 60 q=-0.0 size=  129222KiB time=00:01:23.01 bitrate=12751.5kbits/s speed=   1x    
frame= 5011 fps= 60 q=-0.0 size=  130002KiB time=00:01:23.51 bitrate=12751.7kbits/s speed=   1x    
frame= 5041 fps= 60 q=-0.0 size=  130755KiB time=00:01:24.01 bitrate=12749.2kbits/s speed=   1x    
frame= 5071 fps= 60 q=-0.0 size=  131555KiB time=00:01:24.51 bitrate=12751.3kbits/s speed=   1x    
frame= 5101 fps= 60 q=-0.0 size=  132303KiB time=00:01:25.01 bitrate=12748.4kbits/s speed=   1x    
frame= 5131 fps= 60 q=-0.0 size=  133051KiB time=00:01:25.51 bitrate=12745.5kbits/s speed=   1x    
frame= 5161 fps= 60 q=-0.0 size=  133810KiB time=00:01:26.01 bitrate=12743.7kbits/s speed=   1x    
frame= 5191 fps= 60 q=-0.0 size=  134556KiB time=00:01:26.51 bitrate=12740.7kbits/s speed=   1x    
frame= 5221 fps= 60 q=-0.0 size=  135321KiB time=00:01:27.01 bitrate=12739.5kbits/s speed=   1x    
frame= 5251 fps= 60 q=-0.0 size=  136108KiB time=00:01:27.51 bitrate=12740.4kbits/s speed=   1x    
frame= 5281 fps= 60 q=-0.0 size=  136894KiB time=00:01:28.01 bitrate=12741.1kbits/s speed=   1x    
frame= 5311 fps= 60 q=-0.0 size=  137761KiB time=00:01:28.51 bitrate=12749.4kbits/s speed=   1x    
frame= 5341 fps= 60 q=-0.0 size=  138536KiB time=00:01:29.01 bitrate=12749.1kbits/s speed=   1x    
frame= 5371 fps= 60 q=-0.0 size=  139291KiB time=00:01:29.51 bitrate=12747.0kbits/s speed=   1x    
frame= 5401 fps= 60 q=-0.0 size=  140024KiB time=00:01:30.01 bitrate=12742.9kbits/s speed=   1x    
frame= 5431 fps= 60 q=-0.0 size=  140828KiB time=00:01:30.51 bitrate=12745.3kbits/s speed=   1x    
frame= 5461 fps= 60 q=-0.0 size=  141637KiB time=00:01:31.01 bitrate=12748.1kbits/s speed=   1x    
frame= 5491 fps= 60 q=-0.0 size=  142452KiB time=00:01:31.51 bitrate=12751.4kbits/s speed=   1x    
frame= 5521 fps= 60 q=-0.0 size=  143238KiB time=00:01:32.01 bitrate=12752.1kbits/s speed=   1x    
frame= 5551 fps= 60 q=-0.0 size=  144018KiB time=00:01:32.51 bitrate=12752.2kbits/s speed=   1x    
frame= 5581 fps= 60 q=-0.0 size=  144758KiB time=00:01:33.01 bitrate=12748.9kbits/s speed=   1x    
frame= 5611 fps= 60 q=-0.0 size=  145541KiB time=00:01:33.51 bitrate=12749.3kbits/s speed=   1x    
frame= 5641 fps= 60 q=-0.0 size=  146330KiB time=00:01:34.01 bitrate=12750.3kbits/s speed=   1x    
frame= 5671 fps= 60 q=-0.0 size=  147131KiB time=00:01:34.51 bitrate=12752.2kbits/s speed=   1x    
frame= 5701 fps= 60 q=-0.0 size=  147893KiB time=00:01:35.01 bitrate=12750.8kbits/s speed=   1x    
frame= 5731 fps= 60 q=-0.0 size=  148667KiB time=00:01:35.51 bitrate=12750.4kbits/s speed=   1x    
frame= 5761 fps= 60 q=-0.0 size=  149465KiB time=00:01:36.01 bitrate=12752.2kbits/s speed=   1x    
frame= 5791 fps= 60 q=-0.0 size=  150209KiB time=00:01:36.51 bitrate=12749.2kbits/s speed=   1x    
frame= 5821 fps= 60 q=-0.0 size=  150986KiB time=00:01:37.01 bitrate=12749.2kbits/s speed=   1x    
frame= 5851 fps= 60 q=-0.0 size=  151736KiB time=00:01:37.51 bitrate=12746.7kbits/s speed=   1x    
frame= 5881 fps= 60 q=-0.0 size=  152517KiB time=00:01:38.01 bitrate=12747.0kbits/s speed=   1x    
frame= 5911 fps= 60 q=-0.0 size=  153303KiB time=00:01:38.51 bitrate=12747.7kbits/s speed=   1x    
frame= 5941 fps= 60 q=-0.0 size=  154086KiB time=00:01:39.01 bitrate=12748.1kbits/s speed=   1x    
frame= 5971 fps= 60 q=-0.0 size=  154894KiB time=00:01:39.51 bitrate=12750.6kbits/s speed=   1x    
frame= 6001 fps= 60 q=-0.0 size=  155670KiB time=00:01:40.01 bitrate=12750.3kbits/s speed=   1x    
frame= 6031 fps= 60 q=-0.0 size=  156446KiB time=00:01:40.51 bitrate=12750.2kbits/s speed=   1x    
frame= 6061 fps= 60 q=-0.0 size=  157199KiB time=00:01:41.01 bitrate=12748.1kbits/s speed=   1x    
frame= 6091 fps= 60 q=-0.0 size=  157992KiB time=00:01:41.51 bitrate=12749.4kbits/s speed=   1x    
frame= 6121 fps= 60 q=-0.0 size=  158708KiB time=00:01:42.01 bitrate=12744.3kbits/s speed=   1x    
frame= 6151 fps= 60 q=-0.0 size=  159503KiB time=00:01:42.51 bitrate=12745.7kbits/s speed=   1x    
frame= 6181 fps= 60 q=-0.0 size=  160246KiB time=00:01:43.01 bitrate=12742.9kbits/s speed=   1x    
frame= 6211 fps= 60 q=-0.0 size=  161004KiB time=00:01:43.51 bitrate=12741.4kbits/s speed=   1x    
frame= 6241 fps= 60 q=-0.0 size=  161826KiB time=00:01:44.01 bitrate=12744.9kbits/s speed=   1x    
frame= 6271 fps= 60 q=-0.0 size=  162652KiB time=00:01:44.51 bitrate=12748.6kbits/s speed=   1x    
frame= 6301 fps= 60 q=-0.0 size=  163411KiB time=00:01:45.01 bitrate=12747.1kbits/s speed=   1x    
frame= 6332 fps= 60 q=-0.0 size=  164281KiB time=00:01:45.53 bitrate=12752.3kbits/s speed=   1x    
frame= 6362 fps= 60 q=-0.0 size=  165020KiB time=00:01:46.03 bitrate=12749.3kbits/s speed=   1x    
frame= 6392 fps= 60 q=-0.0 size=  165800KiB time=00:01:46.53 bitrate=12749.4kbits/s speed=   1x    
frame= 6422 fps= 60 q=-0.0 size=  166526KiB time=00:01:47.03 bitrate=12745.4kbits/s speed=   1x    
frame= 6452 fps= 60 q=-0.0 size=  167285KiB time=00:01:47.53 bitrate=12743.9kbits/s speed=   1x    
frame= 6482 fps= 60 q=-0.0 size=  168008KiB time=00:01:48.03 bitrate=12739.8kbits/s speed=   1x    
frame= 6512 fps= 60 q=-0.0 size=  168850KiB time=00:01:48.53 bitrate=12744.6kbits/s speed=   1x    
frame= 6542 fps= 60 q=-0.0 size=  169661KiB time=00:01:49.03 bitrate=12747.1kbits/s speed=   1x    
frame= 6572 fps= 60 q=-0.0 size=  170473KiB time=00:01:49.53 bitrate=12749.7kbits/s speed=   1x    
frame= 6602 fps= 60 q=-0.0 size=  171214KiB time=00:01:50.03 bitrate=12746.9kbits/s speed=   1x    
frame= 6632 fps= 60 q=-0.0 size=  172019KiB time=00:01:50.53 bitrate=12748.9kbits/s speed=   1x    
frame= 6662 fps= 60 q=-0.0 size=  172771KiB time=00:01:51.03 bitrate=12747.0kbits/s speed=   1x    
frame= 6692 fps= 60 q=-0.0 size=  173518KiB time=00:01:51.53 bitrate=12744.7kbits/s speed=   1x    
frame= 6722 fps= 60 q=-0.0 size=  174369KiB time=00:01:52.03 bitrate=12750.1kbits/s speed=   1x    
frame= 6752 fps= 60 q=-0.0 size=  175128KiB time=00:01:52.53 bitrate=12748.6kbits/s speed=   1x    
frame= 6782 fps= 60 q=-0.0 size=  175918KiB time=00:01:53.03 bitrate=12749.5kbits/s speed=   1x    
frame= 6812 fps= 60 q=-0.0 size=  176708KiB time=00:01:53.53 bitrate=12750.4kbits/s speed=   1x    
frame= 6842 fps= 60 q=-0.0 size=  177527KiB time=00:01:54.03 bitrate=12753.3kbits/s speed=   1x    
frame= 6872 fps= 60 q=-0.0 size=  178282KiB time=00:01:54.53 bitrate=12751.7kbits/s speed=   1x    
frame= 6902 fps= 60 q=-0.0 size=  179076KiB time=00:01:55.03 bitrate=12752.7kbits/s speed=   1x    
frame= 6932 fps= 60 q=-0.0 size=  179868KiB time=00:01:55.53 bitrate=12753.7kbits/s speed=   1x    
frame= 6962 fps= 60 q=-0.0 size=  180673KiB time=00:01:56.03 bitrate=12755.6kbits/s speed=   1x    
frame= 6992 fps= 60 q=-0.0 size=  181406KiB time=00:01:56.53 bitrate=12752.4kbits/s speed=   1x    
frame= 7022 fps= 60 q=-0.0 size=  182175KiB time=00:01:57.03 bitrate=12751.7kbits/s speed=   1x    
frame= 7052 fps= 60 q=-0.0 size=  182950KiB time=00:01:57.53 bitrate=12751.5kbits/s speed=   1x    
frame= 7082 fps= 60 q=-0.0 size=  183704KiB time=00:01:58.03 bitrate=12749.8kbits/s speed=   1x    
frame= 7112 fps= 60 q=-0.0 size=  184333KiB time=00:01:58.53 bitrate=12739.5kbits/s speed=   1x    
frame= 7142 fps= 60 q=-0.0 size=  185095KiB time=00:01:59.03 bitrate=12738.4kbits/s speed=   1x    
frame= 7172 fps= 60 q=-0.0 size=  185946KiB time=00:01:59.53 bitrate=12743.5kbits/s speed=   1x    
frame= 7202 fps= 60 q=-0.0 size=  186792KiB time=00:02:00.03 bitrate=12748.1kbits/s speed=   1x    
frame= 7232 fps= 60 q=-0.0 size=  187569KiB time=00:02:00.53 bitrate=12748.1kbits/s speed=   1x    
frame= 7262 fps= 60 q=-0.0 size=  188335KiB time=00:02:01.03 bitrate=12747.3kbits/s speed=   1x    
frame= 7292 fps= 60 q=-0.0 size=  188908KiB time=00:02:01.53 bitrate=12733.4kbits/s speed=   1x    
frame= 7322 fps= 60 q=-0.0 size=  189687KiB time=00:02:02.03 bitrate=12733.5kbits/s speed=   1x    
frame= 7352 fps= 60 q=-0.0 size=  190583KiB time=00:02:02.53 bitrate=12741.5kbits/s speed=   1x    
frame= 7382 fps= 60 q=-0.0 size=  191372KiB time=00:02:03.03 bitrate=12742.2kbits/s speed=   1x    
frame= 7412 fps= 60 q=-0.0 size=  192130KiB time=00:02:03.53 bitrate=12740.9kbits/s speed=   1x    
frame= 7442 fps= 60 q=-0.0 size=  192862KiB time=00:02:04.03 bitrate=12737.9kbits/s speed=   1x    
frame= 7472 fps= 60 q=-0.0 size=  193644KiB time=00:02:04.53 bitrate=12738.2kbits/s speed=   1x    
frame= 7502 fps= 60 q=-0.0 size=  194419KiB time=00:02:05.03 bitrate=12738.1kbits/s speed=   1x    
frame= 7532 fps= 60 q=-0.0 size=  195198KiB time=00:02:05.53 bitrate=12738.2kbits/s speed=   1x    
frame= 7562 fps= 60 q=-0.0 size=  195977KiB time=00:02:06.03 bitrate=12738.2kbits/s speed=   1x    
frame= 7592 fps= 60 q=-0.0 size=  196764KiB time=00:02:06.53 bitrate=12738.8kbits/s speed=   1x    
frame= 7622 fps= 60 q=-0.0 size=  197538KiB time=00:02:07.03 bitrate=12738.7kbits/s speed=   1x    
frame= 7652 fps= 60 q=-0.0 size=  198338KiB time=00:02:07.53 bitrate=12740.1kbits/s speed=   1x    
frame= 7682 fps= 60 q=-0.0 size=  199097KiB time=00:02:08.03 bitrate=12738.9kbits/s speed=   1x    
frame= 7712 fps= 60 q=-0.0 size=  199934KiB time=00:02:08.53 bitrate=12742.7kbits/s speed=   1x    
frame= 7742 fps= 60 q=-0.0 size=  200591KiB time=00:02:09.03 bitrate=12735.0kbits/s speed=   1x    
frame= 7772 fps= 60 q=-0.0 size=  201370KiB time=00:02:09.53 bitrate=12735.1kbits/s speed=   1x    
frame= 7802 fps= 60 q=-0.0 size=  202149KiB time=00:02:10.03 bitrate=12735.2kbits/s speed=   1x    
frame= 7832 fps= 60 q=-0.0 size=  203126KiB time=00:02:10.53 bitrate=12747.8kbits/s speed=   1x    
frame= 7862 fps= 60 q=-0.0 size=  203806KiB time=00:02:11.03 bitrate=12741.6kbits/s speed=   1x    
frame= 7892 fps= 60 q=-0.0 size=  204554KiB time=00:02:11.53 bitrate=12739.8kbits/s speed=   1x    
frame= 7922 fps= 60 q=-0.0 size=  205331KiB time=00:02:12.03 bitrate=12739.8kbits/s speed=   1x    
frame= 7952 fps= 60 q=-0.0 size=  206127KiB time=00:02:12.53 bitrate=12740.9kbits/s speed=   1x    
frame= 7982 fps= 60 q=-0.0 size=  206888KiB time=00:02:13.03 bitrate=12739.9kbits/s speed=   1x    
frame= 8012 fps= 60 q=-0.0 size=  207659KiB time=00:02:13.53 bitrate=12739.5kbits/s speed=   1x    
frame= 8042 fps= 60 q=-0.0 size=  208490KiB time=00:02:14.03 bitrate=12742.7kbits/s speed=   1x    
frame= 8072 fps= 60 q=-0.0 size=  209224KiB time=00:02:14.53 bitrate=12740.1kbits/s speed=   1x    
frame= 8102 fps= 60 q=-0.0 size=  210005KiB time=00:02:15.03 bitrate=12740.3kbits/s speed=   1x    
frame= 8132 fps= 60 q=-0.0 size=  210800KiB time=00:02:15.53 bitrate=12741.3kbits/s speed=   1x    
frame= 8162 fps= 60 q=-0.0 size=  211561KiB time=00:02:16.03 bitrate=12740.3kbits/s speed=   1x    
frame= 8192 fps= 60 q=-0.0 size=  212332KiB time=00:02:16.53 bitrate=12739.9kbits/s speed=   1x    
frame= 8222 fps= 60 q=-0.0 size=  213236KiB time=00:02:17.03 bitrate=12747.5kbits/s speed=   1x    
frame= 8252 fps= 60 q=-0.0 size=  214019KiB time=00:02:17.53 bitrate=12747.8kbits/s speed=   1x    
frame= 8282 fps= 60 q=-0.0 size=  214764KiB time=00:02:18.03 bitrate=12745.8kbits/s speed=   1x    
frame= 8312 fps= 60 q=-0.0 size=  215471KiB time=00:02:18.53 bitrate=12741.6kbits/s speed=   1x    
frame= 8342 fps= 60 q=-0.0 size=  216240KiB time=00:02:19.03 bitrate=12741.1kbits/s speed=   1x    
frame= 8372 fps= 60 q=-0.0 size=  217066KiB time=00:02:19.53 bitrate=12744.0kbits/s speed=   1x    
frame= 8402 fps= 60 q=-0.0 size=  217817KiB time=00:02:20.03 bitrate=12742.4kbits/s speed=   1x    
frame= 8432 fps= 60 q=-0.0 size=  218595KiB time=00:02:20.53 bitrate=12742.4kbits/s speed=   1x    
frame= 8462 fps= 60 q=-0.0 size=  219402KiB time=00:02:21.03 bitrate=12744.1kbits/s speed=   1x    
frame= 8492 fps= 60 q=-0.0 size=  220154KiB time=00:02:21.53 bitrate=12742.6kbits/s speed=   1x    
frame= 8522 fps= 60 q=-0.0 size=  220931KiB time=00:02:22.03 bitrate=12742.6kbits/s speed=   1x    
frame= 8552 fps= 60 q=-0.0 size=  221738KiB time=00:02:22.53 bitrate=12744.3kbits/s speed=   1x    
frame= 8582 fps= 60 q=-0.0 size=  222490KiB time=00:02:23.03 bitrate=12742.8kbits/s speed=   1x    
frame= 8612 fps= 60 q=-0.0 size=  223268KiB time=00:02:23.53 bitrate=12742.8kbits/s speed=   1x    
frame= 8642 fps= 60 q=-0.0 size=  224075KiB time=00:02:24.03 bitrate=12744.4kbits/s speed=   1x    
frame= 8672 fps= 60 q=-0.0 size=  224827KiB time=00:02:24.53 bitrate=12743.0kbits/s speed=   1x    
frame= 8702 fps= 60 q=-0.0 size=  225605KiB time=00:02:25.03 bitrate=12743.0kbits/s speed=   1x    
frame= 8732 fps= 60 q=-0.0 size=  226412KiB time=00:02:25.53 bitrate=12744.6kbits/s speed=   1x    
frame= 8762 fps= 60 q=-0.0 size=  227164KiB time=00:02:26.03 bitrate=12743.2kbits/s speed=   1x    
frame= 8792 fps= 60 q=-0.0 size=  227941KiB time=00:02:26.53 bitrate=12743.1kbits/s speed=   1x    
frame= 8822 fps= 60 q=-0.0 size=  228748KiB time=00:02:27.03 bitrate=12744.8kbits/s speed=   1x    
frame= 8852 fps= 60 q=-0.0 size=  229500KiB time=00:02:27.53 bitrate=12743.3kbits/s speed=   1x    
frame= 8882 fps= 60 q=-0.0 size=  230278KiB time=00:02:28.03 bitrate=12743.3kbits/s speed=   1x    
frame= 8912 fps= 60 q=-0.0 size=  231085KiB time=00:02:28.53 bitrate=12744.9kbits/s speed=   1x    
frame= 8942 fps= 60 q=-0.0 size=  231837KiB time=00:02:29.03 bitrate=12743.5kbits/s speed=   1x    
frame= 8972 fps= 60 q=-0.0 size=  232615KiB time=00:02:29.53 bitrate=12743.5kbits/s speed=   1x    
frame= 9002 fps= 60 q=-0.0 size=  233422KiB time=00:02:30.03 bitrate=12745.1kbits/s speed=   1x    
frame= 9032 fps= 60 q=-0.0 size=  234174KiB time=00:02:30.53 bitrate=12743.7kbits/s speed=   1x    
frame= 9062 fps= 60 q=-0.0 size=  234951KiB time=00:02:31.03 bitrate=12743.7kbits/s speed=   1x    
frame= 9092 fps= 60 q=-0.0 size=  235758KiB time=00:02:31.53 bitrate=12745.2kbits/s speed=   1x    
frame= 9122 fps= 60 q=-0.0 size=  236518KiB time=00:02:32.03 bitrate=12744.3kbits/s speed=   1x    
frame= 9152 fps= 60 q=-0.0 size=  237325KiB time=00:02:32.53 bitrate=12745.8kbits/s speed=   1x    
frame= 9182 fps= 60 q=-0.0 size=  238037KiB time=00:02:33.03 bitrate=12742.3kbits/s speed=   1x    
frame= 9212 fps= 60 q=-0.0 size=  238834KiB time=00:02:33.53 bitrate=12743.4kbits/s speed=   1x    
frame= 9242 fps= 60 q=-0.0 size=  239664KiB time=00:02:34.03 bitrate=12746.1kbits/s speed=   1x    
frame= 9272 fps= 60 q=-0.0 size=  240373KiB time=00:02:34.53 bitrate=12742.5kbits/s speed=   1x    
frame= 9302 fps= 60 q=-0.0 size=  241173KiB time=00:02:35.03 bitrate=12743.7kbits/s speed=   1x    
frame= 9332 fps= 60 q=-0.0 size=  241973KiB time=00:02:35.53 bitrate=12744.8kbits/s speed=   1x    
frame= 9362 fps= 60 q=-0.0 size=  242770KiB time=00:02:36.03 bitrate=12745.8kbits/s speed=   1x    
frame= 9392 fps= 60 q=-0.0 size=  243489KiB time=00:02:36.53 bitrate=12742.7kbits/s speed=   1x    
frame= 9422 fps= 60 q=-0.0 size=  244292KiB time=00:02:37.03 bitrate=12744.1kbits/s speed=   1x    
frame= 9452 fps= 60 q=-0.0 size=  245068KiB time=00:02:37.53 bitrate=12743.9kbits/s speed=   1x    
frame= 9482 fps= 60 q=-0.0 size=  245868KiB time=00:02:38.03 bitrate=12745.1kbits/s speed=   1x    
frame= 9512 fps= 60 q=-0.0 size=  246664KiB time=00:02:38.53 bitrate=12746.1kbits/s speed=   1x    
frame= 9542 fps= 60 q=-0.0 size=  247413KiB time=00:02:39.03 bitrate=12744.5kbits/s speed=   1x    
frame= 9572 fps= 60 q=-0.0 size=  248192KiB time=00:02:39.53 bitrate=12744.6kbits/s speed=   1x    
frame= 9602 fps= 60 q=-0.0 size=  249001KiB time=00:02:40.03 bitrate=12746.2kbits/s speed=   1x    
frame= 9632 fps= 60 q=-0.0 size=  249720KiB time=00:02:40.53 bitrate=12743.2kbits/s speed=   1x    
frame= 9662 fps= 60 q=-0.0 size=  250524KiB time=00:02:41.03 bitrate=12744.5kbits/s speed=   1x    
frame= 9692 fps= 60 q=-0.0 size=  251299KiB time=00:02:41.53 bitrate=12744.4kbits/s speed=   1x    
frame= 9722 fps= 60 q=-0.0 size=  252099KiB time=00:02:42.03 bitrate=12745.5kbits/s speed=   1x    
frame= 9752 fps= 60 q=-0.0 size=  252896KiB time=00:02:42.53 bitrate=12746.4kbits/s speed=   1x    
frame= 9782 fps= 60 q=-0.0 size=  253644KiB time=00:02:43.03 bitrate=12744.9kbits/s speed=   1x    
frame= 9812 fps= 60 q=-0.0 size=  254423KiB time=00:02:43.53 bitrate=12745.0kbits/s speed=   1x    
frame= 9842 fps= 60 q=-0.0 size=  255232KiB time=00:02:44.03 bitrate=12746.6kbits/s speed=   1x    
frame= 9872 fps= 60 q=-0.0 size=  255951KiB time=00:02:44.53 bitrate=12743.6kbits/s speed=   1x    
frame= 9902 fps= 60 q=-0.0 size=  256755KiB time=00:02:45.03 bitrate=12744.9kbits/s speed=   1x    
frame= 9932 fps= 60 q=-0.0 size=  257530KiB time=00:02:45.53 bitrate=12744.8kbits/s speed=   1x    
frame= 9962 fps= 60 q=-0.0 size=  258330KiB time=00:02:46.03 bitrate=12745.9kbits/s speed=   1x    
frame= 9992 fps= 60 q=-0.0 size=  259127KiB time=00:02:46.53 bitrate=12746.8kbits/s speed=   1x    
frame=10022 fps= 60 q=-0.0 size=  259846KiB time=00:02:47.03 bitrate=12743.9kbits/s speed=   1x    
frame=10052 fps= 60 q=-0.0 size=  260649KiB time=00:02:47.53 bitrate=12745.1kbits/s speed=   1x    
frame=10082 fps= 60 q=-0.0 size=  261422KiB time=00:02:48.03 bitrate=12744.9kbits/s speed=   1x    
frame=10112 fps= 60 q=-0.0 size=  262251KiB time=00:02:48.53 bitrate=12747.4kbits/s speed=   1x    
frame=10142 fps= 60 q=-0.0 size=  262961KiB time=00:02:49.03 bitrate=12744.1kbits/s speed=   1x    
frame=10172 fps= 60 q=-0.0 size=  263761KiB time=00:02:49.53 bitrate=12745.2kbits/s speed=   1x    
frame=10202 fps= 60 q=-0.0 size=  264561KiB time=00:02:50.03 bitrate=12746.2kbits/s speed=   1x    
frame=10232 fps= 60 q=-0.0 size=  265358KiB time=00:02:50.53 bitrate=12747.1kbits/s speed=   1x    
frame=10262 fps= 60 q=-0.0 size=  266077KiB time=00:02:51.03 bitrate=12744.3kbits/s speed=   1x    
frame=10292 fps= 60 q=-0.0 size=  266880KiB time=00:02:51.53 bitrate=12745.5kbits/s speed=   1x    
frame=10323 fps= 60 q=-0.0 size=  267688KiB time=00:02:52.05 bitrate=12745.7kbits/s speed=   1x    
frame=10352 fps= 60 q=-0.0 size=  268439KiB time=00:02:52.53 bitrate=12745.7kbits/s speed=   1x    
frame=10382 fps= 60 q=-0.0 size=  269211KiB time=00:02:53.03 bitrate=12745.4kbits/s speed=   1x    
frame=10412 fps= 60 q=-0.0 size=  270040KiB time=00:02:53.53 bitrate=12747.8kbits/s speed=   1x    
frame=10442 fps= 60 q=-0.0 size=  270750KiB time=00:02:54.03 bitrate=12744.6kbits/s speed=   1x    
frame=10472 fps= 60 q=-0.0 size=  271550KiB time=00:02:54.53 bitrate=12745.6kbits/s speed=   1x    
frame=10503 fps= 60 q=-0.0 size=  272353KiB time=00:02:55.05 bitrate=12745.6kbits/s speed=   1x    
frame=10533 fps= 60 q=-0.0 size=  273150KiB time=00:02:55.55 bitrate=12746.5kbits/s speed=   1x    
frame=10563 fps= 60 q=-0.0 size=  273873KiB time=00:02:56.05 bitrate=12743.9kbits/s speed=   1x    
frame=10593 fps= 60 q=-0.0 size=  274671KiB time=00:02:56.55 bitrate=12744.9kbits/s speed=   1x    
frame=10623 fps= 60 q=-0.0 size=  275445KiB time=00:02:57.05 bitrate=12744.7kbits/s speed=   1x    
frame=10653 fps= 60 q=-0.0 size=  276275KiB time=00:02:57.55 bitrate=12747.1kbits/s speed=   1x    
frame=10683 fps= 60 q=-0.0 size=  276989KiB time=00:02:58.05 bitrate=12744.1kbits/s speed=   1x    
frame=10713 fps= 60 q=-0.0 size=  277784KiB time=00:02:58.55 bitrate=12744.9kbits/s speed=   1x    
frame=10743 fps= 60 q=-0.0 size=  278584KiB time=00:02:59.05 bitrate=12746.0kbits/s speed=   1x    
frame=10773 fps= 60 q=-0.0 size=  279381KiB time=00:02:59.55 bitrate=12746.8kbits/s speed=   1x    
frame=10803 fps= 60 q=-0.0 size=  280104KiB time=00:03:00.05 bitrate=12744.3kbits/s speed=   1x    
frame=10832 fps= 60 q=-0.0 size=  280900KiB time=00:03:00.53 bitrate=12746.3kbits/s speed=   1x    
frame=10862 fps= 60 q=-0.0 size=  281673KiB time=00:03:01.03 bitrate=12746.1kbits/s speed=   1x    
frame=10893 fps= 60 q=-0.0 size=  282506KiB time=00:03:01.55 bitrate=12747.4kbits/s speed=   1x    
frame=10923 fps= 60 q=-0.0 size=  283220KiB time=00:03:02.05 bitrate=12744.5kbits/s speed=   1x    
frame=10953 fps= 60 q=-0.0 size=  284016KiB time=00:03:02.55 bitrate=12745.3kbits/s speed=   1x    
frame=10983 fps= 60 q=-0.0 size=  284815KiB time=00:03:03.05 bitrate=12746.3kbits/s speed=   1x    
frame=11013 fps= 60 q=-0.0 size=  285612KiB time=00:03:03.55 bitrate=12747.1kbits/s speed=   1x    
frame=11043 fps= 60 q=-0.0 size=  286335KiB time=00:03:04.05 bitrate=12744.7kbits/s speed=   1x    
frame=11073 fps= 60 q=-0.0 size=  287134KiB time=00:03:04.55 bitrate=12745.6kbits/s speed=   1x    
frame=11103 fps= 60 q=-0.0 size=  287910KiB time=00:03:05.05 bitrate=12745.5kbits/s speed=   1x    
frame=11133 fps= 60 q=-0.0 size=  288710KiB time=00:03:05.55 bitrate=12746.5kbits/s speed=   1x    
frame=11163 fps= 60 q=-0.0 size=  289507KiB time=00:03:06.05 bitrate=12747.3kbits/s speed=   1x    
frame=11193 fps= 60 q=-0.0 size=  290256KiB time=00:03:06.55 bitrate=12746.0kbits/s speed=   1x    
frame=11223 fps= 60 q=-0.0 size=  291035KiB time=00:03:07.05 bitrate=12746.1kbits/s speed=   1x    
frame=11253 fps= 60 q=-0.0 size=  291843KiB time=00:03:07.55 bitrate=12747.4kbits/s speed=   1x    
frame=11283 fps= 60 q=-0.0 size=  292566KiB time=00:03:08.05 bitrate=12745.0kbits/s speed=   1x    
frame=11313 fps= 60 q=-0.0 size=  293365KiB time=00:03:08.55 bitrate=12745.9kbits/s speed=   1x    
frame=11343 fps= 60 q=-0.0 size=  294141KiB time=00:03:09.05 bitrate=12745.8kbits/s speed=   1x    
frame=11373 fps= 60 q=-0.0 size=  294941KiB time=00:03:09.55 bitrate=12746.8kbits/s speed=   1x    
frame=11403 fps= 60 q=-0.0 size=  295738KiB time=00:03:10.05 bitrate=12747.6kbits/s speed=   1x    
frame=11433 fps= 60 q=-0.0 size=  296487KiB time=00:03:10.55 bitrate=12746.4kbits/s speed=   1x    
frame=11463 fps= 60 q=-0.0 size=  297266KiB time=00:03:11.05 bitrate=12746.4kbits/s speed=   1x    
frame=11493 fps= 60 q=-0.0 size=  298074KiB time=00:03:11.55 bitrate=12747.7kbits/s speed=   1x    
frame=11523 fps= 60 q=-0.0 size=  298797KiB time=00:03:12.05 bitrate=12745.4kbits/s speed=   1x    
frame=11553 fps= 60 q=-0.0 size=  299596KiB time=00:03:12.55 bitrate=12746.3kbits/s speed=   1x    
frame=11583 fps= 60 q=-0.0 size=  300372KiB time=00:03:13.05 bitrate=12746.2kbits/s speed=   1x    
frame=11613 fps= 60 q=-0.0 size=  301172KiB time=00:03:13.55 bitrate=12747.1kbits/s speed=   1x    
frame=11643 fps= 60 q=-0.0 size=  301969KiB time=00:03:14.05 bitrate=12747.9kbits/s speed=   1x    
frame=11673 fps= 60 q=-0.0 size=  302702KiB time=00:03:14.55 bitrate=12746.0kbits/s speed=   1x    
frame=11703 fps= 60 q=-0.0 size=  303526KiB time=00:03:15.05 bitrate=12747.9kbits/s speed=   1x    
frame=11733 fps= 60 q=-0.0 size=  304275KiB time=00:03:15.55 bitrate=12746.7kbits/s speed=   1x    
frame=11763 fps= 60 q=-0.0 size=  305054KiB time=00:03:16.05 bitrate=12746.8kbits/s speed=   1x    
frame=11793 fps= 60 q=-0.0 size=  305863KiB time=00:03:16.55 bitrate=12748.1kbits/s speed=   1x    
frame=11823 fps= 60 q=-0.0 size=  306586KiB time=00:03:17.05 bitrate=12745.8kbits/s speed=   1x    
frame=11853 fps= 60 q=-0.0 size=  307385KiB time=00:03:17.55 bitrate=12746.6kbits/s speed=   1x    
frame=11883 fps= 60 q=-0.0 size=  308161KiB time=00:03:18.05 bitrate=12746.5kbits/s speed=   1x    
frame=11913 fps= 60 q=-0.0 size=  308960KiB time=00:03:18.55 bitrate=12747.4kbits/s speed=   1x    
frame=11943 fps= 60 q=-0.0 size=  309758KiB time=00:03:19.05 bitrate=12748.2kbits/s speed=   1x    
frame=11973 fps= 60 q=-0.0 size=  310506KiB time=00:03:19.55 bitrate=12747.0kbits/s speed=   1x    
frame=12003 fps= 60 q=-0.0 size=  311286KiB time=00:03:20.05 bitrate=12747.1kbits/s speed=   1x    
frame=12033 fps= 60 q=-0.0 size=  312094KiB time=00:03:20.55 bitrate=12748.3kbits/s speed=   1x    
frame=12063 fps= 60 q=-0.0 size=  312817KiB time=00:03:21.05 bitrate=12746.1kbits/s speed=   1x    
frame=12093 fps= 60 q=-0.0 size=  313616KiB time=00:03:21.55 bitrate=12746.9kbits/s speed=   1x    
frame=12123 fps= 60 q=-0.0 size=  314392KiB time=00:03:22.05 bitrate=12746.8kbits/s speed=   1x    
frame=12153 fps= 60 q=-0.0 size=  315192KiB time=00:03:22.55 bitrate=12747.7kbits/s speed=   1x    
frame=12183 fps= 60 q=-0.0 size=  315989KiB time=00:03:23.05 bitrate=12748.5kbits/s speed=   1x    
frame=12213 fps= 60 q=-0.0 size=  316738KiB time=00:03:23.55 bitrate=12747.3kbits/s speed=   1x    
frame=12243 fps= 60 q=-0.0 size=  317517KiB time=00:03:24.05 bitrate=12747.3kbits/s speed=   1x    
frame=12273 fps= 60 q=-0.0 size=  318325KiB time=00:03:24.55 bitrate=12748.6kbits/s speed=   1x    
frame=12303 fps= 60 q=-0.0 size=  319048KiB time=00:03:25.05 bitrate=12746.4kbits/s speed=   1x    
frame=12333 fps= 60 q=-0.0 size=  319847KiB time=00:03:25.55 bitrate=12747.2kbits/s speed=   1x    
frame=12363 fps= 60 q=-0.0 size=  320623KiB time=00:03:26.05 bitrate=12747.1kbits/s speed=   1x    
frame=12393 fps= 60 q=-0.0 size=  321423KiB time=00:03:26.55 bitrate=12748.0kbits/s speed=   1x    
frame=12423 fps= 60 q=-0.0 size=  322220KiB time=00:03:27.05 bitrate=12748.7kbits/s speed=   1x    
frame=12453 fps= 60 q=-0.0 size=  322943KiB time=00:03:27.55 bitrate=12746.6kbits/s speed=   1x    
frame=12483 fps= 60 q=-0.0 size=  323741KiB time=00:03:28.05 bitrate=12747.4kbits/s speed=   1x    
frame=12513 fps= 60 q=-0.0 size=  324515KiB time=00:03:28.55 bitrate=12747.2kbits/s speed=   1x    
frame=12543 fps= 60 q=-0.0 size=  325344KiB time=00:03:29.05 bitrate=12749.2kbits/s speed=   1x    
frame=12573 fps= 60 q=-0.0 size=  326058KiB time=00:03:29.55 bitrate=12746.7kbits/s speed=   1x    
frame=12603 fps= 60 q=-0.0 size=  326854KiB time=00:03:30.05 bitrate=12747.4kbits/s speed=   1x    
frame=12633 fps= 60 q=-0.0 size=  327654KiB time=00:03:30.55 bitrate=12748.2kbits/s speed=   1x    
frame=12663 fps= 60 q=-0.0 size=  328451KiB time=00:03:31.05 bitrate=12749.0kbits/s speed=   1x    
frame=12693 fps= 60 q=-0.0 size=  329174KiB time=00:03:31.55 bitrate=12746.8kbits/s speed=   1x    
frame=12723 fps= 60 q=-0.0 size=  329972KiB time=00:03:32.05 bitrate=12747.6kbits/s speed=   1x    
frame=12753 fps= 60 q=-0.0 size=  330746KiB time=00:03:32.55 bitrate=12747.4kbits/s speed=   1x    
frame=12783 fps= 60 q=-0.0 size=  331575KiB time=00:03:33.05 bitrate=12749.4kbits/s speed=   1x    
frame=12813 fps= 60 q=-0.0 size=  332289KiB time=00:03:33.55 bitrate=12747.0kbits/s speed=   1x    
frame=12843 fps= 60 q=-0.0 size=  333085KiB time=00:03:34.05 bitrate=12747.6kbits/s speed=   1x    
frame=12873 fps= 60 q=-0.0 size=  333885KiB time=00:03:34.55 bitrate=12748.5kbits/s speed=   1x    
frame=12903 fps= 60 q=-0.0 size=  334682KiB time=00:03:35.05 bitrate=12749.2kbits/s speed=   1x    
frame=12933 fps= 60 q=-0.0 size=  335405KiB time=00:03:35.55 bitrate=12747.1kbits/s speed=   1x    
frame=12963 fps= 60 q=-0.0 size=  336204KiB time=00:03:36.05 bitrate=12747.9kbits/s speed=   1x    
frame=12993 fps= 60 q=-0.0 size=  337008KiB time=00:03:36.55 bitrate=12748.9kbits/s speed=   1x    
frame=13023 fps= 60 q=-0.0 size=  337764KiB time=00:03:37.05 bitrate=12748.0kbits/s speed=   1x    
frame=13053 fps= 60 q=-0.0 size=  338535KiB time=00:03:37.55 bitrate=12747.8kbits/s speed=   1x    
frame=13083 fps= 60 q=-0.0 size=  339364KiB time=00:03:38.05 bitrate=12749.7kbits/s speed=   1x    
frame=13113 fps= 60 q=-0.0 size=  340078KiB time=00:03:38.55 bitrate=12747.3kbits/s speed=   1x    
frame=13143 fps= 60 q=-0.0 size=  340874KiB time=00:03:39.05 bitrate=12748.0kbits/s speed=   1x    
frame=13173 fps= 60 q=-0.0 size=  341674KiB time=00:03:39.55 bitrate=12748.8kbits/s speed=   1x    
frame=13203 fps= 60 q=-0.0 size=  342471KiB time=00:03:40.05 bitrate=12749.5kbits/s speed=   1x    
frame=13233 fps= 60 q=-0.0 size=  343194KiB time=00:03:40.55 bitrate=12747.4kbits/s speed=   1x    
frame=13263 fps= 60 q=-0.0 size=  343992KiB time=00:03:41.05 bitrate=12748.2kbits/s speed=   1x    
frame=13293 fps= 60 q=-0.0 size=  344766KiB time=00:03:41.55 bitrate=12748.0kbits/s speed=   1x    
frame=13323 fps= 60 q=-0.0 size=  345595KiB time=00:03:42.05 bitrate=12749.9kbits/s speed=   1x    
frame=13353 fps= 60 q=-0.0 size=  346309KiB time=00:03:42.55 bitrate=12747.5kbits/s speed=   1x    
frame=13383 fps= 60 q=-0.0 size=  347105KiB time=00:03:43.05 bitrate=12748.2kbits/s speed=   1x    
frame=13413 fps= 60 q=-0.0 size=  347905KiB time=00:03:43.55 bitrate=12749.0kbits/s speed=   1x    
frame=13443 fps= 60 q=-0.0 size=  348702KiB time=00:03:44.05 bitrate=12749.7kbits/s speed=   1x    
frame=13473 fps= 60 q=-0.0 size=  349425KiB time=00:03:44.55 bitrate=12747.7kbits/s speed=   1x    
frame=13503 fps= 60 q=-0.0 size=  350223KiB time=00:03:45.05 bitrate=12748.4kbits/s speed=   1x    
frame=13533 fps= 60 q=-0.0 size=  350997KiB time=00:03:45.55 bitrate=12748.2kbits/s speed=   1x    
frame=13563 fps= 60 q=-0.0 size=  351826KiB time=00:03:46.05 bitrate=12750.1kbits/s speed=   1x    
frame=13593 fps= 60 q=-0.0 size=  352540KiB time=00:03:46.55 bitrate=12747.8kbits/s speed=   1x    
frame=13623 fps= 60 q=-0.0 size=  353336KiB time=00:03:47.05 bitrate=12748.4kbits/s speed=   1x    
frame=13653 fps= 60 q=-0.0 size=  354136KiB time=00:03:47.55 bitrate=12749.2kbits/s speed=   1x    
frame=13683 fps= 60 q=-0.0 size=  354933KiB time=00:03:48.05 bitrate=12749.9kbits/s speed=   1x    
frame=13713 fps= 60 q=-0.0 size=  355656KiB time=00:03:48.55 bitrate=12747.9kbits/s speed=   1x    
frame=13743 fps= 60 q=-0.0 size=  356455KiB time=00:03:49.05 bitrate=12748.6kbits/s speed=   1x    
frame=13773 fps= 60 q=-0.0 size=  357230KiB time=00:03:49.55 bitrate=12748.6kbits/s speed=   1x    
frame=13803 fps= 60 q=-0.0 size=  358030KiB time=00:03:50.05 bitrate=12749.3kbits/s speed=   1x    
frame=13833 fps= 60 q=-0.0 size=  358827KiB time=00:03:50.55 bitrate=12750.0kbits/s speed=   1x    
frame=13863 fps= 60 q=-0.0 size=  359576KiB time=00:03:51.05 bitrate=12749.0kbits/s speed=   1x    
frame=13893 fps= 60 q=-0.0 size=  360355KiB time=00:03:51.55 bitrate=12749.0kbits/s speed=   1x    
frame=13923 fps= 60 q=-0.0 size=  361164KiB time=00:03:52.05 bitrate=12750.1kbits/s speed=   1x    
frame=13954 fps= 60 q=-0.0 size=  361889KiB time=00:03:52.56 bitrate=12747.3kbits/s speed=   1x    
frame=13984 fps= 60 q=-0.0 size=  362689KiB time=00:03:53.06 bitrate=12748.1kbits/s speed=   1x    
frame=14014 fps= 60 q=-0.0 size=  363463KiB time=00:03:53.56 bitrate=12747.9kbits/s speed=   1x    
frame=14043 fps= 60 q=-0.0 size=  364261KiB time=00:03:54.05 bitrate=12749.5kbits/s speed=   1x    
frame=14074 fps= 60 q=-0.0 size=  365059KiB time=00:03:54.56 bitrate=12749.3kbits/s speed=   1x    
frame=14104 fps= 60 q=-0.0 size=  365812KiB time=00:03:55.06 bitrate=12748.4kbits/s speed=   1x    
frame=14134 fps= 60 q=-0.0 size=  366587KiB time=00:03:55.56 bitrate=12748.3kbits/s speed=   1x    
frame=14164 fps= 60 q=-0.0 size=  367399KiB time=00:03:56.06 bitrate=12749.5kbits/s speed=   1x    
frame=14194 fps= 60 q=-0.0 size=  368120KiB time=00:03:56.56 bitrate=12747.5kbits/s speed=   1x    
frame=14224 fps= 60 q=-0.0 size=  368920KiB time=00:03:57.06 bitrate=12748.3kbits/s speed=   1x    
frame=14254 fps= 60 q=-0.0 size=  369694KiB time=00:03:57.56 bitrate=12748.1kbits/s speed=   1x    
frame=14284 fps= 60 q=-0.0 size=  370497KiB time=00:03:58.06 bitrate=12749.0kbits/s speed=   1x    
frame=14314 fps= 60 q=-0.0 size=  371290KiB time=00:03:58.56 bitrate=12749.5kbits/s speed=   1x    
frame=14344 fps= 60 q=-0.0 size=  372023KiB time=00:03:59.06 bitrate=12748.0kbits/s speed=   1x    
frame=14374 fps= 60 q=-0.0 size=  372847KiB time=00:03:59.56 bitrate=12749.5kbits/s speed=   1x    
frame=14404 fps= 60 q=-0.0 size=  373601KiB time=00:04:00.06 bitrate=12748.7kbits/s speed=   1x    
frame=14434 fps= 60 q=-0.0 size=  374376KiB time=00:04:00.56 bitrate=12748.6kbits/s speed=   1x    
frame=14464 fps= 60 q=-0.0 size=  375188KiB time=00:04:01.06 bitrate=12749.8kbits/s speed=   1x    
frame=14494 fps= 60 q=-0.0 size=  375908KiB time=00:04:01.56 bitrate=12747.8kbits/s speed=   1x    
frame=14524 fps= 60 q=-0.0 size=  376709KiB time=00:04:02.06 bitrate=12748.6kbits/s speed=   1x    
frame=14554 fps= 60 q=-0.0 size=  377483KiB time=00:04:02.56 bitrate=12748.4kbits/s speed=   1x    
frame=14584 fps= 60 q=-0.0 size=  378282KiB time=00:04:03.06 bitrate=12749.1kbits/s speed=   1x    
frame=14614 fps= 60 q=-0.0 size=  379079KiB time=00:04:03.56 bitrate=12749.8kbits/s speed=   1x    
frame=14644 fps= 60 q=-0.0 size=  379832KiB time=00:04:04.06 bitrate=12748.9kbits/s speed=   1x    
frame=14674 fps= 60 q=-0.0 size=  380607KiB time=00:04:04.56 bitrate=12748.8kbits/s speed=   1x    
frame=14704 fps= 60 q=-0.0 size=  381419KiB time=00:04:05.06 bitrate=12749.9kbits/s speed=   1x    
frame=14734 fps= 60 q=-0.0 size=  382139KiB time=00:04:05.56 bitrate=12748.0kbits/s speed=   1x    
frame=14764 fps= 60 q=-0.0 size=  382940KiB time=00:04:06.06 bitrate=12748.8kbits/s speed=   1x    
frame=14794 fps= 60 q=-0.0 size=  383714KiB time=00:04:06.56 bitrate=12748.6kbits/s speed=   1x    
frame=14824 fps= 60 q=-0.0 size=  384513KiB time=00:04:07.06 bitrate=12749.3kbits/s speed=   1x    
frame=14854 fps= 60 q=-0.0 size=  385310KiB time=00:04:07.56 bitrate=12749.9kbits/s speed=   1x    
frame=14884 fps= 60 q=-0.0 size=  386063KiB time=00:04:08.06 bitrate=12749.1kbits/s speed=   1x    
frame=14914 fps= 60 q=-0.0 size=  386838KiB time=00:04:08.56 bitrate=12749.0kbits/s speed=   1x    
frame=14944 fps= 60 q=-0.0 size=  387650KiB time=00:04:09.06 bitrate=12750.1kbits/s speed=   1x    
frame=14974 fps= 60 q=-0.0 size=  388371KiB time=00:04:09.56 bitrate=12748.2kbits/s speed=   1x    
frame=15004 fps= 60 q=-0.0 size=  389171KiB time=00:04:10.06 bitrate=12749.0kbits/s speed=   1x    
frame=15034 fps= 60 q=-0.0 size=  389945KiB time=00:04:10.56 bitrate=12748.8kbits/s speed=   1x    
frame=15064 fps= 60 q=-0.0 size=  390748KiB time=00:04:11.06 bitrate=12749.6kbits/s speed=   1x    
frame=15094 fps= 60 q=-0.0 size=  391544KiB time=00:04:11.56 bitrate=12750.2kbits/s speed=   1x    
frame=15124 fps= 60 q=-0.0 size=  392265KiB time=00:04:12.06 bitrate=12748.4kbits/s speed=   1x    
frame=15154 fps= 60 q=-0.0 size=  393065KiB time=00:04:12.56 bitrate=12749.1kbits/s speed=   1x    
frame=15184 fps= 60 q=-0.0 size=  393839KiB time=00:04:13.06 bitrate=12748.9kbits/s speed=   1x    
frame=15214 fps= 60 q=-0.0 size=  394669KiB time=00:04:13.56 bitrate=12750.6kbits/s speed=   1x    
frame=15244 fps= 60 q=-0.0 size=  395380KiB time=00:04:14.06 bitrate=12748.5kbits/s speed=   1x    
frame=15274 fps= 60 q=-0.0 size=  396176KiB time=00:04:14.56 bitrate=12749.0kbits/s speed=   1x    
frame=15304 fps= 60 q=-0.0 size=  396979KiB time=00:04:15.06 bitrate=12749.8kbits/s speed=   1x    
frame=15334 fps= 60 q=-0.0 size=  397776KiB time=00:04:15.56 bitrate=12750.4kbits/s speed=   1x    
frame=15364 fps= 60 q=-0.0 size=  398496KiB time=00:04:16.06 bitrate=12748.6kbits/s speed=   1x    
frame=15394 fps= 60 q=-0.0 size=  399296KiB time=00:04:16.56 bitrate=12749.3kbits/s speed=   1x    
frame=15424 fps= 60 q=-0.0 size=  400070KiB time=00:04:17.06 bitrate=12749.1kbits/s speed=   1x    
frame=15454 fps= 60 q=-0.0 size=  400900KiB time=00:04:17.56 bitrate=12750.8kbits/s speed=   1x    
frame=15484 fps= 60 q=-0.0 size=  401612KiB time=00:04:18.06 bitrate=12748.7kbits/s speed=   1x    
frame=15514 fps= 60 q=-0.0 size=  402407KiB time=00:04:18.56 bitrate=12749.2kbits/s speed=   1x    
frame=15544 fps= 60 q=-0.0 size=  403210KiB time=00:04:19.06 bitrate=12750.0kbits/s speed=   1x    
frame=15574 fps= 60 q=-0.0 size=  404007KiB time=00:04:19.56 bitrate=12750.6kbits/s speed=   1x    
frame=15604 fps= 60 q=-0.0 size=  404727KiB time=00:04:20.06 bitrate=12748.7kbits/s speed=   1x    
frame=15634 fps= 60 q=-0.0 size=  405528KiB time=00:04:20.56 bitrate=12749.5kbits/s speed=   1x    
frame=15664 fps= 60 q=-0.0 size=  406330KiB time=00:04:21.06 bitrate=12750.2kbits/s speed=   1x    
frame=15694 fps= 60 q=-0.0 size=  407085KiB time=00:04:21.56 bitrate=12749.5kbits/s speed=   1x    
frame=15724 fps= 60 q=-0.0 size=  407859KiB time=00:04:22.06 bitrate=12749.3kbits/s speed=   1x    
frame=15754 fps= 60 q=-0.0 size=  408689KiB time=00:04:22.56 bitrate=12751.0kbits/s speed=   1x    
frame=15784 fps= 60 q=-0.0 size=  409400KiB time=00:04:23.06 bitrate=12748.9kbits/s speed=   1x    
frame=15814 fps= 60 q=-0.0 size=  410196KiB time=00:04:23.56 bitrate=12749.4kbits/s speed=   1x    
frame=15844 fps= 60 q=-0.0 size=  410999KiB time=00:04:24.06 bitrate=12750.2kbits/s speed=   1x    
frame=15874 fps= 60 q=-0.0 size=  411795KiB time=00:04:24.56 bitrate=12750.8kbits/s speed=   1x    
frame=15904 fps= 60 q=-0.0 size=  412516KiB time=00:04:25.06 bitrate=12749.0kbits/s speed=   1x    
frame=15934 fps= 60 q=-0.0 size=  413316KiB time=00:04:25.56 bitrate=12749.7kbits/s speed=   1x    
frame=15964 fps= 60 q=-0.0 size=  414090KiB time=00:04:26.06 bitrate=12749.5kbits/s speed=   1x    
frame=15994 fps= 60 q=-0.0 size=  414920KiB time=00:04:26.56 bitrate=12751.1kbits/s speed=   1x    
frame=16024 fps= 60 q=-0.0 size=  415631KiB time=00:04:27.06 bitrate=12749.1kbits/s speed=   1x    
frame=16054 fps= 60 q=-0.0 size=  416427KiB time=00:04:27.56 bitrate=12749.6kbits/s speed=   1x    
frame=16084 fps= 60 q=-0.0 size=  417230KiB time=00:04:28.06 bitrate=12750.4kbits/s speed=   1x    
frame=16114 fps= 60 q=-0.0 size=  418026KiB time=00:04:28.56 bitrate=12750.9kbits/s speed=   1x    
frame=16144 fps= 60 q=-0.0 size=  418747KiB time=00:04:29.06 bitrate=12749.2kbits/s speed=   1x    
frame=16174 fps= 60 q=-0.0 size=  419547KiB time=00:04:29.56 bitrate=12749.8kbits/s speed=   1x    
frame=16204 fps= 60 q=-0.0 size=  420321KiB time=00:04:30.06 bitrate=12749.7kbits/s speed=   1x    
frame=16234 fps= 60 q=-0.0 size=  421151KiB time=00:04:30.56 bitrate=12751.3kbits/s speed=   1x    
frame=16264 fps= 60 q=-0.0 size=  421862KiB time=00:04:31.06 bitrate=12749.3kbits/s speed=   1x    
frame=16294 fps= 60 q=-0.0 size=  422658KiB time=00:04:31.56 bitrate=12749.8kbits/s speed=   1x    
frame=16324 fps= 60 q=-0.0 size=  423461KiB time=00:04:32.06 bitrate=12750.5kbits/s speed=   1x    
frame=16354 fps= 60 q=-0.0 size=  424258KiB time=00:04:32.56 bitrate=12751.1kbits/s speed=   1x    
frame=16384 fps= 60 q=-0.0 size=  424978KiB time=00:04:33.06 bitrate=12749.3kbits/s speed=   1x    
frame=16414 fps= 60 q=-0.0 size=  425779KiB time=00:04:33.56 bitrate=12750.0kbits/s speed=   1x    
frame=16444 fps= 60 q=-0.0 size=  426552KiB time=00:04:34.06 bitrate=12749.9kbits/s speed=   1x    
frame=16474 fps= 60 q=-0.0 size=  427352KiB time=00:04:34.56 bitrate=12750.5kbits/s speed=   1x    
frame=16504 fps= 60 q=-0.0 size=  428149KiB time=00:04:35.06 bitrate=12751.1kbits/s speed=   1x    
frame=16534 fps= 60 q=-0.0 size=  428902KiB time=00:04:35.56 bitrate=12750.3kbits/s speed=   1x    
frame=16564 fps= 60 q=-0.0 size=  429677KiB time=00:04:36.06 bitrate=12750.2kbits/s speed=   1x    
frame=16594 fps= 60 q=-0.0 size=  430489KiB time=00:04:36.56 bitrate=12751.2kbits/s speed=   1x    
frame=16624 fps= 60 q=-0.0 size=  431209KiB time=00:04:37.06 bitrate=12749.5kbits/s speed=   1x    
frame=16654 fps= 60 q=-0.0 size=  432010KiB time=00:04:37.56 bitrate=12750.2kbits/s speed=   1x    
frame=16684 fps= 60 q=-0.0 size=  432783KiB time=00:04:38.06 bitrate=12750.0kbits/s speed=   1x    
frame=16714 fps= 60 q=-0.0 size=  433583KiB time=00:04:38.56 bitrate=12750.7kbits/s speed=   1x    
frame=16744 fps= 60 q=-0.0 size=  434380KiB time=00:04:39.06 bitrate=12751.2kbits/s speed=   1x    
frame=16774 fps= 60 q=-0.0 size=  435133KiB time=00:04:39.56 bitrate=12750.5kbits/s speed=   1x    
frame=16804 fps= 60 q=-0.0 size=  435908KiB time=00:04:40.06 bitrate=12750.4kbits/s speed=   1x    
frame=16834 fps= 60 q=-0.0 size=  436720KiB time=00:04:40.56 bitrate=12751.4kbits/s speed=   1x    
frame=16864 fps= 60 q=-0.0 size=  437440KiB time=00:04:41.06 bitrate=12749.7kbits/s speed=   1x    
frame=16894 fps= 60 q=-0.0 size=  438241KiB time=00:04:41.56 bitrate=12750.3kbits/s speed=   1x    
frame=16924 fps= 60 q=-0.0 size=  439014KiB time=00:04:42.06 bitrate=12750.2kbits/s speed=   1x    
frame=16954 fps= 60 q=-0.0 size=  439817KiB time=00:04:42.56 bitrate=12750.9kbits/s speed=   1x    
frame=16984 fps= 60 q=-0.0 size=  440611KiB time=00:04:43.06 bitrate=12751.4kbits/s speed=   1x    
frame=17014 fps= 60 q=-0.0 size=  441344KiB time=00:04:43.56 bitrate=12750.1kbits/s speed=   1x    
frame=17044 fps= 60 q=-0.0 size=  442168KiB time=00:04:44.06 bitrate=12751.4kbits/s speed=   1x    
frame=17074 fps= 60 q=-0.0 size=  442922KiB time=00:04:44.56 bitrate=12750.7kbits/s speed=   1x    
frame=17104 fps= 60 q=-0.0 size=  443697KiB time=00:04:45.06 bitrate=12750.6kbits/s speed=   1x    
frame=17134 fps= 60 q=-0.0 size=  444509KiB time=00:04:45.56 bitrate=12751.5kbits/s speed=   1x    
frame=17164 fps= 60 q=-0.0 size=  445229KiB time=00:04:46.06 bitrate=12749.9kbits/s speed=   1x    
frame=17194 fps= 60 q=-0.0 size=  446030KiB time=00:04:46.56 bitrate=12750.5kbits/s speed=   1x    
frame=17224 fps= 60 q=-0.0 size=  446803KiB time=00:04:47.06 bitrate=12750.4kbits/s speed=   1x    
frame=17254 fps= 60 q=-0.0 size=  447603KiB time=00:04:47.56 bitrate=12751.0kbits/s speed=   1x    
frame=17284 fps= 60 q=-0.0 size=  448400KiB time=00:04:48.06 bitrate=12751.5kbits/s speed=   1x    
frame=17314 fps= 60 q=-0.0 size=  449153KiB time=00:04:48.56 bitrate=12750.8kbits/s speed=   1x    
frame=17344 fps= 60 q=-0.0 size=  449928KiB time=00:04:49.06 bitrate=12750.7kbits/s speed=   1x    
frame=17374 fps= 60 q=-0.0 size=  450740KiB time=00:04:49.56 bitrate=12751.7kbits/s speed=   1x    
frame=17404 fps= 60 q=-0.0 size=  451460KiB time=00:04:50.06 bitrate=12750.0kbits/s speed=   1x    
frame=17434 fps= 60 q=-0.0 size=  452261KiB time=00:04:50.56 bitrate=12750.7kbits/s speed=   1x    
frame=17464 fps= 60 q=-0.0 size=  453034KiB time=00:04:51.06 bitrate=12750.5kbits/s speed=   1x    
frame=17494 fps= 60 q=-0.0 size=  453834KiB time=00:04:51.56 bitrate=12751.1kbits/s speed=   1x    
frame=17524 fps= 60 q=-0.0 size=  454631KiB time=00:04:52.06 bitrate=12751.7kbits/s speed=   1x    
frame=17554 fps= 60 q=-0.0 size=  455384KiB time=00:04:52.56 bitrate=12751.0kbits/s speed=   1x    
frame=17584 fps= 60 q=-0.0 size=  456159KiB time=00:04:53.06 bitrate=12750.9kbits/s speed=   1x    
frame=17615 fps= 60 q=-0.0 size=  456972KiB time=00:04:53.58 bitrate=12751.1kbits/s speed=   1x    
frame=17644 fps= 60 q=-0.0 size=  457691KiB time=00:04:54.06 bitrate=12750.2kbits/s speed=   1x    
frame=17674 fps= 60 q=-0.0 size=  458492KiB time=00:04:54.56 bitrate=12750.8kbits/s speed=   1x    
frame=17705 fps= 60 q=-0.0 size=  459269KiB time=00:04:55.08 bitrate=12750.1kbits/s speed=   1x    
frame=17735 fps= 60 q=-0.0 size=  460069KiB time=00:04:55.58 bitrate=12750.7kbits/s speed=   1x    
frame=17765 fps= 60 q=-0.0 size=  460866KiB time=00:04:56.08 bitrate=12751.2kbits/s speed=   1x    
frame=17795 fps= 60 q=-0.0 size=  461595KiB time=00:04:56.58 bitrate=12749.8kbits/s speed=   1x    
frame=17825 fps= 60 q=-0.0 size=  462387KiB time=00:04:57.08 bitrate=12750.2kbits/s speed=   1x    
frame=17855 fps= 60 q=-0.0 size=  463160KiB time=00:04:57.58 bitrate=12750.1kbits/s speed=   1x    
frame=17885 fps= 60 q=-0.0 size=  463991KiB time=00:04:58.08 bitrate=12751.5kbits/s speed=   1x    
frame=17915 fps= 60 q=-0.0 size=  464711KiB time=00:04:58.58 bitrate=12749.9kbits/s speed=   1x    
frame=17945 fps= 60 q=-0.0 size=  465500KiB time=00:04:59.08 bitrate=12750.2kbits/s speed=   1x    
frame=17975 fps= 60 q=-0.0 size=  466300KiB time=00:04:59.58 bitrate=12750.8kbits/s speed=   1x    
frame=18005 fps= 60 q=-0.0 size=  467097KiB time=00:05:00.08 bitrate=12751.3kbits/s speed=   1x    
frame=18035 fps= 60 q=-0.0 size=  467826KiB time=00:05:00.58 bitrate=12750.0kbits/s speed=   1x    
frame=18065 fps= 60 q=-0.0 size=  468618KiB time=00:05:01.08 bitrate=12750.3kbits/s speed=   1x    
frame=18095 fps= 60 q=-0.0 size=  469391KiB time=00:05:01.58 bitrate=12750.2kbits/s speed=   1x    
frame=18125 fps= 60 q=-0.0 size=  470222KiB time=00:05:02.08 bitrate=12751.6kbits/s speed=   1x    
frame=18155 fps= 60 q=-0.0 size=  470942KiB time=00:05:02.58 bitrate=12750.1kbits/s speed=   1x    
frame=18185 fps= 60 q=-0.0 size=  471732KiB time=00:05:03.08 bitrate=12750.4kbits/s speed=   1x    
frame=18215 fps= 60 q=-0.0 size=  472531KiB time=00:05:03.58 bitrate=12751.0kbits/s speed=   1x    
frame=18245 fps= 60 q=-0.0 size=  473328KiB time=00:05:04.08 bitrate=12751.5kbits/s speed=   1x    
frame=18275 fps= 60 q=-0.0 size=  474057KiB time=00:05:04.58 bitrate=12750.1kbits/s speed=   1x    
frame=18305 fps= 60 q=-0.0 size=  474849KiB time=00:05:05.08 bitrate=12750.5kbits/s speed=   1x    
frame=18335 fps= 60 q=-0.0 size=  475654KiB time=00:05:05.58 bitrate=12751.2kbits/s speed=   1x    
frame=18365 fps= 60 q=-0.0 size=  476411KiB time=00:05:06.08 bitrate=12750.6kbits/s speed=   1x    
frame=18395 fps= 60 q=-0.0 size=  477180KiB time=00:05:06.58 bitrate=12750.4kbits/s speed=   1x    
frame=18425 fps= 60 q=-0.0 size=  478011KiB time=00:05:07.08 bitrate=12751.8kbits/s speed=   1x    
frame=18455 fps= 60 q=-0.0 size=  478730KiB time=00:05:07.58 bitrate=12750.2kbits/s speed=   1x    
frame=18485 fps= 60 q=-0.0 size=  479520KiB time=00:05:08.08 bitrate=12750.5kbits/s speed=   1x    
frame=18515 fps= 60 q=-0.0 size=  480320KiB time=00:05:08.58 bitrate=12751.1kbits/s speed=   1x    
frame=18545 fps= 60 q=-0.0 size=  481117KiB time=00:05:09.08 bitrate=12751.6kbits/s speed=   1x    
frame=18575 fps= 60 q=-0.0 size=  481846KiB time=00:05:09.58 bitrate=12750.3kbits/s speed=   1x    
frame=18605 fps= 60 q=-0.0 size=  482638KiB time=00:05:10.08 bitrate=12750.7kbits/s speed=   1x    
frame=18635 fps= 60 q=-0.0 size=  483411KiB time=00:05:10.58 bitrate=12750.5kbits/s speed=   1x    
[out#0/rtp @ 0x55aa5e28ac00] video:478431KiB audio:0KiB subtitle:0KiB other streams:0KiB global headers:0KiB muxing overhead: 1.218100%
frame=18666 fps= 60 q=-0.0 Lsize=  484259KiB time=00:05:11.10 bitrate=12751.7kbits/s speed=   1x    
Exiting normally, received signal 15.
