[d7 05:59:18Z] pass P1
[d7 P1] server boot/start: PASS
[d7 P1] client discovery/control: PASS
[d7 P1] media: PASS
[d7 P1] Games launch: PASS
[d7 P1] video/audio/controller: PASS
[d7 P1] pause/resume: PASS
[d7 P1] Save/Load: PASS
[d7 P1] profiles/cheats/mod state: FAIL
[d7 P1] End/teardown: PASS
[d7 P1] restart/recovery: VALIDATED (cited)
[d7 06:04:44Z] P1 exit 0; waiting 10 min
[d7 06:14:44Z] pass P2
[d7 P2] server boot/start: PASS
[d7 P2] client discovery/control: PASS
[d7 P2] media: PASS
[d7 P2] Games launch: PASS
[d7 P2] video/audio/controller: PASS
[d7 P2] pause/resume: PASS
[d7 P2] Save/Load: PASS
[d7 P2] profiles/cheats/mod state: FAIL
[d7 P2] End/teardown: PASS
[d7 P2] restart/recovery: VALIDATED (cited)
[d7 06:20:10Z] P2 exit 0
[d7] done
